 num     #instances         #bytes  class name (module)
-------------------------------------------------------
   1:        148392    30147572136  [Ljava.lang.Object; (java.base@21.0.3)
   2:         18034     1454222632  [Ljdk.internal.vm.FillerElement; (java.base@21.0.3)
   3:       5448133      280111080  [B (java.base@21.0.3)
   4:        631951      148145288  [J (java.base@21.0.3)
   5:       3556642       85359408  java.lang.String (java.base@21.0.3)
   6:       2500797       80025504  java.util.HashMap$Node (java.base@21.0.3)
   7:       1997093       79883720  org.opensearch.search.aggregations.metrics.InternalMax
   8:       1643744       65749760  java.util.TreeMap$Entry (java.base@21.0.3)
   9:       1997093       63906976  org.opensearch.search.aggregations.bucket.BucketsAggregator$1
  10:       1997094       47930256  org.opensearch.search.aggregations.InternalAggregations
  11:        471167       33924024  org.apache.lucene.index.FieldInfo
  12:        526932       33723648  org.apache.lucene.store.MemorySegmentIndexInput$SingleSegmentImpl
  13:        710535       28421400  org.opensearch.search.aggregations.bucket.histogram.InternalDateHistogram$Bucket
  14:       1179738       28313712  org.apache.lucene.util.BytesRef
  15:        169240       25716904  [Ljava.util.HashMap$Node; (java.base@21.0.3)
  16:        526932       21077280  jdk.internal.foreign.MappedMemorySegmentImpl (java.base@21.0.3)
  17:        291050       20955600  org.apache.lucene.codecs.lucene90.blocktree.FieldReader
  18:        404918       19436064  java.util.HashMap (java.base@21.0.3)
  19:        156862       17568544  org.apache.lucene.codecs.lucene90.Lucene90DocValuesProducer$SortedNumericEntry
  20:        345172       16568256  java.util.TreeMap (java.base@21.0.3)
  21:        144417       15019368  org.apache.lucene.codecs.lucene90.Lucene90DocValuesProducer$TermsDictEntry
  22:        162456       14296128  org.apache.lucene.codecs.lucene90.Lucene90DocValuesProducer$NumericEntry
  23:        291053       13970544  org.apache.lucene.util.fst.FST$FSTMetadata
  24:        422538       13521216  java.util.Collections$UnmodifiableMap (java.base@21.0.3)
  25:        407031       13024992  java.util.concurrent.atomic.LongAdder (java.base@21.0.3)
  26:        526932       12646368  [Ljava.lang.foreign.MemorySegment; (java.base@21.0.3)
  27:        301461       12058440  org.apache.lucene.util.packed.DirectMonotonicReader$Meta
  28:        160524       10273536  org.apache.lucene.util.bkd.BKDReader
  29:        291050        9313600  org.apache.lucene.util.fst.OffHeapFSTStore
  30:             2        8032936  [Lorg.opensearch.search.aggregations.InternalAggregation;
  31:             1        7988392  [Lorg.opensearch.search.aggregations.InternalAggregations;
  32:        301472        7574864  [F (java.base@21.0.3)
  33:         25979        7544712  [I (java.base@21.0.3)
  34:        291053        6985272  org.apache.lucene.util.fst.FST
  35:        138927        6668496  org.apache.lucene.codecs.lucene90.Lucene90NormsProducer$NormsEntry
  36:        160524        6420960  org.apache.lucene.util.bkd.BKDConfig
  37:        253601        6086424  org.opensearch.common.util.concurrent.ReleasableLock
  38:        126558        6074784  java.util.concurrent.locks.ReentrantReadWriteLock$NonfairSync (java.base@21.0.3)
  39:         52055        4182576  [Ljava.util.WeakHashMap$Entry; (java.base@21.0.3)
  40:        125184        4005888  org.opensearch.common.cache.Cache$CacheSegment
  41:         12252        3995632  [Lorg.apache.lucene.index.FieldInfo;
  42:         36770        3824080  org.apache.lucene.index.SegmentCommitInfo
  43:         30753        3630816  java.lang.Class (java.base@21.0.3)
  44:        144417        3466008  org.apache.lucene.codecs.lucene90.Lucene90DocValuesProducer$SortedSetEntry
  45:        144000        3456000  org.apache.lucene.codecs.lucene90.Lucene90DocValuesProducer$SortedEntry
  46:        104246        3335872  java.util.concurrent.ConcurrentHashMap$Node (java.base@21.0.3)
  47:        126105        3026520  java.util.concurrent.locks.ReentrantReadWriteLock (java.base@21.0.3)
  48:        125184        3004416  org.opensearch.common.cache.Cache$CacheSegment$SegmentStats
  49:         87341        2794912  org.apache.lucene.codecs.lucene90.Lucene90CompoundReader$FileEntry
  50:         47409        2654904  org.apache.lucene.document.FieldType
  51:         78383        2508256  java.util.concurrent.locks.ReentrantLock$NonfairSync (java.base@21.0.3)
  52:         52005        2496240  java.util.WeakHashMap (java.base@21.0.3)
  53:         15498        2486888  [C (java.base@21.0.3)
  54:        126562        2024992  java.util.concurrent.locks.ReentrantReadWriteLock$ReadLock (java.base@21.0.3)
  55:        126562        2024992  java.util.concurrent.locks.ReentrantReadWriteLock$Sync$ThreadLocalHoldCounter (java.base@21.0.3)
  56:        126562        2024992  java.util.concurrent.locks.ReentrantReadWriteLock$WriteLock (java.base@21.0.3)
  57:        122055        1952880  java.lang.ThreadLocal (java.base@21.0.3)
  58:         52099        1667168  java.lang.ref.ReferenceQueue (java.base@21.0.3)
  59:         99272        1588352  java.lang.Object (java.base@21.0.3)
  60:         61352        1472448  java.util.ArrayList (java.base@21.0.3)
  61:         85148        1362368  java.util.concurrent.atomic.AtomicInteger (java.base@21.0.3)
  62:         33127        1325080  java.util.LinkedHashMap$Entry (java.base@21.0.3)
  63:         53148        1275552  java.util.concurrent.locks.AbstractQueuedSynchronizer$ConditionObject (java.base@21.0.3)
  64:         39397        1260704  org.apache.lucene.util.Version
  65:         39258        1256256  org.opensearch.common.settings.Setting$Updater
  66:         78339        1253424  java.util.concurrent.locks.ReentrantLock (java.base@21.0.3)
  67:         18310        1171840  org.apache.lucene.index.SegmentInfo
  68:         66590        1065440  java.util.HashSet (java.base@21.0.3)
  69:         26623        1064920  java.util.WeakHashMap$Entry (java.base@21.0.3)
  70:          2648        1028160  [Ljava.util.concurrent.ConcurrentHashMap$Node; (java.base@21.0.3)
  71:         15431         987584  java.util.LinkedHashMap (java.base@21.0.3)
  72:         19619         941712  java.lang.invoke.MemberName (java.base@21.0.3)
  73:         18789         901872  org.apache.lucene.index.LeafReaderContext
  74:         37279         894696  org.apache.lucene.util.packed.DirectReader$DirectPackedReader8
  75:         22060         882400  org.opensearch.index.analysis.NamedAnalyzer
  76:         54547         872752  java.util.HashMap$Values (java.base@21.0.3)
  77:         50888         814208  java.util.Collections$UnmodifiableCollection (java.base@21.0.3)
  78:         33655         807720  org.apache.lucene.util.packed.DirectReader$DirectPackedReader20
  79:         33458         802992  java.util.Collections$UnmodifiableRandomAccessList (java.base@21.0.3)
  80:         49544         792704  java.util.HashMap$KeySet (java.base@21.0.3)
  81:         10571         761112  io.netty.buffer.PoolSubpage
  82:          8030         706640  java.lang.reflect.Method (java.base@21.0.3)
  83:         12553         702968  org.opensearch.search.aggregations.bucket.terms.StringTerms$Bucket
  84:         28132         675168  org.apache.logging.log4j.message.ReusableMessageFactory
  85:         27604         662496  org.apache.lucene.util.FileDeleter$RefCount
  86:         27544         661056  org.apache.lucene.index.FieldInfos$FieldDimensions
  87:         27544         661056  org.apache.lucene.index.FieldInfos$FieldVectorProperties
  88:         41190         659040  java.util.TreeMap$EntrySet (java.base@21.0.3)
  89:         20136         644352  java.util.ImmutableCollections$Map1 (java.base@21.0.3)
  90:         12283         629752  [Lorg.apache.lucene.util.LongValues;
  91:         25390         609360  org.apache.lucene.util.CloseableThreadLocal
  92:          8455         608760  org.opensearch.index.mapper.TextFieldMapper
  93:         12268         588864  org.apache.lucene.util.packed.DirectMonotonicReader
  94:         18352         587264  java.util.ImmutableCollections$MapN (java.base@21.0.3)
  95:         24345         584280  org.apache.lucene.analysis.DelegatingAnalyzerWrapper$DelegatingReuseStrategy
  96:         14187         567480  java.io.FileDescriptor (java.base@21.0.3)
  97:          8655         553920  org.opensearch.index.mapper.KeywordFieldMapper
  98:         17113         547616  org.opensearch.index.mapper.TextSearchInfo
  99:          6105         537240  org.apache.lucene.codecs.lucene90.compressing.FieldsIndexReader
 100:          6105         537240  org.apache.lucene.codecs.lucene90.compressing.Lucene90CompressingStoredFieldsReader
 101:          8207         525248  java.util.concurrent.ConcurrentHashMap (java.base@21.0.3)
 102:         21518         516432  org.opensearch.common.Explicit
 103:         21392         513408  java.util.concurrent.atomic.AtomicLong (java.base@21.0.3)
 104:         12715         508600  java.lang.invoke.MethodType (java.base@21.0.3)
 105:           489         508560  [Lorg.opensearch.common.cache.Cache$CacheSegment;
 106:         15825         506400  org.opensearch.common.collect.CopyOnWriteHashMap$InnerNode
 107:          6253         500240  org.apache.lucene.index.SegmentReader
 108:         30287         484592  org.opensearch.index.mapper.FieldMapper$MultiFields
 109:          9881         474288  sun.nio.ch.FileChannelImpl$DefaultUnmapper (java.base@21.0.3)
 110:         19676         472224  java.util.Collections$SynchronizedSet (java.base@21.0.3)
 111:          9468         454464  org.opensearch.painless.lookup.PainlessClass
 112:         18699         448776  java.util.Collections$SingletonList (java.base@21.0.3)
 113:          7976         446656  org.opensearch.index.mapper.NumberFieldMapper
 114:          6105         439560  org.apache.lucene.index.SegmentCoreReaders
 115:         13151         420832  java.lang.invoke.MethodType$ConcurrentWeakInternSet$WeakEntry (java.base@21.0.3)
 116:          8655         415440  org.opensearch.index.mapper.KeywordFieldMapper$KeywordFieldType
 117:         25621         409936  java.util.HashMap$EntrySet (java.base@21.0.3)
 118:          8455         405840  org.opensearch.index.mapper.TextFieldMapper$TextFieldType
 119:         14578         403424  [Ljava.lang.Class; (java.base@21.0.3)
 120:         12344         395008  org.opensearch.common.logging.PrefixLogger
 121:         16246         389904  java.util.Collections$SetFromMap (java.base@21.0.3)
 122:          7976         382848  org.opensearch.index.mapper.NumberFieldMapper$NumberFieldType
 123:         11870         379840  java.lang.invoke.LambdaForm$Name (java.base@21.0.3)
 124:          2733         371688  org.opensearch.cluster.metadata.IndexMetadata
 125:         14722         353328  org.apache.lucene.util.packed.DirectReader$DirectPackedReader16
 126:          5487         351168  org.opensearch.cluster.routing.ShardRouting
 127:           640         348160  io.netty.util.internal.shaded.org.jctools.queues.atomic.MpscAtomicArrayQueue
 128:          6105         341880  org.apache.lucene.codecs.lucene90.compressing.Lucene90CompressingStoredFieldsReader$BlockState
 129:          6105         341880  org.apache.lucene.index.ReadersAndUpdates
 130:         14105         338520  org.apache.logging.log4j.message.DefaultFlowMessageFactory
 131:         13895         333480  java.util.Arrays$ArrayList (java.base@21.0.3)
 132:          1253         331312  [Z (java.base@21.0.3)
 133:         13451         322824  java.lang.invoke.ResolvedMethodName (java.base@21.0.3)
 134:          6872         316184  [Ljava.lang.String; (java.base@21.0.3)
 135:          6126         294048  org.apache.lucene.index.FieldInfos
 136:          6111         293328  org.apache.lucene.codecs.lucene90.Lucene90DocValuesProducer
 137:          6101         292848  org.apache.lucene.index.PendingSoftDeletes
 138:           445         292744  [Ljava.nio.ByteBuffer; (java.base@21.0.3)
 139:         17076         273216  org.opensearch.common.metrics.CounterMetric
 140:           855         251200  [[C (java.base@21.0.3)
 141:          6160         246400  java.lang.invoke.DirectMethodHandle (java.base@21.0.3)
 142:          6105         244200  org.apache.lucene.codecs.lucene90.blocktree.Lucene90BlockTreeTermsReader
 143:          6101         244040  org.opensearch.common.lucene.index.OpenSearchLeafReader
 144:          3771         241344  org.opensearch.search.aggregations.bucket.histogram.InternalDateHistogram
 145:          6018         240720  org.apache.lucene.codecs.lucene90.Lucene90NormsProducer
 146:          9881         237144  jdk.internal.foreign.SharedSession (java.base@21.0.3)
 147:          9881         237144  sun.nio.ch.FileChannelImpl$1 (java.base@21.0.3)
 148:            38         233032  [S (java.base@21.0.3)
 149:          4776         229248  jdk.internal.ref.CleanerImpl$PhantomCleanableRef (java.base@21.0.3)
 150:         14277         228432  java.util.WeakHashMap$KeySet (java.base@21.0.3)
 151:          7001         224032  java.lang.ThreadLocal$ThreadLocalMap$Entry (java.base@21.0.3)
 152:         13984         223744  java.util.Collections$UnmodifiableSet (java.base@21.0.3)
 153:          9302         223248  java.util.concurrent.CopyOnWriteArrayList (java.base@21.0.3)
 154:          2740         219200  org.opensearch.cluster.routing.IndexShardRoutingTable
 155:          4468         214464  java.lang.invoke.DirectMethodHandle$Constructor (java.base@21.0.3)
 156:          3262         208768  sun.nio.ch.FileChannelImpl (java.base@21.0.3)
 157:          8686         208464  org.apache.lucene.util.packed.DirectReader$DirectPackedReader12
 158:          3246         207744  java.security.Provider$Service (java.base@21.0.3)
 159:         12815         205040  org.apache.lucene.index.IndexReader$CacheKey
 160:          6111         195552  org.apache.lucene.index.SegmentDocValues$1
 161:          6105         195360  org.apache.lucene.index.LeafMetaData
 162:          6105         195360  org.apache.lucene.index.PendingDeletes
 163:          6105         195360  org.apache.lucene.index.SegmentCoreReaders$1
 164:          6105         195360  org.apache.lucene.index.SegmentCoreReaders$2
 165:          6101         195232  org.apache.lucene.codecs.lucene90.Lucene90PointsReader
 166:          6101         195232  org.apache.lucene.index.SegmentReadState
 167:         12182         194912  java.util.concurrent.atomic.AtomicReference (java.base@21.0.3)
 168:          6042         193344  org.apache.lucene.backward_codecs.lucene90.Lucene90PostingsReader
 169:          4518         180720  java.lang.invoke.BoundMethodHandle$Species_L (java.base@21.0.3)
 170:         11237         179792  java.util.LinkedHashSet (java.base@21.0.3)
 171:          3175         177800  org.apache.lucene.store.NIOFSDirectory$NIOFSIndexInput
 172:          7328         175872  org.apache.lucene.index.ApproximatePriorityQueue
 173:          7312         175488  org.opensearch.core.index.Index
 174:          4387         175480  java.lang.ref.SoftReference (java.base@21.0.3)
 175:          5474         175168  org.apache.lucene.codecs.lucene90.Lucene90CompoundReader
 176:          3649         175152  org.apache.logging.log4j.message.ReusableParameterizedMessage
 177:          4263         170520  java.lang.invoke.BoundMethodHandle$Species_LL (java.base@21.0.3)
 178:          5276         168832  java.util.Hashtable$Entry (java.base@21.0.3)
 179:          6997         167928  java.security.Provider$ServiceKey (java.base@21.0.3)
 180:          2294         165168  java.util.concurrent.ScheduledThreadPoolExecutor$ScheduledFutureTask (java.base@21.0.3)
 181:          2947         165032  java.nio.HeapByteBuffer (java.base@21.0.3)
 182:          6865         164760  org.opensearch.common.metrics.MeanMetric
 183:         10248         163968  java.util.concurrent.atomic.AtomicBoolean (java.base@21.0.3)
 184:          1828         160864  org.opensearch.index.codec.PerFieldMappingPostingFormatCodec
 185:          6608         158592  java.util.LinkedList$Node (java.base@21.0.3)
 186:          4945         158240  sun.nio.fs.UnixPath (java.base@21.0.3)
 187:          2197         158184  java.lang.reflect.Field (java.base@21.0.3)
 188:          9881         158096  jdk.internal.foreign.MemorySessionImpl$1 (java.base@21.0.3)
 189:          9881         158096  jdk.internal.foreign.SharedSession$SharedResourceList (java.base@21.0.3)
 190:          6253         150072  org.apache.lucene.index.SegmentReader$1
 191:          6111         146664  org.apache.lucene.codecs.perfield.PerFieldDocValuesFormat$FieldsReader
 192:          6105         146520  org.apache.lucene.codecs.lucene90.LZ4WithPresetDictCompressionMode$LZ4WithPresetDictDecompressor
 193:          6105         146520  org.apache.lucene.codecs.perfield.PerFieldPostingsFormat$FieldsReader
 194:          6105         146520  org.apache.lucene.index.SegmentCoreReaders$3
 195:          5988         143712  org.opensearch.common.recycler.DequeRecycler$DV
 196:          5988         143712  org.opensearch.common.recycler.Recyclers$1$1
 197:          1974         142128  java.lang.reflect.Constructor (java.base@21.0.3)
 198:          8802         140832  org.opensearch.common.SetOnce
 199:          2198         140672  java.net.URL (java.base@21.0.3)
 200:           459         139536  org.opensearch.index.IndexSettings
 201:           457         135272  org.opensearch.index.shard.IndexShard
 202:          1830         131760  org.apache.lucene.index.SegmentInfos
 203:          8211         131376  org.opensearch.cluster.routing.RotationShardShuffler
 204:          5400         129600  org.opensearch.common.unit.TimeValue
 205:          1681         127712  [Ljava.lang.ref.SoftReference; (java.base@21.0.3)
 206:          3043         121720  jdk.nio.zipfs.ZipFileSystem$IndexNode (jdk.zipfs@21.0.3)
 207:          1374         120912  java.util.regex.Pattern (java.base@21.0.3)
 208:          5029         120696  org.opensearch.cluster.routing.AllocationId
 209:          3697         118304  java.util.Collections$UnmodifiableSortedMap (java.base@21.0.3)
 210:          3694         118208  org.opensearch.common.settings.Settings
 211:          4911         117864  org.opensearch.common.inject.Key
 212:          2818         112720  org.opensearch.painless.lookup.PainlessMethod
 213:          2811         112440  org.opensearch.painless.spi.WhitelistMethod
 214:          2742         109680  [Lorg.opensearch.index.mapper.MetadataFieldMapper;
 215:          6714         107424  java.util.concurrent.CopyOnWriteArraySet (java.base@21.0.3)
 216:          3260         104320  org.opensearch.common.inject.spi.Dependency
 217:          6391         102256  java.util.Collections$UnmodifiableMap$UnmodifiableEntrySet (java.base@21.0.3)
 218:          6253         100048  org.apache.lucene.index.SegmentReader$2
 219:          4168         100032  java.util.regex.Pattern$Slice (java.base@21.0.3)
 220:           458          98928  org.apache.lucene.index.IndexWriter
 221:           457          98712  org.opensearch.index.engine.InternalEngine
 222:          6105          97680  org.apache.lucene.index.SegmentDocValues
 223:          4063          97512  org.opensearch.common.inject.TypeLiteral
 224:          2962          94784  java.util.LinkedList (java.base@21.0.3)
 225:          3942          94608  java.lang.invoke.LambdaForm$NamedFunction (java.base@21.0.3)
 226:          1256          93528  [Ljava.lang.invoke.LambdaForm$Name; (java.base@21.0.3)
 227:          2913          93216  org.tartarus.snowball.Among
 228:           457          91400  org.opensearch.index.IndexService
 229:          2821          90272  org.opensearch.common.collect.CopyOnWriteHashMap
 230:           656          89216  sun.nio.fs.UnixFileAttributes (java.base@21.0.3)
 231:          3662          87888  org.opensearch.common.compress.CompressedXContent
 232:          3649          87576  org.apache.logging.log4j.message.ParameterFormatter$MessagePatternAnalysis
 233:          2731          87392  org.opensearch.cluster.routing.IndexRoutingTable
 234:          3632          87168  org.opensearch.core.index.shard.ShardId
 235:           567          86184  sun.security.ssl.SSLSessionImpl (java.base@21.0.3)
 236:          3526          84624  java.util.regex.Pattern$GroupTail (java.base@21.0.3)
 237:          3519          84456  java.util.regex.Pattern$GroupHead (java.base@21.0.3)
 238:          3365          80760  java.util.ArrayDeque (java.base@21.0.3)
 239:          1641          78768  org.opensearch.common.inject.internal.InstanceBindingImpl
 240:          3262          78288  sun.nio.ch.NativeThreadSet (java.base@21.0.3)
 241:          1423          76552  [Lorg.opensearch.search.aggregations.bucket.terms.StringTerms$Bucket;
 242:          3167          76008  sun.reflect.generics.tree.SimpleClassTypeSignature (java.base@21.0.3)
 243:           150          75488  [Ljava.lang.ThreadLocal$ThreadLocalMap$Entry; (java.base@21.0.3)
 244:          3140          75360  java.util.regex.Pattern$BmpCharProperty (java.base@21.0.3)
 245:          2333          74656  org.opensearch.common.util.concurrent.ThreadContext$$Lambda/0x00007fcd285478f8
 246:          1848          73920  org.apache.lucene.codecs.lucene90.Lucene90TermVectorsFormat
 247:          1536          73728  io.netty.buffer.PoolChunkList
 248:          4597          73552  org.opensearch.common.SetOnce$Wrapper
 249:          1312          73472  io.netty.channel.DefaultChannelHandlerContext
 250:          1771          70840  java.io.FilePermission (java.base@21.0.3)
 251:           679          70616  java.util.jar.JarFile$JarFileEntry (java.base@21.0.3)
 252:          2884          69216  org.apache.lucene.util.packed.DirectReader$DirectPackedReader4
 253:          1710          68400  org.apache.logging.log4j.core.Logger$PrivateConfig
 254:          2827          67848  org.opensearch.common.inject.SingleParameterInjector
 255:          4176          66816  java.lang.Integer (java.base@21.0.3)
 256:           919          66168  org.apache.lucene.index.TieredMergePolicy
 257:           457          65808  org.opensearch.index.translog.TranslogWriter
 258:          2732          65568  org.opensearch.cluster.metadata.MappingMetadata
 259:          2731          65544  org.opensearch.cluster.metadata.IndexAbstraction$Index
 260:           458          62288  org.apache.lucene.index.DocumentsWriterFlushControl
 261:           457          62152  org.opensearch.index.seqno.ReplicationTracker
 262:          3167          61256  [Lsun.reflect.generics.tree.TypeArgument; (java.base@21.0.3)
 263:          1907          61024  org.apache.lucene.search.TermQuery
 264:          3756          60096  java.util.TreeMap$KeySet (java.base@21.0.3)
 265:          1251          60048  java.lang.invoke.LambdaForm (java.base@21.0.3)
 266:           284          59840  [Lio.netty.buffer.PoolSubpage;
 267:          1476          59040  org.opensearch.common.settings.Setting
 268:          2457          58968  org.opensearch.core.common.unit.ByteSizeValue
 269:          3677          58832  org.apache.lucene.codecs.lucene90.Lucene90DocValuesFormat
 270:          1835          58720  org.apache.lucene.codecs.lucene99.Lucene99HnswVectorsFormat
 271:           457          58496  org.opensearch.index.engine.EngineConfig
 272:           914          58496  org.opensearch.index.mapper.RootObjectMapper
 273:          1820          58240  java.util.RegularEnumSet (java.base@21.0.3)
 274:          1800          57600  java.lang.Package (java.base@21.0.3)
 275:          2337          56088  java.util.concurrent.Executors$RunnableAdapter (java.base@21.0.3)
 276:           458          54960  org.apache.lucene.index.IndexWriterConfig
 277:           457          54840  org.opensearch.index.engine.InternalEngine$EngineMergeScheduler
 278:          1710          54720  org.apache.logging.log4j.core.Logger
 279:          2280          54720  org.opensearch.threadpool.ThreadPool$ThreadedRunnable
 280:          1135          54480  java.lang.StackTraceElement (java.base@21.0.3)
 281:          1339          53560  java.lang.Package$VersionInfo (java.base@21.0.3)
 282:           656          52480  java.util.zip.ZipFile$Source (java.base@21.0.3)
 283:          3262          52192  sun.nio.ch.FileChannelImpl$Closer (java.base@21.0.3)
 284:          3154          50464  sun.reflect.generics.tree.ClassTypeSignature (java.base@21.0.3)
 285:          2068          49632  javax.crypto.spec.SecretKeySpec (java.base@21.0.3)
 286:          1217          48680  java.security.CodeSource (java.base@21.0.3)
 287:          1002          48096  org.apache.lucene.analysis.tokenattributes.PackedTokenAttributeImpl
 288:           750          48000  javax.crypto.Cipher (java.base@21.0.3)
 289:           993          47664  org.opensearch.index.mapper.ObjectMapper
 290:          1965          47160  java.util.regex.Pattern$BmpCharPropertyGreedy (java.base@21.0.3)
 291:          1448          46336  java.lang.ref.WeakReference (java.base@21.0.3)
 292:          1908          45792  org.apache.lucene.index.Term
 293:          2855          45680  org.opensearch.common.logging.DeprecationLogger
 294:           711          45504  java.util.zip.Inflater (java.base@21.0.3)
 295:          1872          44928  org.opensearch.common.util.concurrent.ThreadContext$ContextPreservingRunnable
 296:          2805          44880  java.nio.channels.spi.AbstractInterruptibleChannel$1 (java.base@21.0.3)
 297:          1393          44576  java.util.concurrent.Semaphore$NonfairSync (java.base@21.0.3)
 298:          1103          44120  org.opensearch.ingest.useragent.UserAgentParser$UserAgentSubpattern
 299:           919          44112  org.opensearch.common.util.MovingAverage
 300:           787          44072  java.lang.invoke.DirectMethodHandle$StaticAccessor (java.base@21.0.3)
 301:          1836          44064  org.apache.lucene.codecs.lucene99.Lucene99PostingsFormat
 302:          1835          44040  org.apache.lucene.codecs.lucene99.Lucene99Codec$1
 303:          1835          44040  org.apache.lucene.codecs.lucene99.Lucene99Codec$2
 304:          1835          44040  org.apache.lucene.codecs.lucene99.Lucene99Codec$3
 305:          1372          43904  java.util.regex.Pattern$Branch (java.base@21.0.3)
 306:          1828          43872  org.opensearch.index.codec.fuzzy.FuzzySetParameters
 307:           914          43872  org.opensearch.index.mapper.DocumentMapper
 308:          1371          43872  org.opensearch.index.mapper.MapperService$MapperAnalyzerWrapper
 309:          1372          42888  [Ljava.util.regex.Pattern$Node; (java.base@21.0.3)
 310:          2677          42832  java.util.regex.Pattern$$Lambda/0x80000002a (java.base@21.0.3)
 311:           197          42024  [Ljava.lang.invoke.MethodHandle; (java.base@21.0.3)
 312:           375          42000  io.netty.handler.ssl.SslHandler
 313:           375          42000  org.opensearch.transport.CopyBytesSocketChannel
 314:           375          42000  sun.nio.ch.SocketChannelImpl (java.base@21.0.3)
 315:          1048          41920  java.util.IdentityHashMap (java.base@21.0.3)
 316:          1725          41400  java.security.Provider$UString (java.base@21.0.3)
 317:           457          40216  org.opensearch.index.SearchSlowLog
 318:           457          40216  org.opensearch.security.configuration.SecurityFlsDlsIndexSearcherWrapper
 319:          1666          39984  java.util.LinkedHashMap$LinkedValues (java.base@21.0.3)
 320:          1636          39264  java.lang.RuntimePermission (java.base@21.0.3)
 321:           489          39120  org.opensearch.common.cache.Cache
 322:           531          38232  org.apache.lucene.analysis.standard.StandardTokenizerImpl
 323:           663          37128  java.io.FileCleanable (java.base@21.0.3)
 324:          1546          37104  org.apache.logging.log4j.MarkerManager$Log4jMarker
 325:          1537          36888  java.util.concurrent.ConcurrentHashMap$KeySetView (java.base@21.0.3)
 326:           656          36736  java.util.jar.JarFile (java.base@21.0.3)
 327:           458          36640  [Ljava.util.concurrent.locks.Lock; (java.base@21.0.3)
 328:           458          36640  [Lorg.apache.lucene.index.ApproximatePriorityQueue;
 329:           914          36560  org.opensearch.index.mapper.Mapping
 330:           914          36560  org.opensearch.index.mapper.MappingLookup
 331:           914          36560  org.opensearch.index.seqno.RetentionLease
 332:           457          36560  org.opensearch.index.translog.LocalTranslog
 333:            22          36224  [Ljava.util.Hashtable$Entry; (java.base@21.0.3)
 334:           871          34840  com.fasterxml.jackson.databind.introspect.AnnotatedMethod
 335:          1442          34608  java.util.concurrent.ConcurrentLinkedQueue$Node (java.base@21.0.3)
 336:           859          34360  org.jcodings.unicode.UnicodeCodeRange
 337:           857          34280  org.opensearch.common.path.PathTrie$TrieNode
 338:           531          33984  org.apache.lucene.analysis.standard.StandardTokenizer
 339:          1054          33728  io.netty.util.internal.LongAdderCounter
 340:          1051          33632  java.lang.invoke.MethodTypeForm (java.base@21.0.3)
 341:           460          33312  [Lorg.apache.lucene.index.LeafReader;
 342:           459          33192  [Lorg.apache.lucene.index.IndexReaderContext;
 343:           375          33000  sun.security.ssl.TransportContext (java.base@21.0.3)
 344:           458          32976  org.apache.lucene.index.DocumentsWriterDeleteQueue
 345:           457          32952  [Lorg.apache.lucene.index.SegmentReader;
 346:           457          32904  org.apache.lucene.analysis.miscellaneous.FingerprintFilter
 347:           457          32904  org.apache.lucene.index.StandardDirectoryReader
 348:           457          32904  org.opensearch.common.lucene.index.OpenSearchDirectoryReader
 349:           457          32904  org.opensearch.index.IndexModule
 350:           457          32904  org.opensearch.index.search.stats.ShardSearchStats$StatsHolder
 351:           457          32904  org.opensearch.index.translog.Checkpoint
 352:             1          32792  [Lkotlinx.coroutines.scheduling.CoroutineScheduler$Worker;
 353:           810          32400  org.opensearch.indices.replication.common.ReplicationLuceneIndex$FileMetadata
 354:           804          32160  java.lang.invoke.DirectMethodHandle$Special (java.base@21.0.3)
 355:           789          31560  io.netty.buffer.PoolThreadCache$MemoryRegionCache$Entry
 356:           656          31488  jdk.internal.loader.URLClassPath$JarLoader (java.base@21.0.3)
 357:          1911          30576  java.util.AbstractMap$2 (java.base@21.0.3)
 358:          1265          30360  org.opensearch.cluster.node.DiscoveryNodeFilters
 359:           750          30000  io.netty.handler.ssl.SslHandler$LazyChannelPromise
 360:           375          30000  sun.security.ssl.SSLConfiguration (java.base@21.0.3)
 361:           744          29760  java.math.BigInteger (java.base@21.0.3)
 362:          1234          29616  java.util.concurrent.CompletableFuture (java.base@21.0.3)
 363:          1849          29584  java.util.concurrent.Semaphore (java.base@21.0.3)
 364:          1848          29568  org.apache.lucene.codecs.lucene90.Lucene90CompoundFormat
 365:          1848          29568  org.apache.lucene.codecs.lucene90.Lucene90LiveDocsFormat
 366:          1848          29568  org.apache.lucene.codecs.lucene90.Lucene90NormsFormat
 367:          1848          29568  org.apache.lucene.codecs.lucene90.Lucene90StoredFieldsFormat
 368:          1843          29488  org.apache.lucene.codecs.lucene94.Lucene94FieldInfosFormat
 369:           459          29376  org.apache.lucene.index.LogByteSizeMergePolicy
 370:          1835          29360  org.apache.lucene.codecs.lucene99.Lucene99SegmentInfoFormat
 371:           458          29312  org.apache.lucene.index.FieldInfos$FieldNumbers
 372:           915          29280  org.opensearch.index.engine.LiveVersionMap$VersionLookup
 373:           457          29248  org.opensearch.index.IndexingSlowLog
 374:          1828          29248  org.opensearch.index.codec.PerFieldMappingPostingFormatCodec$$Lambda/0x00007fcd29272448
 375:          1828          29248  org.opensearch.index.codec.fuzzy.FuzzySetFactory
 376:           914          29248  org.opensearch.index.mapper.FieldTypeLookup
 377:           457          29248  org.opensearch.index.mapper.MapperService
 378:           457          29248  org.opensearch.index.mapper.SourceFieldMapper
 379:           457          29248  org.opensearch.index.shard.RefreshListeners
 380:           457          29248  org.opensearch.index.translog.ReplicationTranslogDeletionPolicy
 381:           914          29248  org.opensearch.index.translog.Translog$Location
 382:           457          29248  org.opensearch.indices.recovery.RecoveryState$Translog
 383:           457          29248  org.opensearch.indices.replication.common.ReplicationLuceneIndex
 384:          1828          29248  org.opensearch.threadpool.ScheduledCancellableAdapter
 385:          1080          28464  [Ljava.lang.reflect.Type; (java.base@21.0.3)
 386:           584          28032  com.sun.crypto.provider.GaloisCounterMode$AESGCM (java.base@21.0.3)
 387:           583          27984  sun.security.util.MemoryCache$SoftCacheEntry (java.base@21.0.3)
 388:           462          27240  [[B (java.base@21.0.3)
 389:           375          27000  sun.security.ssl.SSLEngineOutputRecord (java.base@21.0.3)
 390:           256          26624  io.netty.buffer.PoolArena$HeapArena
 391:          1106          26544  java.util.concurrent.ConcurrentLinkedQueue (java.base@21.0.3)
 392:          1642          26272  org.opensearch.common.inject.util.Providers$1
 393:          1641          26256  org.opensearch.common.inject.internal.InternalFactory$Instance
 394:            13          26240  [[J (java.base@21.0.3)
 395:           656          26240  java.io.RandomAccessFile (java.base@21.0.3)
 396:             8          26056  [Lorg.opensearch.common.recycler.Recycler$V;
 397:           542          26016  org.apache.lucene.analysis.StopFilter
 398:           647          25880  java.lang.invoke.DirectMethodHandle$Interface (java.base@21.0.3)
 399:          1070          25680  org.opensearch.security.filter.SecurityRestFilter$AuthczRestHandler
 400:           458          25648  org.apache.lucene.index.DocumentsWriter
 401:           458          25648  org.apache.lucene.index.IndexFileDeleter
 402:           458          25648  org.apache.lucene.index.ReaderPool
 403:           458          25648  org.opensearch.cluster.routing.UnassignedInfo
 404:           594          25632  [Ljava.security.ProtectionDomain; (java.base@21.0.3)
 405:          1068          25632  org.apache.lucene.util.AttributeSource$State
 406:           457          25592  org.apache.lucene.analysis.miscellaneous.ASCIIFoldingFilter
 407:           457          25592  org.opensearch.index.engine.CombinedDeletionPolicy
 408:           457          25592  org.opensearch.index.store.Store
 409:           457          25592  org.opensearch.indices.recovery.RecoveryState
 410:           457          25592  org.opensearch.indices.recovery.RecoveryState$VerifyIndex
 411:          1582          25312  com.fasterxml.jackson.databind.introspect.AnnotationMap
 412:           790          25280  org.opensearch.painless.lookup.PainlessField
 413:           790          25280  org.opensearch.painless.spi.WhitelistField
 414:          1042          25008  org.bouncycastle.asn1.ASN1ObjectIdentifier
 415:           623          24920  org.opensearch.transport.RequestHandlerRegistry
 416:           518          24864  org.apache.lucene.analysis.CharArrayMap
 417:           619          24760  java.security.AccessControlContext (java.base@21.0.3)
 418:          1521          24336  org.opensearch.common.settings.Setting$SimpleKey
 419:           377          24128  io.netty.channel.ChannelOutboundBuffer
 420:           377          24128  io.netty.channel.DefaultChannelPipeline$HeadContext
 421:           375          24000  io.netty.channel.socket.nio.NioSocketChannel$NioSocketChannelConfig
 422:          1479          23664  org.opensearch.security.support.WildcardMatcher$Exact
 423:           954          22896  sun.reflect.annotation.AnnotationInvocationHandler (java.base@21.0.3)
 424:          1424          22784  org.opensearch.security.support.WildcardMatcher$SimpleMatcher
 425:           461          22128  org.opensearch.common.settings.IndexScopedSettings
 426:           459          22032  java.util.concurrent.ArrayBlockingQueue (java.base@21.0.3)
 427:           459          22032  org.apache.lucene.index.CompositeReaderContext
 428:           458          21984  org.apache.lucene.index.BufferedUpdates
 429:           458          21984  org.apache.lucene.index.DocumentsWriter$$Lambda/0x00007fcd290cac10
 430:           458          21984  org.apache.lucene.index.IndexFileDeleter$CommitPoint
 431:           916          21984  org.opensearch.core.common.text.Text
 432:          1372          21952  java.util.regex.Pattern$BranchConn (java.base@21.0.3)
 433:           457          21936  org.apache.lucene.index.SoftDeletesRetentionMergePolicy
 434:           457          21936  org.apache.lucene.store.MMapDirectory
 435:           914          21936  org.opensearch.common.util.concurrent.KeyedLock
 436:           457          21936  org.opensearch.index.IndexService$AsyncGlobalCheckpointTask
 437:           457          21936  org.opensearch.index.IndexService$AsyncRefreshTask
 438:           457          21936  org.opensearch.index.IndexService$AsyncRetentionLeaseSyncTask
 439:           457          21936  org.opensearch.index.IndexService$AsyncTrimTranslogTask
 440:           914          21936  org.opensearch.index.analysis.FieldNameAnalyzer
 441:           914          21936  org.opensearch.index.engine.LiveVersionMap$Maps
 442:           457          21936  org.opensearch.index.engine.SoftDeletesPolicy
 443:           457          21936  org.opensearch.index.fielddata.IndexFieldDataService
 444:           457          21936  org.opensearch.index.get.ShardGetService
 445:           457          21936  org.opensearch.index.mapper.DocumentMapperParser
 446:           914          21936  org.opensearch.index.mapper.DocumentParser
 447:           914          21936  org.opensearch.index.mapper.DynamicKeyFieldTypeLookup
 448:           457          21936  org.opensearch.index.store.DirectoryFileTransferTracker
 449:           457          21936  org.opensearch.index.store.FsDirectoryFactory$HybridDirectory
 450:           457          21936  org.opensearch.index.translog.InternalTranslogManager
 451:           457          21936  org.opensearch.indices.replication.common.ReplicationTimer
 452:           679          21728  java.util.zip.ZipFile$CleanableResource (java.base@21.0.3)
 453:           181          21720  java.lang.Thread (java.base@21.0.3)
 454:           905          21720  org.opensearch.sql.expression.function.FunctionSignature
 455:           338          21632  sun.security.ssl.CipherSuite (java.base@21.0.3)
 456:           536          21440  org.apache.lucene.analysis.LowerCaseFilter
 457:           890          21360  org.opensearch.common.inject.InternalFactoryToProviderAdapter
 458:           890          21360  org.opensearch.common.inject.ProviderToInternalFactoryAdapter
 459:           890          21360  org.opensearch.common.inject.Scopes$1$1
 460:           667          21344  java.io.File (java.base@21.0.3)
 461:           664          21248  javax.crypto.Cipher$Transform (java.base@21.0.3)
 462:           377          21112  io.netty.channel.DefaultChannelPipeline$TailContext
 463:           879          21096  java.util.regex.Pattern$SliceI (java.base@21.0.3)
 464:           376          21056  io.netty.channel.FixedRecvByteBufAllocator$HandleImpl
 465:           876          21024  sun.security.provider.PolicyFile$PolicyEntry (java.base@21.0.3)
 466:           375          21000  org.opensearch.transport.InboundPipeline
 467:           375          21000  sun.security.ssl.SSLCipher$T13GcmReadCipherGenerator$GcmReadCipher (java.base@21.0.3)
 468:           375          21000  sun.security.ssl.SSLCipher$T13GcmWriteCipherGenerator$GcmWriteCipher (java.base@21.0.3)
 469:           653          20896  sun.reflect.generics.repository.ClassRepository (java.base@21.0.3)
 470:           870          20880  java.lang.Class$AnnotationData (java.base@21.0.3)
 471:           652          20864  java.util.PropertyPermission (java.base@21.0.3)
 472:           866          20784  org.opensearch.common.inject.multibindings.RealElement
 473:           637          20384  java.net.InetAddress$InetAddressHolder (java.base@21.0.3)
 474:           849          20376  org.apache.lucene.util.packed.DirectReader$DirectPackedReader24
 475:           849          20376  sun.reflect.generics.factory.CoreReflectionFactory (java.base@21.0.3)
 476:           636          20352  org.opensearch.core.ParseField
 477:           624          19968  io.netty.buffer.PoolThreadCache$SubPageMemoryRegionCache
 478:           831          19944  sun.reflect.generics.reflectiveObjects.ParameterizedTypeImpl (java.base@21.0.3)
 479:           475          19800  [Lorg.opensearch.common.inject.SingleParameterInjector;
 480:           490          19600  org.opensearch.common.util.concurrent.BaseFuture$Sync
 481:          1210          19360  java.util.regex.Pattern$BitClass (java.base@21.0.3)
 482:           472          18880  org.opensearch.common.settings.Setting$1
 483:           784          18816  java.lang.Long (java.base@21.0.3)
 484:           584          18688  com.sun.crypto.provider.AESCrypt (java.base@21.0.3)
 485:            32          18432  io.netty.util.internal.shaded.org.jctools.queues.atomic.MpscUnboundedAtomicArrayQueue
 486:           459          18360  org.opensearch.index.OpenSearchTieredMergePolicy
 487:           459          18360  sun.nio.ch.FileLockImpl (java.base@21.0.3)
 488:           458          18320  org.apache.lucene.index.BufferedUpdatesStream
 489:           458          18320  org.apache.lucene.util.ByteBlockPool
 490:           457          18280  org.opensearch.index.cache.bitset.BitsetFilterCache
 491:           457          18280  org.opensearch.index.engine.InternalEngine$ExternalReaderManager
 492:           457          18280  org.opensearch.index.engine.PrunePostingsMergePolicy
 493:           457          18280  org.opensearch.index.engine.RecoverySourcePruneMergePolicy
 494:           457          18280  org.opensearch.index.mapper.DataStreamFieldMapper
 495:           457          18280  org.opensearch.index.mapper.FieldNamesFieldMapper
 496:           457          18280  org.opensearch.index.mapper.FieldNamesFieldMapper$FieldNamesFieldType
 497:           457          18280  org.opensearch.index.mapper.IdFieldMapper$IdFieldType
 498:           457          18280  org.opensearch.index.mapper.Mapper$TypeParser$ParserContext
 499:           457          18280  org.opensearch.index.mapper.RoutingFieldMapper
 500:           457          18280  org.opensearch.index.mapper.SourceFieldMapper$SourceFieldType
 501:           457          18280  org.opensearch.index.shard.GlobalCheckpointListeners
 502:           457          18280  org.opensearch.index.shard.IndexShard$7
 503:           457          18280  org.opensearch.index.shard.IndexShardOperationPermits
 504:           457          18280  org.opensearch.index.shard.InternalIndexingStats$StatsHolder
 505:           457          18280  org.opensearch.index.shard.OpenSearchMergePolicy
 506:           457          18280  org.opensearch.index.store.ByteSizeCachingDirectory
 507:           457          18280  org.opensearch.index.store.ByteSizeCachingDirectory$1
 508:           457          18280  org.opensearch.index.translog.TranslogConfig
 509:           761          18248  [Ljava.security.cert.X509Certificate; (java.base@21.0.3)
 510:           377          18096  io.netty.channel.AbstractChannel$CloseFuture
 511:           377          18096  io.netty.channel.DefaultChannelPipeline
 512:           754          18096  io.netty.channel.VoidChannelPromise
 513:           377          18096  sun.nio.ch.SelectionKeyImpl (java.base@21.0.3)
 514:           750          18000  io.netty.handler.ssl.SslHandler$SslTasksRunner
 515:           375          18000  sun.nio.ch.SocketAdaptor (java.base@21.0.3)
 516:           375          18000  sun.security.ssl.SSLEngineInputRecord (java.base@21.0.3)
 517:           444          17760  java.util.concurrent.CompletableFuture$UniWhenComplete (java.base@21.0.3)
 518:           441          17640  org.opensearch.indices.replication.common.ReplicationCollection$ReplicationMonitor
 519:           545          17440  org.apache.lucene.analysis.ReusableStringReader
 520:           726          17424  jdk.internal.reflect.DirectConstructorHandleAccessor (java.base@21.0.3)
 521:           715          17160  java.time.format.DateTimeFormatterBuilder$DefaultValueParser (java.base@21.0.3)
 522:           714          17136  java.util.regex.Pattern$Start (java.base@21.0.3)
 523:           711          17064  java.util.zip.Inflater$InflaterZStreamRef (java.base@21.0.3)
 524:          1066          17056  org.opensearch.common.inject.Initializables$1
 525:           710          17040  sun.reflect.generics.scope.ClassScope (java.base@21.0.3)
 526:           419          16760  org.apache.lucene.util.packed.Packed64
 527:          1033          16528  org.apache.logging.log4j.message.ReusableSimpleMessage
 528:           685          16440  com.fasterxml.jackson.databind.introspect.MemberKey
 529:           683          16392  org.opensearch.rest.RestMethodHandlers
 530:          1016          16256  org.apache.lucene.util.BytesRefBuilder
 531:           337          16176  java.lang.invoke.DirectMethodHandle$Accessor (java.base@21.0.3)
 532:           505          16160  java.nio.file.attribute.FileTime (java.base@21.0.3)
 533:           672          16128  io.netty.buffer.IntPriorityQueue
 534:           669          16056  sun.security.jca.ServiceId (java.base@21.0.3)
 535:           250          16000  java.lang.invoke.BoundMethodHandle$Species_LLLLLLL (java.base@21.0.3)
 536:           656          15744  java.util.zip.ZipFile$Source$Key (java.base@21.0.3)
 537:           653          15672  sun.reflect.generics.tree.ClassSignature (java.base@21.0.3)
 538:           487          15584  com.google.common.collect.RegularImmutableSet
 539:           487          15584  java.util.concurrent.CountDownLatch$Sync (java.base@21.0.3)
 540:           486          15552  org.opensearch.common.inject.ConstructorInjector
 541:           486          15552  org.opensearch.common.inject.MembersInjectorImpl
 542:           194          15520  org.apache.logging.log4j.core.util.datetime.FixedDateFormat
 543:           634          15216  java.util.ImmutableCollections$SetN (java.base@21.0.3)
 544:           269          15064  java.lang.invoke.BoundMethodHandle$Species_LLLLL (java.base@21.0.3)
 545:           375          15000  io.netty.channel.socket.nio.NioSocketChannel$NioSocketChannelUnsafe
 546:           375          15000  org.opensearch.transport.InboundAggregator
 547:           375          15000  org.opensearch.transport.InboundDecoder
 548:           375          15000  org.opensearch.transport.netty4.Netty4TcpChannel
 549:           312          14976  java.lang.invoke.LambdaFormEditor$Transform (java.base@21.0.3)
 550:           624          14976  java.net.Inet4Address (java.base@21.0.3)
 551:           624          14976  java.net.InetSocketAddress$InetSocketAddressHolder (java.base@21.0.3)
 552:           825          14960  [Lsun.reflect.generics.tree.FormalTypeParameter; (java.base@21.0.3)
 553:           623          14952  org.opensearch.indexmanagement.rollup.interceptor.RollupInterceptor$interceptHandler$1
 554:           623          14952  org.opensearch.performanceanalyzer.transport.PerformanceAnalyzerTransportRequestHandler
 555:           623          14952  org.opensearch.security.OpenSearchSecurityPlugin$6$1
 556:           417          14816  [Ljava.time.format.DateTimeFormatterBuilder$DateTimePrinterParser; (java.base@21.0.3)
 557:           308          14784  java.lang.invoke.MethodHandleImpl$AsVarargsCollector (java.base@21.0.3)
 558:           461          14752  com.fasterxml.jackson.databind.introspect.AnnotatedField
 559:           461          14752  org.opensearch.common.util.concurrent.ThreadContext$ContextPreservingAbstractRunnable
 560:           914          14696  [Lorg.opensearch.index.mapper.DynamicTemplate;
 561:           459          14688  java.util.concurrent.Semaphore$FairSync (java.base@21.0.3)
 562:           459          14688  org.apache.lucene.store.NativeFSLockFactory$NativeFSLock
 563:           459          14688  sun.nio.ch.FileKey (java.base@21.0.3)
 564:           459          14688  sun.nio.ch.FileLockTable$FileLockReference (java.base@21.0.3)
 565:           141          14664  org.opensearch.security.configuration.DlsFlsFilterLeafReader
 566:           458          14656  org.apache.lucene.index.BufferedUpdates$DeletedTerms
 567:           458          14656  org.apache.lucene.index.BufferedUpdatesStream$FinishedSegments
 568:           458          14656  org.apache.lucene.index.DocumentsWriterPerThreadPool
 569:           458          14656  org.apache.lucene.index.IndexWriter$EventQueue
 570:           916          14656  org.apache.lucene.util.Counter$AtomicCounter
 571:           458          14656  org.apache.lucene.util.FrequencyTrackingRingBuffer
 572:           458          14656  org.opensearch.index.seqno.RetentionLeases
 573:           457          14624  org.apache.lucene.document.NumericDocValuesField
 574:           457          14624  org.apache.lucene.index.ShuffleForcedMergePolicy
 575:           457          14624  org.opensearch.action.support.replication.PendingReplicationActions
 576:           457          14624  org.opensearch.analysis.common.FingerprintAnalyzer
 577:           457          14624  org.opensearch.env.NodeEnvironment$1
 578:           457          14624  org.opensearch.env.NodeEnvironment$InternalShardLock
 579:           457          14624  org.opensearch.index.cache.IndexCache
 580:           457          14624  org.opensearch.index.cache.bitset.ShardBitsetFilterCache
 581:           457          14624  org.opensearch.index.cache.request.ShardRequestCache
 582:           457          14624  org.opensearch.index.engine.Engine$IndexThrottle
 583:           457          14624  org.opensearch.index.engine.LiveVersionMap
 584:           457          14624  org.opensearch.index.mapper.DocCountFieldMapper
 585:           457          14624  org.opensearch.index.mapper.IdFieldMapper
 586:           457          14624  org.opensearch.index.mapper.IgnoredFieldMapper
 587:           457          14624  org.opensearch.index.mapper.IndexFieldMapper
 588:           457          14624  org.opensearch.index.mapper.RankFeatureMetaFieldMapper
 589:           457          14624  org.opensearch.index.mapper.SeqNoFieldMapper
 590:           457          14624  org.opensearch.index.mapper.VersionFieldMapper
 591:           457          14624  org.opensearch.index.seqno.LocalCheckpointTracker
 592:           457          14624  org.opensearch.index.shard.IndexShard$RefreshMetricUpdater
 593:           457          14624  org.opensearch.index.shard.ShardPath
 594:           457          14624  org.opensearch.index.similarity.SimilarityService
 595:           457          14624  org.opensearch.index.store.ByteSizeCachingDirectory$SizeAndModCount
 596:           457          14624  org.opensearch.index.translog.TranslogHeader
 597:           457          14624  org.opensearch.index.warmer.ShardIndexWarmerService
 598:           365          14600  org.opensearch.painless.spi.WhitelistClass
 599:           588          14544  [[I (java.base@21.0.3)
 600:           352          14080  java.time.format.DateTimeFormatter (java.base@21.0.3)
 601:           586          14064  java.util.regex.Pattern$CharPropertyGreedy (java.base@21.0.3)
 602:           350          14000  java.security.ProtectionDomain (java.base@21.0.3)
 603:           561          13904  [Ljava.security.cert.Certificate; (java.base@21.0.3)
 604:           579          13896  org.apache.lucene.util.packed.DirectReader$DirectPackedReader2
 605:           433          13856  org.opensearch.common.inject.FactoryProxy
 606:           866          13856  org.opensearch.common.inject.Key$AnnotationInstanceStrategy
 607:           433          13856  org.opensearch.core.xcontent.ObjectParser$FieldParser
 608:           118          13704  [Lorg.tartarus.snowball.Among;
 609:           560          13440  java.security.BasicPermissionCollection (java.base@21.0.3)
 610:           557          13368  java.security.SecurityPermission (java.base@21.0.3)
 611:           545          13080  [Lorg.apache.lucene.util.AttributeSource$State;
 612:           545          13080  org.apache.lucene.analysis.Analyzer$TokenStreamComponents
 613:           544          13056  org.opensearch.common.collect.Tuple
 614:           399          12768  java.util.regex.Pattern$Curly (java.base@21.0.3)
 615:           527          12648  java.util.ImmutableCollections$List12 (java.base@21.0.3)
 616:           394          12608  sun.security.util.ObjectIdentifier (java.base@21.0.3)
 617:           782          12512  java.util.concurrent.atomic.AtomicReferenceArray (java.base@21.0.3)
 618:             3          12496  [Ljava.util.concurrent.RunnableScheduledFuture; (java.base@21.0.3)
 619:           193          12352  io.netty.util.concurrent.ScheduledFutureTask
 620:           768          12288  org.opensearch.common.concurrent.CompletableContext
 621:           377          12064  io.netty.channel.DefaultChannelId
 622:           377          12064  sun.nio.ch.DummySocketImpl (java.base@21.0.3)
 623:           375          12000  io.netty.handler.ssl.SslHandler$SslHandlerCoalescingBufferQueue
 624:           750          12000  io.netty.handler.ssl.SslHandler$SslTasksRunner$1
 625:           500          12000  org.opensearch.cluster.metadata.IndexGraveyard$Tombstone
 626:           375          12000  org.opensearch.transport.nativeprotocol.NativeInboundBytesHandler
 627:           375          12000  org.opensearch.transport.netty4.Netty4MessageChannelHandler
 628:           375          12000  org.opensearch.transport.netty4.OpenSearchLoggingHandler
 629:           750          12000  sun.security.ssl.Authenticator$TLS13Authenticator (java.base@21.0.3)
 630:           375          12000  sun.security.ssl.SSLEngineImpl (java.base@21.0.3)
 631:           212          11872  sun.util.calendar.ZoneInfo (java.base@21.0.3)
 632:           488          11712  org.opensearch.securityanalytics.model.LogType$Mapping
 633:           486          11664  org.opensearch.common.inject.DefaultConstructionProxyFactory$1
 634:           486          11664  org.opensearch.common.inject.spi.InjectionPoint
 635:           653          11576  [Lsun.reflect.generics.tree.ClassTypeSignature; (java.base@21.0.3)
 636:           481          11544  java.util.regex.Pattern$$Lambda/0x80000002b (java.base@21.0.3)
 637:           476          11424  org.opensearch.security.support.WildcardMatcher$MatcherCombiner
 638:           531          11360  [Lsun.reflect.generics.tree.FieldTypeSignature; (java.base@21.0.3)
 639:           463          11112  org.opensearch.core.action.ActionListener$1
 640:           459          11016  org.apache.lucene.search.similarities.BM25Similarity
 641:           459          11016  org.opensearch.index.LogByteSizeMergePolicyProvider
 642:           459          11016  org.opensearch.index.MergeSchedulerConfig
 643:           459          11016  org.opensearch.index.TieredMergePolicyProvider
 644:           459          11016  org.opensearch.index.remote.RemoteStorePathStrategy
 645:           459          11016  sun.nio.ch.FileLockTable (java.base@21.0.3)
 646:           458          10992  org.apache.lucene.index.ConcurrentApproximatePriorityQueue
 647:           458          10992  org.apache.lucene.index.DocumentsWriterDeleteQueue$DeleteSlice
 648:           458          10992  org.apache.lucene.index.DocumentsWriterDeleteQueue$Node
 649:           458          10992  org.apache.lucene.index.DocumentsWriterFlushQueue
 650:           458          10992  org.apache.lucene.index.DocumentsWriterStallControl
 651:           458          10992  org.apache.lucene.index.FlushByRamOrCountsPolicy
 652:           458          10992  org.apache.lucene.index.IndexWriter$AddIndexesMergeSource
 653:           458          10992  org.apache.lucene.index.IndexWriter$Merges
 654:           458          10992  org.apache.lucene.index.LockableConcurrentApproximatePriorityQueue
 655:           458          10992  org.apache.lucene.store.LockValidatingDirectoryWrapper
 656:           458          10992  org.apache.lucene.util.ByteBlockPool$DirectTrackingAllocator
 657:           458          10992  org.apache.lucene.util.Counter$SerialCounter
 658:           458          10992  org.apache.lucene.util.FileDeleter
 659:           458          10992  org.apache.lucene.util.FrequencyTrackingRingBuffer$IntBag
 660:           458          10992  org.opensearch.index.engine.SafeCommitInfo
 661:           458          10992  org.opensearch.index.recovery.RecoveryStats
 662:           343          10976  com.fasterxml.jackson.databind.util.internal.PrivateMaxEntriesMap$Node
 663:           457          10968  [Ljava.io.Closeable; (java.base@21.0.3)
 664:           457          10968  [Lorg.apache.lucene.search.ReferenceManager$RefreshListener;
 665:           457          10968  org.apache.lucene.index.SoftDeletesRetentionMergePolicy$$Lambda/0x00007fcd2930d820
 666:           457          10968  org.apache.lucene.index.StandardDirectoryReader$3
 667:           457          10968  org.opensearch.common.lucene.LoggerInfoStream
 668:           457          10968  org.opensearch.common.lucene.index.OpenSearchDirectoryReader$DelegatingCacheHelper
 669:           457          10968  org.opensearch.common.lucene.index.OpenSearchDirectoryReader$DelegatingCacheKey
 670:           457          10968  org.opensearch.index.CompositeIndexEventListener
 671:           457          10968  org.opensearch.index.IndexService$$Lambda/0x00007fcd2926e4d8
 672:           457          10968  org.opensearch.index.IndexService$$Lambda/0x00007fcd2926efb8
 673:           457          10968  org.opensearch.index.IndexService$$Lambda/0x00007fcd29271518
 674:           457          10968  org.opensearch.index.IndexService$FieldDataCacheListener
 675:           457          10968  org.opensearch.index.IndexService$StoreCloseListener
 676:           457          10968  org.opensearch.index.IndexWarmer$FieldDataWarmer
 677:           457          10968  org.opensearch.index.analysis.IndexAnalyzers
 678:           457          10968  org.opensearch.index.analysis.LowercaseNormalizer
 679:           457          10968  org.opensearch.index.cache.bitset.BitsetFilterCache$BitSetProducerWarmer
 680:           457          10968  org.opensearch.index.engine.CompletionStatsCache
 681:           457          10968  org.opensearch.index.engine.EngineConfigFactory
 682:           457          10968  org.opensearch.index.engine.InternalEngine$LastRefreshedCheckpointListener
 683:           457          10968  org.opensearch.index.engine.InternalEngine$RefreshWarmerListener
 684:           457          10968  org.opensearch.index.engine.OpenSearchReaderManager
 685:           457          10968  org.opensearch.index.engine.RecoverySourcePruneMergePolicy$$Lambda/0x00007fcd29310000
 686:           457          10968  org.opensearch.index.fielddata.ShardFieldData
 687:           457          10968  org.opensearch.index.search.stats.ShardSearchStats
 688:           457          10968  org.opensearch.index.shard.IndexShard$$Lambda/0x00007fcd292736d8
 689:           457          10968  org.opensearch.index.shard.IndexShard$$Lambda/0x00007fcd29275c68
 690:           457          10968  org.opensearch.index.shard.IndexShard$10
 691:           457          10968  org.opensearch.index.shard.IndexShard$RefreshPendingLocationListener
 692:           457          10968  org.opensearch.index.shard.IndexShard$ShardEventListener
 693:           457          10968  org.opensearch.index.shard.IndexingOperationListener$CompositeListener
 694:           457          10968  org.opensearch.index.shard.SearchOperationListener$CompositeListener
 695:           457          10968  org.opensearch.index.similarity.SimilarityService$PerFieldSimilarity
 696:           457          10968  org.opensearch.index.store.RemoteStoreFileDownloader
 697:           457          10968  org.opensearch.index.store.Store$1
 698:           457          10968  org.opensearch.index.store.Store$StoreDirectory
 699:           457          10968  org.opensearch.index.translog.InternalTranslogManager$$Lambda/0x00007fcd292ca1c8
 700:           457          10968  org.opensearch.index.translog.ReplicationTranslogDeletionPolicy$$Lambda/0x00007fcd29001410
 701:           457          10968  org.opensearch.index.translog.ReplicationTranslogDeletionPolicy$$Lambda/0x00007fcd29002590
 702:           457          10968  org.opensearch.index.translog.listener.CompositeTranslogEventListener
 703:           457          10968  org.opensearch.indices.IndicesService$$Lambda/0x00007fcd2926cd10
 704:           457          10968  org.opensearch.indices.replication.common.ReplicationLuceneIndex$FilesDetails
 705:           457          10968  org.opensearch.search.suggest.completion.CompletionStats
 706:           457          10968  org.opensearch.security.OpenSearchSecurityPlugin$$Lambda/0x00007fcd2924b720
 707:           457          10968  org.opensearch.security.OpenSearchSecurityPlugin$4
 708:           457          10968  org.opensearch.security.OpenSearchSecurityPlugin$5
 709:           457          10968  org.opensearch.security.compliance.ComplianceIndexingOperationListenerImpl
 710:           274          10960  java.lang.ref.Finalizer (java.base@21.0.3)
 711:           341          10912  jdk.internal.math.FDBigInteger (java.base@21.0.3)
 712:           341          10912  org.opensearch.common.settings.Setting$IntegerParser
 713:           135          10800  java.net.URI (java.base@21.0.3)
 714:           672          10752  org.apache.lucene.analysis.CharArraySet
 715:           446          10704  java.util.concurrent.ConcurrentSkipListMap$Node (java.base@21.0.3)
 716:           264          10560  sun.security.util.KnownOIDs (java.base@21.0.3)
 717:           188          10528  java.nio.HeapCharBuffer (java.base@21.0.3)
 718:           656          10496  sun.nio.fs.UnixFileAttributes$UnixAsBasicFileAttributes (java.base@21.0.3)
 719:           187          10472  java.lang.invoke.BoundMethodHandle$Species_LLLLLL (java.base@21.0.3)
 720:           327          10464  sun.reflect.generics.reflectiveObjects.TypeVariableImpl (java.base@21.0.3)
 721:           433          10392  org.opensearch.common.inject.InjectorImpl$4
 722:           433          10392  org.opensearch.common.inject.multibindings.MapBinder$RealMapBinder$MapEntry
 723:           433          10392  org.opensearch.common.inject.spi.ProviderLookup
 724:           433          10392  org.opensearch.plugins.ActionPlugin$ActionHandler
 725:           416          10248  [Lorg.opensearch.sql.data.type.ExprType;
 726:           423          10152  org.opensearch.core.xcontent.ObjectParser$$Lambda/0x00007fcd28487698
 727:           423          10152  org.opensearch.index.fielddata.plain.SortedSetBytesLeafFieldData
 728:           422          10128  io.netty.util.internal.logging.LocationAwareSlf4JLogger
 729:           408          10120  [Lorg.opensearch.common.settings.Setting$Property;
 730:           180          10080  java.lang.Module (java.base@21.0.3)
 731:           417          10008  java.time.format.DateTimeFormatterBuilder$CompositePrinterParser (java.base@21.0.3)
 732:           624           9984  java.net.InetSocketAddress (java.base@21.0.3)
 733:           414           9936  org.opensearch.sql.expression.function.FunctionDSL$$Lambda/0x00007fcd28b2e428
 734:            94           9776  org.apache.logging.log4j.core.impl.MutableLogEvent
 735:           603           9648  sun.security.ssl.SessionId (java.base@21.0.3)
 736:           401           9624  java.util.regex.Pattern$$Lambda/0x800000033 (java.base@21.0.3)
 737:           397           9528  java.security.Permissions (java.base@21.0.3)
 738:           391           9384  [Lio.netty.util.concurrent.GenericFutureListener;
 739:           391           9384  io.netty.util.concurrent.DefaultFutureListeners
 740:           391           9384  java.util.concurrent.locks.ReentrantReadWriteLock$Sync$HoldCounter (java.base@21.0.3)
 741:           234           9360  java.lang.Thread$FieldHolder (java.base@21.0.3)
 742:           195           9360  sun.nio.cs.UTF_8$Encoder (java.base@21.0.3)
 743:           166           9296  sun.security.jca.ProviderList$ServiceList (java.base@21.0.3)
 744:           387           9288  org.apache.lucene.index.OrdinalMap$1
 745:            16           9216  io.netty.util.internal.shaded.org.jctools.queues.atomic.MpscUnboundedAtomicArrayQueue
 746:           383           9192  org.opensearch.sql.expression.function.FunctionDSL$$Lambda/0x00007fcd28b1c690
 747:           287           9184  java.util.regex.Pattern$BnM (java.base@21.0.3)
 748:           104           9152  com.fasterxml.jackson.databind.ser.BeanPropertyWriter
 749:           190           9120  org.jcodings.util.CaseInsensitiveBytesHash$CaseInsensitiveBytesHashEntry
 750:           378           9072  java.io.ByteArrayOutputStream (java.base@21.0.3)
 751:           378           9064  [Lio.netty.util.DefaultAttributeMap$DefaultAttribute;
 752:           377           9048  [Ljava.nio.channels.SelectionKey; (java.base@21.0.3)
 753:           377           9048  io.netty.channel.SucceededChannelFuture
 754:           377           9048  io.netty.util.DefaultAttributeMap$DefaultAttribute
 755:           377           9048  java.lang.module.ModuleDescriptor$Exports (java.base@21.0.3)
 756:           375           9000  io.netty.channel.PendingBytesTracker$DefaultChannelPipelinePendingBytesTracker
 757:           375           9000  org.opensearch.transport.CopyBytesSocketChannel$WriteConfig
 758:           375           9000  org.opensearch.transport.TcpChannel$ChannelStats
 759:           375           9000  sun.security.ssl.HandshakeHash (java.base@21.0.3)
 760:           375           9000  sun.security.ssl.SSLEngineOutputRecord$HandshakeFragment (java.base@21.0.3)
 761:           557           8912  java.util.IdentityHashMap$KeySet (java.base@21.0.3)
 762:           542           8672  sun.reflect.generics.tree.TypeVariableSignature (java.base@21.0.3)
 763:           536           8576  org.apache.lucene.analysis.Analyzer$TokenStreamComponents$$Lambda/0x00007fcd29264450
 764:           267           8544  java.time.format.DateTimeFormatterBuilder$NumberPrinterParser (java.base@21.0.3)
 765:           353           8472  java.io.FilePermissionCollection (java.base@21.0.3)
 766:           208           8320  sun.security.pkcs11.SunPKCS11$Descriptor (jdk.crypto.cryptoki@21.0.3)
 767:           343           8232  com.fasterxml.jackson.databind.util.internal.PrivateMaxEntriesMap$WeightedValue
 768:           256           8192  io.netty.handler.codec.CodecOutputList
 769:           341           8184  java.util.regex.Pattern$Ques (java.base@21.0.3)
 770:           167           8016  java.lang.invoke.BoundMethodHandle$Species_LLL (java.base@21.0.3)
 771:           332           7968  sun.reflect.generics.tree.FormalTypeParameter (java.base@21.0.3)
 772:           489           7824  org.opensearch.common.cache.Cache$$Lambda/0x00007fcd2862cce8
 773:           488           7808  java.util.regex.Pattern$$Lambda/0x800000032 (java.base@21.0.3)
 774:           487           7792  java.util.concurrent.ConcurrentHashMap$EntrySetView (java.base@21.0.3)
 775:           487           7792  java.util.concurrent.CountDownLatch (java.base@21.0.3)
 776:           486           7776  org.opensearch.common.inject.ConstructorBindingImpl$Factory
 777:           486           7776  org.opensearch.common.inject.DefaultConstructionProxyFactory
 778:           194           7760  org.apache.logging.log4j.core.pattern.DatePatternConverter$FixedFormatter
 779:           322           7728  java.util.regex.Pattern$CharProperty (java.base@21.0.3)
 780:           160           7680  java.net.URLPermission (java.base@21.0.3)
 781:           318           7632  java.util.ImmutableCollections$Set12 (java.base@21.0.3)
 782:           118           7552  java.lang.invoke.BoundMethodHandle$Species_LLLLLLLL (java.base@21.0.3)
 783:           472           7552  jdk.proxy2.$Proxy32 (jdk.proxy2)
 784:           470           7520  org.opensearch.common.settings.Setting$$Lambda/0x00007fcd280be090
 785:           233           7456  org.apache.logging.log4j.core.config.plugins.processor.PluginEntry
 786:           154           7392  org.apache.lucene.analysis.CharArrayMap$UnmodifiableCharArrayMap
 787:           459           7344  [Lorg.opensearch.index.IndexSortConfig$FieldSortSpec;
 788:           459           7344  org.opensearch.index.IndexSettings$$Lambda/0x00007fcd2864bda0
 789:           459           7344  org.opensearch.index.IndexSettings$$Lambda/0x00007fcd2864c448
 790:           459           7344  org.opensearch.index.IndexSettings$$Lambda/0x00007fcd2864c678
 791:           459           7344  org.opensearch.index.IndexSettings$$Lambda/0x00007fcd2864c8a8
 792:           459           7344  org.opensearch.index.IndexSettings$$Lambda/0x00007fcd2864cad8
 793:           459           7344  org.opensearch.index.IndexSettings$$Lambda/0x00007fcd2864cd08
 794:           459           7344  org.opensearch.index.IndexSettings$$Lambda/0x00007fcd2864cf38
 795:           459           7344  org.opensearch.index.IndexSettings$$Lambda/0x00007fcd2864d168
 796:           459           7344  org.opensearch.index.IndexSettings$$Lambda/0x00007fcd2864d398
 797:           459           7344  org.opensearch.index.IndexSettings$$Lambda/0x00007fcd2864d5c8
 798:           459           7344  org.opensearch.index.IndexSettings$$Lambda/0x00007fcd2864d7f8
 799:           459           7344  org.opensearch.index.IndexSettings$$Lambda/0x00007fcd2864da28
 800:           459           7344  org.opensearch.index.IndexSettings$$Lambda/0x00007fcd2864dc58
 801:           459           7344  org.opensearch.index.IndexSettings$$Lambda/0x00007fcd2864de88
 802:           459           7344  org.opensearch.index.IndexSettings$$Lambda/0x00007fcd2864e780
 803:           459           7344  org.opensearch.index.IndexSettings$$Lambda/0x00007fcd2864e9b0
 804:           459           7344  org.opensearch.index.IndexSettings$$Lambda/0x00007fcd2864ebe0
 805:           459           7344  org.opensearch.index.IndexSettings$$Lambda/0x00007fcd2864ee10
 806:           459           7344  org.opensearch.index.IndexSettings$$Lambda/0x00007fcd2864f040
 807:           459           7344  org.opensearch.index.IndexSettings$$Lambda/0x00007fcd2864f270
 808:           459           7344  org.opensearch.index.IndexSettings$$Lambda/0x00007fcd2864f4a0
 809:           459           7344  org.opensearch.index.IndexSettings$$Lambda/0x00007fcd2864f6d0
 810:           459           7344  org.opensearch.index.IndexSettings$$Lambda/0x00007fcd2864f900
 811:           459           7344  org.opensearch.index.IndexSettings$$Lambda/0x00007fcd2864fb30
 812:           459           7344  org.opensearch.index.IndexSettings$$Lambda/0x00007fcd2864fd60
 813:           459           7344  org.opensearch.index.IndexSettings$$Lambda/0x00007fcd28650000
 814:           459           7344  org.opensearch.index.IndexSettings$$Lambda/0x00007fcd28650230
 815:           459           7344  org.opensearch.index.IndexSettings$$Lambda/0x00007fcd28650460
 816:           459           7344  org.opensearch.index.IndexSettings$$Lambda/0x00007fcd28650690
 817:           459           7344  org.opensearch.index.IndexSettings$$Lambda/0x00007fcd286508c0
 818:           459           7344  org.opensearch.index.IndexSettings$$Lambda/0x00007fcd28650af0
 819:           459           7344  org.opensearch.index.IndexSettings$$Lambda/0x00007fcd28650d20
 820:           459           7344  org.opensearch.index.IndexSettings$$Lambda/0x00007fcd28650f50
 821:           459           7344  org.opensearch.index.IndexSettings$$Lambda/0x00007fcd28651180
 822:           459           7344  org.opensearch.index.IndexSettings$$Lambda/0x00007fcd286513b0
 823:           459           7344  org.opensearch.index.IndexSettings$$Lambda/0x00007fcd286515e0
 824:           459           7344  org.opensearch.index.IndexSettings$$Lambda/0x00007fcd28651810
 825:           459           7344  org.opensearch.index.IndexSettings$$Lambda/0x00007fcd28651a40
 826:           459           7344  org.opensearch.index.IndexSettings$$Lambda/0x00007fcd28651c70
 827:           459           7344  org.opensearch.index.IndexSettings$$Lambda/0x00007fcd28651ea0
 828:           459           7344  org.opensearch.index.IndexSettings$$Lambda/0x00007fcd286520d0
 829:           459           7344  org.opensearch.index.IndexSettings$$Lambda/0x00007fcd28652300
 830:           459           7344  org.opensearch.index.IndexSettings$$Lambda/0x00007fcd28652530
 831:           459           7344  org.opensearch.index.IndexSettings$$Lambda/0x00007fcd28652760
 832:           459           7344  org.opensearch.index.IndexSettings$$Lambda/0x00007fcd28652990
 833:           459           7344  org.opensearch.index.IndexSettings$$Lambda/0x00007fcd28652bc0
 834:           459           7344  org.opensearch.index.IndexSettings$$Lambda/0x00007fcd28652df0
 835:           459           7344  org.opensearch.index.IndexSettings$$Lambda/0x00007fcd28653020
 836:           459           7344  org.opensearch.index.IndexSettings$$Lambda/0x00007fcd28653250
 837:           459           7344  org.opensearch.index.IndexSettings$$Lambda/0x00007fcd28653480
 838:           459           7344  org.opensearch.index.IndexSettings$$Lambda/0x00007fcd286536b0
 839:           459           7344  org.opensearch.index.IndexSettings$$Lambda/0x00007fcd286538e0
 840:           459           7344  org.opensearch.index.IndexSettings$$Lambda/0x00007fcd28653b10
 841:           459           7344  org.opensearch.index.IndexSettings$$Lambda/0x00007fcd28653d40
 842:           459           7344  org.opensearch.index.IndexSettings$$Lambda/0x00007fcd28653f70
 843:           459           7344  org.opensearch.index.IndexSettings$$Lambda/0x00007fcd286541a0
 844:           459           7344  org.opensearch.index.IndexSettings$$Lambda/0x00007fcd286543d0
 845:           459           7344  org.opensearch.index.IndexSettings$$Lambda/0x00007fcd28654600
 846:           459           7344  org.opensearch.index.IndexSettings$$Lambda/0x00007fcd28654830
 847:           459           7344  org.opensearch.index.IndexSettings$$Lambda/0x00007fcd28654a60
 848:           459           7344  org.opensearch.index.IndexSettings$$Lambda/0x00007fcd28654c90
 849:           459           7344  org.opensearch.index.IndexSettings$$Lambda/0x00007fcd28654ec0
 850:           459           7344  org.opensearch.index.IndexSettings$$Lambda/0x00007fcd286550f0
 851:           459           7344  org.opensearch.index.IndexSortConfig
 852:           458           7328  org.apache.lucene.index.DocumentsWriterDeleteQueue$$Lambda/0x00007fcd290dd608
 853:           458           7328  org.apache.lucene.index.IndexFileDeleter$$Lambda/0x00007fcd290ced20
 854:           458           7328  org.apache.lucene.index.IndexWriter$$Lambda/0x00007fcd290c88d0
 855:           458           7328  org.apache.lucene.index.IndexWriter$$Lambda/0x00007fcd290ce278
 856:           458           7328  org.apache.lucene.index.IndexWriter$1
 857:           458           7328  org.apache.lucene.index.IndexWriter$IndexWriterMergeSource
 858:           458           7328  org.apache.lucene.search.UsageTrackingQueryCachingPolicy
 859:           458           7328  org.apache.lucene.util.SetOnce
 860:           458           7328  org.apache.lucene.util.SetOnce$Wrapper
 861:           458           7328  org.opensearch.security.configuration.DlsQueryParser
 862:             2           7320  [Ljava.lang.Character$UnicodeScript; (java.base@21.0.3)
 863:           457           7312  org.apache.lucene.misc.search.similarity.LegacyBM25Similarity
 864:           457           7312  org.apache.lucene.search.similarities.BooleanSimilarity
 865:           457           7312  org.opensearch.action.support.PlainActionFuture
 866:           457           7312  org.opensearch.common.FieldMemoryStats
 867:           457           7312  org.opensearch.common.lucene.index.OpenSearchDirectoryReader$SubReaderWrapper
 868:           457           7312  org.opensearch.index.IndexService$$Lambda/0x00007fcd2926a798
 869:           457           7312  org.opensearch.index.IndexService$BitsetCacheListener
 870:           457           7312  org.opensearch.index.IndexWarmer
 871:           457           7312  org.opensearch.index.IndexingSlowLog$$Lambda/0x00007fcd29254230
 872:           457           7312  org.opensearch.index.IndexingSlowLog$$Lambda/0x00007fcd29254460
 873:           457           7312  org.opensearch.index.IndexingSlowLog$$Lambda/0x00007fcd29254690
 874:           457           7312  org.opensearch.index.IndexingSlowLog$$Lambda/0x00007fcd292548c0
 875:           457           7312  org.opensearch.index.IndexingSlowLog$$Lambda/0x00007fcd29254af0
 876:           457           7312  org.opensearch.index.IndexingSlowLog$$Lambda/0x00007fcd29254d20
 877:           457           7312  org.opensearch.index.IndexingSlowLog$$Lambda/0x00007fcd29254f50
 878:           457           7312  org.opensearch.index.SearchSlowLog$$Lambda/0x00007fcd2924ec98
 879:           457           7312  org.opensearch.index.SearchSlowLog$$Lambda/0x00007fcd2924eec8
 880:           457           7312  org.opensearch.index.SearchSlowLog$$Lambda/0x00007fcd2924f0f8
 881:           457           7312  org.opensearch.index.SearchSlowLog$$Lambda/0x00007fcd2924f328
 882:           457           7312  org.opensearch.index.SearchSlowLog$$Lambda/0x00007fcd2924f558
 883:           457           7312  org.opensearch.index.SearchSlowLog$$Lambda/0x00007fcd2924f788
 884:           457           7312  org.opensearch.index.SearchSlowLog$$Lambda/0x00007fcd2924f9b8
 885:           457           7312  org.opensearch.index.SearchSlowLog$$Lambda/0x00007fcd2924fbe8
 886:           457           7312  org.opensearch.index.SearchSlowLog$$Lambda/0x00007fcd29254000
 887:           457           7312  org.opensearch.index.codec.CodecService
 888:           457           7312  org.opensearch.index.engine.InternalEngine$$Lambda/0x00007fcd292c8cb8
 889:           457           7312  org.opensearch.index.engine.InternalEngine$$Lambda/0x00007fcd292c9938
 890:           457           7312  org.opensearch.index.engine.InternalEngine$$Lambda/0x00007fcd29303000
 891:           457           7312  org.opensearch.index.engine.InternalEngine$$Lambda/0x00007fcd29303660
 892:           457           7312  org.opensearch.index.engine.InternalEngine$$Lambda/0x00007fcd29308858
 893:           457           7312  org.opensearch.index.engine.InternalEngine$$Lambda/0x00007fcd29309e30
 894:           457           7312  org.opensearch.index.engine.InternalEngine$$Lambda/0x00007fcd29329198
 895:           457           7312  org.opensearch.index.engine.InternalEngine$1
 896:           457           7312  org.opensearch.index.engine.InternalEngineFactory
 897:           457           7312  org.opensearch.index.engine.PrunePostingsMergePolicy$$Lambda/0x00007fcd2930bc00
 898:           457           7312  org.opensearch.index.mapper.DocumentMapperParser$$Lambda/0x00007fcd290a2870
 899:           457           7312  org.opensearch.index.mapper.DocumentMapperParser$$Lambda/0x00007fcd290a2ab0
 900:           457           7312  org.opensearch.index.mapper.IdFieldMapper$$Lambda/0x00007fcd290b3268
 901:           457           7312  org.opensearch.index.mapper.RootObjectMapper$TypeParser
 902:           457           7312  org.opensearch.index.shard.IndexShard$$Lambda/0x00007fcd29271df8
 903:           457           7312  org.opensearch.index.shard.IndexShard$$Lambda/0x00007fcd29273298
 904:           457           7312  org.opensearch.index.shard.IndexShard$$Lambda/0x00007fcd29275818
 905:           457           7312  org.opensearch.index.shard.IndexShard$$Lambda/0x00007fcd29275a48
 906:           457           7312  org.opensearch.index.shard.IndexShard$$Lambda/0x00007fcd29276098
 907:           457           7312  org.opensearch.index.shard.IndexShard$$Lambda/0x00007fcd292778f0
 908:           457           7312  org.opensearch.index.shard.IndexShard$$Lambda/0x00007fcd29277b10
 909:           457           7312  org.opensearch.index.shard.IndexShard$$Lambda/0x00007fcd2927d440
 910:           457           7312  org.opensearch.index.shard.IndexShard$$Lambda/0x00007fcd2927dcb0
 911:           457           7312  org.opensearch.index.shard.IndexShard$$Lambda/0x00007fcd2927e0f0
 912:           457           7312  org.opensearch.index.shard.IndexShard$$Lambda/0x00007fcd2927e768
 913:           457           7312  org.opensearch.index.shard.IndexShard$$Lambda/0x00007fcd29329a18
 914:           457           7312  org.opensearch.index.shard.InternalIndexingStats
 915:           457           7312  org.opensearch.index.similarity.SimilarityService$$Lambda/0x00007fcd290a0420
 916:           457           7312  org.opensearch.index.similarity.SimilarityService$$Lambda/0x00007fcd290a0a68
 917:           457           7312  org.opensearch.index.translog.InternalTranslogFactory
 918:           457           7312  org.opensearch.index.translog.ReplicationTranslogDeletionPolicy$$Lambda/0x00007fcd29001cd0
 919:           457           7312  org.opensearch.index.translog.TragicExceptionHolder
 920:           457           7312  org.opensearch.index.translog.Translog$$Lambda/0x00007fcd29305590
 921:           457           7312  org.opensearch.indices.IndicesService$$Lambda/0x00007fcd2924ea78
 922:           457           7312  org.opensearch.indices.IndicesService$$Lambda/0x00007fcd29255180
 923:           457           7312  org.opensearch.indices.IndicesService$$Lambda/0x00007fcd292553a0
 924:           457           7312  org.opensearch.indices.IndicesService$3
 925:           457           7312  org.opensearch.performanceanalyzer.listener.PerformanceAnalyzerSearchListener
 926:           457           7312  org.opensearch.security.OpenSearchSecurityPlugin$$Lambda/0x00007fcd2924b960
 927:           457           7312  org.opensearch.security.support.GuardedSearchOperationWrapper$InnerSearchOperationListener
 928:           297           7128  javax.management.ImmutableDescriptor (java.management@21.0.3)
 929:           444           7104  org.opensearch.common.concurrent.CompletableContext$$Lambda/0x00007fcd290fde28
 930:           444           7104  org.opensearch.core.action.ActionListener$$Lambda/0x00007fcd290fd108
 931:           295           7080  java.util.regex.Pattern$StartS (java.base@21.0.3)
 932:           433           6928  org.opensearch.common.inject.spi.ProviderLookup$ProviderImpl
 933:             2           6912  [Lorg.jcodings.unicode.UnicodeCodeRange;
 934:           123           6888  java.net.SocketPermission (java.base@21.0.3)
 935:           172           6880  org.opensearch.common.time.JavaDateFormatter
 936:           172           6880  org.opensearch.common.time.JavaDateFormatter$RoundUpFormatter
 937:           215           6880  sun.nio.fs.UnixFileKey (java.base@21.0.3)
 938:           428           6848  org.opensearch.action.support.HandledTransportAction$TransportHandler
 939:           425           6800  org.opensearch.core.action.ActionListener$$Lambda/0x00007fcd28290668
 940:           425           6800  org.opensearch.core.action.ActionListener$$Lambda/0x00007fcd28290888
 941:            48           6792  [Ljava.lang.ClassValue$Entry; (java.base@21.0.3)
 942:           283           6792  org.opensearch.common.settings.Setting$$Lambda/0x00007fcd28090238
 943:           277           6752  [Lcom.fasterxml.jackson.databind.JavaType;
 944:           136           6528  java.util.concurrent.ThreadPoolExecutor$Worker (java.base@21.0.3)
 945:           204           6528  org.opensearch.sql.expression.function.BuiltinFunctionName
 946:           266           6384  org.opensearch.core.common.io.stream.NamedWriteableRegistry$Entry
 947:           397           6352  org.opensearch.sql.expression.function.FunctionDSL$$Lambda/0x00007fcd28b2d3f8
 948:           158           6320  sun.reflect.generics.repository.MethodRepository (java.base@21.0.3)
 949:           263           6312  com.google.common.collect.ImmutableMapEntry
 950:           195           6240  com.sun.jmx.mbeanserver.ConvertingMethod (java.management@21.0.3)
 951:           377           6032  io.netty.channel.VoidChannelPromise$1
 952:           377           6032  io.netty.channel.nio.AbstractNioChannel$1
 953:           377           6032  org.opensearch.transport.netty4.Netty4TcpChannel$$Lambda/0x00007fcd29083b58
 954:           251           6024  java.lang.StringBuilder (java.base@21.0.3)
 955:           376           6016  io.netty.channel.DefaultMaxMessagesRecvByteBufAllocator$MaxMessageHandle$1
 956:           375           6000  io.netty.channel.nio.AbstractNioByteChannel$1
 957:           375           6000  org.opensearch.transport.InboundAggregator$$Lambda/0x00007fcd29104d90
 958:           375           6000  org.opensearch.transport.TcpTransport$$Lambda/0x00007fcd290ff840
 959:           375           6000  org.opensearch.transport.netty4.Netty4MessageChannelHandler$$Lambda/0x00007fcd291009a0
 960:           375           6000  org.opensearch.transport.netty4.Netty4MessageChannelHandler$$Lambda/0x00007fcd29101660
 961:           375           6000  org.opensearch.transport.netty4.Netty4MessageChannelHandler$$Lambda/0x00007fcd291023e0
 962:           375           6000  org.opensearch.transport.netty4.Netty4Transport$$Lambda/0x00007fcd290fa388
 963:           375           6000  sun.security.ssl.HandshakeHash$CacheOnlyHash (java.base@21.0.3)
 964:           185           5920  org.opensearch.painless.lookup.PainlessConstructor
 965:            41           5904  org.opensearch.repositories.s3.async.SizeBasedBlockingQ$Consumer
 966:             3           5744  [[Lorg.opensearch.search.aggregations.bucket.terms.StringTerms$Bucket;
 967:           141           5640  org.opensearch.search.internal.ExitableDirectoryReader$ExitableLeafReader
 968:           350           5600  [Ljava.security.Principal; (java.base@21.0.3)
 969:           350           5600  java.security.ProtectionDomain$Key (java.base@21.0.3)
 970:           233           5592  org.apache.logging.log4j.core.config.plugins.util.PluginType
 971:           345           5520  org.opensearch.sql.expression.function.FunctionDSL$$Lambda/0x00007fcd28b2d1a0
 972:           172           5504  sun.reflect.generics.tree.MethodTypeSignature (java.base@21.0.3)
 973:            75           5400  org.opensearch.index.mapper.DateFieldMapper
 974:           134           5360  java.io.ObjectStreamField (java.base@21.0.3)
 975:           134           5360  org.apache.logging.log4j.status.StatusData
 976:           328           5248  java.lang.Character$UnicodeBlock (java.base@21.0.3)
 977:           163           5216  com.fasterxml.jackson.core.io.SerializedString
 978:            65           5200  com.fasterxml.jackson.databind.deser.impl.FieldProperty
 979:           108           5184  com.fasterxml.jackson.databind.type.SimpleType
 980:           323           5168  org.opensearch.core.xcontent.AbstractObjectParser$$Lambda/0x00007fcd28487280
 981:           160           5120  java.net.HostPortrange (java.base@21.0.3)
 982:           320           5120  org.opensearch.common.time.OpenSearchDateTimeFormatter
 983:            53           5088  org.opensearch.common.util.concurrent.OpenSearchThreadPoolExecutor
 984:            70           5040  java.lang.invoke.BoundMethodHandle$Species_LLLLLLLLL (java.base@21.0.3)
 985:           210           5040  org.apache.lucene.analysis.pt.RSLPStemmerBase$Rule
 986:           210           5040  org.opensearch.core.xcontent.NamedXContentRegistry$Entry
 987:            62           4960  com.fasterxml.jackson.databind.deser.impl.MethodProperty
 988:           155           4960  com.fasterxml.jackson.databind.type.TypeBindings
 989:            77           4928  java.nio.DirectByteBuffer (java.base@21.0.3)
 990:            68           4896  com.fasterxml.jackson.databind.introspect.AnnotatedClass
 991:           304           4864  org.opensearch.sql.expression.function.FunctionDSL$$Lambda/0x00007fcd28b1abc0
 992:           148           4736  org.opensearch.OpenSearchException$OpenSearchExceptionHandle
 993:           147           4704  java.lang.module.ModuleDescriptor$Requires (java.base@21.0.3)
 994:           195           4680  java.util.concurrent.ConcurrentSkipListMap$Index (java.base@21.0.3)
 995:           195           4680  sun.security.util.math.intpoly.IntegerPolynomial$ImmutableElement (java.base@21.0.3)
 996:           172           4624  [Lsun.reflect.generics.tree.TypeSignature; (java.base@21.0.3)
 997:            72           4608  java.lang.module.ModuleDescriptor (java.base@21.0.3)
 998:           190           4560  jdk.internal.module.ServicesCatalog$ServiceProvider (java.base@21.0.3)
 999:           283           4528  org.opensearch.common.settings.Setting$$Lambda/0x00007fcd28090000
1000:           141           4512  jdk.internal.reflect.DirectMethodHandleAccessor (java.base@21.0.3)
1001:           141           4512  org.opensearch.security.configuration.DlsFlsFilterLeafReader$DlsGetEvaluator
1002:           187           4488  org.opensearch.common.settings.Setting$MinTimeValueParser
1003:            16           4480  java.util.concurrent.ConcurrentHashMap$CounterCell (java.base@21.0.3)
1004:           185           4440  org.opensearch.painless.spi.WhitelistConstructor
1005:           183           4392  org.opensearch.transport.TcpTransport$$Lambda/0x00007fcd291974d0
1006:           181           4344  org.opensearch.sql.expression.function.DefaultFunctionResolver
1007:           271           4336  org.opensearch.sql.expression.function.FunctionDSL$$Lambda/0x00007fcd28b19ef8
1008:            67           4288  sun.security.ssl.SSLExtension (java.base@21.0.3)
1009:           107           4280  sun.util.locale.LocaleObjectCache$CacheEntry (java.base@21.0.3)
1010:           151           4216  [Ljava.lang.reflect.TypeVariable; (java.base@21.0.3)
1011:            75           4200  org.opensearch.index.mapper.DateFieldMapper$DateFieldType
1012:           105           4200  sun.security.util.DerInputStream (java.base@21.0.3)
1013:           103           4120  org.jcodings.EncodingDB$Entry
1014:           256           4096  java.lang.Byte (java.base@21.0.3)
1015:           256           4096  java.lang.Short (java.base@21.0.3)
1016:            85           4080  org.opensearch.common.settings.Setting$AffixSetting
1017:            42           4032  java.net.FactoryURLClassLoader (java.base@21.0.3)
1018:           207           4024  [Lcom.sun.jmx.mbeanserver.MXBeanMapping; (java.management@21.0.3)
1019:           166           3984  sun.security.jca.ProviderList$ServiceList$1 (java.base@21.0.3)
1020:           165           3960  org.opensearch.rest.RestHandler$Route
1021:           165           3960  sun.security.util.Cache$EqualByteArray (java.base@21.0.3)
1022:           164           3936  java.lang.Character$UnicodeScript (java.base@21.0.3)
1023:            97           3880  org.opensearch.index.mapper.BooleanFieldMapper
1024:            97           3880  org.opensearch.index.mapper.BooleanFieldMapper$BooleanFieldType
1025:           241           3856  java.security.SecureClassLoader$CodeSourceKey (java.base@21.0.3)
1026:            33           3824  [Lcom.google.common.collect.ImmutableMapEntry;
1027:           158           3792  sun.reflect.generics.scope.MethodScope (java.base@21.0.3)
1028:            94           3760  java.lang.invoke.VarHandle$AccessDescriptor (java.base@21.0.3)
1029:            39           3744  com.fasterxml.jackson.databind.deser.BeanDeserializer
1030:            78           3744  java.lang.invoke.BoundMethodHandle$Species_LJ (java.base@21.0.3)
1031:            93           3720  com.sun.management.internal.DiagnosticCommandArgumentInfo (jdk.management@21.0.3)
1032:            42           3696  org.opensearch.plugins.ExtendedPluginsClassLoader
1033:           151           3624  com.fasterxml.jackson.databind.PropertyName
1034:           150           3600  java.lang.ThreadLocal$ThreadLocalMap (java.base@21.0.3)
1035:            75           3600  java.lang.invoke.BoundMethodHandle$Species_LLJ (java.base@21.0.3)
1036:           149           3576  org.apache.lucene.util.FixedBits
1037:           149           3576  org.opensearch.rest.DeprecationRestHandler
1038:            88           3520  org.opensearch.common.settings.Setting$ListSetting
1039:            62           3472  com.fasterxml.jackson.databind.type.CollectionType
1040:            62           3472  jdk.internal.module.ModuleReferenceImpl (java.base@21.0.3)
1041:           102           3440  [Lcom.fasterxml.jackson.databind.introspect.AnnotationMap;
1042:            86           3440  org.opensearch.core.xcontent.ObjectParser
1043:            39           3432  com.fasterxml.jackson.databind.deser.std.StdValueInstantiator
1044:           143           3432  java.net.SocketPermissionCollection (java.base@21.0.3)
1045:           106           3392  jdk.internal.loader.NativeLibraries (java.base@21.0.3)
1046:           141           3384  org.opensearch.common.lucene.ShardCoreKeyMap$$Lambda/0x00007fcd293c3c98
1047:           210           3360  java.time.format.DateTimeFormatterBuilder$CharLiteralPrinterParser (java.base@21.0.3)
1048:           105           3360  sun.security.util.DerValue (java.base@21.0.3)
1049:            59           3352  [Ljavax.management.MBeanAttributeInfo; (java.management@21.0.3)
1050:           137           3288  java.lang.invoke.Invokers (java.base@21.0.3)
1051:            51           3264  javax.management.openmbean.OpenMBeanAttributeInfoSupport (java.management@21.0.3)
1052:           204           3264  org.opensearch.sql.expression.function.FunctionName
1053:           202           3232  java.util.concurrent.ConcurrentHashMap$ValuesView (java.base@21.0.3)
1054:           101           3232  javax.management.MBeanAttributeInfo (java.management@21.0.3)
1055:            32           3200  [Lio.netty.buffer.PoolThreadCache$MemoryRegionCache;
1056:           100           3200  java.util.concurrent.LinkedTransferQueue$DualNode (java.base@21.0.3)
1057:            22           3168  [Ljava.lang.invoke.MemberName; (java.base@21.0.3)
1058:           122           3168  [Ljava.util.Map$Entry; (java.base@21.0.3)
1059:            66           3168  java.lang.invoke.BoundMethodHandle$Species_LLLL (java.base@21.0.3)
1060:            66           3168  org.opensearch.index.seqno.ReplicationTracker$CheckpointState
1061:            28           3136  [Lio.netty.buffer.IntPriorityQueue;
1062:            98           3136  com.fasterxml.jackson.databind.introspect.AnnotatedConstructor
1063:            98           3136  java.util.Collections$SynchronizedMap (java.base@21.0.3)
1064:            87           3128  [Lorg.joda.time.format.InternalParser;
1065:            11           3080  java.util.concurrent.atomic.Striped64$Cell (java.base@21.0.3)
1066:            77           3080  jdk.internal.vm.SharedThreadContainer (java.base@21.0.3)
1067:            24           3072  io.netty.util.internal.InternalThreadLocalMap
1068:           192           3072  org.opensearch.transport.TcpTransport$ChannelsConnectedListener$$Lambda/0x00007fcd29139920
1069:            47           3008  java.lang.ClassValue$ClassValueMap (java.base@21.0.3)
1070:           187           2992  org.opensearch.common.settings.Setting$$Lambda/0x00007fcd280bcd38
1071:           184           2944  org.opensearch.common.settings.Setting$$Lambda/0x00007fcd280bcaf8
1072:            36           2880  com.google.common.cache.LocalCache$Segment
1073:            60           2880  org.joda.time.format.DateTimeFormatter
1074:            72           2880  org.opensearch.cluster.metadata.AliasMetadata
1075:            90           2880  sun.nio.fs.NativeBuffer (java.base@21.0.3)
1076:           119           2856  java.util.LinkedHashMap$LinkedEntrySet (java.base@21.0.3)
1077:           176           2816  org.opensearch.common.inject.ConstantFactory
1078:            70           2800  jdk.internal.ref.Cleaner (java.base@21.0.3)
1079:            58           2784  javax.management.MBeanInfo (java.management@21.0.3)
1080:           115           2760  java.util.AbstractMap$SimpleImmutableEntry (java.base@21.0.3)
1081:           115           2760  java.util.PropertyPermissionCollection (java.base@21.0.3)
1082:           113           2712  com.fasterxml.jackson.databind.type.TypeBindings$AsKey
1083:           113           2712  com.google.common.collect.ImmutableMapEntry$NonTerminalImmutableMapEntry
1084:           110           2640  jdk.internal.loader.AbstractClassLoaderValue$Sub (java.base@21.0.3)
1085:            82           2624  com.fasterxml.jackson.databind.ser.impl.ReadOnlyClassToSerializerMap$Bucket
1086:            82           2624  com.fasterxml.jackson.databind.util.TypeKey
1087:            82           2624  org.opensearch.common.time.FormatNames
1088:            54           2592  org.opensearch.cluster.node.DiscoveryNode
1089:            80           2560  java.lang.ClassValue$Entry (java.base@21.0.3)
1090:           160           2560  java.net.URLPermission$Authority (java.base@21.0.3)
1091:           160           2560  org.opensearch.common.settings.Setting$$Lambda/0x00007fcd2802c2f8
1092:            29           2552  org.apache.lucene.codecs.lucene90.Lucene90DocValuesProducer$TermsDict
1093:            14           2528  [Lcom.fasterxml.jackson.core.sym.CharsToNameCanonicalizer$Bucket;
1094:            79           2528  org.opensearch.performanceanalyzer.commons.stats.metrics.StatExceptionCode
1095:           105           2520  [Lsun.security.x509.AVA; (java.base@21.0.3)
1096:            63           2520  java.util.Collections$SingletonMap (java.base@21.0.3)
1097:           105           2520  sun.security.x509.AVA (java.base@21.0.3)
1098:           105           2520  sun.security.x509.RDN (java.base@21.0.3)
1099:            16           2432  io.netty.channel.nio.NioEventLoop
1100:            76           2432  org.apache.lucene.analysis.pt.RSLPStemmerBase$RuleWithSuffixExceptions
1101:            95           2280  java.security.UnresolvedPermissionCollection (java.base@21.0.3)
1102:            71           2272  sun.util.locale.BaseLocale (java.base@21.0.3)
1103:            47           2256  com.sun.management.internal.DiagnosticCommandInfo (jdk.management@21.0.3)
1104:            94           2256  org.apache.logging.log4j.core.time.MutableInstant
1105:           141           2256  org.opensearch.security.configuration.DlsFlsFilterLeafReader$HashingCallback
1106:           141           2256  org.opensearch.security.configuration.DlsFlsFilterLeafReader$MaskedFieldsMap
1107:            28           2240  io.netty.buffer.PoolChunk
1108:            28           2240  java.lang.invoke.BoundMethodHandle$Species_LLLLLLLLLLL (java.base@21.0.3)
1109:            70           2240  java.nio.DirectByteBuffer$Deallocator (java.base@21.0.3)
1110:            92           2208  org.opensearch.core.xcontent.ConstructingObjectParser$ConstructorArgInfo
1111:            68           2176  java.lang.invoke.LambdaForm$Kind (java.base@21.0.3)
1112:            68           2176  org.opensearch.common.settings.Setting$$Lambda/0x00007fcd280c8fa0
1113:            54           2160  org.opensearch.threadpool.ThreadPool$Info
1114:            90           2160  sun.nio.fs.NativeBuffer$Deallocator (java.base@21.0.3)
1115:            89           2136  java.util.ImmutableCollections$ListN (java.base@21.0.3)
1116:            89           2136  org.apache.logging.log4j.message.ParameterizedNoReferenceMessageFactory$StatusMessage
1117:            53           2120  sun.security.util.NamedCurve (java.base@21.0.3)
1118:            66           2112  org.joda.time.format.DateTimeFormatterBuilder$Composite
1119:            88           2112  org.opensearch.common.settings.Setting$ListKey
1120:            87           2088  java.time.LocalDateTime (java.base@21.0.3)
1121:            87           2088  org.opensearch.action.ActionType
1122:            47           2064  [Lorg.joda.time.format.InternalPrinter;
1123:           128           2048  java.lang.Character (java.base@21.0.3)
1124:            64           2048  org.opensearch.Version
1125:            85           2040  org.opensearch.common.settings.Setting$AffixKey
1126:            28           2016  java.lang.invoke.BoundMethodHandle$Species_LLLLLLLLLL (java.base@21.0.3)
1127:            42           2016  java.time.temporal.ValueRange (java.base@21.0.3)
1128:            84           2016  org.apache.logging.log4j.core.pattern.PatternFormatter
1129:            63           2016  org.apache.lucene.codecs.lucene99.Lucene99PostingsReader
1130:            42           2016  org.opensearch.plugins.PluginInfo
1131:            61           1952  jdk.internal.loader.BuiltinClassLoader$LoadedModule (java.base@21.0.3)
1132:            15           1944  [Lorg.opensearch.index.fielddata.LeafOrdinalsFieldData;
1133:           121           1936  org.opensearch.index.analysis.PreBuiltAnalyzerProvider
1134:             4           1928  [Lorg.jcodings.util.Hash$HashEntry;
1135:            40           1920  org.apache.lucene.util.packed.BulkOperationPacked
1136:            48           1920  org.opensearch.common.settings.Setting$LongParser
1137:            24           1920  sun.nio.ch.EPollSelectorImpl (java.base@21.0.3)
1138:            34           1904  sun.security.ssl.NamedGroup (java.base@21.0.3)
1139:            79           1896  java.util.Currency$OtherCurrencyEntry (java.base@21.0.3)
1140:            39           1872  com.fasterxml.jackson.databind.deser.impl.BeanPropertyMap
1141:            78           1872  org.opensearch.common.time.JavaDateMathParser
1142:            46           1840  org.opensearch.common.settings.Setting$DoubleParser
1143:            28           1792  java.util.zip.Deflater (java.base@21.0.3)
1144:            56           1792  joptsimple.internal.AbbreviationMap
1145:            28           1792  org.apache.logging.log4j.jul.CoreLogger
1146:            56           1792  org.opensearch.common.compress.DeflateCompressor$ReleasableReference
1147:            37           1776  java.util.concurrent.ConcurrentSkipListMap (java.base@21.0.3)
1148:            55           1760  [Lsun.nio.fs.NativeBuffer; (java.base@21.0.3)
1149:            73           1752  com.google.common.collect.ImmutableMapEntry
1150:           109           1744  java.util.TreeSet (java.base@21.0.3)
1151:            54           1728  java.util.concurrent.locks.AbstractQueuedSynchronizer$ConditionNode (java.base@21.0.3)
1152:            54           1728  sun.reflect.annotation.AnnotationType (java.base@21.0.3)
1153:            43           1720  jdk.internal.loader.URLClassPath (java.base@21.0.3)
1154:            53           1696  java.security.spec.EllipticCurve (java.base@21.0.3)
1155:            42           1680  java.lang.WeakPairMap$Pair$Weak (java.base@21.0.3)
1156:            52           1664  sun.util.locale.BaseLocale$Key (java.base@21.0.3)
1157:            23           1656  sun.net.www.protocol.jar.URLJarFile (java.base@21.0.3)
1158:            68           1632  org.opensearch.common.settings.Setting$$Lambda/0x00007fcd2853ec48
1159:            29           1624  com.fasterxml.jackson.databind.type.MapType
1160:            67           1600  [Ljavax.management.ObjectName$Property; (java.management@21.0.3)
1161:            33           1584  org.opensearch.index.shard.ReplicationGroup
1162:            66           1584  sun.security.ec.point.ProjectivePoint$Immutable (jdk.crypto.ec@21.0.3)
1163:            49           1568  org.apache.logging.slf4j.Log4jLogger
1164:            49           1568  org.opensearch.index.analysis.PreConfiguredTokenFilter
1165:            39           1560  java.util.EnumMap (java.base@21.0.3)
1166:            39           1560  javax.management.MBeanOperationInfo (java.management@21.0.3)
1167:            65           1560  org.opensearch.common.util.concurrent.OpenSearchExecutors$OpenSearchThreadFactory
1168:            65           1560  org.opensearch.performanceanalyzer.commons.stats.eval.impl.Sum
1169:            64           1536  com.fasterxml.jackson.databind.introspect.AnnotatedClass$Creators
1170:            32           1536  java.util.logging.LogManager$LoggerWeakRef (java.logging@21.0.3)
1171:            96           1536  java.util.regex.Pattern$Begin (java.base@21.0.3)
1172:            48           1536  javax.management.MBeanParameterInfo (java.management@21.0.3)
1173:            32           1536  org.apache.lucene.analysis.snowball.SnowballFilter
1174:            64           1536  org.objectweb.asm.commons.Method
1175:            64           1536  org.opensearch.common.recycler.DequeRecycler
1176:            64           1536  org.opensearch.common.recycler.Recyclers$1
1177:            24           1536  sun.security.ec.SunEC$ProviderServiceA (jdk.crypto.ec@21.0.3)
1178:             1           1528  [Ljava.lang.Character$UnicodeBlock; (java.base@21.0.3)
1179:            63           1520  [Lorg.opensearch.common.time.OpenSearchDateTimeFormatter;
1180:            38           1520  java.math.BigDecimal (java.base@21.0.3)
1181:            47           1504  com.sun.management.internal.DiagnosticCommandImpl$Wrapper (jdk.management@21.0.3)
1182:            47           1504  org.opensearch.core.rest.RestStatus
1183:            62           1488  com.facebook.presto.matching.pattern.TypeOfPattern
1184:            62           1488  java.lang.module.ModuleDescriptor$Provides (java.base@21.0.3)
1185:            62           1488  java.lang.module.ResolvedModule (java.base@21.0.3)
1186:            62           1488  jdk.internal.module.SystemModuleFinders$2 (java.base@21.0.3)
1187:            62           1488  jdk.internal.module.SystemModuleFinders$SystemModuleReader (java.base@21.0.3)
1188:            37           1480  java.time.format.DateTimeFormatterBuilder$NanosPrinterParser (java.base@21.0.3)
1189:            46           1472  jdk.internal.reflect.MethodHandleObjectFieldAccessorImpl (java.base@21.0.3)
1190:            91           1456  org.opensearch.common.settings.Setting$$Lambda/0x00007fcd2802bc50
1191:            91           1456  org.opensearch.common.settings.Setting$ListSetting$$Lambda/0x00007fcd2802c0b8
1192:            91           1456  org.opensearch.core.xcontent.ConstructingObjectParser$$Lambda/0x00007fcd284b72c8
1193:            16           1448  [Ljava.lang.Byte; (java.base@21.0.3)
1194:             7           1448  [Lorg.apache.lucene.analysis.pt.RSLPStemmerBase$Rule;
1195:            12           1440  java.io.ObjectStreamClass (java.base@21.0.3)
1196:            30           1440  java.lang.invoke.VarHandleReferences$FieldInstanceReadWrite (java.base@21.0.3)
1197:            30           1440  java.time.temporal.ChronoField (java.base@21.0.3)
1198:            36           1440  java.util.regex.Pattern$Loop (java.base@21.0.3)
1199:            45           1440  org.apache.logging.log4j.core.config.builder.api.Component
1200:            45           1440  org.opensearch.index.analysis.PreBuiltAnalyzerProviderFactory
1201:            45           1440  org.opensearch.plugins.SearchPlugin$AggregationSpec
1202:            30           1440  sun.security.x509.X500Name (java.base@21.0.3)
1203:            42           1424  [Ljava.math.BigInteger; (java.base@21.0.3)
1204:            44           1408  org.apache.lucene.analysis.pt.RSLPStemmerBase$RuleWithSetExceptions
1205:            22           1408  sun.security.ssl.SignatureScheme (java.base@21.0.3)
1206:            48           1400  [Ljavax.management.MBeanOperationInfo; (java.management@21.0.3)
1207:            35           1400  org.opensearch.performanceanalyzer.commons.stats.metrics.StatMetrics
1208:            58           1392  java.time.LocalDate (java.base@21.0.3)
1209:            58           1392  org.opensearch.plugins.SearchPlugin$QuerySpec
1210:             1           1376  [Ljdk.internal.math.FDBigInteger; (java.base@21.0.3)
1211:            43           1376  java.security.UnresolvedPermission (java.base@21.0.3)
1212:            46           1368  [Ljava.io.ObjectStreamField; (java.base@21.0.3)
1213:             1           1368  [Lsun.security.ssl.CipherSuite; (java.base@21.0.3)
1214:            57           1368  com.fasterxml.jackson.core.sym.CharsToNameCanonicalizer$Bucket
1215:            57           1368  java.util.Collections$UnmodifiableSortedSet (java.base@21.0.3)
1216:            34           1360  com.fasterxml.jackson.databind.MapperFeature
1217:            34           1360  com.fasterxml.jackson.databind.MapperFeature
1218:            34           1360  com.fasterxml.jackson.databind.MapperFeature
1219:            17           1360  com.fasterxml.jackson.databind.util.internal.PrivateMaxEntriesMap
1220:            42           1344  java.lang.WeakPairMap$Pair$Weak$1 (java.base@21.0.3)
1221:            21           1344  org.apache.logging.log4j.core.util.datetime.FixedDateFormat$FixedFormat
1222:            56           1344  org.apache.lucene.util.packed.DirectReader$DirectPackedReader1
1223:            24           1344  org.opensearch.monitor.jvm.JvmStats$MemoryPool
1224:            33           1320  java.util.logging.Logger$ConfigurationData (java.logging@21.0.3)
1225:            55           1320  java.util.regex.Pattern$Bound (java.base@21.0.3)
1226:            55           1320  javax.management.ObjectName$Property (java.management@21.0.3)
1227:            41           1312  java.util.concurrent.FutureTask (java.base@21.0.3)
1228:            41           1312  sun.security.x509.URIName (java.base@21.0.3)
1229:            27           1296  com.fasterxml.jackson.databind.deser.std.StringCollectionDeserializer
1230:            54           1296  java.net.NetPermission (java.base@21.0.3)
1231:            54           1296  java.security.spec.ECPoint (java.base@21.0.3)
1232:            27           1296  org.opensearch.script.ScriptCache
1233:            54           1296  org.opensearch.threadpool.ThreadPool$ExecutorHolder
1234:             4           1288  [Ljava.util.concurrent.atomic.AtomicLong; (java.base@21.0.3)
1235:            16           1280  [Lio.netty.handler.codec.CodecOutputList;
1236:            53           1272  java.util.regex.Pattern$Dollar (java.base@21.0.3)
1237:            53           1272  org.bouncycastle.asn1.ASN1ObjectIdentifier$OidHandle
1238:            53           1272  sun.nio.ch.Util$BufferCache (java.base@21.0.3)
1239:            79           1264  org.opensearch.sql.expression.function.FunctionDSL$$Lambda/0x00007fcd28b40848
1240:            40           1248  [Lcom.fasterxml.jackson.databind.deser.SettableBeanProperty;
1241:            22           1232  java.lang.invoke.BoundMethodHandle$Species_LLLJ (java.base@21.0.3)
1242:            77           1232  org.opensearch.core.xcontent.NamedXContentRegistry$Entry$$Lambda/0x00007fcd28484208
1243:             8           1216  io.netty.channel.nio.NioEventLoop
1244:            15           1200  java.util.concurrent.ThreadPoolExecutor (java.base@21.0.3)
1245:            30           1200  org.opensearch.common.util.concurrent.ThreadContext$ThreadContextStruct
1246:            47           1184  [Lcom.sun.management.internal.DiagnosticCommandArgumentInfo; (jdk.management@21.0.3)
1247:            37           1184  org.opensearch.knn.plugin.stats.StatNames
1248:            73           1168  org.opensearch.common.settings.Setting$$Lambda/0x00007fcd2802c538
1249:            18           1152  [Lio.netty.util.internal.PriorityQueueNode;
1250:            24           1152  com.fasterxml.jackson.databind.ser.BeanSerializer
1251:            16           1152  com.fasterxml.jackson.databind.ser.std.MapSerializer
1252:             9           1152  com.google.common.cache.LocalCache
1253:            24           1152  java.lang.invoke.BoundMethodHandle$SpeciesData (java.base@21.0.3)
1254:            72           1152  java.util.concurrent.atomic.AtomicLongArray (java.base@21.0.3)
1255:            36           1152  java.util.concurrent.locks.AbstractQueuedSynchronizer$ExclusiveNode (java.base@21.0.3)
1256:            48           1152  org.opensearch.common.settings.Setting$ByteSizeValueParser
1257:            36           1152  org.opensearch.sql.legacy.metrics.MetricName
1258:            18           1152  sun.security.ec.SunEC$ProviderService (jdk.crypto.ec@21.0.3)
1259:             2           1144  [Lsun.security.util.KnownOIDs; (java.base@21.0.3)
1260:            71           1136  org.opensearch.common.settings.Setting$$Lambda/0x00007fcd2802b7c8
1261:            28           1128  [Lorg.opensearch.common.settings.Setting;
1262:            47           1128  com.fasterxml.jackson.databind.ser.impl.PropertySerializerMap$Single
1263:            47           1128  sun.security.util.LazyCodeSourcePermissionCollection (java.base@21.0.3)
1264:            14           1120  com.fasterxml.jackson.databind.util.internal.PrivateMaxEntriesMap
1265:            28           1120  io.netty.buffer.LongLongHashMap
1266:            14           1120  sun.security.x509.X509CertImpl (java.base@21.0.3)
1267:            46           1104  com.fasterxml.jackson.databind.introspect.TypeResolutionContext$Basic
1268:            46           1104  org.apache.logging.log4j.message.SimpleMessage
1269:            34           1088  java.security.AlgorithmParameters (java.base@21.0.3)
1270:            34           1088  java.util.concurrent.atomic.AtomicReferenceFieldUpdater$AtomicReferenceFieldUpdaterImpl (java.base@21.0.3)
1271:            34           1088  javax.management.ObjectName (java.management@21.0.3)
1272:            68           1088  org.opensearch.common.settings.Setting$$Lambda/0x00007fcd280c8d60
1273:            34           1088  sun.security.ssl.Alert (java.base@21.0.3)
1274:            15           1080  com.fasterxml.jackson.databind.deser.std.MapDeserializer
1275:            27           1080  org.opensearch.painless.lookup.PainlessLookup
1276:            27           1080  org.opensearch.script.ScriptContext
1277:            15           1080  sun.security.ssl.SSLCipher (java.base@21.0.3)
1278:            45           1080  sun.security.x509.AlgorithmId (java.base@21.0.3)
1279:            15           1072  [Ljava.lang.StackTraceElement; (java.base@21.0.3)
1280:            26           1072  [Ljava.lang.invoke.MethodType; (java.base@21.0.3)
1281:            67           1072  org.opensearch.core.common.transport.TransportAddress
1282:             2           1056  [Lio.netty.buffer.PoolArena;
1283:            22           1056  java.io.ClassCache$CacheRef (java.base@21.0.3)
1284:            44           1056  java.lang.management.ManagementPermission (java.management@21.0.3)
1285:            22           1056  java.util.Hashtable (java.base@21.0.3)
1286:            66           1056  org.apache.lucene.analysis.tokenattributes.KeywordAttributeImpl
1287:            33           1056  org.objectweb.asm.Type
1288:            66           1056  org.opensearch.common.settings.Setting$$Lambda/0x00007fcd2854d890
1289:            11           1056  sun.util.calendar.Gregorian$Date (java.base@21.0.3)
1290:            12           1048  [D (java.base@21.0.3)
1291:             1           1040  [Ljava.lang.Integer; (java.base@21.0.3)
1292:             1           1040  [Ljava.lang.Long; (java.base@21.0.3)
1293:             1           1040  [Ljava.lang.Short; (java.base@21.0.3)
1294:            26           1040  com.sun.jmx.mbeanserver.MXBeanSupport (java.management@21.0.3)
1295:            13           1040  com.sun.jna.Structure$FFIType
1296:            43           1032  com.sun.jmx.mbeanserver.PerInterface$MethodAndSig (java.management@21.0.3)
1297:            43           1032  org.apache.lucene.util.CharsRef
1298:            32           1024  org.opensearch.core.xcontent.ConstructingObjectParser
1299:            32           1024  org.opensearch.security.securityconf.impl.v7.RoleV7
1300:            32           1024  sun.security.provider.PolicyFile (java.base@21.0.3)
1301:            32           1024  sun.security.provider.PolicyFile$PolicyInfo (java.base@21.0.3)
1302:            41           1008  [Ljavax.management.MBeanParameterInfo; (java.management@21.0.3)
1303:            14           1008  com.fasterxml.jackson.core.sym.ByteQuadsCanonicalizer
1304:            63           1008  com.fasterxml.jackson.databind.introspect.AnnotatedMethodMap
1305:            42           1008  java.time.format.DateTimeFormatterBuilder$OffsetIdPrinterParser (java.base@21.0.3)
1306:            63           1008  java.util.TreeMap$Values (java.base@21.0.3)
1307:            42           1008  org.opensearch.common.util.concurrent.ThreadContext$$Lambda/0x00007fcd28fdf490
1308:            42           1008  org.opensearch.semver.SemverRange
1309:            21           1008  org.opensearch.sql.legacy.metrics.RollingCounter
1310:            21           1008  sun.security.ssl.SSLHandshake (java.base@21.0.3)
1311:            25           1000  org.opensearch.ratelimitting.admissioncontrol.transport.AdmissionControlTransportHandler
1312:            31            992  io.netty.channel.ChannelOption
1313:            31            992  java.lang.invoke.VarHandle$AccessMode (java.base@21.0.3)
1314:            31            992  java.security.Policy$PolicyDelegate (java.base@21.0.3)
1315:            62            992  jdk.proxy2.$Proxy1 (jdk.proxy2)
1316:            41            984  org.opensearch.common.settings.Setting$$Lambda/0x00007fcd280c4000
1317:            42            968  [Lsun.security.ssl.ProtocolVersion; (java.base@21.0.3)
1318:            24            960  [Ljava.lang.invoke.BoundMethodHandle$SpeciesData; (java.base@21.0.3)
1319:            30            960  [Lsun.security.x509.RDN; (java.base@21.0.3)
1320:            12            960  java.lang.invoke.BoundMethodHandle$Species_LLLLLLLLLLLL (java.base@21.0.3)
1321:            20            960  javax.management.openmbean.ArrayType (java.management@21.0.3)
1322:            60            960  jdk.internal.module.SystemModuleFinders$3 (java.base@21.0.3)
1323:            40            960  org.apache.logging.log4j.core.pattern.SimpleLiteralPatternConverter$StringValue
1324:            30            960  org.opensearch.LegacyESVersion
1325:            30            960  org.opensearch.core.xcontent.ObjectParser$ValueType
1326:            60            960  org.opensearch.indices.analysis.PreBuiltCacheFactory$PreBuiltCacheStrategyOne
1327:            24            960  org.opensearch.monitor.jvm.JvmStats$BufferPool
1328:            30            960  org.opensearch.security.securityconf.ConfigModelV7$IndexPattern
1329:            24            960  org.opensearch.security.ssl.SecureSSLSettings$InsecureFallbackStringSetting
1330:            24            960  org.opensearch.securityanalytics.model.LogType
1331:            40            960  org.opensearch.sql.opensearch.setting.OpenSearchSettings$Updater
1332:            30            960  org.opensearch.timeseries.stats.StatNames
1333:            59            944  org.opensearch.common.settings.Setting$$Lambda/0x00007fcd280bf0d0
1334:            29            928  com.fasterxml.jackson.databind.DeserializationFeature
1335:            29            928  com.fasterxml.jackson.databind.DeserializationFeature
1336:            58            928  org.opensearch.search.SearchModule$$Lambda/0x00007fcd287662c8
1337:            23            920  java.lang.reflect.AccessFlag (java.base@21.0.3)
1338:            23            920  org.opensearch.security.support.ModuleType
1339:            38            912  java.time.format.DateTimeFormatterBuilder$ZoneIdPrinterParser (java.base@21.0.3)
1340:            38            912  org.apache.lucene.analysis.lv.LatvianStemmer$Affix
1341:            19            912  org.apache.lucene.util.automaton.Automaton
1342:            38            912  org.bouncycastle.jce.provider.BouncyCastleProvider$JcaCryptoService
1343:            19            912  org.opensearch.common.cache.Cache$Entry
1344:            38            912  org.opensearch.index.analysis.PreConfiguredTokenFilter$2
1345:            19            912  org.opensearch.security.securityconf.impl.SecurityDynamicConfiguration
1346:            14            896  com.fasterxml.jackson.core.sym.CharsToNameCanonicalizer
1347:            28            896  com.fasterxml.jackson.databind.DeserializationFeature
1348:            16            896  io.netty.buffer.PoolThreadCache
1349:            16            896  java.util.logging.Logger (java.logging@21.0.3)
1350:            16            896  javax.management.openmbean.OpenMBeanParameterInfoSupport (java.management@21.0.3)
1351:            28            896  org.apache.logging.log4j.jul.WrappedLogger
1352:            28            896  org.opensearch.common.util.concurrent.OpenSearchExecutors$ExecutorScalingQueue
1353:            37            888  java.time.Duration (java.base@21.0.3)
1354:            27            880  [Ljava.lang.invoke.LambdaFormEditor$Transform; (java.base@21.0.3)
1355:            22            880  com.google.common.collect.RegularImmutableMap
1356:            11            880  jdk.internal.reflect.DelegatingClassLoader (java.base@21.0.3)
1357:            27            864  com.sun.jmx.mbeanserver.WeakIdentityHashMap$IdentityWeakReference (java.management@21.0.3)
1358:            27            864  java.util.logging.LogManager$LogNode (java.logging@21.0.3)
1359:            36            864  java.util.regex.Pattern$Prolog (java.base@21.0.3)
1360:            54            864  org.opensearch.common.settings.Setting$$Lambda/0x00007fcd280c4240
1361:            54            864  org.opensearch.common.settings.Setting$$Lambda/0x00007fcd280c4480
1362:            27            864  org.opensearch.script.ScriptCache$TokenBucketState
1363:            35            840  com.google.common.collect.ImmutableMapEntry$NonTerminalImmutableMapEntry
1364:            35            840  java.util.Date (java.base@21.0.3)
1365:            21            840  org.opensearch.cluster.metadata.ComposableIndexTemplate
1366:            35            840  org.opensearch.cluster.service.ClusterManagerTaskThrottler$ThrottlingKey
1367:            35            840  org.opensearch.knn.plugin.stats.KNNStat
1368:            35            840  org.opensearch.search.aggregations.support.ValuesSourceRegistry$RegistryKey
1369:            35            840  org.opensearch.sql.legacy.metrics.NumericMetric
1370:            23            832  [Lcom.fasterxml.jackson.databind.ser.BeanPropertyWriter;
1371:             1            832  [Lorg.opensearch.sql.expression.function.BuiltinFunctionName;
1372:            26            832  com.fasterxml.jackson.databind.SerializationFeature
1373:            26            832  com.fasterxml.jackson.databind.SerializationFeature
1374:            26            832  com.fasterxml.jackson.databind.SerializationFeature
1375:            13            832  org.jcp.xml.dsig.internal.dom.XMLDSigRI$ProviderService (java.xml.crypto@21.0.3)
1376:            26            832  org.opensearch.action.admin.cluster.node.stats.NodesStatsRequest$Metric
1377:            52            832  org.opensearch.common.lifecycle.Lifecycle
1378:            26            832  org.opensearch.security.securityconf.impl.v7.ActionGroupsV7
1379:            26            832  org.opensearch.threadpool.ScalingExecutorBuilder
1380:            51            816  jdk.proxy2.$Proxy7 (jdk.proxy2)
1381:            34            816  org.opensearch.timeseries.stats.TimeSeriesStat
1382:            25            800  java.util.Locale (java.base@21.0.3)
1383:            25            800  java.util.concurrent.atomic.AtomicLongFieldUpdater$CASUpdater (java.base@21.0.3)
1384:            25            800  org.opensearch.indices.fielddata.cache.IndicesFieldDataCache$IndexFieldCache
1385:            11            792  org.apache.logging.log4j.core.config.LoggerConfig
1386:            14            784  javax.management.openmbean.CompositeType (java.management@21.0.3)
1387:            14            784  sun.security.x509.X509CertInfo (java.base@21.0.3)
1388:            32            768  [Ljdk.internal.access.JavaSecurityAccess$ProtectionDomainCache; (java.base@21.0.3)
1389:            16            768  com.fasterxml.jackson.databind.ser.impl.IndexedListSerializer
1390:            32            768  com.sun.jmx.mbeanserver.DefaultMXBeanMappingFactory$IdentityMapping (java.management@21.0.3)
1391:            12            768  io.github.resilience4j.retry.internal.RetryImpl
1392:            48            768  java.util.Collections$SingletonSet (java.base@21.0.3)
1393:            24            768  org.opensearch.monitor.jvm.JvmStats$GarbageCollector
1394:            24            768  org.opensearch.monitor.jvm.JvmStats$MemoryPoolGcStats
1395:            24            768  org.opensearch.threadpool.FixedExecutorBuilder$$Lambda/0x00007fcd2851d548
1396:            16            768  org.opensearch.transport.TcpTransport$NodeChannels
1397:            24            768  sun.security.x509.OIDMap$OIDInfo (java.base@21.0.3)
1398:            19            760  org.opensearch.threadpool.Scheduler$ReschedulingRunnable
1399:            31            744  com.facebook.presto.matching.Property
1400:            31            744  com.facebook.presto.matching.PropertyPattern
1401:            31            744  com.facebook.presto.matching.pattern.CapturePattern
1402:            31            744  com.facebook.presto.matching.pattern.WithPattern
1403:            31            744  java.security.Provider$EngineDescription (java.base@21.0.3)
1404:            31            744  java.util.regex.Pattern$$Lambda/0x00007fcd2815f490 (java.base@21.0.3)
1405:            31            744  org.opensearch.sql.expression.function.FunctionDSL$$Lambda/0x00007fcd28b308a8
1406:            23            736  org.joda.time.DateTimeFieldType$StandardDateTimeFieldType
1407:            23            736  org.opensearch.performanceanalyzer.commons.metrics.AllMetrics$ShardStatsValue
1408:            23            736  org.opensearch.security.securityconf.impl.v7.RoleV7$Index
1409:            23            736  org.yaml.snakeyaml.tokens.Token$ID
1410:            46            736  sun.security.x509.GeneralName (java.base@21.0.3)
1411:            23            728  [Ljava.lang.annotation.ElementType; (java.base@21.0.3)
1412:            13            728  com.fasterxml.jackson.databind.deser.std.CollectionDeserializer
1413:            30            720  com.google.common.collect.ImmutableMapEntry
1414:            15            720  java.util.Currency$SpecialCaseEntry (java.base@21.0.3)
1415:            15            720  java.util.concurrent.LinkedBlockingQueue (java.base@21.0.3)
1416:            15            720  org.apache.lucene.index.OrdinalMap
1417:            18            720  org.apache.lucene.util.automaton.CharacterRunAutomaton
1418:            45            720  org.bouncycastle.pqc.jcajce.provider.sphincsplus.SPHINCSPlusKeyFactorySpi
1419:            30            720  org.opensearch.common.inject.internal.MatcherAndConverter
1420:            30            720  org.opensearch.script.ScriptCache$CompilationRate
1421:            45            720  org.opensearch.search.SearchModule$$Lambda/0x00007fcd287a65d8
1422:            18            720  org.opensearch.security.securityconf.impl.v7.RoleMappingsV7
1423:            18            720  sun.security.util.MemoryCache (java.base@21.0.3)
1424:            22            704  java.lang.invoke.VarForm (java.base@21.0.3)
1425:            22            704  java.lang.reflect.ClassFileFormatVersion (java.base@21.0.3)
1426:            11            704  java.security.SecureRandom (java.base@21.0.3)
1427:            22            704  java.util.concurrent.atomic.AtomicIntegerFieldUpdater$AtomicIntegerFieldUpdaterImpl (java.base@21.0.3)
1428:            22            704  org.opensearch.common.settings.Setting$FloatParser
1429:            22            704  org.opensearch.sql.common.setting.Settings$Key
1430:            29            696  java.lang.ProcessEnvironment$Value (java.base@21.0.3)
1431:            29            696  java.lang.ProcessEnvironment$Variable (java.base@21.0.3)
1432:            29            696  java.util.BitSet (java.base@21.0.3)
1433:            29            696  org.opensearch.common.settings.Setting$2
1434:            43            688  org.opensearch.action.support.nodes.TransportNodesAction$NodeTransportHandler
1435:            17            680  org.opensearch.cluster.NodeConnectionsService$ConnectionTarget
1436:            17            680  org.opensearch.common.settings.SecureSetting$SecureStringSetting
1437:            17            680  sun.security.ssl.CipherSuite$KeyExchange (java.base@21.0.3)
1438:            14            672  com.fasterxml.jackson.databind.type.SimpleType
1439:            14            672  com.fasterxml.jackson.databind.type.SimpleType
1440:            28            672  com.sun.jmx.mbeanserver.NamedObject (java.management@21.0.3)
1441:            21            672  java.lang.invoke.MethodHandles$Lookup (java.base@21.0.3)
1442:             6            672  java.util.GregorianCalendar (java.base@21.0.3)
1443:            28            672  java.util.concurrent.LinkedTransferQueue (java.base@21.0.3)
1444:            28            672  java.util.regex.Pattern$$Lambda/0x00007fcd2815f238 (java.base@21.0.3)
1445:            28            672  java.util.zip.Deflater$DeflaterZStreamRef (java.base@21.0.3)
1446:            42            672  jdk.proxy4.$Proxy23 (jdk.proxy4)
1447:            41            656  jdk.proxy5.$Proxy36 (jdk.proxy5)
1448:            27            648  com.google.common.collect.ImmutableMapEntry
1449:            27            648  java.time.LocalTime (java.base@21.0.3)
1450:            27            648  org.joni.constants.internal.TokenType
1451:            27            648  org.opensearch.common.inject.TypeConverterBindingProcessor$6
1452:            27            648  org.opensearch.painless.Compiler
1453:            27            648  org.opensearch.script.ScriptMetrics
1454:            27            648  org.opensearch.script.ScriptService$$Lambda/0x00007fcd28708a90
1455:            20            640  java.lang.invoke.SimpleMethodHandle (java.base@21.0.3)
1456:            40            640  org.opensearch.indices.analysis.PreBuiltCacheFactory$PreBuiltCacheStrategyLucene
1457:            16            640  org.opensearch.painless.spi.WhitelistClassBinding
1458:            16            640  org.opensearch.transport.ClusterConnectionManager$$Lambda/0x00007fcd2918df98
1459:            16            640  org.opensearch.transport.TcpTransport$ChannelCloseLogger
1460:            16            640  org.opensearch.transport.TcpTransport$ChannelsConnectedListener
1461:            16            640  org.opensearch.transport.TransportHandshaker$HandshakeResponseHandler
1462:             3            624  [Ljava.lang.invoke.LambdaForm; (java.base@21.0.3)
1463:            13            624  com.fasterxml.jackson.core.JsonToken
1464:            26            624  java.security.spec.ECFieldF2m (java.base@21.0.3)
1465:            26            624  java.util.jar.Attributes$Name (java.base@21.0.3)
1466:            13            624  org.opensearch.common.settings.Setting$GroupSetting
1467:            39            624  org.opensearch.index.analysis.PreConfiguredTokenFilter$$Lambda/0x00007fcd2869df98
1468:            13            624  sun.security.rsa.RSAPublicKeyImpl (java.base@21.0.3)
1469:             7            616  org.opensearch.painless.lookup.PainlessLookupBuilder$BridgeLoader
1470:            19            608  com.fasterxml.jackson.core.JsonParser$Feature
1471:            19            608  com.fasterxml.jackson.databind.BeanProperty$Std
1472:            38            608  org.opensearch.index.analysis.PreBuiltAnalyzerProviderFactory$$Lambda/0x00007fcd286a8510
1473:            19            608  org.opensearch.rest.RestHandler$ReplacedRoute
1474:            25            600  [Lorg.opensearch.index.fielddata.IndexFieldDataCache$Listener;
1475:            15            600  com.fasterxml.jackson.databind.deser.SettableAnyProperty$MethodAnyProperty
1476:            25            600  java.lang.ThreadLocal$SuppliedThreadLocal (java.base@21.0.3)
1477:            25            600  org.opensearch.common.unit.SizeValue
1478:            15            600  org.opensearch.index.fielddata.ordinals.GlobalOrdinalsIndexFieldData
1479:            25            600  sun.reflect.generics.repository.FieldRepository (java.base@21.0.3)
1480:            21            576  [Lcom.google.common.collect.ImmutableMapEntry;
1481:             2            576  [Ljava.lang.Character; (java.base@21.0.3)
1482:            24            576  io.netty.channel.ChannelOutboundBuffer$2
1483:            24            576  java.lang.NamedPackage (java.base@21.0.3)
1484:             4            576  java.text.DecimalFormat (java.base@21.0.3)
1485:            24            576  org.opensearch.core.xcontent.ConstructingObjectParser$$Lambda/0x00007fcd287b8800
1486:            18            576  org.opensearch.security.dlic.rest.api.RequestHandler$RequestHandlersBuilder
1487:            24            576  org.opensearch.threadpool.FixedExecutorBuilder
1488:            24            576  sun.security.x509.AccessDescription (java.base@21.0.3)
1489:            36            576  sun.security.x509.DNSName (java.base@21.0.3)
1490:             6            560  [Lcom.google.common.collect.ImmutableMapEntry;
1491:            14            560  com.fasterxml.jackson.core.sym.ByteQuadsCanonicalizer$TableInfo
1492:            14            560  com.sun.jmx.mbeanserver.PerInterface (java.management@21.0.3)
1493:             7            560  java.util.concurrent.TimeUnit (java.base@21.0.3)
1494:            14            560  javax.management.openmbean.SimpleType (java.management@21.0.3)
1495:            35            560  jdk.proxy4.$Proxy19 (jdk.proxy4)
1496:             5            560  org.apache.logging.log4j.core.appender.rolling.RollingFileManager
1497:            14            560  org.greenrobot.eventbus.SubscriberMethod
1498:            14            560  org.opensearch.cluster.block.ClusterBlock
1499:            14            560  org.opensearch.performanceanalyzer.commons.stats.metrics.CollectorMetrics
1500:            10            560  sun.invoke.util.Wrapper (java.base@21.0.3)
1501:            14            560  sun.security.x509.AuthorityKeyIdentifierExtension (java.base@21.0.3)
1502:            14            560  sun.util.locale.provider.LocaleResources$ResourceReference (java.base@21.0.3)
1503:            23            552  org.opensearch.common.util.concurrent.SizeBlockingQueue
1504:            12            544  [Ljava.lang.reflect.Method; (java.base@21.0.3)
1505:            17            544  io.netty.util.concurrent.DefaultPromise
1506:            34            544  org.opensearch.core.xcontent.ObjectParser$$Lambda/0x00007fcd284b6a60
1507:            17            544  org.opensearch.sql.data.type.ExprCoreType
1508:             1            528  [Lcom.fasterxml.jackson.databind.ser.impl.ReadOnlyClassToSerializerMap$Bucket;
1509:            10            528  [Lcom.google.common.collect.ImmutableMapEntry;
1510:             1            528  [Ljava.util.concurrent.ForkJoinPool$WorkQueue; (java.base@21.0.3)
1511:            22            528  com.google.common.collect.ImmutableMapEntry
1512:            11            528  io.protostuff.runtime.RuntimeReflectionFieldFactory$13$1
1513:            22            528  org.opensearch.cluster.metadata.Template
1514:            11            528  org.opensearch.search.aggregations.support.ValueType
1515:            13            520  com.fasterxml.jackson.core.json.JsonReadFeature
1516:             5            520  sun.util.calendar.ImmutableGregorianDate (java.base@21.0.3)
1517:            23            512  [Ljavax.management.MBeanNotificationInfo; (java.management@21.0.3)
1518:             8            512  com.sun.security.sasl.Provider$ProviderService (java.security.sasl@21.0.3)
1519:            16            512  io.netty.buffer.PoolThreadCache$NormalMemoryRegionCache
1520:            16            512  io.netty.handler.codec.CodecOutputList$CodecOutputLists
1521:             8            512  java.lang.Class$ReflectionData (java.base@21.0.3)
1522:            32            512  java.security.ProtectionDomain$JavaSecurityAccessImpl$1 (java.base@21.0.3)
1523:            16            512  java.time.temporal.ChronoUnit (java.base@21.0.3)
1524:            16            512  org.bouncycastle.jcajce.provider.asymmetric.compositesignatures.CompositeSignaturesConstants$CompositeName
1525:            16            512  org.opensearch.action.admin.indices.stats.CommonStatsFlags$Flag
1526:            16            512  org.opensearch.action.support.ThreadedActionListener
1527:            16            512  org.opensearch.knn.plugin.stats.KNNCounter
1528:            16            512  org.opensearch.painless.lookup.PainlessClassBinding
1529:            16            512  org.opensearch.plugins.SearchPlugin$PipelineAggregationSpec
1530:            16            512  org.opensearch.transport.ClusterConnectionManager$$Lambda/0x00007fcd2918e5f8
1531:            16            512  org.opensearch.transport.ClusterConnectionManager$$Lambda/0x00007fcd29194f50
1532:             7            504  org.apache.lucene.codecs.lucene99.Lucene99Codec
1533:            21            504  org.apache.lucene.search.BooleanClause
1534:            21            504  org.joda.time.format.DateTimeFormatterBuilder$MatchingParser
1535:            21            504  org.opensearch.common.inject.TypeConverterBindingProcessor$5
1536:            21            504  org.opensearch.index.analysis.PreConfiguredTokenizer$$Lambda/0x00007fcd29256e08
1537:            21            504  org.opensearch.index.analysis.TokenizerFactory$1
1538:            21            504  sun.security.x509.AVAKeyword (java.base@21.0.3)
1539:            31            496  com.facebook.presto.matching.Capture
1540:            31            496  com.google.common.collect.RegularImmutableList
1541:            31            496  java.security.URIParameter (java.base@21.0.3)
1542:            31            496  org.opensearch.common.util.concurrent.OpenSearchAbortPolicy
1543:            31            496  org.opensearch.core.xcontent.AbstractObjectParser$$Lambda/0x00007fcd284bdcf8
1544:            31            496  sun.security.provider.PolicySpiFile (java.base@21.0.3)
1545:            19            488  [Lsun.security.ssl.NamedGroup$NamedGroupSpec; (java.base@21.0.3)
1546:             3            480  [Lorg.opensearch.performanceanalyzer.commons.stats.metrics.StatMetrics;
1547:             5            480  com.fasterxml.jackson.databind.DeserializationConfig
1548:            20            480  com.google.common.cache.LocalCache$AccessQueue$1
1549:            20            480  com.google.common.cache.LocalCache$WriteQueue$1
1550:            12            480  com.google.common.collect.RegularImmutableMap
1551:            12            480  com.sun.jmx.mbeanserver.DefaultMXBeanMappingFactory$CompositeMapping (java.management@21.0.3)
1552:            12            480  io.github.resilience4j.core.IntervalFunction$$Lambda/0x00007fcd28b91800
1553:            12            480  io.github.resilience4j.retry.RetryConfig
1554:            15            480  io.netty.util.internal.logging.Log4J2Logger
1555:            12            480  java.lang.OutOfMemoryError (java.base@21.0.3)
1556:            15            480  jdk.internal.reflect.MethodHandleBooleanFieldAccessorImpl (java.base@21.0.3)
1557:            12            480  org.apache.lucene.analysis.core.DecimalDigitFilter
1558:            20            480  org.apache.lucene.index.SegmentDocValuesProducer
1559:            20            480  org.apache.lucene.util.FixedBitSet
1560:            12            480  org.joni.Syntax
1561:            15            480  org.opensearch.common.settings.Setting$AffixSetting$2
1562:            30            480  org.opensearch.index.mapper.ParametrizedFieldMapper$TypeParser
1563:            15            480  org.opensearch.indices.fielddata.cache.IndicesFieldDataCache$Key
1564:            20            480  org.opensearch.security.securityconf.ConfigModelV7$SecurityRole
1565:            12            480  org.opensearch.security.securityconf.impl.v7.InternalUserV7
1566:            12            480  org.opensearch.security.ssl.SecureSSLSettings$SSLSetting
1567:            15            480  org.opensearch.sql.common.setting.LegacySettings$Key
1568:            20            480  org.opensearch.sql.legacy.esdomain.LocalClusterState$$Lambda/0x00007fcd28b16740
1569:            19            456  kotlin.coroutines.CombinedContext
1570:            19            456  org.apache.lucene.util.automaton.Automaton$1
1571:            19            456  org.apache.lucene.util.automaton.Automaton$2
1572:            19            456  org.opensearch.dashboards.OpenSearchDashboardsPlugin$OpenSearchDashboardsWrappedRestHandler
1573:            19            456  org.opensearch.index.analysis.PreConfiguredTokenFilter$1
1574:            19            456  org.opensearch.ml.common.FunctionName
1575:             3            456  org.opensearch.search.aggregations.bucket.terms.GlobalOrdinalsStringTermsAggregator
1576:            19            456  org.opensearch.security.securityconf.impl.Meta
1577:            19            456  org.opensearch.threadpool.ThreadPool$$Lambda/0x00007fcd28546bb8
1578:            19            456  org.opensearch.threadpool.ThreadPool$$Lambda/0x00007fcd28546de8
1579:             7            448  [Lorg.apache.logging.log4j.core.pattern.PatternFormatter;
1580:            14            448  com.fasterxml.jackson.core.sym.CharsToNameCanonicalizer$TableInfo
1581:            14            448  com.sun.jna.Structure$FFIType$size_t
1582:            14            448  io.protostuff.WireFormat$FieldType
1583:            14            448  java.util.HashMap$KeyIterator (java.base@21.0.3)
1584:             8            448  java.util.Properties (java.base@21.0.3)
1585:            28            448  jdk.proxy7.$Proxy38 (jdk.proxy7)
1586:            14            448  org.apache.lucene.util.packed.BulkOperationPackedSingleBlock
1587:            28            448  org.joda.time.format.InternalParserDateTimeParser
1588:            28            448  org.opensearch.common.compress.DeflateCompressor$$Lambda/0x00007fcd29093b00
1589:            28            448  org.opensearch.common.compress.DeflateCompressor$$Lambda/0x00007fcd290b6250
1590:             8            448  org.opensearch.common.util.BigLongArray
1591:            28            448  org.opensearch.common.util.concurrent.OpenSearchExecutors$ForceQueuePolicy
1592:             8            448  org.opensearch.monitor.jvm.JvmStats$Mem
1593:            14            448  org.opensearch.search.asynchronous.context.state.AsynchronousSearchTransition
1594:             8            448  sun.management.MemoryPoolImpl (java.management@21.0.3)
1595:            14            448  sun.reflect.generics.repository.ConstructorRepository (java.base@21.0.3)
1596:            28            448  sun.security.x509.KeyIdentifier (java.base@21.0.3)
1597:            14            448  sun.security.x509.KeyUsageExtension (java.base@21.0.3)
1598:            14            448  sun.security.x509.SubjectKeyIdentifierExtension (java.base@21.0.3)
1599:             5            440  com.fasterxml.jackson.databind.SerializationConfig
1600:             5            440  java.text.DecimalFormatSymbols (java.base@21.0.3)
1601:            11            440  org.joni.Syntax$MetaCharTable
1602:            11            440  org.opensearch.cluster.routing.RoutingNode
1603:            11            440  org.opensearch.common.inject.ConstructorBindingImpl
1604:            11            440  org.opensearch.index.fielddata.IndexNumericFieldData$NumericType
1605:            11            440  sun.util.resources.Bundles$BundleReference (java.base@21.0.3)
1606:             1            432  [[[C (java.base@21.0.3)
1607:            18            432  com.fasterxml.jackson.databind.ser.impl.PropertySerializerMap$TypeAndSerializer
1608:             9            432  java.lang.invoke.MethodHandleImpl$IntrinsicMethodHandle (java.base@21.0.3)
1609:            27            432  java.security.spec.ECFieldFp (java.base@21.0.3)
1610:            18            432  java.text.DateFormat$Field (java.base@21.0.3)
1611:            18            432  java.util.LinkedHashMap$LinkedKeySet (java.base@21.0.3)
1612:            18            432  javax.management.StandardMBean (java.management@21.0.3)
1613:            27            432  javax.security.auth.x500.X500Principal (java.base@21.0.3)
1614:            18            432  org.apache.logging.log4j.core.pattern.FormattingInfo
1615:             6            432  org.apache.lucene.backward_codecs.lucene95.Lucene95Codec
1616:             3            432  org.opensearch.common.util.concurrent.QueueResizingOpenSearchThreadPoolExecutor
1617:             9            432  org.opensearch.index.mapper.DynamicTemplate
1618:            27            432  org.opensearch.script.ScriptCache$ScriptCacheRemovalListener
1619:            18            432  org.opensearch.security.dlic.rest.api.Endpoint
1620:            18            432  org.opensearch.transport.TransportActionProxy$ProxyRequestHandler
1621:             2            416  [Lorg.apache.lucene.util.packed.BulkOperation;
1622:            13            416  com.fasterxml.jackson.core.JsonGenerator$Feature
1623:            13            416  java.net.Inet6Address$Inet6AddressHolder (java.base@21.0.3)
1624:            13            416  javax.management.MBeanServerPermission (java.management@21.0.3)
1625:            13            416  org.opensearch.knn.index.Parameter$IntegerParameter
1626:            26            416  org.opensearch.rest.action.admin.cluster.RestNodesStatsAction$$Lambda/0x00007fcd28fc5ac8
1627:            13            416  sun.security.jca.ProviderConfig (java.base@21.0.3)
1628:            13            416  sun.security.x509.DistributionPoint (java.base@21.0.3)
1629:            17            408  com.fasterxml.jackson.databind.util.LRUMap
1630:            17            408  com.fasterxml.jackson.databind.util.internal.LinkedDeque
1631:            17            408  com.google.common.collect.ImmutableMapEntry$NonTerminalImmutableMapEntry
1632:            17            408  com.google.gson.internal.bind.TypeAdapters$30
1633:            17            408  io.netty.util.internal.DefaultPriorityQueue
1634:            17            408  org.opensearch.action.support.PlainListenableActionFuture
1635:            17            408  org.opensearch.cluster.NodeConnectionsService$ConnectionTarget$1
1636:            17            408  org.opensearch.timeseries.cluster.TimeSeriesNodeInfo
1637:            17            408  sun.nio.ch.OptionKey (java.base@21.0.3)
1638:            17            408  sun.nio.ch.SocketOptionRegistry$RegistryKey (java.base@21.0.3)
1639:            17            408  sun.security.util.DisabledAlgorithmConstraints$DisabledConstraint (java.base@21.0.3)
1640:            17            408  sun.security.x509.PolicyInformation (java.base@21.0.3)
1641:             5            400  com.fasterxml.jackson.databind.util.internal.PrivateMaxEntriesMap
1642:            25            400  jdk.proxy6.$Proxy37 (jdk.proxy6)
1643:            10            400  org.opensearch.security.securityconf.impl.CType
1644:            25            400  sun.security.util.ECParameters (java.base@21.0.3)
1645:             7            392  sun.nio.cs.StreamEncoder (java.base@21.0.3)
1646:             6            384  [Lorg.opensearch.sql.planner.optimizer.Rule;
1647:             4            384  com.fasterxml.jackson.databind.DeserializationConfig
1648:             6            384  com.fasterxml.jackson.databind.cfg.BaseSettings
1649:            12            384  com.fasterxml.jackson.dataformat.yaml.YAMLGenerator$Feature
1650:             8            384  com.google.common.collect.SingletonImmutableBiMap
1651:             8            384  com.sun.jna.Structure$StructField
1652:            24            384  io.github.resilience4j.core.predicate.PredicateCreator$$Lambda/0x00007fcd28b920c8
1653:            12            384  io.github.resilience4j.retry.internal.RetryImpl$RetryEventProcessor
1654:            16            384  io.netty.resolver.AddressResolverGroup$1
1655:            16            384  io.netty.resolver.DefaultNameResolver
1656:            16            384  io.netty.resolver.InetSocketAddressResolver
1657:            16            384  io.netty.util.internal.ThreadExecutorMap$1
1658:            16            384  io.netty.util.internal.ThreadExecutorMap$2
1659:             8            384  java.lang.reflect.ProxyGenerator$PrimitiveTypeInfo (java.base@21.0.3)
1660:            16            384  java.time.Instant (java.base@21.0.3)
1661:            12            384  java.util.Vector (java.base@21.0.3)
1662:             6            384  java.util.jar.JarVerifier (java.base@21.0.3)
1663:             6            384  org.apache.logging.log4j.core.layout.PatternLayout
1664:            16            384  org.apache.lucene.search.Multiset
1665:            12            384  org.joda.time.format.DateTimeFormatterBuilder$PaddedNumber
1666:            16            384  org.opensearch.SpecialPermission
1667:            12            384  org.opensearch.action.admin.cluster.node.info.NodesInfoRequest$Metric
1668:            16            384  org.opensearch.cluster.routing.UnassignedInfo$Reason
1669:            24            384  org.opensearch.common.inject.matcher.Matchers$IdenticalTo
1670:            16            384  org.opensearch.common.util.concurrent.CountDown
1671:            16            384  org.opensearch.common.util.concurrent.ListenableFuture
1672:            16            384  org.opensearch.common.util.concurrent.RunOnce
1673:            16            384  org.opensearch.core.action.ActionListener$4
1674:            12            384  org.opensearch.core.common.bytes.BytesArray
1675:            24            384  org.opensearch.core.xcontent.ConstructingObjectParser$$Lambda/0x00007fcd284b6830
1676:            16            384  org.opensearch.indices.SystemIndexDescriptor
1677:             8            384  org.opensearch.monitor.jvm.JvmStats
1678:             2            384  org.opensearch.repositories.s3.S3Repository
1679:            16            384  org.opensearch.sql.expression.function.FunctionDSL$$Lambda/0x00007fcd28b32160
1680:            24            384  org.opensearch.threadpool.FixedExecutorBuilder$$Lambda/0x00007fcd2851d310
1681:            16            384  org.opensearch.transport.ClusterConnectionManager$$Lambda/0x00007fcd290f6f00
1682:            16            384  org.opensearch.transport.ClusterConnectionManager$$Lambda/0x00007fcd2913b148
1683:            16            384  org.opensearch.transport.TransportService$$Lambda/0x00007fcd29183de0
1684:            24            384  sun.nio.ch.EventFD (java.base@21.0.3)
1685:            24            384  sun.nio.ch.Util$2 (java.base@21.0.3)
1686:            19            368  [Ljavax.management.MBeanConstructorInfo; (java.management@21.0.3)
1687:            12            368  [Lorg.apache.lucene.util.packed.PackedInts$Reader;
1688:            23            368  java.time.Clock$SystemClock (java.base@21.0.3)
1689:            23            368  org.opensearch.sql.opensearch.client.OpenSearchNodeClient
1690:             5            360  [Lorg.opensearch.security.auditlog.impl.AuditCategory;
1691:             5            360  com.fasterxml.jackson.databind.ObjectMapper
1692:             5            360  com.fasterxml.jackson.databind.deser.DefaultDeserializationContext$Impl
1693:             5            360  com.fasterxml.jackson.databind.introspect.AnnotatedClass
1694:             5            360  com.fasterxml.jackson.databind.introspect.AnnotatedClass
1695:             5            360  com.fasterxml.jackson.databind.ser.DefaultSerializerProvider$Impl
1696:             9            360  io.protostuff.runtime.RuntimeReflectionFieldFactory$9$1
1697:             9            360  java.lang.invoke.VarHandleInts$FieldInstanceReadWrite (java.base@21.0.3)
1698:             1            360  java.util.concurrent.ForkJoinPool (java.base@21.0.3)
1699:            15            360  java.util.concurrent.LinkedBlockingQueue$Node (java.base@21.0.3)
1700:            15            360  kotlin.annotation.AnnotationTarget
1701:            15            360  kotlin.annotation.AnnotationTarget
1702:             9            360  org.apache.logging.log4j.core.pattern.DatePatternConverter
1703:            15            360  org.apache.lucene.index.OrdinalMap$SegmentMap
1704:            15            360  org.opensearch.action.support.IndicesOptions
1705:            15            360  org.opensearch.index.analysis.PreConfiguredTokenizer
1706:            15            360  org.opensearch.ml.common.model.MLModelState
1707:             9            360  org.opensearch.ml.engine.indices.MLIndex
1708:             9            360  org.opensearch.securityanalytics.logtype.LogTypeService
1709:            15            360  org.yaml.snakeyaml.nodes.Tag
1710:             9            360  sun.security.ssl.ProtocolVersion (java.base@21.0.3)
1711:             2            352  [Ljava.time.LocalDateTime; (java.base@21.0.3)
1712:             4            352  com.fasterxml.jackson.databind.SerializationConfig
1713:            11            352  io.netty.util.concurrent.DefaultPromise
1714:            11            352  io.protostuff.runtime.ArraySchemas$PojoArray
1715:             4            352  java.lang.invoke.BoundMethodHandle$Species_LLLLLLLLLLLLLL (java.base@21.0.3)
1716:            11            352  javax.management.MBeanNotificationInfo (java.management@21.0.3)
1717:            22            352  jdk.proxy1.$Proxy0 (jdk.proxy1)
1718:            11            352  org.joda.time.format.DateTimeFormatterBuilder$FixedNumber
1719:            11            352  org.opensearch.common.settings.Setting$MinMaxTimeValueParser
1720:            22            352  org.opensearch.core.xcontent.AbstractObjectParser$$Lambda/0x00007fcd284b7708
1721:            11            352  org.opensearch.security.auditlog.config.AuditConfig$Filter$FilterEntries
1722:            11            352  sun.security.ssl.SSLSecretDerivation$SecretSchedule (java.base@21.0.3)
1723:            11            352  sun.security.x509.AuthorityInfoAccessExtension (java.base@21.0.3)
1724:            11            352  sun.security.x509.CRLDistributionPointsExtension (java.base@21.0.3)
1725:            11            352  sun.security.x509.CertificatePoliciesExtension (java.base@21.0.3)
1726:            11            352  sun.util.resources.Bundles$CacheKey (java.base@21.0.3)
1727:             1            344  [Lorg.opensearch.common.time.FormatNames;
1728:             4            336  [Lcom.google.common.collect.ImmutableMapEntry;
1729:             1            336  [Lorg.opensearch.performanceanalyzer.commons.stats.metrics.StatExceptionCode;
1730:             5            336  [Lsun.invoke.util.Wrapper; (java.base@21.0.3)
1731:             6            336  com.fasterxml.jackson.databind.type.IterationType
1732:            14            336  com.fasterxml.jackson.databind.util.LRUMap
1733:            14            336  com.fasterxml.jackson.databind.util.internal.LinkedDeque
1734:            21            336  io.netty.util.internal.TypeParameterMatcher$ReflectiveMatcher
1735:            14            336  java.lang.Double (java.base@21.0.3)
1736:             6            336  java.nio.DirectLongBufferU (java.base@21.0.3)
1737:             7            336  java.util.regex.Pattern$GroupCurly (java.base@21.0.3)
1738:            21            336  jdk.proxy1.$Proxy5 (jdk.proxy1)
1739:             2            336  kotlinx.coroutines.scheduling.CoroutineScheduler$Worker
1740:            14            336  org.greenrobot.eventbus.Subscription
1741:            14            336  org.opensearch.sql.spark.client.EMRServerlessClientFactoryImpl
1742:            14            336  sun.reflect.generics.scope.ConstructorScope (java.base@21.0.3)
1743:            14            336  sun.security.util.BitArray (java.base@21.0.3)
1744:            14            336  sun.security.x509.CertificateExtensions (java.base@21.0.3)
1745:            14            336  sun.security.x509.CertificateValidity (java.base@21.0.3)
1746:             6            320  [Lcom.fasterxml.jackson.core.SerializableString;
1747:             4            320  [Lcom.google.common.collect.HashBiMap$BiEntry;
1748:             4            320  [Lorg.opensearch.common.recycler.Recycler;
1749:             4            320  [Lsun.security.ec.point.ProjectivePoint$Immutable; (jdk.crypto.ec@21.0.3)
1750:             4            320  com.fasterxml.jackson.databind.MappingJsonFactory
1751:             4            320  com.fasterxml.jackson.databind.MappingJsonFactory
1752:             5            320  com.fasterxml.jackson.databind.cfg.BaseSettings
1753:            20            320  com.google.common.cache.LocalCache$AccessQueue
1754:             4            320  com.google.common.cache.LocalCache$Segment
1755:            10            320  com.google.common.cache.LocalCache$StrongEntry
1756:            20            320  com.google.common.cache.LocalCache$WriteQueue
1757:             8            320  com.sun.jna.Function
1758:             8            320  io.protostuff.runtime.RuntimeReflectionFieldFactory$4$1
1759:             8            320  io.protostuff.runtime.RuntimeReflectionFieldFactory$7$1
1760:             8            320  java.io.ObjectStreamClass$FieldReflector (java.base@21.0.3)
1761:            10            320  java.time.temporal.WeekFields$ComputedDayOfField (java.base@21.0.3)
1762:             8            320  jdk.internal.loader.NativeLibraries$NativeLibraryImpl (java.base@21.0.3)
1763:            20            320  jdk.internal.misc.InternalLock (java.base@21.0.3)
1764:             5            320  org.apache.logging.log4j.core.appender.RollingFileAppender
1765:             5            320  org.apache.logging.log4j.core.appender.rolling.PatternProcessor
1766:             8            320  org.apache.lucene.analysis.util.ElisionFilter
1767:             8            320  org.apache.lucene.search.BooleanQuery
1768:             8            320  org.opensearch.common.io.stream.BytesStreamOutput
1769:             8            320  org.opensearch.common.util.BigArrays$ByteArrayWrapper
1770:             8            320  org.opensearch.monitor.jvm.JvmStats$Classes
1771:            10            320  org.opensearch.performanceanalyzer.commons.metrics.RTFMetrics$ShardStatsValue
1772:             8            320  org.opensearch.search.aggregations.bucket.terms.TermsAggregator$BucketCountThresholds
1773:            10            320  org.opensearch.timeseries.model.ProfileName
1774:            10            320  org.opensearch.timeseries.model.TaskState
1775:             8            320  sun.management.MemoryPoolImpl$CollectionSensor (java.management@21.0.3)
1776:             8            320  sun.management.MemoryPoolImpl$PoolSensor (java.management@21.0.3)
1777:             8            320  sun.security.ssl.SSLSessionContextImpl (java.base@21.0.3)
1778:            10            320  sun.security.util.DisabledAlgorithmConstraints$KeySizeConstraint (java.base@21.0.3)
1779:            10            320  sun.security.x509.BasicConstraintsExtension (java.base@21.0.3)
1780:            10            320  sun.security.x509.ExtendedKeyUsageExtension (java.base@21.0.3)
1781:             5            320  sun.text.RuleBasedBreakIterator (java.base@21.0.3)
1782:             6            312  [Lcom.fasterxml.jackson.databind.cfg.CoercionAction;
1783:            13            312  com.fasterxml.jackson.databind.type.LogicalType
1784:            13            312  com.fasterxml.jackson.databind.type.LogicalType
1785:            13            312  com.fasterxml.jackson.databind.type.LogicalType
1786:            13            312  com.sun.jna.Pointer
1787:             3            312  java.lang.invoke.BoundMethodHandle$Species_LLLLLLLLLLLLLLLLL (java.base@21.0.3)
1788:            13            312  java.lang.reflect.ReflectPermission (java.base@21.0.3)
1789:            13            312  java.net.Inet6Address (java.base@21.0.3)
1790:            13            312  org.opensearch.action.bulk.BackoffPolicy$ExponentialBackoff
1791:            13            312  org.opensearch.performanceanalyzer.commons.stats.eval.impl.NamedCounter
1792:            13            312  org.opensearch.security.auditlog.impl.AuditCategory
1793:            13            312  sun.reflect.generics.tree.Wildcard (java.base@21.0.3)
1794:            19            304  org.opensearch.common.settings.Setting$$Lambda/0x00007fcd280c7718
1795:             2            304  org.opensearch.monitor.fs.FsInfo$DeviceStats
1796:            19            304  org.opensearch.sql.expression.function.RelevanceFunctionResolver
1797:             9            288  [Lcom.google.common.cache.LocalCache$Segment;
1798:             1            288  [Ljava.lang.invoke.LambdaForm$Kind; (java.base@21.0.3)
1799:             1            288  [Lsun.security.ssl.SSLExtension; (java.base@21.0.3)
1800:             4            288  com.fasterxml.jackson.databind.ObjectMapper
1801:             4            288  com.fasterxml.jackson.databind.deser.DefaultDeserializationContext$Impl
1802:             4            288  com.fasterxml.jackson.databind.ser.DefaultSerializerProvider$Impl
1803:            12            288  com.google.common.cache.LongAddables$PureJavaLongAddable
1804:             6            288  com.google.common.collect.ArrayListMultimap
1805:            12            288  com.google.common.collect.ImmutableMapEntry$NonTerminalImmutableMapEntry
1806:             9            288  io.netty.util.AttributeKey
1807:             9            288  io.protostuff.WireFormat$JavaType
1808:             9            288  io.protostuff.runtime.DefaultIdStrategy$Lazy
1809:             6            288  io.protostuff.runtime.RuntimeReflectionFieldFactory$15$1
1810:            12            288  java.lang.ClassValue$Version (java.base@21.0.3)
1811:            12            288  java.lang.annotation.ElementType (java.base@21.0.3)
1812:             3            288  java.lang.invoke.BoundMethodHandle$Species_LLLLLLLLLLLLLLLL (java.base@21.0.3)
1813:             9            288  java.lang.invoke.VarHandleByteArrayAsLongs$ArrayHandle (java.base@21.0.3)
1814:            12            288  java.net.StandardSocketOptions$StdSocketOption (java.base@21.0.3)
1815:            12            288  java.time.Month (java.base@21.0.3)
1816:            12            288  java.util.function.Predicate$$Lambda/0x00007fcd289f1800 (java.base@21.0.3)
1817:             9            288  java.util.logging.Level (java.logging@21.0.3)
1818:             9            288  java.util.logging.Level$KnownLevel (java.logging@21.0.3)
1819:             6            288  java.util.stream.StreamOpFlag (java.base@21.0.3)
1820:             9            288  jdk.internal.org.objectweb.asm.Type (java.base@21.0.3)
1821:             6            288  org.apache.logging.log4j.core.config.AppenderControl
1822:             9            288  org.apache.logging.log4j.core.pattern.DatePatternConverter$CachedTime
1823:             4            288  org.apache.lucene.analysis.core.LetterTokenizer
1824:             6            288  org.apache.lucene.util.packed.MonotonicLongValues
1825:            12            288  org.bouncycastle.asn1.x509.AlgorithmIdentifier
1826:            12            288  org.joda.time.DurationFieldType$StandardDurationFieldType
1827:            18            288  org.joda.time.format.DateTimeFormatterBuilder$CharacterLiteral
1828:             9            288  org.opensearch.cluster.ClusterState$Metric
1829:             3            288  org.opensearch.cluster.metadata.Metadata
1830:             9            288  org.opensearch.cluster.routing.Preference
1831:            12            288  org.opensearch.ingest.geoip.GeoIpProcessor$Property
1832:            12            288  org.opensearch.ml.stats.MLStat
1833:             9            288  org.opensearch.painless.spi.Whitelist
1834:            18            288  org.opensearch.plugins.AnalysisPlugin$1
1835:            18            288  org.opensearch.security.dlic.rest.api.AbstractApiAction$$Lambda/0x00007fcd28fe5230
1836:            12            288  org.opensearch.security.dlic.rest.api.RequestHandler$RequestHandlersBuilder$$Lambda/0x00007fcd28fed608
1837:             9            288  org.opensearch.security.securityconf.impl.HttpRequestMethods
1838:            12            288  org.opensearch.sql.opensearch.monitor.OpenSearchMemoryHealthy
1839:            12            288  org.opensearch.sql.opensearch.monitor.OpenSearchResourceMonitor
1840:            12            288  org.opensearch.sql.opensearch.storage.OpenSearchStorageEngine
1841:            12            288  sun.reflect.generics.reflectiveObjects.WildcardTypeImpl (java.base@21.0.3)
1842:            18            288  sun.security.x509.GeneralNames (java.base@21.0.3)
1843:             9            288  sun.util.logging.PlatformLogger$Level (java.base@21.0.3)
1844:             7            280  [Lorg.joni.ast.QuantifierNode$ReduceType;
1845:             5            280  [Lorg.opensearch.security.securityconf.impl.HttpRequestMethods;
1846:             7            280  com.fasterxml.jackson.core.StreamWriteFeature
1847:             7            280  com.google.common.collect.RegularImmutableMap
1848:             7            280  com.google.common.collect.RegularImmutableMap
1849:             7            280  org.apache.lucene.search.LRUQueryCache$CachingWrapperWeight
1850:             5            280  org.opensearch.indices.IndicesQueryCache$Stats
1851:             7            280  org.opensearch.security.support.ModuleInfo
1852:             2            272  [Lcom.fasterxml.jackson.databind.DeserializationFeature;
1853:             2            272  [Lcom.fasterxml.jackson.databind.DeserializationFeature;
1854:            17            272  jdk.proxy3.$Proxy26 (jdk.proxy3)
1855:            17            272  org.opensearch.cluster.NodeConnectionsService$ConnectionTarget$2
1856:            17            272  org.opensearch.transport.TransportActionProxy$$Lambda/0x00007fcd28ddeae0
1857:            17            272  org.opensearch.transport.TransportActionProxy$$Lambda/0x00007fcd28ddef30
1858:            17            272  sun.security.x509.CertificatePolicyId (java.base@21.0.3)
1859:            11            264  com.fasterxml.jackson.annotation.JsonFormat$Feature
1860:            11            264  com.fasterxml.jackson.annotation.JsonFormat$Shape
1861:            11            264  com.fasterxml.jackson.annotation.JsonFormat$Shape
1862:            11            264  com.fasterxml.jackson.annotation.JsonFormat$Shape
1863:            11            264  io.protostuff.runtime.ArraySchemas$PojoArray$1
1864:            11            264  java.lang.invoke.MethodHandleImpl$Intrinsic (java.base@21.0.3)
1865:            11            264  java.util.regex.Pattern$$Lambda/0x00007fcd282ee200 (java.base@21.0.3)
1866:            11            264  org.apache.logging.log4j.Level
1867:            11            264  org.apache.logging.log4j.core.util.datetime.FastDateParser$StrategyAndWidth
1868:            11            264  org.apache.lucene.search.ConstantScoreQuery
1869:            11            264  org.bouncycastle.jcajce.provider.asymmetric.ec.KeyFactorySpi$EC
1870:            11            264  org.opensearch.common.inject.internal.MoreTypes$ParameterizedTypeImpl
1871:            11            264  org.opensearch.common.settings.Setting$Property
1872:            11            264  org.opensearch.timeseries.util.SecurityClientUtil
1873:            11            264  org.yaml.snakeyaml.events.Event$ID
1874:             2            256  [Lcom.fasterxml.jackson.databind.DeserializationFeature;
1875:             5            256  [Lcom.fasterxml.jackson.databind.cfg.CoercionAction;
1876:             2            256  [Lio.protostuff.runtime.Field;
1877:             8            256  [Lorg.opensearch.monitor.jvm.JvmStats$GarbageCollector;
1878:             2            256  com.google.common.cache.LocalCache
1879:            16            256  io.netty.buffer.PoolThreadCache$FreeOnFinalize
1880:            16            256  io.netty.channel.nio.NioEventLoop$1
1881:            16            256  io.netty.util.concurrent.SingleThreadEventExecutor$4
1882:             1            256  io.protostuff.runtime.DefaultIdStrategy
1883:             8            256  java.math.RoundingMode (java.base@21.0.3)
1884:            16            256  java.nio.channels.spi.AbstractSelector$1 (java.base@21.0.3)
1885:             8            256  java.security.cert.PolicyQualifierInfo (java.base@21.0.3)
1886:             8            256  java.util.Random (java.base@21.0.3)
1887:             8            256  joptsimple.OptionSpecBuilder
1888:             8            256  org.apache.logging.log4j.spi.StandardLevel
1889:            16            256  org.bouncycastle.jcajce.provider.asymmetric.compositesignatures.KeyFactorySpi
1890:            16            256  org.opensearch.common.settings.Setting$$Lambda/0x00007fcd280bec58
1891:            16            256  org.opensearch.common.settings.Setting$$Lambda/0x00007fcd283967c8
1892:             8            256  org.opensearch.common.settings.Setting$GroupSetting$1
1893:            16            256  org.opensearch.common.settings.Setting$MemorySizeValueParser
1894:             8            256  org.opensearch.knn.index.MethodComponent
1895:            16            256  org.opensearch.knn.plugin.stats.suppliers.KNNCounterSupplier
1896:             4            256  org.opensearch.monitor.fs.FsInfo$Path
1897:            16            256  org.opensearch.rest.action.admin.cluster.RestNodesStatsAction$$Lambda/0x00007fcd28fc5f20
1898:            16            256  org.opensearch.rest.action.admin.indices.RestIndicesStatsAction$$Lambda/0x00007fcd28fcaef0
1899:            16            256  org.opensearch.search.SearchModule$$Lambda/0x00007fcd28848218
1900:             8            256  org.opensearch.security.securityconf.impl.v7.ConfigV7$AuthcDomain
1901:            16            256  org.opensearch.sql.expression.function.FunctionDSL$$Lambda/0x00007fcd28b30218
1902:            16            256  org.opensearch.sql.expression.function.FunctionDSL$$Lambda/0x00007fcd28b494c0
1903:            16            256  org.opensearch.sql.spark.config.SparkExecutionEngineConfigSupplierImpl
1904:            16            256  org.opensearch.transport.ClusterConnectionManager$$Lambda/0x00007fcd2918db58
1905:            16            256  org.opensearch.transport.TcpTransport$ChannelsConnectedListener$$Lambda/0x00007fcd29105fa8
1906:            16            256  org.opensearch.transport.TcpTransport$ChannelsConnectedListener$$Lambda/0x00007fcd29106c68
1907:            16            256  org.opensearch.transport.TransportHandshaker$$Lambda/0x00007fcd29107c38
1908:             8            256  sun.security.ssl.EphemeralKeyManager$EphemeralKeyPair (java.base@21.0.3)
1909:             1            248  org.opensearch.search.DefaultSearchContext
1910:             2            240  [Lcom.fasterxml.jackson.databind.SerializationFeature;
1911:             2            240  [Lcom.fasterxml.jackson.databind.SerializationFeature;
1912:             2            240  [Lcom.fasterxml.jackson.databind.SerializationFeature;
1913:             5            240  [Ljava.lang.invoke.LambdaForm$NamedFunction; (java.base@21.0.3)
1914:             3            240  [Ljava.time.ZoneOffset; (java.base@21.0.3)
1915:             6            240  com.fasterxml.jackson.core.StreamReadFeature
1916:             6            240  com.fasterxml.jackson.core.json.JsonWriteFeature
1917:            10            240  com.fasterxml.jackson.databind.cfg.CoercionInputShape
1918:            10            240  com.fasterxml.jackson.databind.cfg.CoercionInputShape
1919:            10            240  com.fasterxml.jackson.databind.cfg.CoercionInputShape
1920:             5            240  com.fasterxml.jackson.databind.introspect.BasicBeanDescription
1921:             5            240  com.fasterxml.jackson.databind.introspect.BasicBeanDescription
1922:             5            240  com.fasterxml.jackson.databind.introspect.BasicBeanDescription
1923:             5            240  com.google.common.collect.HashBiMap$BiEntry
1924:            15            240  com.google.common.collect.SingletonImmutableSet
1925:             5            240  com.google.common.io.BaseEncoding$Alphabet
1926:             5            240  com.sun.jna.internal.Cleaner$CleanerRef
1927:             6            240  io.protostuff.runtime.RuntimeReflectionFieldFactory$8$1
1928:             6            240  java.io.BufferedWriter (java.base@21.0.3)
1929:             6            240  java.lang.invoke.LambdaForm$BasicType (java.base@21.0.3)
1930:            10            240  java.nio.charset.CoderResult (java.base@21.0.3)
1931:            10            240  java.nio.file.StandardOpenOption (java.base@21.0.3)
1932:            10            240  java.security.CryptoPrimitive (java.base@21.0.3)
1933:            10            240  java.security.PermissionsHash (java.base@21.0.3)
1934:             3            240  java.util.regex.Matcher (java.base@21.0.3)
1935:            10            240  javax.management.MBeanServerPermissionCollection (java.management@21.0.3)
1936:            10            240  kotlin.SynchronizedLazyImpl
1937:             5            240  org.apache.logging.log4j.core.appender.rolling.RollingFileManager$EmptyQueue
1938:             6            240  org.apache.logging.log4j.core.pattern.ExtendedThrowablePatternConverter
1939:             6            240  org.apache.lucene.backward_codecs.lucene50.Lucene50TermVectorsFormat
1940:            10            240  org.apache.lucene.search.DocValuesFieldExistsQuery
1941:            10            240  org.apache.lucene.search.SortField$Type
1942:             6            240  org.apache.lucene.util.packed.PackedLongValues
1943:             5            240  org.jcodings.util.BytesHash$BytesHashEntry
1944:            15            240  org.opensearch.action.support.broadcast.node.TransportBroadcastByNodeAction$$Lambda/0x00007fcd28ddfcb8
1945:            15            240  org.opensearch.action.support.broadcast.node.TransportBroadcastByNodeAction$BroadcastByNodeTransportRequestHandler
1946:            15            240  org.opensearch.action.support.single.shard.TransportSingleShardAction$ShardTransportHandler
1947:             6            240  org.opensearch.ad.indices.ADIndex
1948:            15            240  org.opensearch.alerting.transport.SecureTransportAction$DefaultImpls$$Lambda/0x00007fcd28dfc200
1949:             6            240  org.opensearch.forecast.indices.ForecastIndex
1950:             6            240  org.opensearch.index.query.MultiMatchQueryBuilder$Type
1951:             5            240  org.opensearch.knn.index.codec.KNNCodecVersion
1952:            10            240  org.opensearch.performanceanalyzer.commons.stats.eval.impl.Count
1953:             3            240  org.opensearch.search.aggregations.bucket.terms.TermsAggregationBuilder
1954:             5            240  org.opensearch.search.aggregations.support.ValuesSourceConfig
1955:            15            240  org.opensearch.security.dlic.rest.api.AbstractApiAction$$Lambda/0x00007fcd28fc3d30
1956:            10            240  org.opensearch.security.dlic.rest.api.RequestHandler$RequestHandlersBuilder$$Lambda/0x00007fcd28fe8440
1957:            10            240  org.opensearch.timeseries.settings.DynamicNumericSetting$$Lambda/0x00007fcd289c6ba8
1958:            10            240  org.opensearch.timeseries.stats.suppliers.IndexStatusSupplier
1959:            15            240  sun.invoke.util.ValueConversions$WrapperCache (java.base@21.0.3)
1960:             6            240  sun.security.ssl.SSLKeyExchange$T12KeyAgreement (java.base@21.0.3)
1961:             3            240  sun.text.DictionaryBasedBreakIterator (java.base@21.0.3)
1962:             8            224  [Lorg.apache.lucene.search.BooleanClause;
1963:             4            224  com.google.common.collect.DenseImmutableTable
1964:             7            224  com.sun.jmx.mbeanserver.DefaultMXBeanMappingFactory$CollectionMapping (java.management@21.0.3)
1965:             7            224  java.io.FileOutputStream (java.base@21.0.3)
1966:             7            224  java.lang.System$Logger$Level (java.base@21.0.3)
1967:            14            224  java.security.spec.MGF1ParameterSpec (java.base@21.0.3)
1968:             4            224  javax.management.openmbean.OpenMBeanOperationInfoSupport (java.management@21.0.3)
1969:            14            224  jdk.proxy4.$Proxy25 (jdk.proxy4)
1970:             7            224  org.apache.lucene.analysis.pt.RSLPStemmerBase$Step
1971:             7            224  org.apache.lucene.analysis.standard.StandardAnalyzer
1972:            14            224  org.apache.lucene.backward_codecs.lucene90.Lucene90PostingsFormat
1973:            14            224  org.opensearch.common.settings.Setting$$Lambda/0x00007fcd281e5150
1974:            14            224  org.opensearch.common.settings.Setting$$Lambda/0x00007fcd28442b50
1975:            14            224  org.opensearch.core.xcontent.AbstractObjectParser$$Lambda/0x00007fcd284bc000
1976:            14            224  org.opensearch.sql.legacy.metrics.BasicCounter
1977:            14            224  org.opensearch.timeseries.stats.suppliers.CounterSupplier
1978:             7            224  sun.security.rsa.RSACore$BlindingParameters (java.base@21.0.3)
1979:            14            224  sun.security.x509.CertificateAlgorithmId (java.base@21.0.3)
1980:            14            224  sun.security.x509.CertificateSerialNumber (java.base@21.0.3)
1981:            14            224  sun.security.x509.CertificateVersion (java.base@21.0.3)
1982:            14            224  sun.security.x509.CertificateX509Key (java.base@21.0.3)
1983:            14            224  sun.security.x509.SerialNumber (java.base@21.0.3)
1984:             9            216  java.lang.reflect.AccessFlag$Location (java.base@21.0.3)
1985:             9            216  java.nio.file.attribute.PosixFilePermission (java.base@21.0.3)
1986:             9            216  java.time.ZoneOffset (java.base@21.0.3)
1987:             9            216  java.util.concurrent.Executors$DefaultThreadFactory (java.base@21.0.3)
1988:             9            216  org.apache.lucene.analysis.in.IndicNormalizer$ScriptData
1989:             9            216  org.opensearch.action.bulk.BackoffPolicy$ConstantBackoff
1990:             9            216  org.opensearch.knn.index.codec.KNN80Codec.KNN80DocValuesFormat
1991:             9            216  org.opensearch.rest.RestRequest$Method
1992:             9            216  org.opensearch.search.asynchronous.context.state.AsynchronousSearchState
1993:             3            216  org.opensearch.security.compliance.ComplianceConfig
1994:             9            216  org.opensearch.security.dlic.rest.api.RequestHandler$RequestHandlersBuilder$$Lambda/0x00007fcd28fe9420
1995:             9            216  org.opensearch.transport.TransportRequestOptions
1996:             3            216  sun.security.provider.NativePRNG$RandomIO (java.base@21.0.3)
1997:             9            216  sun.security.util.SafeDHParameterSpec (java.base@21.0.3)
1998:             9            216  sun.security.x509.Extension (java.base@21.0.3)
1999:             1            208  [Lorg.opensearch.core.rest.RestStatus;
2000:             2            208  com.fasterxml.jackson.dataformat.yaml.YAMLFactory
2001:            13            208  java.text.NumberFormat$Field (java.base@21.0.3)
2002:            13            208  kotlinx.coroutines.internal.ContextScope
2003:             2            208  org.apache.lucene.analysis.cjk.CJKBigramFilter
2004:            13            208  org.apache.lucene.backward_codecs.lucene90.Lucene90SegmentInfoFormat
2005:             2            208  org.bouncycastle.jce.provider.BouncyCastleProvider
2006:            13            208  org.opensearch.action.support.single.shard.TransportSingleShardAction$TransportHandler
2007:            13            208  org.opensearch.common.settings.Setting$GroupKey
2008:             2            208  org.opensearch.common.util.concurrent.PrioritizedOpenSearchThreadPoolExecutor
2009:            13            208  org.opensearch.plugins.SearchPlugin$AggregationSpec$$Lambda/0x00007fcd287bf270
2010:             2            208  org.opensearch.transport.CopyBytesServerSocketChannel
2011:             2            208  sun.security.provider.Sun (java.base@21.0.3)
2012:             2            200  [Ljava.text.DateFormat$Field; (java.base@21.0.3)
2013:             5            200  com.fasterxml.jackson.core.JsonEncoding
2014:             5            200  com.fasterxml.jackson.databind.cfg.ConfigOverrides
2015:             5            200  io.netty.util.internal.ObjectPool$RecyclerObjectPool$1
2016:             5            200  java.lang.ExceptionInInitializerError (java.base@21.0.3)
2017:             5            200  java.lang.UnsupportedOperationException (java.base@21.0.3)
2018:             5            200  javax.management.MBeanPermission (java.management@21.0.3)
2019:             5            200  org.apache.logging.log4j.core.appender.rolling.DefaultRolloverStrategy
2020:             5            200  org.opensearch.client.OriginSettingClient
2021:             5            200  org.opensearch.cluster.metadata.IndexMetadata$APIBlock
2022:             5            200  org.opensearch.common.settings.Setting$$Lambda/0x00007fcd2854e1a0
2023:             5            200  org.opensearch.common.settings.Setting$$Lambda/0x00007fcd2854e870
2024:             5            200  org.opensearch.common.util.BigArrays$LongArrayWrapper
2025:             1            200  org.opensearch.indices.IndicesService
2026:             5            200  sun.security.ssl.CipherSuite$MacAlg (java.base@21.0.3)
2027:             5            200  sun.security.ssl.ContentType (java.base@21.0.3)
2028:             5            200  sun.util.calendar.Era (java.base@21.0.3)
2029:             5            200  sun.util.locale.provider.LocaleProviderAdapter$Type (java.base@21.0.3)
2030:             8            192  [Ljava.util.concurrent.ConcurrentHashMap$CounterCell; (java.base@21.0.3)
2031:             2            192  [Lorg.opensearch.ml.common.FunctionName;
2032:            12            192  com.fasterxml.jackson.databind.node.IntNode
2033:             6            192  com.fasterxml.jackson.databind.util.EnumValues
2034:             6            192  com.fasterxml.jackson.dataformat.smile.SmileGenerator$Feature
2035:            12            192  com.google.common.collect.RegularImmutableList
2036:             4            192  com.google.common.collect.SingletonImmutableBiMap
2037:             8            192  com.google.gson.internal.bind.TypeAdapters$31
2038:             8            192  com.sun.management.VMOption$Origin (jdk.management@21.0.3)
2039:            12            192  io.github.resilience4j.retry.internal.RetryImpl$RetryMetrics
2040:             8            192  io.netty.util.internal.ThreadExecutorMap$1
2041:             6            192  io.protostuff.runtime.ArraySchemas$DoubleArray
2042:             8            192  java.io.ObjectStreamClass$FieldReflectorKey (java.base@21.0.3)
2043:             4            192  java.io.PrintStream (java.base@21.0.3)
2044:            12            192  java.lang.ClassValue$Identity (java.base@21.0.3)
2045:             2            192  java.lang.invoke.BoundMethodHandle$Species_LLLLLLLLLLLLLLL (java.base@21.0.3)
2046:             6            192  java.lang.invoke.VarHandleByteArrayAsInts$ArrayHandle (java.base@21.0.3)
2047:             3            192  java.nio.DirectByteBufferR (java.base@21.0.3)
2048:             3            192  java.text.DateFormatSymbols (java.base@21.0.3)
2049:             3            192  java.text.SimpleDateFormat (java.base@21.0.3)
2050:             6            192  java.time.format.TextStyle (java.base@21.0.3)
2051:             8            192  java.util.Collections$SynchronizedCollection (java.base@21.0.3)
2052:             4            192  java.util.concurrent.locks.ReentrantReadWriteLock$FairSync (java.base@21.0.3)
2053:            12            192  java.util.function.Predicate$$Lambda/0x00007fcd284e8820 (java.base@21.0.3)
2054:             6            192  javax.management.MBeanConstructorInfo (java.management@21.0.3)
2055:             6            192  javax.management.StandardEmitterMBean (java.management@21.0.3)
2056:            12            192  jdk.proxy4.$Proxy47 (jdk.proxy4)
2057:             6            192  org.apache.logging.log4j.core.appender.DefaultErrorHandler
2058:             8            192  org.apache.logging.log4j.core.appender.rolling.RolloverFrequency
2059:             6            192  org.apache.logging.log4j.core.config.AwaitCompletionReliabilityStrategy
2060:             6            192  org.apache.logging.log4j.core.layout.StringBuilderEncoder
2061:             4            192  org.apache.logging.log4j.core.lookup.ConfigurationStrSubstitutor
2062:             6            192  org.apache.lucene.analysis.CharacterUtils$CharacterBuffer
2063:             3            192  org.apache.lucene.analysis.pattern.PatternTokenizer
2064:             8            192  org.apache.lucene.index.MergeTrigger
2065:            12            192  org.apache.lucene.util.packed.PackedInts$NullReader
2066:             6            192  org.bouncycastle.jcajce.provider.config.ProviderConfigurationPermission
2067:             6            192  org.opensearch.Build$Type
2068:             6            192  org.opensearch.action.search.SearchPhaseName
2069:             3            192  org.opensearch.cluster.ClusterState
2070:             1            192  org.opensearch.cluster.coordination.Coordinator
2071:             6            192  org.opensearch.cluster.routing.UnassignedInfo$AllocationStatus
2072:             6            192  org.opensearch.common.Priority
2073:             6            192  org.opensearch.common.util.BigArrays
2074:            12            192  org.opensearch.core.xcontent.ObjectParser$$Lambda/0x00007fcd284bcb40
2075:             6            192  org.opensearch.index.IndexModule$Type
2076:            12            192  org.opensearch.index.analysis.PreConfiguredTokenizer$$Lambda/0x00007fcd2869fa80
2077:             6            192  org.opensearch.indices.recovery.RecoveryState$Stage
2078:             8            192  org.opensearch.monitor.jvm.JvmStats$Threads
2079:             6            192  org.opensearch.repositories.blobstore.ChecksumBlobStoreFormat
2080:             3            192  org.opensearch.search.aggregations.bucket.terms.TermsAggregatorFactory
2081:             3            192  org.opensearch.security.auditlog.config.AuditConfig$Filter
2082:             8            192  org.opensearch.security.securityconf.impl.v7.ConfigV7$AuthcBackend
2083:             8            192  org.opensearch.security.securityconf.impl.v7.ConfigV7$HttpAuthenticator
2084:             6            192  org.opensearch.sql.analysis.Analyzer
2085:             8            192  org.opensearch.sql.opensearch.executor.OpenSearchExecutionEngine
2086:            12            192  org.opensearch.sql.opensearch.monitor.OpenSearchMemoryHealthy$MemoryUsage
2087:            12            192  org.opensearch.sql.opensearch.monitor.OpenSearchMemoryHealthy$RandomFail
2088:             6            192  org.opensearch.sql.spark.execution.session.SessionManager
2089:            12            192  org.opensearch.timeseries.ratelimit.RateLimitedRequestWorker$$Lambda/0x00007fcd28a113f8
2090:             3            192  sun.security.rsa.RSAPrivateCrtKeyImpl (java.base@21.0.3)
2091:             6            192  sun.security.ssl.X509Authentication (java.base@21.0.3)
2092:            12            192  sun.util.logging.internal.LoggingProviderImpl$JULWrapper (java.logging@21.0.3)
2093:             3            184  [Lkotlin.annotation.AnnotationTarget;
2094:             3            184  [Lkotlin.annotation.AnnotationTarget;
2095:             6            176  [Lorg.apache.logging.log4j.core.pattern.FormattingInfo;
2096:             5            176  [[Ljava.lang.Object; (java.base@21.0.3)
2097:             2            176  java.lang.invoke.BoundMethodHandle$Species_LLLLLLLLLLLLL (java.base@21.0.3)
2098:            11            176  jdk.proxy9.$Proxy40 (jdk.proxy9)
2099:             1            176  org.apache.commons.pool2.impl.GenericObjectPool
2100:            11            176  org.apache.logging.log4j.core.config.AppenderControlArraySet
2101:             1            176  org.apache.logging.log4j.core.config.properties.PropertiesConfiguration
2102:            11            176  org.apache.logging.log4j.core.util.datetime.FastDateParser$NumberStrategy
2103:             2            176  org.apache.lucene.analysis.th.ThaiTokenizer
2104:            11            176  org.opensearch.action.support.replication.TransportReplicationAction$$Lambda/0x00007fcd28db7660
2105:            11            176  org.opensearch.action.support.replication.TransportReplicationAction$$Lambda/0x00007fcd28db7cc0
2106:            11            176  org.opensearch.action.support.replication.TransportReplicationAction$$Lambda/0x00007fcd28dbc000
2107:            11            176  org.opensearch.action.support.replication.TransportReplicationAction$$Lambda/0x00007fcd28dbc220
2108:            11            176  org.opensearch.action.support.replication.TransportReplicationAction$$Lambda/0x00007fcd28dbc450
2109:            11            176  org.opensearch.cluster.routing.RoutingNode$BucketedShards
2110:            11            176  org.opensearch.common.settings.Setting$$Lambda/0x00007fcd283948c8
2111:            11            176  org.opensearch.core.xcontent.ToXContent$MapParams
2112:             1            176  org.opensearch.index.search.stats.SearchStats$Stats
2113:             2            176  org.opensearch.monitor.fs.FsInfo$IoStats
2114:            11            176  org.opensearch.plugins.SearchPlugin$PipelineAggregationSpec$$Lambda/0x00007fcd28847118
2115:             2            176  sun.nio.ch.ServerSocketChannelImpl (java.base@21.0.3)
2116:            11            176  sun.security.provider.NativePRNG (java.base@21.0.3)
2117:             5            168  [Lcom.fasterxml.jackson.databind.ser.impl.PropertySerializerMap$TypeAndSerializer;
2118:             1            168  [Lorg.apache.lucene.analysis.lv.LatvianStemmer$Affix;
2119:             1            168  [Lorg.bouncycastle.crypto.CryptoServiceProperties;
2120:             1            168  [Lorg.opensearch.knn.plugin.stats.StatNames;
2121:             1            168  [[Ljava.math.BigInteger; (java.base@21.0.3)
2122:             7            168  com.fasterxml.jackson.annotation.JsonInclude$Include
2123:             7            168  com.fasterxml.jackson.annotation.JsonInclude$Include
2124:             7            168  com.fasterxml.jackson.annotation.JsonInclude$Include
2125:             7            168  com.fasterxml.jackson.annotation.PropertyAccessor
2126:             7            168  com.fasterxml.jackson.annotation.PropertyAccessor
2127:             3            168  com.fasterxml.jackson.core.util.DefaultPrettyPrinter
2128:             3            168  com.fasterxml.jackson.databind.deser.std.EnumDeserializer
2129:             3            168  com.fasterxml.jackson.databind.type.ResolvedRecursiveType
2130:             7            168  com.fasterxml.jackson.databind.util.CompactStringObjectMap
2131:             3            168  com.sun.jna.NativeLibrary
2132:             7            168  io.protostuff.runtime.ArraySchemas$DoubleArray$1
2133:             7            168  java.io.OutputStreamWriter (java.base@21.0.3)
2134:             7            168  java.security.cert.CertPathValidatorException$BasicReason (java.base@21.0.3)
2135:             7            168  java.time.DayOfWeek (java.base@21.0.3)
2136:             7            168  javax.naming.ldap.Rdn$RdnEntry (java.naming@21.0.3)
2137:             7            168  jdk.net.ExtendedSocketOptions$ExtSocketOption (jdk.net@21.0.3)
2138:             7            168  kotlinx.coroutines.JobImpl
2139:             3            168  org.apache.lucene.store.ByteBuffersDataOutput
2140:             7            168  org.bouncycastle.asn1.ASN1Tag
2141:             1            168  org.joni.Regex
2142:             7            168  org.opensearch.cluster.DiffableUtils$DiffableValueReader
2143:             3            168  org.opensearch.cluster.node.DiscoveryNodes
2144:             7            168  org.opensearch.common.ExponentiallyWeightedMovingAverage
2145:             3            168  org.opensearch.common.util.LongLongHash
2146:             7            168  org.opensearch.index.analysis.PreBuiltAnalyzerProviderFactory$PreBuiltAnalyzersDelegateCache
2147:             7            168  org.opensearch.indices.IndicesQueryCache$CachingWeightWrapper
2148:             7            168  org.opensearch.ml.stats.MLClusterLevelStat
2149:             7            168  org.opensearch.performanceanalyzer.commons.stats.eval.Statistics
2150:             7            168  org.opensearch.replication.task.ReplicationState
2151:             7            168  org.opensearch.securityanalytics.model.LogType$IocFields
2152:             7            168  org.opensearch.sql.planner.optimizer.rule.read.TableScanPushDown
2153:             7            168  org.opensearch.sql.spark.execution.statestore.OpenSearchSessionStorageService
2154:             7            168  org.opensearch.sql.spark.execution.statestore.OpenSearchStatementStorageService
2155:             7            168  org.yaml.snakeyaml.scanner.Constant
2156:             3            168  sun.security.ssl.SSLContextImpl$TLSContext (java.base@21.0.3)
2157:             7            168  sun.security.x509.NetscapeCertTypeExtension$MapEntry (java.base@21.0.3)
2158:             3            160  [Ljava.util.logging.Level; (java.logging@21.0.3)
2159:             5            160  [Lorg.apache.logging.log4j.core.pattern.ArrayPatternConverter;
2160:             2            160  [Lorg.opensearch.action.admin.indices.stats.CommonStatsFlags$Flag;
2161:             5            160  [Lorg.opensearch.security.securityconf.impl.DashboardSignInOption;
2162:             1            160  [Lorg.opensearch.sql.legacy.metrics.MetricName;
2163:             4            160  com.fasterxml.jackson.core.Base64Variant
2164:             2            160  com.fasterxml.jackson.core.JsonFactory
2165:             5            160  com.fasterxml.jackson.core.JsonFactory$Feature
2166:             4            160  com.fasterxml.jackson.core.StreamReadConstraints
2167:             5            160  com.fasterxml.jackson.databind.cfg.CoercionConfigs
2168:             4            160  com.fasterxml.jackson.databind.cfg.ConfigOverrides
2169:             5            160  com.fasterxml.jackson.databind.cfg.JsonNodeFeature
2170:             5            160  com.fasterxml.jackson.databind.cfg.JsonNodeFeature
2171:             5            160  com.fasterxml.jackson.databind.ser.impl.PropertySerializerMap$Double
2172:             2            160  com.google.common.cache.LocalCache$Segment
2173:            10            160  com.google.common.cache.LocalCache$StrongValueReference
2174:             4            160  com.google.common.collect.DenseImmutableTable$ColumnMap
2175:             4            160  com.google.common.collect.DenseImmutableTable$RowMap
2176:             5            160  io.netty.handler.logging.LogLevel
2177:             4            160  io.protostuff.runtime.RuntimeReflectionFieldFactory$5$1
2178:             4            160  java.lang.StackWalker (java.base@21.0.3)
2179:             5            160  java.lang.invoke.VarHandle$AccessType (java.base@21.0.3)
2180:             4            160  java.text.DigitList (java.base@21.0.3)
2181:             5            160  java.time.format.DateTimeFormatterBuilder$TextPrinterParser (java.base@21.0.3)
2182:             2            160  java.util.concurrent.ScheduledThreadPoolExecutor (java.base@21.0.3)
2183:            10            160  jdk.proxy10.$Proxy41 (jdk.proxy10)
2184:            10            160  kotlinx.coroutines.internal.Symbol
2185:             5            160  org.apache.logging.log4j.core.appender.rolling.SizeBasedTriggeringPolicy
2186:             4            160  org.apache.logging.log4j.core.config.Node
2187:             5            160  org.apache.logging.log4j.core.lookup.Interpolator
2188:            10            160  org.apache.logging.log4j.core.lookup.SystemPropertiesLookup
2189:             5            160  org.apache.logging.log4j.core.util.Log4jThreadFactory
2190:             4            160  org.apache.lucene.analysis.ar.ArabicNormalizationFilter
2191:             4            160  org.apache.lucene.analysis.en.EnglishPossessiveFilter
2192:             4            160  org.apache.lucene.analysis.in.IndicNormalizationFilter
2193:             5            160  org.apache.lucene.search.ScoreMode
2194:             4            160  org.apache.lucene.search.SortField
2195:             5            160  org.apache.lucene.store.IOContext
2196:             4            160  org.apache.lucene.store.RateLimiter$SimpleRateLimiter
2197:             2            160  org.apache.lucene.util.fst.FST$Arc
2198:             4            160  org.bouncycastle.crypto.params.DHParameters
2199:             4            160  org.joni.NameEntry
2200:             5            160  org.ldaptive.ReturnAttributes
2201:             5            160  org.opensearch.action.DocWriteResponse$Result
2202:            10            160  org.opensearch.action.support.replication.TransportReplicationAction$$Lambda/0x00007fcd28db7880
2203:            10            160  org.opensearch.action.support.replication.TransportReplicationAction$$Lambda/0x00007fcd28db7aa0
2204:             1            160  org.opensearch.ad.ratelimit.ADCheckpointReadWorker
2205:             5            160  org.opensearch.alerting.util.DestinationType
2206:             4            160  org.opensearch.bootstrap.SystemCallFilter$Arch
2207:             5            160  org.opensearch.cluster.metadata.IndexAbstraction$Alias
2208:            10            160  org.opensearch.common.settings.Setting$$Lambda/0x00007fcd280cb338
2209:             4            160  org.opensearch.common.util.TokenBucket
2210:             1            160  org.opensearch.forecast.ratelimit.ForecastCheckpointReadWorker
2211:             5            160  org.opensearch.index.shard.IndexShardState
2212:             5            160  org.opensearch.indices.IndicesRequestCache$Key
2213:            10            160  org.opensearch.indices.analysis.PreBuiltCacheFactory$PreBuiltCacheStrategyOpenSearch
2214:             5            160  org.opensearch.jobscheduler.ScheduledJobProvider
2215:             5            160  org.opensearch.ml.model.MLModelGroupManager
2216:             4            160  org.opensearch.performanceanalyzer.commons.stats.metrics.ExceptionsAndErrors
2217:             5            160  org.opensearch.security.dlic.rest.validation.PasswordValidator$ScoreStrength
2218:            10            160  org.opensearch.sql.executor.pagination.PlanSerializer
2219:            10            160  org.opensearch.sql.opensearch.executor.protector.OpenSearchExecutionProtector
2220:             5            160  org.opensearch.transport.ConnectionProfile$ConnectionTypeHandle
2221:             5            160  org.yaml.snakeyaml.DumperOptions$ScalarStyle
2222:             5            160  sun.security.ssl.NamedGroup$NamedGroupSpec (java.base@21.0.3)
2223:             5            160  sun.security.x509.SubjectAlternativeNameExtension (java.base@21.0.3)
2224:             1            152  [Lcom.fasterxml.jackson.databind.MapperFeature;
2225:             1            152  [Lcom.fasterxml.jackson.databind.MapperFeature;
2226:             1            152  [Lcom.fasterxml.jackson.databind.MapperFeature;
2227:             1            152  [Lsun.security.ssl.Alert; (java.base@21.0.3)
2228:             1            152  [Lsun.security.ssl.NamedGroup; (java.base@21.0.3)
2229:             2            152  [[Ljava.lang.String; (java.base@21.0.3)
2230:             1            152  org.opensearch.alerting.transport.TransportDocLevelMonitorFanOutAction
2231:             1            152  org.opensearch.http.netty4.ssl.SecureNetty4HttpServerTransport
2232:             1            144  [Ljava.lang.invoke.VarHandle$AccessMode; (java.base@21.0.3)
2233:             2            144  [Ljava.math.BigDecimal; (java.base@21.0.3)
2234:             6            144  [Ljava.security.CodeSigner; (java.base@21.0.3)
2235:             6            144  [Ljava.util.concurrent.atomic.Striped64$Cell; (java.base@21.0.3)
2236:             3            144  [Lorg.bouncycastle.asn1.ASN1ObjectIdentifier;
2237:             2            144  [Lorg.opensearch.performanceanalyzer.commons.stats.metrics.CollectorMetrics;
2238:             6            144  com.fasterxml.jackson.annotation.JsonAutoDetect$Visibility
2239:             6            144  com.fasterxml.jackson.annotation.JsonAutoDetect$Visibility
2240:             6            144  com.fasterxml.jackson.annotation.JsonAutoDetect$Visibility
2241:             6            144  com.fasterxml.jackson.core.JsonParser$NumberType
2242:             3            144  com.fasterxml.jackson.databind.ser.std.CollectionSerializer
2243:             9            144  com.google.common.collect.RegularImmutableList
2244:             3            144  com.sun.management.internal.GarbageCollectorExtImpl (jdk.management@21.0.3)
2245:             6            144  java.lang.Thread$State (java.base@21.0.3)
2246:             3            144  java.lang.ThreadGroup (java.base@21.0.3)
2247:             6            144  java.lang.invoke.MethodHandleImpl$BindCaller$InjectedInvokerHolder (java.base@21.0.3)
2248:             3            144  java.time.temporal.JulianFields$Field (java.base@21.0.3)
2249:             6            144  javax.net.ssl.SSLEngineResult$HandshakeStatus (java.base@21.0.3)
2250:             3            144  jdk.internal.foreign.layout.ValueLayouts$OfFloatImpl (java.base@21.0.3)
2251:             3            144  jdk.internal.foreign.layout.ValueLayouts$OfIntImpl (java.base@21.0.3)
2252:             3            144  jdk.internal.foreign.layout.ValueLayouts$OfLongImpl (java.base@21.0.3)
2253:             3            144  jdk.internal.foreign.layout.ValueLayouts$OfShortImpl (java.base@21.0.3)
2254:             6            144  jdk.internal.perf.PerfCounter (java.base@21.0.3)
2255:             6            144  jdk.net.NetworkPermission (jdk.net@21.0.3)
2256:             9            144  jdk.proxy1.$Proxy4 (jdk.proxy1)
2257:             6            144  kotlin.coroutines.CombinedContext
2258:             6            144  kotlinx.coroutines.CoroutineName
2259:             6            144  kotlinx.coroutines.SupervisorJobImpl
2260:             6            144  org.apache.logging.log4j.core.LifeCycle$State
2261:             6            144  org.apache.logging.log4j.core.config.AppenderRef
2262:             1            144  org.apache.logging.log4j.core.config.composite.CompositeConfiguration
2263:             3            144  org.apache.logging.log4j.core.lookup.RuntimeStrSubstitutor
2264:             6            144  org.apache.logging.log4j.core.pattern.MarkerPatternConverter
2265:             3            144  org.apache.logging.log4j.simple.SimpleLogger
2266:             2            144  org.apache.lucene.analysis.classic.ClassicTokenizerImpl
2267:             2            144  org.apache.lucene.analysis.core.WhitespaceTokenizer
2268:             9            144  org.apache.lucene.backward_codecs.lucene50.Lucene50CompoundFormat
2269:             6            144  org.apache.lucene.backward_codecs.lucene80.Lucene80DocValuesFormat
2270:             2            144  org.apache.lucene.backward_codecs.lucene91.Lucene91Codec
2271:             2            144  org.apache.lucene.backward_codecs.lucene92.Lucene92Codec
2272:             2            144  org.apache.lucene.backward_codecs.lucene94.Lucene94Codec
2273:             6            144  org.apache.lucene.backward_codecs.lucene95.Lucene95Codec$1
2274:             6            144  org.apache.lucene.backward_codecs.lucene95.Lucene95Codec$2
2275:             6            144  org.apache.lucene.backward_codecs.lucene95.Lucene95Codec$3
2276:             6            144  org.apache.lucene.backward_codecs.lucene95.Lucene95HnswVectorsFormat
2277:             6            144  org.apache.lucene.document.StoredValue$Type
2278:             6            144  org.apache.lucene.index.DocValuesType
2279:             6            144  org.apache.lucene.search.BooleanWeight$WeightedBooleanClause
2280:             3            144  org.apache.lucene.util.fst.ReadWriteDataOutput
2281:             6            144  org.bouncycastle.pqc.jcajce.provider.dilithium.DilithiumKeyFactorySpi
2282:             6            144  org.bouncycastle.pqc.jcajce.provider.kyber.KyberKeyFactorySpi
2283:             6            144  org.joda.time.format.DateTimeFormatterBuilder$Fraction
2284:             6            144  org.joni.ast.QuantifierNode$ReduceType
2285:             6            144  org.opensearch.action.search.SearchRequestStats$StatsHolder
2286:             6            144  org.opensearch.action.support.ActiveShardsObserver
2287:             6            144  org.opensearch.action.support.IndicesOptions$Option
2288:             6            144  org.opensearch.ad.model.ADTaskType
2289:             1            144  org.opensearch.alerting.MonitorRunnerExecutionContext
2290:             6            144  org.opensearch.client.support.AbstractClient$Admin
2291:             6            144  org.opensearch.cluster.routing.RecoverySource$Type
2292:             3            144  org.opensearch.common.inject.InheritingState
2293:             3            144  org.opensearch.common.inject.InjectorImpl
2294:             6            144  org.opensearch.common.logging.NodeNamePatternConverter
2295:             6            144  org.opensearch.commons.utils.HelpersKt$logger$1
2296:             2            144  org.opensearch.index.IndexingPressure
2297:             9            144  org.opensearch.knn.index.codec.KNN80Codec.KNN80CompoundFormat
2298:             6            144  org.opensearch.ml.common.MLTaskState
2299:             6            144  org.opensearch.ml.stats.MLNodeLevelStat
2300:             6            144  org.opensearch.monitor.jvm.JvmService
2301:             1            144  org.opensearch.performanceanalyzer.commons.collectors.ScheduledMetricCollectorsExecutor
2302:             6            144  org.opensearch.plugins.SearchPlugin$ScoreFunctionSpec
2303:             6            144  org.opensearch.plugins.SearchPlugin$SignificanceHeuristicSpec
2304:             6            144  org.opensearch.rest.RestHandler$DeprecatedRoute
2305:             6            144  org.opensearch.search.aggregations.AggregatorFactories$Builder
2306:             9            144  org.opensearch.search.aggregations.bucket.histogram.DateHistogramInterval
2307:             1            144  org.opensearch.search.builder.SearchSourceBuilder
2308:             1            144  org.opensearch.security.OpenSearchSecurityPlugin
2309:             9            144  org.opensearch.security.dlic.rest.api.RequestHandler$RequestHandlersBuilder$$Lambda/0x00007fcd28fe58a8
2310:             9            144  org.opensearch.securityanalytics.logtype.LogTypeService$$Lambda/0x00007fcd288ade40
2311:             6            144  org.opensearch.sql.analysis.SelectExpressionAnalyzer
2312:             6            144  org.opensearch.sql.executor.QueryService
2313:             6            144  org.opensearch.sql.planner.optimizer.rule.MergeFilterAndFilter
2314:             6            144  org.opensearch.sql.planner.optimizer.rule.PushFilterUnderSort
2315:             6            144  org.opensearch.sql.planner.optimizer.rule.read.CreateTableScanBuilder
2316:             6            144  org.opensearch.sql.planner.optimizer.rule.write.CreateTableWriteBuilder
2317:             3            144  org.opensearch.threadpool.AutoQueueAdjustingExecutorBuilder
2318:             1            144  org.opensearch.threadpool.ThreadPool$CachedTimeThread
2319:             3            144  org.opensearch.timeseries.transport.handler.ResultBulkIndexingHandler
2320:             1            144  org.opensearch.transport.netty4.ssl.SecureNetty4Transport
2321:             1            144  sun.security.pkcs11.SunPKCS11 (jdk.crypto.cryptoki@21.0.3)
2322:             6            144  sun.security.provider.certpath.X509CertPath (java.base@21.0.3)
2323:             6            144  sun.security.util.DisabledAlgorithmConstraints$Constraint$Operator (java.base@21.0.3)
2324:             4            136  [Ljava.lang.CharSequence; (java.base@21.0.3)
2325:             1            136  [Ljava.time.temporal.ChronoField; (java.base@21.0.3)
2326:             6            136  [Lorg.apache.logging.log4j.core.config.AppenderControl;
2327:             6            136  [Lorg.apache.logging.log4j.core.config.AppenderRef;
2328:             1            136  [Lorg.opensearch.core.xcontent.ObjectParser$ValueType;
2329:             6            136  [Lorg.opensearch.search.aggregations.AggregatorFactory;
2330:             3            136  [Lorg.opensearch.search.aggregations.support.ValueType;
2331:             1            136  [Lorg.opensearch.timeseries.stats.StatNames;
2332:             1            136  org.apache.logging.log4j.core.config.NullConfiguration
2333:             1            136  org.opensearch.ad.task.ADTaskManager
2334:             1            136  org.opensearch.search.SearchService
2335:             5            128  [Ljava.net.InetAddress; (java.base@21.0.3)
2336:             2            128  [Ljava.time.Month; (java.base@21.0.3)
2337:             1            128  [Lorg.joni.constants.internal.TokenType;
2338:             2            128  [Lorg.opensearch.ingest.geoip.GeoIpProcessor$Property;
2339:             2            128  [Lsun.security.ssl.SSLSecretDerivation$SecretSchedule; (java.base@21.0.3)
2340:             4            128  com.fasterxml.jackson.annotation.JsonInclude$Value
2341:             4            128  com.fasterxml.jackson.core.StreamReadCapability
2342:             4            128  com.fasterxml.jackson.core.util.Separators$Spacing
2343:             2            128  com.fasterxml.jackson.databind.cfg.BaseSettings
2344:             4            128  com.fasterxml.jackson.databind.cfg.CoercionConfigs
2345:             4            128  com.fasterxml.jackson.databind.cfg.JsonNodeFeature
2346:             4            128  com.fasterxml.jackson.databind.ser.AnyGetterWriter
2347:             1            128  com.google.common.cache.LocalCache
2348:             1            128  com.google.common.cache.LocalCache
2349:             4            128  com.google.common.collect.RegularImmutableSet
2350:             8            128  com.google.gson.TypeAdapter$1
2351:             4            128  com.sun.jmx.mbeanserver.DefaultMXBeanMappingFactory$ArrayMapping (java.management@21.0.3)
2352:             4            128  com.sun.jmx.mbeanserver.DefaultMXBeanMappingFactory$EnumMapping (java.management@21.0.3)
2353:             2            128  com.sun.security.sasl.gsskerb.JdkSASL$ProviderService (jdk.security.jgss@21.0.3)
2354:             2            128  io.netty.bootstrap.ServerBootstrap
2355:             2            128  io.netty.buffer.PooledByteBufAllocator
2356:             2            128  io.netty.buffer.SizeClasses
2357:             8            128  io.netty.channel.nio.NioEventLoop$1
2358:             2            128  io.netty.channel.socket.nio.NioServerSocketChannel$NioServerSocketChannelConfig
2359:             4            128  io.netty.util.AttributeKey
2360:             4            128  io.netty.util.internal.logging.Log4J2Logger
2361:             4            128  java.io.FileInputStream (java.base@21.0.3)
2362:             8            128  java.lang.Float (java.base@21.0.3)
2363:             4            128  java.lang.invoke.VarHandleByteArrayAsDoubles$ArrayHandle (java.base@21.0.3)
2364:             4            128  java.lang.invoke.VarHandleByteArrayAsFloats$ArrayHandle (java.base@21.0.3)
2365:             4            128  java.lang.invoke.VarHandleByteArrayAsShorts$ArrayHandle (java.base@21.0.3)
2366:             4            128  java.lang.module.ModuleDescriptor$Modifier (java.base@21.0.3)
2367:             4            128  java.lang.module.ModuleDescriptor$Requires$Modifier (java.base@21.0.3)
2368:             4            128  java.security.spec.PSSParameterSpec (java.base@21.0.3)
2369:             8            128  java.time.format.DateTimeFormatterBuilder$StringLiteralPrinterParser (java.base@21.0.3)
2370:             4            128  java.util.HexFormat (java.base@21.0.3)
2371:             4            128  java.util.stream.FindOps$FindOp (java.base@21.0.3)
2372:             4            128  jdk.internal.logger.BootstrapLogger$LoggingBackend (java.base@21.0.3)
2373:             1            128  jdk.nio.zipfs.ZipFileSystem (jdk.zipfs@21.0.3)
2374:             8            128  jdk.proxy1.$Proxy10 (jdk.proxy1)
2375:             8            128  jdk.proxy3.$Proxy18 (jdk.proxy3)
2376:             8            128  jdk.proxy4.$Proxy20 (jdk.proxy4)
2377:             2            128  org.apache.lucene.analysis.classic.ClassicTokenizer
2378:             2            128  org.apache.lucene.backward_codecs.lucene87.Lucene87Codec
2379:             4            128  org.bouncycastle.crypto.params.DSAParameters
2380:             4            128  org.objectweb.asm.Handle
2381:             4            128  org.opensearch.action.DocWriteRequest$OpType
2382:             4            128  org.opensearch.action.search.PitService
2383:             4            128  org.opensearch.action.search.ShardStatsFieldNames
2384:             1            128  org.opensearch.ad.ratelimit.ADCheckpointWriteWorker
2385:             1            128  org.opensearch.ad.ratelimit.ADColdStartWorker
2386:             1            128  org.opensearch.ad.ratelimit.ADResultWriteWorker
2387:             4            128  org.opensearch.analysis.common.PatternAnalyzer
2388:             4            128  org.opensearch.cluster.routing.ShardRoutingState
2389:             4            128  org.opensearch.common.geo.ShapeRelation
2390:             4            128  org.opensearch.common.logging.SlowLogLevel
2391:             4            128  org.opensearch.common.util.TokenBucket$State
2392:             2            128  org.opensearch.env.Environment
2393:             1            128  org.opensearch.forecast.ratelimit.ForecastCheckpointWriteWorker
2394:             1            128  org.opensearch.forecast.ratelimit.ForecastColdStartWorker
2395:             1            128  org.opensearch.forecast.ratelimit.ForecastResultWriteWorker
2396:             2            128  org.opensearch.index.engine.Engine$Searcher
2397:             8            128  org.opensearch.index.mapper.NumberFieldMapper$NumberType$$Lambda/0x00007fcd287397e8
2398:             4            128  org.opensearch.index.search.MatchQuery$Type
2399:             4            128  org.opensearch.index.translog.Translog$Operation$Type
2400:             2            128  org.opensearch.indexmanagement.IndexManagementPlugin
2401:             1            128  org.opensearch.ml.plugin.MachineLearningPlugin
2402:             1            128  org.opensearch.monitor.jvm.JvmInfo
2403:             8            128  org.opensearch.monitor.jvm.JvmStats$GarbageCollectors
2404:             4            128  org.opensearch.performanceanalyzer.commons.stats.collectors.SampleAggregator
2405:             4            128  org.opensearch.repositories.s3.ProxySettings$ProxyType
2406:             4            128  org.opensearch.search.aggregations.InternalOrder$SimpleOrder
2407:             2            128  org.opensearch.search.backpressure.SearchBackpressureState
2408:             4            128  org.opensearch.security.auth.AuthDomain
2409:             2            128  org.opensearch.security.dlic.rest.api.RestApiPrivilegesEvaluator
2410:             4            128  org.opensearch.security.securityconf.impl.DashboardSignInOption
2411:             2            128  org.opensearch.security.securityconf.impl.v7.ConfigV7$Dynamic
2412:             1            128  org.opensearch.securityanalytics.indexmanagment.DetectorIndexManagementService
2413:             4            128  org.opensearch.semver.SemverRange$RangeOperator
2414:             4            128  org.opensearch.sql.datasource.model.DataSourceType
2415:             4            128  org.opensearch.sql.spark.flint.operation.FlintIndexOpFactory
2416:             4            128  org.opensearch.threadpool.ThreadPool$ThreadPoolType
2417:             2            128  org.opensearch.timeseries.MemoryTracker
2418:             4            128  org.opensearch.timeseries.model.EntityProfileName
2419:             8            128  org.opensearch.timeseries.ratelimit.ConcurrentWorker$$Lambda/0x00007fcd28a11628
2420:             2            128  sun.security.jgss.SunProvider$ProviderService (java.security.jgss@21.0.3)
2421:             4            128  sun.security.ssl.Finished$VerifyDataScheme (java.base@21.0.3)
2422:             4            128  sun.security.ssl.SSLTrafficKeyDerivation (java.base@21.0.3)
2423:             4            128  sun.security.util.DisabledAlgorithmConstraints (java.base@21.0.3)
2424:             4            128  sun.text.CompactByteArray (java.base@21.0.3)
2425:             3            120  [Ljava.lang.invoke.LambdaForm$BasicType; (java.base@21.0.3)
2426:             3            120  [Ljava.nio.charset.Charset; (java.base@21.0.3)
2427:             5            120  [Lorg.apache.logging.log4j.core.appender.rolling.TriggeringPolicy;
2428:             1            120  [Lorg.apache.lucene.index.TermsEnum;
2429:             1            120  [Lorg.opensearch.action.admin.cluster.node.stats.NodesStatsRequest$Metric;
2430:             3            120  [Lorg.opensearch.index.shard.IndexShardState;
2431:             3            120  [Lorg.opensearch.rest.RestHandler$ReplacedRoute;
2432:             2            120  [Lsun.security.util.ObjectIdentifier; (java.base@21.0.3)
2433:             5            120  com.fasterxml.jackson.annotation.Nulls
2434:             5            120  com.fasterxml.jackson.annotation.Nulls
2435:             5            120  com.fasterxml.jackson.annotation.Nulls
2436:             3            120  com.fasterxml.jackson.databind.PropertyMetadata
2437:             5            120  com.fasterxml.jackson.databind.cfg.MutableCoercionConfig
2438:             5            120  com.fasterxml.jackson.databind.deser.DeserializerCache
2439:             5            120  com.fasterxml.jackson.databind.introspect.SimpleMixInResolver
2440:             5            120  com.fasterxml.jackson.databind.ser.SerializerCache
2441:             5            120  com.fasterxml.jackson.databind.ser.impl.PropertySerializerMap$Multi
2442:             5            120  com.fasterxml.jackson.databind.util.LRUMap
2443:             5            120  com.fasterxml.jackson.databind.util.internal.LinkedDeque
2444:             3            120  com.google.common.collect.RegularImmutableMap
2445:             5            120  com.sun.crypto.provider.DHParameters (java.base@21.0.3)
2446:             3            120  com.sun.jna.Structure$LayoutInfo
2447:             1            120  com.sun.jna.internal.Cleaner$1
2448:             3            120  io.netty.handler.codec.base64.Base64Dialect
2449:             5            120  io.netty.util.Recycler$2
2450:             5            120  io.netty.util.internal.logging.InternalLogLevel
2451:             3            120  java.lang.invoke.VarHandleBooleans$FieldInstanceReadWrite (java.base@21.0.3)
2452:             1            120  java.lang.ref.Finalizer$FinalizerThread (java.base@21.0.3)
2453:             1            120  java.lang.ref.Reference$ReferenceHandler (java.base@21.0.3)
2454:             3            120  java.lang.reflect.ProxyGenerator$ProxyMethod (java.base@21.0.3)
2455:             3            120  java.net.InetAddress$CachedLookup (java.base@21.0.3)
2456:             5            120  java.net.InterfaceAddress (java.base@21.0.3)
2457:             5            120  java.time.ZoneRegion (java.base@21.0.3)
2458:             5            120  java.time.chrono.JapaneseEra (java.base@21.0.3)
2459:             5            120  java.time.format.SignStyle (java.base@21.0.3)
2460:             5            120  java.util.Locale$FilteringMode (java.base@21.0.3)
2461:             5            120  java.util.concurrent.Executors$AutoShutdownDelegatedExecutorService (java.base@21.0.3)
2462:             1            120  java.util.logging.LogManager$Cleaner (java.logging@21.0.3)
2463:             5            120  java.util.stream.StreamOpFlag$Type (java.base@21.0.3)
2464:             5            120  jdk.internal.math.FloatingDecimal$PreparedASCIIToBinaryBuffer (java.base@21.0.3)
2465:             1            120  jdk.internal.misc.InnocuousThread (java.base@21.0.3)
2466:             5            120  kotlinx.coroutines.scheduling.CoroutineScheduler$WorkerState
2467:             5            120  org.apache.logging.log4j.core.appender.rolling.CompositeTriggeringPolicy
2468:             3            120  org.apache.logging.log4j.core.config.ConfigurationSource
2469:             5            120  org.apache.logging.log4j.core.lookup.PropertiesLookup
2470:             5            120  org.apache.logging.log4j.core.pattern.LoggerPatternConverter
2471:             5            120  org.apache.logging.log4j.core.pattern.PatternParser$ParserState
2472:             3            120  org.apache.logging.log4j.core.util.WatchManager
2473:             3            120  org.apache.logging.log4j.core.util.datetime.FixedDateFormat$FixedTimeZoneFormat
2474:             3            120  org.apache.lucene.codecs.lucene90.Lucene90DocValuesProducer$20
2475:             5            120  org.apache.lucene.index.IndexOptions
2476:             5            120  org.apache.lucene.store.ByteArrayDataInput
2477:             5            120  org.bouncycastle.jcajce.provider.asymmetric.ec.KeyFactorySpi$ECMQV
2478:             5            120  org.greenrobot.eventbus.ThreadMode
2479:             3            120  org.opensearch.action.admin.indices.stats.CommonStatsFlags
2480:             1            120  org.opensearch.ad.ratelimit.ADCheckpointMaintainWorker
2481:             1            120  org.opensearch.ad.ratelimit.ADColdEntityWorker
2482:             1            120  org.opensearch.ad.transport.GetAnomalyDetectorTransportAction
2483:             1            120  org.opensearch.bootstrap.Bootstrap$2
2484:             1            120  org.opensearch.bootstrap.Bootstrap$4
2485:             5            120  org.opensearch.cluster.block.ClusterBlockLevel
2486:             5            120  org.opensearch.cluster.block.ClusterBlocks$ImmutableLevelHolder
2487:             5            120  org.opensearch.cluster.routing.allocation.Constraint
2488:             1            120  org.opensearch.common.PidFile$1
2489:             3            120  org.opensearch.common.breaker.ChildMemoryCircuitBreaker
2490:             5            120  org.opensearch.common.cache.ICacheKey
2491:             5            120  org.opensearch.common.unit.Fuzziness
2492:             3            120  org.opensearch.flowframework.indices.FlowFrameworkIndex
2493:             1            120  org.opensearch.forecast.ratelimit.ForecastCheckpointMaintainWorker
2494:             1            120  org.opensearch.forecast.ratelimit.ForecastColdEntityWorker
2495:             1            120  org.opensearch.forecast.transport.GetForecasterTransportAction
2496:             5            120  org.opensearch.index.engine.Engine$Operation$Origin
2497:             5            120  org.opensearch.index.mapper.MetadataFieldMapper$ConfigurableTypeParser
2498:             1            120  org.opensearch.indexmanagement.indexstatemanagement.ManagedIndexCoordinator
2499:             5            120  org.opensearch.knn.index.codec.KNNFormatFacade
2500:             5            120  org.opensearch.ml.stats.suppliers.IndexStatusSupplier
2501:             3            120  org.opensearch.monitor.jvm.JvmGcMonitorService$GcThreshold
2502:             1            120  org.opensearch.node.NodeService
2503:             5            120  org.opensearch.performanceanalyzer.config.setting.PerformanceAnalyzerClusterSettings$PerformanceAnalyzerFeatureBits
2504:             1            120  org.opensearch.search.aggregations.bucket.histogram.DateHistogramAggregator
2505:             5            120  org.opensearch.search.aggregations.bucket.histogram.DateIntervalWrapper$IntervalTypeEnum
2506:             5            120  org.opensearch.search.aggregations.support.FieldContext
2507:             5            120  org.opensearch.security.dlic.rest.api.RequestHandler$RequestHandlersBuilder$$Lambda/0x00007fcd28fe8000
2508:             3            120  org.opensearch.security.user.User
2509:             3            120  org.opensearch.sql.spark.dispatcher.QueryHandlerFactory
2510:             5            120  org.opensearch.sql.spark.flint.OpenSearchFlintIndexStateModelService
2511:             5            120  org.opensearch.tasks.TaskManager$$Lambda/0x00007fcd292e3168
2512:             5            120  org.opensearch.tasks.TaskManager$ChannelPendingTaskTracker
2513:             5            120  org.opensearch.transport.TransportRequestOptions$Type
2514:             3            120  sun.security.ssl.CipherSuite$HashAlg (java.base@21.0.3)
2515:             3            120  sun.security.ssl.SignatureScheme$SigAlgParamSpec (java.base@21.0.3)
2516:             3            120  sun.security.ssl.X509TrustManagerImpl (java.base@21.0.3)
2517:             3            120  sun.util.locale.provider.LocaleResources (java.base@21.0.3)
2518:             7            112  [Ljava.lang.annotation.Annotation; (java.base@21.0.3)
2519:             1            112  [Ljava.lang.reflect.AccessFlag; (java.base@21.0.3)
2520:             2            112  [Ljava.nio.file.attribute.PosixFilePermission; (java.base@21.0.3)
2521:             2            112  [Ljava.security.CryptoPrimitive; (java.base@21.0.3)
2522:             1            112  [Ljava.time.LocalTime; (java.base@21.0.3)
2523:             7            112  [Lorg.apache.logging.log4j.core.config.Property;
2524:             5            112  [Lorg.apache.logging.log4j.core.pattern.NameAbbreviator$PatternAbbreviatorFragment;
2525:             2            112  [Lorg.apache.lucene.search.SortField$Type;
2526:             2            112  [Lorg.opensearch.cluster.ClusterState$Metric;
2527:             2            112  [Lorg.opensearch.core.xcontent.XContentParser$Token;
2528:             1            112  [Lorg.opensearch.performanceanalyzer.commons.metrics.AllMetrics$ShardStatsValue;
2529:             5            112  [Lorg.opensearch.search.aggregations.Aggregator;
2530:             2            112  [Lorg.opensearch.search.asynchronous.context.state.AsynchronousSearchState;
2531:             2            112  [Lorg.opensearch.security.securityconf.impl.CType;
2532:             1            112  [Lorg.opensearch.security.support.ModuleType;
2533:             2            112  [Lorg.opensearch.timeseries.model.ProfileName;
2534:             1            112  [Lorg.yaml.snakeyaml.tokens.Token$ID;
2535:             3            112  [Lsun.invoke.util.ValueConversions$WrapperCache; (java.base@21.0.3)
2536:             2            112  com.google.common.collect.HashBiMap
2537:             2            112  java.nio.DirectIntBufferRU (java.base@21.0.3)
2538:             2            112  java.security.cert.PKIXBuilderParameters (java.base@21.0.3)
2539:             7            112  javax.naming.ldap.Rdn (java.naming@21.0.3)
2540:             7            112  jdk.proxy4.$Proxy24 (jdk.proxy4)
2541:             7            112  kotlinx.coroutines.internal.Symbol
2542:             7            112  kotlinx.coroutines.internal.Symbol
2543:             7            112  kotlinx.coroutines.internal.Symbol
2544:             7            112  org.apache.logging.log4j.core.impl.ThreadContextDataInjector$ForCopyOnWriteThreadContextMap
2545:             2            112  org.apache.lucene.analysis.miscellaneous.StemmerOverrideFilter
2546:             1            112  org.opensearch.action.bulk.TransportShardBulkAction
2547:             1            112  org.opensearch.ad.ml.ADColdStart
2548:             1            112  org.opensearch.ad.transport.ADResultProcessor
2549:             7            112  org.opensearch.cluster.ClusterName
2550:             7            112  org.opensearch.cluster.coordination.CoordinationMetadata$VotingConfiguration
2551:             2            112  org.opensearch.cluster.routing.allocation.DiskThresholdSettings
2552:             7            112  org.opensearch.common.settings.Setting$$Lambda/0x00007fcd2854d468
2553:             2            112  org.opensearch.common.util.BigDoubleArray
2554:             1            112  org.opensearch.forecast.ml.ForecastColdStart
2555:             1            112  org.opensearch.forecast.transport.ForecastRunOnceTransportAction
2556:             7            112  org.opensearch.index.analysis.PreBuiltAnalyzerProviderFactory$$Lambda/0x00007fcd286c7038
2557:             7            112  org.opensearch.index.mapper.MetadataFieldMapper$FixedTypeParser
2558:             1            112  org.opensearch.index.query.QueryShardContext
2559:             1            112  org.opensearch.index.query.QueryStringQueryBuilder
2560:             7            112  org.opensearch.ml.stats.suppliers.CounterSupplier
2561:             1            112  org.opensearch.performanceanalyzer.collectors.telemetry.RTFNodeStatsAllShardsMetricsCollector
2562:             1            112  org.opensearch.replication.action.replay.TransportReplayChangesAction
2563:             7            112  org.opensearch.search.aggregations.BucketCollectorProcessor
2564:             1            112  org.opensearch.search.internal.ShardSearchRequest
2565:             7            112  org.opensearch.security.dlic.rest.api.AbstractApiAction$$Lambda/0x00007fcd28fe5688
2566:             7            112  org.opensearch.sql.spark.execution.session.OpenSearchSessionConfigSupplier
2567:             7            112  org.opensearch.sql.spark.execution.xcontent.SessionModelXContentSerializer
2568:             7            112  org.opensearch.sql.spark.execution.xcontent.StatementModelXContentSerializer
2569:             2            112  org.tartarus.snowball.ext.FinnishStemmer
2570:             2            112  org.tartarus.snowball.ext.RomanianStemmer
2571:             2            112  sun.security.ec.ed.EdDSAParameters (jdk.crypto.ec@21.0.3)
2572:             1            104  [Ljava.lang.reflect.ClassFileFormatVersion; (java.base@21.0.3)
2573:             1            104  [Lorg.apache.logging.log4j.core.util.datetime.FixedDateFormat$FixedFormat;
2574:             1            104  [Lorg.opensearch.sql.common.setting.Settings$Key;
2575:             1            104  [Lsun.security.ssl.SSLHandshake; (java.base@21.0.3)
2576:             1            104  [Lsun.security.ssl.SignatureScheme; (java.base@21.0.3)
2577:             2            104  [Lsun.util.logging.PlatformLogger$Level; (java.base@21.0.3)
2578:             1            104  com.sun.crypto.provider.SunJCE (java.base@21.0.3)
2579:             1            104  com.sun.security.sasl.Provider (java.security.sasl@21.0.3)
2580:             1            104  com.sun.security.sasl.gsskerb.JdkSASL (jdk.security.jgss@21.0.3)
2581:             1            104  java.lang.invoke.BoundMethodHandle$Species_LLLLLLLLLLLLLLLLLL (java.base@21.0.3)
2582:             1            104  jdk.internal.loader.ClassLoaders$AppClassLoader (java.base@21.0.3)
2583:             1            104  jdk.internal.loader.ClassLoaders$BootClassLoader (java.base@21.0.3)
2584:             1            104  jdk.internal.loader.ClassLoaders$PlatformClassLoader (java.base@21.0.3)
2585:             1            104  org.jcp.xml.dsig.internal.dom.XMLDSigRI (java.xml.crypto@21.0.3)
2586:             1            104  org.opensearch.ad.indices.ADIndexManagement
2587:             1            104  org.opensearch.ad.task.ADBatchTaskRunner
2588:             1            104  org.opensearch.forecast.indices.ForecastIndexManagement
2589:             1            104  org.opensearch.index.merge.MergeStats
2590:             1            104  org.opensearch.ml.action.register.TransportRegisterModelAction
2591:             1            104  org.opensearch.securityanalytics.transport.TransportIndexDetectorAction
2592:             1            104  org.opensearch.transport.TransportService
2593:             1            104  sun.security.ec.SunEC (jdk.crypto.ec@21.0.3)
2594:             1            104  sun.security.jca.ProviderList$1 (java.base@21.0.3)
2595:             1            104  sun.security.jgss.SunProvider (java.security.jgss@21.0.3)
2596:             1            104  sun.security.provider.certpath.ldap.JdkLDAP (java.naming@21.0.3)
2597:             1            104  sun.security.rsa.SunRsaSign (java.base@21.0.3)
2598:             1            104  sun.security.smartcardio.SunPCSC (java.smartcardio@21.0.3)
2599:             1            104  sun.security.ssl.SunJSSE (java.base@21.0.3)
2600:             2             96  [Lcom.fasterxml.jackson.annotation.JsonInclude$Include;
2601:             1             96  [Lcom.fasterxml.jackson.core.JsonParser$Feature;
2602:             2             96  [Lcom.google.common.cache.LocalCache$EntryFactory;
2603:             2             96  [Lcom.google.common.cache.LocalCache$EntryFactory;
2604:             2             96  [Lcom.google.common.cache.LocalCache$EntryFactory;
2605:             2             96  [Lcom.google.common.cache.LocalCache$EntryFactory;
2606:             2             96  [Ljava.lang.System$Logger$Level; (java.base@21.0.3)
2607:             2             96  [Ljava.time.DayOfWeek; (java.base@21.0.3)
2608:             2             96  [Ljava.util.concurrent.TimeUnit; (java.base@21.0.3)
2609:             4             96  [Lorg.apache.logging.log4j.Marker;
2610:             3             96  [Lorg.apache.logging.log4j.core.util.datetime.FastDatePrinter$Rule;
2611:             2             96  [Lorg.apache.logging.log4j.spi.StandardLevel;
2612:             2             96  [Lorg.opensearch.search.aggregations.support.CoreValuesSourceType;
2613:             4             96  [Lorg.opensearch.sql.spark.leasemanager.DefaultLeaseManager$Rule;
2614:             4             96  [Lsun.security.ssl.EphemeralKeyManager$EphemeralKeyPair; (java.base@21.0.3)
2615:             1             96  [Lsun.util.locale.BaseLocale; (java.base@21.0.3)
2616:             1             96  [[Ljava.lang.Byte; (java.base@21.0.3)
2617:             4             96  [[Lorg.opensearch.search.aggregations.InternalAggregation;
2618:             4             96  com.fasterxml.jackson.annotation.JsonCreator$Mode
2619:             4             96  com.fasterxml.jackson.annotation.JsonProperty$Access
2620:             1             96  com.fasterxml.jackson.databind.DeserializationConfig
2621:             4             96  com.fasterxml.jackson.databind.cfg.CoercionAction
2622:             4             96  com.fasterxml.jackson.databind.cfg.CoercionAction
2623:             4             96  com.fasterxml.jackson.databind.cfg.CoercionAction
2624:             4             96  com.fasterxml.jackson.databind.cfg.ConstructorDetector
2625:             4             96  com.fasterxml.jackson.databind.cfg.ConstructorDetector$SingleArgConstructor
2626:             4             96  com.fasterxml.jackson.databind.cfg.MutableCoercionConfig
2627:             4             96  com.fasterxml.jackson.databind.deser.DeserializerCache
2628:             4             96  com.fasterxml.jackson.databind.introspect.AnnotationCollector$OneAnnotation
2629:             4             96  com.fasterxml.jackson.databind.introspect.SimpleMixInResolver
2630:             3             96  com.fasterxml.jackson.databind.introspect.VisibilityChecker$Std
2631:             4             96  com.fasterxml.jackson.databind.ser.SerializerCache
2632:             3             96  com.fasterxml.jackson.databind.ser.std.EnumSerializer
2633:             6             96  com.fasterxml.jackson.databind.ser.std.ToStringSerializer
2634:             6             96  com.fasterxml.jackson.databind.ser.std.ToStringSerializer
2635:             6             96  com.fasterxml.jackson.databind.ser.std.ToStringSerializer
2636:             4             96  com.google.common.cache.LocalCache$AccessQueue$1
2637:             6             96  com.google.common.cache.LocalCache$LocalManualCache
2638:             4             96  com.google.common.collect.AbstractIterator$State
2639:             4             96  com.google.common.collect.AbstractIterator$State
2640:             3             96  com.google.common.collect.RegularImmutableSet
2641:             3             96  com.google.common.collect.RegularImmutableSet
2642:             2             96  com.google.common.collect.SingletonImmutableBiMap
2643:             6             96  com.google.common.collect.SingletonImmutableList
2644:             4             96  com.password4j.types.Bcrypt
2645:             3             96  com.sun.jna.NativeLong
2646:             3             96  io.netty.buffer.EmptyByteBuf
2647:             3             96  io.netty.channel.nio.NioEventLoopGroup
2648:             4             96  io.netty.handler.ssl.ApplicationProtocolConfig$Protocol
2649:             2             96  io.netty.handler.ssl.JdkSslServerContext
2650:             4             96  io.netty.util.ResourceLeakDetector$Level
2651:             4             96  java.io.ObjectStreamClass$ExceptionInfo (java.base@21.0.3)
2652:             3             96  java.io.SerializablePermission (java.base@21.0.3)
2653:             3             96  java.lang.Runtime$Version (java.base@21.0.3)
2654:             2             96  java.lang.invoke.MethodHandleImpl$WrappedMember (java.base@21.0.3)
2655:             2             96  java.lang.invoke.VarHandleReferences$FieldStaticReadWrite (java.base@21.0.3)
2656:             4             96  java.lang.module.ModuleDescriptor$Opens (java.base@21.0.3)
2657:             4             96  java.math.MathContext (java.base@21.0.3)
2658:             2             96  java.net.NetworkInterface (java.base@21.0.3)
2659:             4             96  java.nio.file.FileVisitResult (java.base@21.0.3)
2660:             4             96  java.text.Normalizer$Form (java.base@21.0.3)
2661:             3             96  java.text.StringCharacterIterator (java.base@21.0.3)
2662:             2             96  java.time.format.DateTimeFormatterBuilder$FractionPrinterParser (java.base@21.0.3)
2663:             4             96  java.time.format.DateTimeFormatterBuilder$SettingsParser (java.base@21.0.3)
2664:             4             96  java.time.format.FormatStyle (java.base@21.0.3)
2665:             2             96  java.time.zone.ZoneOffsetTransitionRule (java.base@21.0.3)
2666:             2             96  java.util.Locale$Category (java.base@21.0.3)
2667:             3             96  java.util.UUID (java.base@21.0.3)
2668:             3             96  java.util.concurrent.ScheduledThreadPoolExecutor$DelayedWorkQueue (java.base@21.0.3)
2669:             4             96  java.util.regex.Pattern$Qtype (java.base@21.0.3)
2670:             3             96  java.util.stream.Collectors$CollectorImpl (java.base@21.0.3)
2671:             3             96  java.util.stream.MatchOps$MatchKind (java.base@21.0.3)
2672:             4             96  java.util.stream.StreamShape (java.base@21.0.3)
2673:             4             96  javax.management.MBeanTrustPermission (java.management@21.0.3)
2674:             2             96  javax.management.openmbean.TabularType (java.management@21.0.3)
2675:             4             96  javax.net.ssl.SSLContext (java.base@21.0.3)
2676:             4             96  javax.net.ssl.SSLEngineResult$Status (java.base@21.0.3)
2677:             2             96  jdk.internal.foreign.layout.ValueLayouts$OfAddressImpl (java.base@21.0.3)
2678:             2             96  jdk.internal.foreign.layout.ValueLayouts$OfCharImpl (java.base@21.0.3)
2679:             2             96  jdk.internal.foreign.layout.ValueLayouts$OfDoubleImpl (java.base@21.0.3)
2680:             1             96  jdk.internal.jimage.ImageReader$SharedImageReader (java.base@21.0.3)
2681:             6             96  jdk.internal.loader.ClassLoaderValue (java.base@21.0.3)
2682:             3             96  jdk.internal.reflect.MethodHandleShortFieldAccessorImpl (java.base@21.0.3)
2683:             3             96  jdk.internal.util.ClassFileDumper (java.base@21.0.3)
2684:             4             96  jdk.internal.util.OperatingSystem (java.base@21.0.3)
2685:             4             96  jdk.jfr.internal.SecuritySupport$SafePath (jdk.jfr@21.0.3)
2686:             6             96  jdk.proxy4.$Proxy22 (jdk.proxy4)
2687:             4             96  kotlin.SynchronizedLazyImpl
2688:             4             96  kotlinx.coroutines.CoroutineStart
2689:             4             96  kotlinx.coroutines.SupervisorJobImpl
2690:             4             96  org.apache.commons.lang3.tuple.ImmutablePair
2691:             3             96  org.apache.logging.log4j.core.config.ConfigurationScheduler
2692:             6             96  org.apache.logging.log4j.core.layout.PatternLayout$PatternFormatterPatternSerializer
2693:             6             96  org.apache.logging.log4j.core.lookup.JmxRuntimeInputArgumentsLookup
2694:             6             96  org.apache.logging.log4j.core.lookup.MapLookup
2695:             3             96  org.apache.logging.log4j.core.pattern.DatePatternConverter$PatternFormatter
2696:             4             96  org.apache.logging.log4j.core.pattern.NameAbbreviator$PatternAbbreviatorFragment
2697:             3             96  org.apache.lucene.analysis.ar.ArabicAnalyzer
2698:             2             96  org.apache.lucene.analysis.ar.ArabicStemFilter
2699:             3             96  org.apache.lucene.analysis.bg.BulgarianAnalyzer
2700:             2             96  org.apache.lucene.analysis.bg.BulgarianStemFilter
2701:             3             96  org.apache.lucene.analysis.bn.BengaliAnalyzer
2702:             2             96  org.apache.lucene.analysis.bn.BengaliNormalizationFilter
2703:             2             96  org.apache.lucene.analysis.bn.BengaliStemFilter
2704:             3             96  org.apache.lucene.analysis.br.BrazilianAnalyzer
2705:             2             96  org.apache.lucene.analysis.br.BrazilianStemFilter
2706:             3             96  org.apache.lucene.analysis.ca.CatalanAnalyzer
2707:             3             96  org.apache.lucene.analysis.ckb.SoraniAnalyzer
2708:             2             96  org.apache.lucene.analysis.ckb.SoraniStemFilter
2709:             3             96  org.apache.lucene.analysis.cz.CzechAnalyzer
2710:             2             96  org.apache.lucene.analysis.cz.CzechStemFilter
2711:             3             96  org.apache.lucene.analysis.da.DanishAnalyzer
2712:             3             96  org.apache.lucene.analysis.de.GermanAnalyzer
2713:             2             96  org.apache.lucene.analysis.de.GermanLightStemFilter
2714:             2             96  org.apache.lucene.analysis.el.GreekStemFilter
2715:             3             96  org.apache.lucene.analysis.en.EnglishAnalyzer
2716:             2             96  org.apache.lucene.analysis.en.PorterStemFilter
2717:             3             96  org.apache.lucene.analysis.es.SpanishAnalyzer
2718:             2             96  org.apache.lucene.analysis.es.SpanishLightStemFilter
2719:             3             96  org.apache.lucene.analysis.et.EstonianAnalyzer
2720:             3             96  org.apache.lucene.analysis.eu.BasqueAnalyzer
2721:             3             96  org.apache.lucene.analysis.fi.FinnishAnalyzer
2722:             3             96  org.apache.lucene.analysis.fr.FrenchAnalyzer
2723:             2             96  org.apache.lucene.analysis.fr.FrenchLightStemFilter
2724:             3             96  org.apache.lucene.analysis.ga.IrishAnalyzer
2725:             3             96  org.apache.lucene.analysis.gl.GalicianAnalyzer
2726:             2             96  org.apache.lucene.analysis.gl.GalicianStemFilter
2727:             3             96  org.apache.lucene.analysis.hi.HindiAnalyzer
2728:             2             96  org.apache.lucene.analysis.hi.HindiNormalizationFilter
2729:             2             96  org.apache.lucene.analysis.hi.HindiStemFilter
2730:             3             96  org.apache.lucene.analysis.hu.HungarianAnalyzer
2731:             3             96  org.apache.lucene.analysis.hy.ArmenianAnalyzer
2732:             3             96  org.apache.lucene.analysis.id.IndonesianAnalyzer
2733:             2             96  org.apache.lucene.analysis.id.IndonesianStemFilter
2734:             3             96  org.apache.lucene.analysis.it.ItalianAnalyzer
2735:             2             96  org.apache.lucene.analysis.it.ItalianLightStemFilter
2736:             3             96  org.apache.lucene.analysis.lt.LithuanianAnalyzer
2737:             3             96  org.apache.lucene.analysis.lv.LatvianAnalyzer
2738:             2             96  org.apache.lucene.analysis.lv.LatvianStemFilter
2739:             2             96  org.apache.lucene.analysis.miscellaneous.SetKeywordMarkerFilter
2740:             3             96  org.apache.lucene.analysis.nl.DutchAnalyzer
2741:             3             96  org.apache.lucene.analysis.no.NorwegianAnalyzer
2742:             3             96  org.apache.lucene.analysis.pt.PortugueseAnalyzer
2743:             2             96  org.apache.lucene.analysis.pt.PortugueseLightStemFilter
2744:             3             96  org.apache.lucene.analysis.ro.RomanianAnalyzer
2745:             3             96  org.apache.lucene.analysis.ru.RussianAnalyzer
2746:             4             96  org.apache.lucene.analysis.standard.StandardAnalyzer$$Lambda/0x00007fcd2925b7e8
2747:             3             96  org.apache.lucene.analysis.sv.SwedishAnalyzer
2748:             3             96  org.apache.lucene.analysis.tr.TurkishAnalyzer
2749:             6             96  org.apache.lucene.backward_codecs.lucene50.Lucene50LiveDocsFormat
2750:             6             96  org.apache.lucene.backward_codecs.lucene60.Lucene60FieldInfosFormat
2751:             3             96  org.apache.lucene.search.BooleanWeight
2752:             4             96  org.apache.lucene.store.IOContext$Context
2753:             4             96  org.apache.lucene.util.automaton.CompiledAutomaton$AUTOMATON_TYPE
2754:             4             96  org.bouncycastle.crypto.CryptoServicesPermission
2755:             4             96  org.bouncycastle.crypto.params.DHValidationParameters
2756:             4             96  org.bouncycastle.crypto.params.DSAValidationParameters
2757:             3             96  org.joda.time.format.DateTimeFormatterBuilder$TimeZoneOffset
2758:             4             96  org.joni.ast.CClassNode$CCSTATE
2759:             4             96  org.locationtech.spatial4j.context.jts.ValidationRule
2760:             2             96  org.locationtech.spatial4j.shape.impl.RectangleImpl
2761:             1             96  org.opensearch.action.resync.TransportResyncReplicationAction
2762:             1             96  org.opensearch.action.search.TransportSearchAction
2763:             3             96  org.opensearch.action.support.WriteRequest$RefreshPolicy
2764:             1             96  org.opensearch.ad.caching.ADPriorityCache
2765:             1             96  org.opensearch.alerting.core.JobSweeper
2766:             3             96  org.opensearch.analysis.common.SnowballAnalyzer
2767:             6             96  org.opensearch.client.support.AbstractClient$ClusterAdmin
2768:             6             96  org.opensearch.client.support.AbstractClient$IndicesAdmin
2769:             3             96  org.opensearch.cluster.coordination.CoordinationMetadata
2770:             3             96  org.opensearch.cluster.metadata.IndexAbstraction$Type
2771:             2             96  org.opensearch.cluster.metadata.RepositoryMetadata
2772:             3             96  org.opensearch.cluster.routing.WeightedRoutingService
2773:             4             96  org.opensearch.cluster.routing.allocation.decider.EnableAllocationDecider$Allocation
2774:             4             96  org.opensearch.cluster.routing.allocation.decider.EnableAllocationDecider$Rebalance
2775:             3             96  org.opensearch.common.breaker.ChildMemoryCircuitBreaker$LimitAndOverhead
2776:             3             96  org.opensearch.common.inject.internal.Errors
2777:             4             96  org.opensearch.common.lifecycle.Lifecycle$State
2778:             4             96  org.opensearch.common.path.PathTrie$TrieMatchingMode
2779:             4             96  org.opensearch.common.recycler.Recyclers$$Lambda/0x00007fcd28885010
2780:             4             96  org.opensearch.common.recycler.Recyclers$2
2781:             2             96  org.opensearch.common.settings.SecureSetting$InsecureStringSetting
2782:             3             96  org.opensearch.common.settings.Setting$AffixSetting$3
2783:             6             96  org.opensearch.common.util.concurrent.ConcurrentHashMapLong
2784:             3             96  org.opensearch.common.util.concurrent.ResizableBlockingQueue
2785:             1             96  org.opensearch.forecast.caching.ForecastPriorityCache
2786:             4             96  org.opensearch.forecast.model.ForecastTaskType
2787:             1             96  org.opensearch.forecast.task.ForecastTaskManager
2788:             1             96  org.opensearch.forecast.transport.ForecastResultTransportAction
2789:             3             96  org.opensearch.forecast.transport.SuggestName
2790:             3             96  org.opensearch.index.IndexSettings$IndexMergePolicy
2791:             6             96  org.opensearch.index.analysis.PreConfiguredTokenFilter$$Lambda/0x00007fcd2869e638
2792:             3             96  org.opensearch.index.codec.customcodecs.backward_codecs.Lucene95CustomCodec$Mode
2793:             3             96  org.opensearch.index.codec.customcodecs.backward_codecs.Lucene95CustomStoredFieldsFormat
2794:             3             96  org.opensearch.index.fielddata.plain.SortedSetOrdinalsIndexFieldData
2795:             4             96  org.opensearch.index.mapper.MapperService$MergeReason
2796:             6             96  org.opensearch.index.mapper.RangeType$$Lambda/0x00007fcd2873d5e8
2797:             3             96  org.opensearch.index.search.MatchQuery$ZeroTermsQuery
2798:             1             96  org.opensearch.index.seqno.RetentionLeaseSyncAction
2799:             4             96  org.opensearch.index.shard.IndexShard$ShardMigrationState
2800:             1             96  org.opensearch.index.shard.IndexingStats$Stats
2801:             1             96  org.opensearch.indices.IndicesQueryCache$OpenSearchLRUQueryCache
2802:             4             96  org.opensearch.indices.IndicesRequestCache$CleanupKey
2803:             4             96  org.opensearch.indices.IndicesService$ShardDeletionCheckResult
2804:             1             96  org.opensearch.indices.cluster.IndicesClusterStateService
2805:             3             96  org.opensearch.ingest.geoip.DatabaseReaderLazyLoader
2806:             1             96  org.opensearch.jobscheduler.sweeper.JobSweeper
2807:             4             96  org.opensearch.knn.index.KNNMethod
2808:             3             96  org.opensearch.knn.index.util.KNNEngine
2809:             6             96  org.opensearch.knn.plugin.stats.suppliers.KNNInnerCacheStatsSupplier
2810:             6             96  org.opensearch.knn.plugin.stats.suppliers.NativeMemoryCacheManagerSupplier
2811:             1             96  org.opensearch.ml.action.deploy.TransportDeployModelOnNodeAction
2812:             1             96  org.opensearch.ml.action.syncup.TransportSyncUpOnNodeAction
2813:             2             96  org.opensearch.monitor.os.OsInfo
2814:             3             96  org.opensearch.node.remotestore.RemoteStoreNodeService$Direction
2815:             4             96  org.opensearch.observability.settings.PluginSettings$FilterBy
2816:             3             96  org.opensearch.painless.CompilerSettings$RegexEnabled
2817:             4             96  org.opensearch.performanceanalyzer.commons.metrics.MetricsConfiguration$MetricConfig
2818:             3             96  org.opensearch.performanceanalyzer.commons.stats.metrics.StatsType
2819:             3             96  org.opensearch.performanceanalyzer.commons.util.Util$CollectorMode
2820:             4             96  org.opensearch.plugins.SearchPlugin$SortSpec
2821:             3             96  org.opensearch.ratelimitting.admissioncontrol.enums.AdmissionControlActionType
2822:             3             96  org.opensearch.ratelimitting.admissioncontrol.enums.AdmissionControlMode
2823:             4             96  org.opensearch.reportsscheduler.util.HelpersKt$logger$1
2824:             2             96  org.opensearch.repositories.s3.async.AsyncTransferManager
2825:             6             96  org.opensearch.search.SearchModule$$Lambda/0x00007fcd2875cf50
2826:             6             96  org.opensearch.search.SearchModule$$Lambda/0x00007fcd2879bd90
2827:             6             96  org.opensearch.search.aggregations.AggregatorFactories
2828:             1             96  org.opensearch.search.asynchronous.service.AsynchronousSearchService
2829:             6             96  org.opensearch.search.asynchronous.service.AsynchronousSearchService$$Lambda/0x00007fcd28af0ab8
2830:             3             96  org.opensearch.search.backpressure.settings.SearchBackpressureMode
2831:             1             96  org.opensearch.search.query.QuerySearchResult
2832:             1             96  org.opensearch.security.configuration.DlsFlsFilterLeafReader$DlsFlsDirectoryReader
2833:             6             96  org.opensearch.security.dlic.rest.api.AbstractApiAction$1
2834:             1             96  org.opensearch.security.ssl.DefaultSecurityKeyStore
2835:             3             96  org.opensearch.security.support.Base64CustomHelper$CustomSerializationFormat
2836:             2             96  org.opensearch.securityanalytics.correlation.index.codec.CorrelationCodecVersion
2837:             1             96  org.opensearch.securityanalytics.transport.TransportCorrelateFindingAction
2838:             3             96  org.opensearch.securityanalytics.util.ThrowableCheckingPredicates
2839:             1             96  org.opensearch.snapshots.SnapshotsService
2840:             6             96  org.opensearch.sql.analysis.ExpressionAnalyzer
2841:             6             96  org.opensearch.sql.analysis.NamedExpressionAnalyzer
2842:             6             96  org.opensearch.sql.executor.execution.QueryPlanFactory
2843:             6             96  org.opensearch.sql.planner.Planner
2844:             6             96  org.opensearch.sql.planner.optimizer.LogicalPlanOptimizer
2845:             6             96  org.opensearch.sql.planner.optimizer.PushDownPageSize
2846:             6             96  org.opensearch.sql.spark.execution.session.DatasourceEmbeddedSessionIdProvider
2847:             4             96  org.opensearch.sql.spark.flint.OpenSearchIndexDMLResultStorageService
2848:             4             96  org.opensearch.sql.spark.leasemanager.DefaultLeaseManager
2849:             4             96  org.opensearch.sql.spark.leasemanager.DefaultLeaseManager$ConcurrentRefreshJobRule
2850:             4             96  org.opensearch.sql.spark.leasemanager.DefaultLeaseManager$ConcurrentSessionRule
2851:             3             96  org.opensearch.threadpool.AutoQueueAdjustingExecutorBuilder$$Lambda/0x00007fcd28535f90
2852:             1             96  org.opensearch.timeseries.TimeSeriesAnalyticsPlugin
2853:             6             96  org.opensearch.timeseries.ratelimit.BatchWorker$$Lambda/0x00007fcd28a11858
2854:             6             96  org.opensearch.timeseries.stats.suppliers.SettableSupplier
2855:             1             96  org.opensearch.timeseries.transport.CronTransportAction
2856:             2             96  org.opensearch.transport.nativeprotocol.NativeOutboundHandler
2857:             3             96  org.opensearch.watcher.ResourceWatcherService$Frequency
2858:             2             96  org.tartarus.snowball.ext.ArmenianStemmer
2859:             2             96  org.tartarus.snowball.ext.BasqueStemmer
2860:             2             96  org.tartarus.snowball.ext.CatalanStemmer
2861:             2             96  org.tartarus.snowball.ext.DanishStemmer
2862:             2             96  org.tartarus.snowball.ext.DutchStemmer
2863:             2             96  org.tartarus.snowball.ext.EnglishStemmer
2864:             2             96  org.tartarus.snowball.ext.EstonianStemmer
2865:             2             96  org.tartarus.snowball.ext.IrishStemmer
2866:             2             96  org.tartarus.snowball.ext.NorwegianStemmer
2867:             2             96  org.tartarus.snowball.ext.RussianStemmer
2868:             2             96  org.tartarus.snowball.ext.SwedishStemmer
2869:             3             96  org.yaml.snakeyaml.DumperOptions$FlowStyle
2870:             4             96  org.yaml.snakeyaml.nodes.NodeId
2871:             4             96  sun.security.ssl.CipherType (java.base@21.0.3)
2872:             3             96  sun.security.ssl.ECPointFormatsExtension$ECPointFormat (java.base@21.0.3)
2873:             4             96  sun.security.ssl.EphemeralKeyManager (java.base@21.0.3)
2874:             3             96  sun.security.ssl.SSLTrafficKeyDerivation$KeySchedule (java.base@21.0.3)
2875:             3             96  sun.security.util.DisabledAlgorithmConstraints$DenyAfterConstraint (java.base@21.0.3)
2876:             4             96  sun.security.util.DisabledAlgorithmConstraints$UsageConstraint (java.base@21.0.3)
2877:             6             96  sun.security.util.math.intpoly.IntegerPolynomial$Limb (java.base@21.0.3)
2878:             2             96  sun.security.validator.PKIXValidator (java.base@21.0.3)
2879:             3             96  sun.util.locale.UnicodeLocaleExtension (java.base@21.0.3)
2880:             2             88  [Lcom.fasterxml.jackson.databind.cfg.CoercionAction;
2881:             1             88  [Lio.protostuff.WireFormat$FieldType;
2882:             4             88  [Ljava.nio.file.Path; (java.base@21.0.3)
2883:             1             88  [Ljava.util.concurrent.ConcurrentMap; (java.base@21.0.3)
2884:             1             88  [Lorg.opensearch.cluster.node.DiscoveryNode;
2885:             1             88  [Lorg.opensearch.security.dlic.rest.api.Endpoint;
2886:             1             88  [Lorg.opensearch.sql.data.type.ExprCoreType;
2887:             2             88  [Lsun.security.jca.ProviderConfig; (java.base@21.0.3)
2888:             1             88  [Lsun.security.ssl.CipherSuite$KeyExchange; (java.base@21.0.3)
2889:             1             88  com.fasterxml.jackson.databind.SerializationConfig
2890:             1             88  com.fasterxml.jackson.databind.deser.CreatorProperty
2891:             1             88  com.fasterxml.jackson.dataformat.smile.SmileFactory
2892:             1             88  com.google.gson.Gson
2893:             1             88  org.apache.lucene.codecs.lucene99.Lucene99PostingsFormat$IntBlockTermState
2894:             1             88  org.apache.lucene.search.LRUQueryCache
2895:             1             88  org.opensearch.ad.ml.ADCheckpointDao
2896:             1             88  org.opensearch.alerting.alerts.AlertIndices
2897:             1             88  org.opensearch.bootstrap.Bootstrap$5
2898:             1             88  org.opensearch.index.ShardIndexingPressureMemoryManager
2899:             1             88  org.opensearch.ml.action.deploy.TransportDeployModelAction
2900:             1             88  org.opensearch.performanceanalyzer.collectors.ClusterManagerServiceEventMetrics
2901:             1             88  org.opensearch.performanceanalyzer.collectors.telemetry.RTFThreadPoolMetricsCollector
2902:             1             88  org.opensearch.search.aggregations.bucket.histogram.DateHistogramAggregationBuilder
2903:             1             88  org.opensearch.search.backpressure.settings.SearchShardTaskSettings
2904:             1             88  org.opensearch.search.backpressure.settings.SearchTaskSettings
2905:             1             88  org.opensearch.security.auth.BackendRegistry
2906:             2             80  [Lcom.fasterxml.jackson.annotation.JsonAutoDetect$Visibility;
2907:             3             80  [Lio.netty.util.concurrent.EventExecutor;
2908:             1             80  [Lio.netty.util.concurrent.EventExecutor;
2909:             2             80  [Lio.netty.util.internal.PriorityQueueNode;
2910:             2             80  [Ljava.lang.OutOfMemoryError; (java.base@21.0.3)
2911:             1             80  [Ljava.time.temporal.ChronoUnit; (java.base@21.0.3)
2912:             2             80  [Ljava.util.stream.StreamOpFlag$Type; (java.base@21.0.3)
2913:             5             80  [Lorg.apache.logging.log4j.core.appender.rolling.action.Action;
2914:             1             80  [Lorg.bouncycastle.jcajce.provider.asymmetric.compositesignatures.CompositeSignaturesConstants$CompositeName;
2915:             2             80  [Lorg.greenrobot.eventbus.ThreadMode;
2916:             2             80  [Lorg.opensearch.action.search.SearchPhaseName;
2917:             2             80  [Lorg.opensearch.action.support.IndicesOptions$Option;
2918:             2             80  [Lorg.opensearch.ad.indices.ADIndex;
2919:             2             80  [Lorg.opensearch.cluster.block.ClusterBlockLevel;
2920:             2             80  [Lorg.opensearch.cluster.routing.Preference;
2921:             1             80  [Lorg.opensearch.cluster.routing.UnassignedInfo$Reason;
2922:             2             80  [Lorg.opensearch.common.Priority;
2923:             2             80  [Lorg.opensearch.forecast.indices.ForecastIndex;
2924:             2             80  [Lorg.opensearch.indices.recovery.RecoveryState$Stage;
2925:             1             80  [Lorg.opensearch.knn.plugin.stats.KNNCounter;
2926:             1             80  [Lorg.opensearch.ml.common.model.MLModelState;
2927:             2             80  [Lorg.opensearch.ml.stats.MLNodeLevelStat;
2928:             2             80  [Lorg.opensearch.search.aggregations.bucket.histogram.DateIntervalWrapper$IntervalTypeEnum;
2929:             1             80  [Lorg.opensearch.search.fetch.FetchSubPhase;
2930:             1             80  [Lorg.opensearch.sql.common.setting.LegacySettings$Key;
2931:             2             80  [Lorg.opensearch.transport.TransportRequestOptions$Type;
2932:             1             80  [Lsun.security.ssl.SSLCipher; (java.base@21.0.3)
2933:             2             80  [Lsun.util.calendar.Era; (java.base@21.0.3)
2934:             2             80  [Lsun.util.locale.provider.LocaleProviderAdapter$Type; (java.base@21.0.3)
2935:             2             80  [[Ljava.lang.invoke.MethodHandle; (java.base@21.0.3)
2936:             1             80  com.amazon.dlic.auth.http.jwt.keybyoidc.SelfRefreshingKeySet
2937:             5             80  com.fasterxml.jackson.core.util.JacksonFeatureSet
2938:             1             80  com.fasterxml.jackson.databind.MappingJsonFactory
2939:             2             80  com.fasterxml.jackson.databind.deser.std.NumberDeserializers$BooleanDeserializer
2940:             2             80  com.fasterxml.jackson.databind.deser.std.NumberDeserializers$IntegerDeserializer
2941:             5             80  com.fasterxml.jackson.databind.introspect.BasicClassIntrospector
2942:             5             80  com.fasterxml.jackson.databind.jsontype.impl.StdSubtypeResolver
2943:             5             80  com.fasterxml.jackson.databind.util.RootNameLookup
2944:             2             80  com.google.common.cache.AbstractCache$SimpleStatsCounter
2945:             1             80  com.google.common.cache.LocalCache$Segment
2946:             2             80  com.google.common.collect.Multimaps$UnmodifiableMultimap
2947:             5             80  com.google.common.collect.RegularImmutableList
2948:             5             80  com.google.common.collect.SingletonImmutableList
2949:             2             80  com.sun.jmx.mbeanserver.DefaultMXBeanMappingFactory$TabularMapping (java.management@21.0.3)
2950:             2             80  com.sun.jna.Library$Handler$FunctionInfo
2951:             2             80  io.netty.bootstrap.ServerBootstrap$ServerBootstrapAcceptor
2952:             2             80  io.netty.channel.nio.AbstractNioMessageChannel$NioMessageUnsafe
2953:             5             80  io.netty.util.internal.ObjectPool$RecyclerObjectPool
2954:             2             80  java.io.BufferedOutputStream (java.base@21.0.3)
2955:             2             80  java.io.FileNotFoundException (java.base@21.0.3)
2956:             2             80  java.io.PrintWriter (java.base@21.0.3)
2957:             2             80  java.lang.ModuleLayer (java.base@21.0.3)
2958:             2             80  java.lang.UnsatisfiedLinkError (java.base@21.0.3)
2959:             2             80  java.lang.invoke.BoundMethodHandle$Species_LI (java.base@21.0.3)
2960:             2             80  java.lang.invoke.VarHandleLongs$FieldInstanceReadWrite (java.base@21.0.3)
2961:             2             80  java.lang.module.Configuration (java.base@21.0.3)
2962:             2             80  java.lang.ref.NativeReferenceQueue (java.base@21.0.3)
2963:             5             80  java.nio.channels.FileChannel$MapMode (java.base@21.0.3)
2964:             2             80  java.security.AccessControlException (java.base@21.0.3)
2965:             2             80  java.security.cert.TrustAnchor (java.base@21.0.3)
2966:             2             80  java.time.temporal.WeekFields (java.base@21.0.3)
2967:             2             80  java.time.zone.ZoneRules (java.base@21.0.3)
2968:             5             80  java.util.IdentityHashMap$Values (java.base@21.0.3)
2969:             5             80  java.util.Optional (java.base@21.0.3)
2970:             5             80  java.util.concurrent.Executors$AutoShutdownDelegatedExecutorService$$Lambda/0x00007fcd284e5660 (java.base@21.0.3)
2971:             2             80  java.util.concurrent.PriorityBlockingQueue (java.base@21.0.3)
2972:             1             80  jdk.internal.event.X509CertificateEvent (java.base@21.0.3)
2973:             1             80  jdk.internal.icu.impl.NormalizerImpl (java.base@21.0.3)
2974:             2             80  jdk.internal.math.FloatingDecimal$BinaryToASCIIBuffer (java.base@21.0.3)
2975:             2             80  jdk.internal.misc.ScopedMemoryAccess$ScopedAccessError (java.base@21.0.3)
2976:             5             80  jdk.internal.module.ServicesCatalog (java.base@21.0.3)
2977:             5             80  jdk.proxy4.$Proxy52 (jdk.proxy4)
2978:             5             80  jdk.proxy8.$Proxy39 (jdk.proxy8)
2979:             2             80  joptsimple.RequiredArgumentOptionSpec
2980:             2             80  kotlinx.coroutines.internal.LockFreeTaskQueueCore
2981:             2             80  kotlinx.coroutines.internal.LockFreeTaskQueueCore
2982:             2             80  kotlinx.coroutines.internal.LockFreeTaskQueueCore
2983:             2             80  kotlinx.coroutines.internal.LockFreeTaskQueueCore
2984:             5             80  kotlinx.coroutines.internal.Symbol
2985:             5             80  org.apache.logging.log4j.core.config.DefaultReliabilityStrategy
2986:             5             80  org.apache.logging.log4j.core.lookup.ContextMapLookup
2987:             5             80  org.apache.logging.log4j.core.lookup.DateLookup
2988:             5             80  org.apache.logging.log4j.core.lookup.EnvironmentLookup
2989:             5             80  org.apache.logging.log4j.core.lookup.EventLookup
2990:             5             80  org.apache.logging.log4j.core.lookup.JavaLookup
2991:             5             80  org.apache.logging.log4j.core.lookup.Log4jLookup
2992:             5             80  org.apache.logging.log4j.core.lookup.LowerLookup
2993:             5             80  org.apache.logging.log4j.core.lookup.MainMapLookup
2994:             5             80  org.apache.logging.log4j.core.lookup.MarkerLookup
2995:             5             80  org.apache.logging.log4j.core.lookup.ResourceBundleLookup
2996:             5             80  org.apache.logging.log4j.core.lookup.StrMatcher$CharMatcher
2997:             5             80  org.apache.logging.log4j.core.lookup.StructuredDataLookup
2998:             5             80  org.apache.logging.log4j.core.lookup.UpperLookup
2999:             2             80  org.apache.logging.log4j.core.util.datetime.FastDateParser
3000:             5             80  org.apache.logging.log4j.core.util.datetime.FastDateParser$CopyQuotedStrategy
3001:             5             80  org.apache.logging.log4j.core.util.datetime.FastDatePrinter$CharacterLiteral
3002:             2             80  org.apache.lucene.analysis.cjk.CJKWidthFilter
3003:             2             80  org.apache.lucene.analysis.ckb.SoraniNormalizationFilter
3004:             2             80  org.apache.lucene.analysis.classic.ClassicFilter
3005:             2             80  org.apache.lucene.analysis.de.GermanNormalizationFilter
3006:             2             80  org.apache.lucene.analysis.el.GreekLowerCaseFilter
3007:             2             80  org.apache.lucene.analysis.en.PorterStemmer
3008:             2             80  org.apache.lucene.analysis.fa.PersianNormalizationFilter
3009:             2             80  org.apache.lucene.analysis.ga.IrishLowerCaseFilter
3010:             2             80  org.apache.lucene.analysis.tr.ApostropheFilter
3011:             2             80  org.apache.lucene.analysis.tr.TurkishLowerCaseFilter
3012:             5             80  org.apache.lucene.backward_codecs.lucene80.Lucene80NormsFormat
3013:             5             80  org.apache.lucene.backward_codecs.lucene84.Lucene84PostingsFormat
3014:             5             80  org.apache.lucene.backward_codecs.lucene90.Lucene90FieldInfosFormat
3015:             5             80  org.bouncycastle.pqc.jcajce.provider.cmce.CMCEKeyFactorySpi
3016:             5             80  org.bouncycastle.pqc.jcajce.provider.ntru.NTRUKeyFactorySpi
3017:             2             80  org.greenrobot.eventbus.EventBusBuilder
3018:             2             80  org.locationtech.spatial4j.io.SupportedFormats
3019:             1             80  org.opensearch.action.ActionModule
3020:             1             80  org.opensearch.action.admin.indices.close.TransportVerifyShardBeforeCloseAction
3021:             1             80  org.opensearch.action.admin.indices.flush.TransportShardFlushAction
3022:             1             80  org.opensearch.action.admin.indices.readonly.TransportVerifyShardIndexBlockAction
3023:             1             80  org.opensearch.action.admin.indices.refresh.TransportShardRefreshAction
3024:             1             80  org.opensearch.action.bulk.TransportBulkAction
3025:             1             80  org.opensearch.action.search.SearchShardTask
3026:             1             80  org.opensearch.ad.ml.ADModelManager
3027:             1             80  org.opensearch.ad.transport.ADSingleStreamResultTransportAction
3028:             1             80  org.opensearch.ad.transport.AnomalyDetectorJobTransportAction
3029:             1             80  org.opensearch.ad.transport.DeleteADModelTransportAction
3030:             1             80  org.opensearch.ad.transport.EntityADResultTransportAction
3031:             1             80  org.opensearch.alerting.transport.TransportIndexMonitorAction
3032:             1             80  org.opensearch.alerting.transport.TransportIndexWorkflowAction
3033:             2             80  org.opensearch.cluster.decommission.DecommissionService
3034:             1             80  org.opensearch.cluster.metadata.MetadataCreateIndexService
3035:             5             80  org.opensearch.common.settings.Setting$$Lambda/0x00007fcd2848de90
3036:             5             80  org.opensearch.common.settings.Setting$$Lambda/0x00007fcd2854df60
3037:             5             80  org.opensearch.common.settings.Setting$$Lambda/0x00007fcd2854e630
3038:             1             80  org.opensearch.forecast.transport.EntityForecastResultTransportAction
3039:             1             80  org.opensearch.forecast.transport.ForecastSingleStreamResultTransportAction
3040:             1             80  org.opensearch.forecast.transport.ForecasterJobTransportAction
3041:             1             80  org.opensearch.index.ShardIndexingPressure
3042:             2             80  org.opensearch.index.mapper.NestedPathFieldMapper$NestedPathFieldType
3043:             1             80  org.opensearch.index.seqno.GlobalCheckpointSyncAction
3044:             1             80  org.opensearch.index.seqno.RetentionLeaseBackgroundSyncAction
3045:             1             80  org.opensearch.indexmanagement.indexstatemanagement.migration.ISMTemplateService
3046:             5             80  org.opensearch.indices.IndicesService$IndexShardCacheEntity
3047:             1             80  org.opensearch.indices.replication.checkpoint.PublishCheckpointAction
3048:             1             80  org.opensearch.ml.action.controller.DeployControllerTransportAction
3049:             1             80  org.opensearch.ml.action.controller.UndeployControllerTransportAction
3050:             1             80  org.opensearch.ml.action.undeploy.TransportUndeployModelsAction
3051:             1             80  org.opensearch.ml.action.update_cache.UpdateModelCacheTransportAction
3052:             1             80  org.opensearch.ml.model.MLModelManager
3053:             2             80  org.opensearch.monitor.os.OsService$OsStatsCache
3054:             2             80  org.opensearch.monitor.os.OsStats
3055:             1             80  org.opensearch.performanceanalyzer.collectors.telemetry.RTFDisksCollector
3056:             1             80  org.opensearch.performanceanalyzer.collectors.telemetry.RTFHeapMetricsCollector
3057:             2             80  org.opensearch.replication.repository.RemoteClusterRestoreLeaderService
3058:             1             80  org.opensearch.repositories.s3.S3ClientSettings
3059:             5             80  org.opensearch.search.aggregations.DefaultAggregationProcessor
3060:             1             80  org.opensearch.search.aggregations.metrics.MaxAggregator
3061:             5             80  org.opensearch.search.internal.ContextIndexSearcher$MutableQueryTimeout
3062:             1             80  org.opensearch.security.configuration.ConfigurationRepository
3063:             5             80  org.opensearch.security.dlic.rest.api.AbstractApiAction$$Lambda/0x00007fcd28fe5ac8
3064:             1             80  org.opensearch.security.privileges.PrivilegesEvaluator
3065:             2             80  org.opensearch.security.securityconf.impl.v7.ConfigV7$Kibana
3066:             1             80  org.opensearch.securityanalytics.transport.TransportDeleteDetectorAction
3067:             5             80  org.opensearch.sql.spark.execution.xcontent.FlintIndexStateModelXContentSerializer
3068:             1             80  org.opensearch.threadpool.Scheduler$SafeScheduledThreadPoolExecutor
3069:             1             80  org.opensearch.timeseries.cluster.HashRing
3070:             2             80  org.opensearch.timeseries.rest.RestValidateAction
3071:             2             80  org.tartarus.snowball.ext.HungarianStemmer
3072:             2             80  org.tartarus.snowball.ext.LithuanianStemmer
3073:             2             80  org.tartarus.snowball.ext.TurkishStemmer
3074:             2             80  sun.management.MemoryManagerImpl (java.management@21.0.3)
3075:             2             80  sun.nio.ch.ServerSocketAdaptor (java.base@21.0.3)
3076:             2             80  sun.security.ec.XECParameters (jdk.crypto.ec@21.0.3)
3077:             2             80  sun.security.rsa.RSAUtil$KeyType (java.base@21.0.3)
3078:             5             80  sun.security.ssl.SSLCipher$T10BlockReadCipherGenerator (java.base@21.0.3)
3079:             5             80  sun.security.ssl.SSLCipher$T10BlockWriteCipherGenerator (java.base@21.0.3)
3080:             1             80  sun.util.locale.provider.JRELocaleProviderAdapter (java.base@21.0.3)
3081:             1             72  [Lcom.fasterxml.jackson.core.JsonGenerator$Feature;
3082:             1             72  [Lcom.fasterxml.jackson.core.JsonToken;
3083:             1             72  [Lcom.fasterxml.jackson.core.json.JsonReadFeature;
3084:             1             72  [Lcom.fasterxml.jackson.databind.type.LogicalType;
3085:             1             72  [Lcom.fasterxml.jackson.databind.type.LogicalType;
3086:             1             72  [Lcom.fasterxml.jackson.databind.type.LogicalType;
3087:             1             72  [Ljavax.management.openmbean.SimpleType; (java.management@21.0.3)
3088:             1             72  com.amazon.dlic.auth.http.jwt.keybyoidc.KeySetRetriever
3089:             3             72  com.fasterxml.jackson.annotation.OptBoolean
3090:             3             72  com.fasterxml.jackson.core.Base64Variant$PaddingReadBehaviour
3091:             1             72  com.fasterxml.jackson.core.util.InternCache
3092:             1             72  com.fasterxml.jackson.databind.ObjectMapper
3093:             3             72  com.fasterxml.jackson.databind.PropertyName
3094:             3             72  com.fasterxml.jackson.databind.PropertyName
3095:             3             72  com.fasterxml.jackson.databind.annotation.JsonSerialize$Typing
3096:             1             72  com.fasterxml.jackson.databind.deser.DefaultDeserializationContext$Impl
3097:             1             72  com.fasterxml.jackson.databind.ser.DefaultSerializerProvider$Impl
3098:             3             72  com.fasterxml.jackson.databind.ser.std.NumberSerializer
3099:             3             72  com.fasterxml.jackson.databind.ser.std.NumberSerializer
3100:             3             72  com.fasterxml.jackson.databind.ser.std.NumberSerializer
3101:             3             72  com.fasterxml.jackson.databind.util.AccessPattern
3102:             3             72  com.google.common.collect.AbstractMapBasedMultimap$KeySet
3103:             3             72  com.google.common.collect.ImmutableMapEntry$NonTerminalImmutableMapEntry
3104:             3             72  com.sun.jna.NativeLibrary$NativeLibraryDisposer
3105:             3             72  com.sun.jna.StructureReadContext
3106:             3             72  io.netty.handler.ssl.ApplicationProtocolConfig$SelectedListenerFailureBehavior
3107:             3             72  io.netty.handler.ssl.ApplicationProtocolConfig$SelectorFailureBehavior
3108:             3             72  io.netty.handler.ssl.ClientAuth
3109:             3             72  io.netty.handler.ssl.SslProvider
3110:             3             72  io.netty.util.concurrent.DefaultEventExecutorChooserFactory$PowerOfTwoEventExecutorChooser
3111:             3             72  io.protostuff.runtime.ArraySchemas$BoolArray$1
3112:             3             72  io.protostuff.runtime.ArraySchemas$CharArray$1
3113:             3             72  io.protostuff.runtime.ArraySchemas$FloatArray$1
3114:             3             72  io.protostuff.runtime.ArraySchemas$Int32Array$1
3115:             3             72  io.protostuff.runtime.ArraySchemas$Int64Array$1
3116:             3             72  io.protostuff.runtime.ArraySchemas$ShortArray$1
3117:             3             72  java.io.ObjectStreamClass$ClassDataSlot (java.base@21.0.3)
3118:             3             72  java.lang.ProcessImpl$LaunchMechanism (java.base@21.0.3)
3119:             3             72  java.lang.StackStreamFactory$WalkerState (java.base@21.0.3)
3120:             3             72  java.lang.StackWalker$Option (java.base@21.0.3)
3121:             3             72  java.lang.WeakPairMap (java.base@21.0.3)
3122:             3             72  java.lang.annotation.RetentionPolicy (java.base@21.0.3)
3123:             3             72  java.lang.invoke.MethodHandleImpl$ArrayAccess (java.base@21.0.3)
3124:             3             72  java.net.StandardProtocolFamily (java.base@21.0.3)
3125:             3             72  java.nio.file.AccessMode (java.base@21.0.3)
3126:             3             72  java.nio.file.FileTreeWalker$EventType (java.base@21.0.3)
3127:             3             72  java.nio.file.StandardCopyOption (java.base@21.0.3)
3128:             3             72  java.security.CodeSigner (java.base@21.0.3)
3129:             3             72  java.security.Timestamp (java.base@21.0.3)
3130:             3             72  java.security.cert.CertificateFactory (java.base@21.0.3)
3131:             3             72  java.time.ZonedDateTime (java.base@21.0.3)
3132:             3             72  java.time.format.DateTimeTextProvider$LocaleStore (java.base@21.0.3)
3133:             3             72  java.time.format.ResolverStyle (java.base@21.0.3)
3134:             3             72  java.time.zone.ZoneOffsetTransitionRule$TimeDefinition (java.base@21.0.3)
3135:             3             72  java.util.Base64$Encoder (java.base@21.0.3)
3136:             3             72  java.util.concurrent.ConcurrentLinkedDeque$Node (java.base@21.0.3)
3137:             3             72  java.util.logging.LoggingPermission (java.logging@21.0.3)
3138:             3             72  java.util.stream.Collector$Characteristics (java.base@21.0.3)
3139:             3             72  java.util.zip.ZipCoder$Comparison (java.base@21.0.3)
3140:             3             72  jdk.internal.icu.util.CodePointTrie$ValueWidth (java.base@21.0.3)
3141:             3             72  jdk.internal.math.FloatingDecimal$ExceptionalBinaryToASCIIBuffer (java.base@21.0.3)
3142:             3             72  jdk.internal.misc.Signal (java.base@21.0.3)
3143:             3             72  kotlin.SynchronizedLazyImpl
3144:             3             72  kotlin.annotation.AnnotationRetention
3145:             3             72  kotlin.annotation.AnnotationRetention
3146:             3             72  kotlin.coroutines.intrinsics.CoroutineSingletons
3147:             3             72  kotlinx.coroutines.CoroutineName
3148:             1             72  kotlinx.coroutines.scheduling.CoroutineScheduler
3149:             3             72  org.apache.commons.lang3.tuple.ImmutablePair
3150:             3             72  org.apache.commons.pool2.impl.BaseGenericObjectPool$StatsStore
3151:             3             72  org.apache.logging.log4j.core.util.DummyNanoClock
3152:             3             72  org.apache.lucene.analysis.cjk.CJKAnalyzer
3153:             3             72  org.apache.lucene.analysis.core.KeywordAnalyzer
3154:             3             72  org.apache.lucene.analysis.core.WhitespaceAnalyzer
3155:             3             72  org.apache.lucene.analysis.el.GreekAnalyzer
3156:             3             72  org.apache.lucene.analysis.fa.PersianAnalyzer
3157:             3             72  org.apache.lucene.analysis.miscellaneous.StemmerOverrideFilter$StemmerOverrideMap
3158:             3             72  org.apache.lucene.analysis.th.ThaiAnalyzer
3159:             1             72  org.apache.lucene.backward_codecs.lucene90.Lucene90Codec
3160:             3             72  org.apache.lucene.codecs.lucene90.compressing.Lucene90CompressingStoredFieldsWriter$MergeStrategy
3161:             3             72  org.apache.lucene.index.IndexWriterConfig$OpenMode
3162:             3             72  org.apache.lucene.index.MergePolicy$OneMergeProgress$PauseReason
3163:             3             72  org.apache.lucene.index.PointValues$Relation
3164:             3             72  org.apache.lucene.index.SingletonSortedSetDocValues
3165:             3             72  org.apache.lucene.index.StoredFieldVisitor$Status
3166:             3             72  org.apache.lucene.index.TermsEnum$SeekStatus
3167:             3             72  org.apache.lucene.index.TieredMergePolicy$MERGE_TYPE
3168:             3             72  org.apache.lucene.search.IndexSearcher$CachingLeafSlicesSupplier
3169:             3             72  org.apache.lucene.search.Pruning
3170:             3             72  org.apache.lucene.search.TotalHits
3171:             3             72  org.apache.lucene.search.suggest.document.CompletionPostingsFormat$FSTLoadMode
3172:             3             72  org.apache.lucene.util.NamedSPILoader
3173:             3             72  org.apache.lucene.util.fst.FST$INPUT_TYPE
3174:             3             72  org.bouncycastle.crypto.CryptoServicesRegistrar$Property
3175:             1             72  org.greenrobot.eventbus.EventBus
3176:             3             72  org.jcodings.util.CaseInsensitiveBytesHash
3177:             3             72  org.joni.ast.CClassNode$CCVALTYPE
3178:             3             72  org.locationtech.spatial4j.context.jts.DatelineRule
3179:             1             72  org.opensearch.action.admin.cluster.allocation.TransportClusterAllocationExplainAction
3180:             1             72  org.opensearch.action.admin.cluster.node.usage.TransportNodesUsageAction
3181:             1             72  org.opensearch.action.admin.indices.segments.TransportPitSegmentsAction
3182:             3             72  org.opensearch.action.support.IndicesOptions$WildcardStates
3183:             3             72  org.opensearch.action.support.replication.ReplicationMode
3184:             1             72  org.opensearch.action.update.TransportUpdateAction
3185:             1             72  org.opensearch.ad.task.ADTaskCacheManager
3186:             1             72  org.opensearch.ad.transport.DeleteAnomalyDetectorTransportAction
3187:             1             72  org.opensearch.ad.transport.IndexAnomalyDetectorTransportAction
3188:             1             72  org.opensearch.alerting.transport.TransportIndexAlertingCommentAction
3189:             1             72  org.opensearch.bootstrap.JNACLibrary$Rlimit
3190:             3             72  org.opensearch.cli.Terminal$Verbosity
3191:             3             72  org.opensearch.cluster.NodeConnectionsService$ActivityType
3192:             1             72  org.opensearch.cluster.coordination.Coordinator$CoordinatorPeerFinder
3193:             3             72  org.opensearch.cluster.coordination.Coordinator$Mode
3194:             3             72  org.opensearch.cluster.coordination.NodeRemovalClusterStateTaskExecutor
3195:             3             72  org.opensearch.cluster.metadata.DiffableStringMap
3196:             3             72  org.opensearch.cluster.metadata.Metadata$XContentContext
3197:             3             72  org.opensearch.cluster.routing.ShardMovementStrategy
3198:             3             72  org.opensearch.cluster.routing.allocation.decider.ClusterRebalanceAllocationDecider$ClusterRebalanceType
3199:             1             72  org.opensearch.cluster.service.ClusterApplierService
3200:             3             72  org.opensearch.common.cache.Cache$State
3201:             3             72  org.opensearch.common.inject.ConstructorInjectorStore
3202:             3             72  org.opensearch.common.inject.ConstructorInjectorStore$1
3203:             3             72  org.opensearch.common.inject.Initializer
3204:             3             72  org.opensearch.common.inject.MembersInjectorStore
3205:             3             72  org.opensearch.common.inject.MembersInjectorStore$1
3206:             3             72  org.opensearch.common.inject.Stage
3207:             3             72  org.opensearch.common.inject.TypeConverterBindingProcessor
3208:             3             72  org.opensearch.common.metrics.OperationMetrics
3209:             3             72  org.opensearch.common.settings.KeyStoreWrapper$Entry
3210:             3             72  org.opensearch.common.util.concurrent.OpenSearchExecutors$$Lambda/0x00007fcd2853f3e8
3211:             3             72  org.opensearch.core.common.breaker.CircuitBreaker$Type
3212:             3             72  org.opensearch.core.tasks.TaskId
3213:             1             72  org.opensearch.forecast.transport.DeleteForecastModelTransportAction
3214:             1             72  org.opensearch.forecast.transport.DeleteForecasterTransportAction
3215:             1             72  org.opensearch.forecast.transport.IndexForecasterTransportAction
3216:             1             72  org.opensearch.gateway.GatewayService
3217:             1             72  org.opensearch.gateway.TransportNodesListGatewayStartedShards
3218:             1             72  org.opensearch.gateway.TransportNodesListGatewayStartedShardsBatch
3219:             3             72  org.opensearch.index.analysis.AnalyzerScope
3220:             3             72  org.opensearch.index.codec.customcodecs.backward_codecs.Lucene95CustomStoredFieldsFormat$1
3221:             3             72  org.opensearch.index.codec.customcodecs.backward_codecs.Lucene95CustomStoredFieldsFormat$2
3222:             3             72  org.opensearch.index.engine.Engine$Result$Type
3223:             3             72  org.opensearch.index.mapper.MappedFieldType$Relation
3224:             3             72  org.opensearch.index.mapper.ObjectMapper$Dynamic
3225:             3             72  org.opensearch.indexmanagement.indexstatemanagement.util.MetadataCheck
3226:             3             72  org.opensearch.indices.analysis.PreBuiltCacheFactory$CachingStrategy
3227:             1             72  org.opensearch.indices.breaker.HierarchyCircuitBreakerService$G1OverLimitStrategy
3228:             3             72  org.opensearch.indices.recovery.MultiChunkTransfer$Status
3229:             1             72  org.opensearch.indices.recovery.RecoverySettings
3230:             3             72  org.opensearch.ingest.geoip.IngestGeoIpPlugin$$Lambda/0x00007fcd288cc778
3231:             3             72  org.opensearch.jobscheduler.spi.utils.LockService
3232:             1             72  org.opensearch.ml.action.prediction.TransportPredictionTaskAction
3233:             1             72  org.opensearch.ml.action.profile.MLProfileTransportAction
3234:             1             72  org.opensearch.ml.action.stats.MLStatsNodesTransportAction
3235:             1             72  org.opensearch.ml.action.undeploy.TransportUndeployModelAction
3236:             3             72  org.opensearch.ml.breaker.BreakerName
3237:             1             72  org.opensearch.ml.task.MLPredictTaskRunner
3238:             3             72  org.opensearch.monitor.jvm.JvmGcMonitorService$JvmMonitor$Threshold
3239:             1             72  org.opensearch.performanceanalyzer.collectors.NodeStatsAllShardsMetricsCollector
3240:             3             72  org.opensearch.performanceanalyzer.commons.collectors.PerformanceAnalyzerMetricsCollector$State
3241:             1             72  org.opensearch.performanceanalyzer.commons.collectors.StatsCollector
3242:             3             72  org.opensearch.performanceanalyzer.config.setting.ClusterSettingsManager$$Lambda/0x00007fcd291cc000
3243:             1             72  org.opensearch.replication.action.index.TransportReplicateIndexClusterManagerNodeAction
3244:             1             72  org.opensearch.replication.action.stats.TransportFollowerStatsAction
3245:             1             72  org.opensearch.replication.action.stats.TransportLeaderStatsAction
3246:             3             72  org.opensearch.repositories.s3.async.AsyncExecutorContainer
3247:             3             72  org.opensearch.repositories.s3.async.AsyncTransferEventLoopGroup
3248:             3             72  org.opensearch.search.aggregations.bucket.LocalBucketCountThresholds
3249:             3             72  org.opensearch.search.aggregations.bucket.terms.GlobalOrdinalsStringTermsAggregator$RemapGlobalOrds
3250:             3             72  org.opensearch.search.aggregations.bucket.terms.GlobalOrdinalsStringTermsAggregator$StandardTermsResults
3251:             1             72  org.opensearch.search.internal.ContextIndexSearcher
3252:             1             72  org.opensearch.search.pipeline.SearchPipelineService
3253:             1             72  org.opensearch.security.action.configupdate.TransportConfigUpdateAction
3254:             3             72  org.opensearch.security.auditlog.AuditLog$Origin
3255:             1             72  org.opensearch.security.auditlog.impl.AuditLogImpl
3256:             3             72  org.opensearch.security.configuration.DlsFlsValveImpl$Mode
3257:             3             72  org.opensearch.security.privileges.PrivilegesInterceptor$ReplaceResult
3258:             1             72  org.opensearch.security.securityconf.DynamicConfigModelV7
3259:             3             72  org.opensearch.security.securityconf.impl.WhitelistingSettings
3260:             3             72  org.opensearch.security.support.ConfigConstants$RolesMappingResolution
3261:             1             72  org.opensearch.securityanalytics.transport.TransportIndexCustomLogTypeAction
3262:             3             72  org.opensearch.sql.legacy.metrics.GaugeMetric
3263:             1             72  org.opensearch.tasks.TaskManager
3264:             3             72  org.opensearch.telemetry.tracing.SpanKind
3265:             3             72  org.opensearch.threadpool.AutoQueueAdjustingExecutorBuilder$1
3266:             3             72  org.opensearch.threadpool.AutoQueueAdjustingExecutorBuilder$2
3267:             3             72  org.opensearch.timeseries.MemoryTracker$Origin
3268:             1             72  org.opensearch.timeseries.ml.MemoryAwareConcurrentHashmap
3269:             3             72  org.opensearch.timeseries.stats.StatType
3270:             3             72  org.opensearch.transport.netty4.ssl.SecureConnectionTestUtil$SSLConnectionTestResult
3271:             3             72  org.opensearch.watcher.ResourceWatcherService$ResourceMonitor
3272:             3             72  org.yaml.snakeyaml.comments.CommentType
3273:             3             72  sun.management.ManagementFactoryHelper$1 (java.management@21.0.3)
3274:             3             72  sun.security.provider.NativePRNG$Variant (java.base@21.0.3)
3275:             3             72  sun.security.ssl.ClientAuthType (java.base@21.0.3)
3276:             3             72  sun.security.ssl.SunX509KeyManagerImpl (java.base@21.0.3)
3277:             3             72  sun.security.ssl.SunX509KeyManagerImpl$X509Credentials (java.base@21.0.3)
3278:             3             72  sun.util.locale.LocaleExtensions (java.base@21.0.3)
3279:             2             64  [Lcom.fasterxml.jackson.annotation.JsonCreator$Mode;
3280:             1             64  [Lcom.fasterxml.jackson.annotation.JsonFormat$Feature;
3281:             1             64  [Lcom.fasterxml.jackson.annotation.JsonFormat$Shape;
3282:             1             64  [Lcom.fasterxml.jackson.annotation.JsonFormat$Shape;
3283:             1             64  [Lcom.fasterxml.jackson.annotation.JsonFormat$Shape;
3284:             2             64  [Lcom.fasterxml.jackson.annotation.JsonProperty$Access;
3285:             2             64  [Lcom.fasterxml.jackson.annotation.OptBoolean;
3286:             1             64  [Lcom.fasterxml.jackson.databind.node.IntNode;
3287:             1             64  [Lcom.fasterxml.jackson.dataformat.yaml.YAMLGenerator$Feature;
3288:             2             64  [Lio.netty.handler.ssl.ClientAuth;
3289:             1             64  [Lio.protostuff.runtime.PolymorphicSchemaFactories;
3290:             2             64  [Ljava.lang.StackWalker$Option; (java.base@21.0.3)
3291:             2             64  [Ljava.lang.annotation.RetentionPolicy; (java.base@21.0.3)
3292:             1             64  [Ljava.lang.invoke.MethodHandleImpl$Intrinsic; (java.base@21.0.3)
3293:             2             64  [Ljava.nio.charset.CoderResult; (java.base@21.0.3)
3294:             2             64  [Ljava.util.stream.Collector$Characteristics; (java.base@21.0.3)
3295:             2             64  [Ljdk.internal.util.OperatingSystem; (java.base@21.0.3)
3296:             2             64  [Lkotlin.annotation.AnnotationRetention;
3297:             2             64  [Lkotlin.annotation.AnnotationRetention;
3298:             2             64  [Lorg.apache.lucene.codecs.lucene90.blocktree.CompressionAlgorithm;
3299:             2             64  [Lorg.apache.lucene.index.MergePolicy$OneMergeProgress$PauseReason;
3300:             2             64  [Lorg.apache.lucene.search.BooleanClause$Occur;
3301:             4             64  [Lorg.apache.lucene.search.ScoreDoc;
3302:             1             64  [Lorg.opensearch.action.admin.cluster.node.info.NodesInfoRequest$Metric;
3303:             2             64  [Lorg.opensearch.action.search.ShardStatsFieldNames;
3304:             2             64  [Lorg.opensearch.action.support.IndicesOptions$WildcardStates;
3305:             2             64  [Lorg.opensearch.cluster.metadata.Metadata$XContentContext;
3306:             2             64  [Lorg.opensearch.cluster.routing.ShardMovementStrategy;
3307:             2             64  [Lorg.opensearch.cluster.routing.allocation.decider.EnableAllocationDecider$Allocation;
3308:             2             64  [Lorg.opensearch.cluster.routing.allocation.decider.EnableAllocationDecider$Rebalance;
3309:             2             64  [Lorg.opensearch.common.logging.SlowLogLevel;
3310:             2             64  [Lorg.opensearch.common.path.PathTrie$TrieMatchingMode;
3311:             2             64  [Lorg.opensearch.common.util.PageCacheRecycler$Type;
3312:             1             64  [Lorg.opensearch.index.fielddata.IndexNumericFieldData$NumericType;
3313:             2             64  [Lorg.opensearch.index.remote.RemoteStoreEnums$PathType;
3314:             2             64  [Lorg.opensearch.node.remotestore.RemoteStoreNodeService$Direction;
3315:             2             64  [Lorg.opensearch.observability.settings.PluginSettings$FilterBy;
3316:             2             64  [Lorg.opensearch.performanceanalyzer.commons.stats.metrics.ExceptionsAndErrors;
3317:             2             64  [Lorg.opensearch.repositories.s3.ProxySettings$ProxyType;
3318:             1             64  [Lorg.opensearch.security.auditlog.config.AuditConfig$Filter$FilterEntries;
3319:             1             64  [Lorg.opensearch.security.ssl.SecureSSLSettings$SSLSetting;
3320:             2             64  [Lorg.opensearch.security.support.ConfigConstants$RolesMappingResolution;
3321:             2             64  [Lorg.opensearch.timeseries.MemoryTracker$Origin;
3322:             2             64  [Lorg.opensearch.timeseries.model.EntityProfileName;
3323:             1             64  [Lorg.yaml.snakeyaml.events.Event$ID;
3324:             2             64  [Lsun.security.ssl.SSLTrafficKeyDerivation$KeySchedule; (java.base@21.0.3)
3325:             2             64  com.fasterxml.jackson.core.StreamWriteCapability
3326:             4             64  com.fasterxml.jackson.core.StreamWriteConstraints
3327:             2             64  com.fasterxml.jackson.core.io.ContentReference
3328:             2             64  com.fasterxml.jackson.databind.cfg.EnumFeature
3329:             2             64  com.fasterxml.jackson.databind.cfg.EnumFeature
3330:             2             64  com.fasterxml.jackson.databind.cfg.EnumFeature
3331:             2             64  com.fasterxml.jackson.databind.introspect.AnnotationCollector$TwoAnnotations
3332:             4             64  com.fasterxml.jackson.databind.introspect.BasicClassIntrospector
3333:             2             64  com.fasterxml.jackson.databind.introspect.VisibilityChecker$Std
3334:             2             64  com.fasterxml.jackson.databind.introspect.VisibilityChecker$Std
3335:             4             64  com.fasterxml.jackson.databind.jsontype.impl.StdSubtypeResolver
3336:             2             64  com.fasterxml.jackson.databind.ser.std.NumberSerializers$DoubleSerializer
3337:             2             64  com.fasterxml.jackson.databind.ser.std.NumberSerializers$DoubleSerializer
3338:             2             64  com.fasterxml.jackson.databind.ser.std.NumberSerializers$DoubleSerializer
3339:             2             64  com.fasterxml.jackson.databind.ser.std.NumberSerializers$IntegerSerializer
3340:             2             64  com.fasterxml.jackson.databind.ser.std.NumberSerializers$IntegerSerializer
3341:             2             64  com.fasterxml.jackson.databind.ser.std.NumberSerializers$IntegerSerializer
3342:             2             64  com.fasterxml.jackson.databind.ser.std.NumberSerializers$LongSerializer
3343:             2             64  com.fasterxml.jackson.databind.ser.std.NumberSerializers$LongSerializer
3344:             2             64  com.fasterxml.jackson.databind.ser.std.NumberSerializers$LongSerializer
3345:             4             64  com.fasterxml.jackson.databind.util.RootNameLookup
3346:             2             64  com.fasterxml.jackson.dataformat.yaml.YAMLParser$Feature
3347:             1             64  com.google.common.cache.CacheStats
3348:             1             64  com.google.common.cache.CacheStats
3349:             1             64  com.google.common.cache.CacheStats
3350:             1             64  com.google.common.cache.CacheStats
3351:             4             64  com.google.common.cache.LocalCache$AccessQueue
3352:             4             64  com.google.common.collect.$Proxy54
3353:             2             64  com.google.common.collect.RegularImmutableSet
3354:             2             64  com.google.common.collect.RegularImmutableSet
3355:             4             64  com.google.common.collect.SingletonImmutableList
3356:             2             64  com.google.common.io.BaseEncoding$Base64Encoding
3357:             2             64  com.google.common.io.BaseEncoding$StandardBaseEncoding
3358:             1             64  io.netty.util.concurrent.GlobalEventExecutor
3359:             1             64  io.netty.util.concurrent.GlobalEventExecutor
3360:             1             64  io.netty.util.concurrent.ScheduledFutureTask
3361:             2             64  io.protostuff.runtime.ArraySchemas$BoolArray
3362:             2             64  io.protostuff.runtime.ArraySchemas$CharArray
3363:             2             64  io.protostuff.runtime.ArraySchemas$FloatArray
3364:             2             64  io.protostuff.runtime.ArraySchemas$Int32Array
3365:             2             64  io.protostuff.runtime.ArraySchemas$Int64Array
3366:             2             64  io.protostuff.runtime.ArraySchemas$ShortArray
3367:             2             64  io.protostuff.runtime.RuntimeSchema
3368:             2             64  java.io.ByteArrayInputStream (java.base@21.0.3)
3369:             2             64  java.io.ClassCache$1 (java.base@21.0.3)
3370:             2             64  java.lang.invoke.MethodHandles$Lookup$ClassOption (java.base@21.0.3)
3371:             2             64  java.lang.ref.ReferenceQueue$Null (java.base@21.0.3)
3372:             4             64  java.security.spec.NamedParameterSpec (java.base@21.0.3)
3373:             2             64  java.time.temporal.IsoFields$Unit (java.base@21.0.3)
3374:             2             64  java.time.zone.ZoneOffsetTransition (java.base@21.0.3)
3375:             4             64  java.util.Collections$ReverseComparator2 (java.base@21.0.3)
3376:             4             64  java.util.concurrent.ConcurrentSkipListSet (java.base@21.0.3)
3377:             2             64  java.util.concurrent.SynchronousQueue (java.base@21.0.3)
3378:             1             64  java.util.logging.LogManager$RootLogger (java.logging@21.0.3)
3379:             2             64  javax.crypto.JceSecurity$WeakIdentityWrapper (java.base@21.0.3)
3380:             2             64  jdk.internal.foreign.GlobalSession (java.base@21.0.3)
3381:             4             64  jdk.internal.util.Preconditions$4 (java.base@21.0.3)
3382:             2             64  jdk.jfr.internal.jfc.JFC$KnownConfiguration (jdk.jfr@21.0.3)
3383:             4             64  jdk.proxy2.$Proxy6 (jdk.proxy2)
3384:             4             64  jdk.proxy4.$Proxy21 (jdk.proxy4)
3385:             2             64  joptsimple.internal.Rows
3386:             1             64  kotlinx.coroutines.scheduling.CoroutineScheduler
3387:             1             64  kotlinx.coroutines.scheduling.CoroutineScheduler
3388:             1             64  kotlinx.coroutines.scheduling.CoroutineScheduler
3389:             1             64  kotlinx.coroutines.scheduling.CoroutineScheduler
3390:             2             64  kotlinx.coroutines.scheduling.WorkQueue
3391:             4             64  org.apache.logging.log4j.core.lookup.StrMatcher$StringMatcher
3392:             4             64  org.apache.logging.log4j.core.pattern.NameAbbreviator$PatternAbbreviator
3393:             2             64  org.apache.logging.log4j.core.util.datetime.FastDatePrinter
3394:             1             64  org.apache.logging.log4j.jul.LogManager
3395:             2             64  org.apache.logging.log4j.util.SortedArrayStringMap
3396:             4             64  org.apache.lucene.analysis.ar.ArabicNormalizer
3397:             2             64  org.apache.lucene.analysis.br.BrazilianStemmer
3398:             2             64  org.apache.lucene.analysis.classic.ClassicAnalyzer
3399:             4             64  org.apache.lucene.analysis.in.IndicNormalizer
3400:             2             64  org.apache.lucene.analysis.util.CharArrayIterator$2
3401:             2             64  org.apache.lucene.analysis.util.CharArrayIterator$4
3402:             4             64  org.apache.lucene.backward_codecs.lucene50.Lucene50StoredFieldsFormat
3403:             1             64  org.apache.lucene.backward_codecs.lucene84.Lucene84Codec
3404:             1             64  org.apache.lucene.backward_codecs.lucene86.Lucene86Codec
3405:             2             64  org.apache.lucene.backward_codecs.lucene87.Lucene87Codec$Mode
3406:             2             64  org.apache.lucene.backward_codecs.lucene90.Lucene90Codec$Mode
3407:             2             64  org.apache.lucene.backward_codecs.lucene91.Lucene91Codec$Mode
3408:             2             64  org.apache.lucene.backward_codecs.lucene92.Lucene92Codec$Mode
3409:             2             64  org.apache.lucene.backward_codecs.lucene94.Lucene94Codec$Mode
3410:             2             64  org.apache.lucene.backward_codecs.lucene95.Lucene95Codec$Mode
3411:             2             64  org.apache.lucene.codecs.lucene99.Lucene99Codec$Mode
3412:             4             64  org.apache.lucene.index.DocValues$2
3413:             2             64  org.apache.lucene.index.VectorEncoding
3414:             2             64  org.apache.lucene.search.FieldExistsQuery$1
3415:             4             64  org.apache.lucene.search.TaskExecutor
3416:             2             64  org.apache.lucene.util.VirtualMethod
3417:             2             64  org.apache.lucene.util.VirtualMethod$1
3418:             4             64  org.bouncycastle.asn1.x9.X962Parameters
3419:             4             64  org.bouncycastle.jcajce.provider.asymmetric.ecgost12.KeyFactorySpi
3420:             1             64  org.jcodings.specific.UTF8Encoding
3421:             1             64  org.jooq.tools.json.Yylex
3422:             1             64  org.opensearch.action.admin.cluster.node.reload.TransportNodesReloadSecureSettingsAction
3423:             1             64  org.opensearch.action.admin.cluster.repositories.cleanup.TransportCleanupRepositoryAction
3424:             1             64  org.opensearch.action.admin.cluster.settings.TransportClusterUpdateSettingsAction
3425:             1             64  org.opensearch.action.admin.cluster.stats.TransportClusterStatsAction
3426:             1             64  org.opensearch.action.admin.indices.analyze.TransportAnalyzeAction
3427:             1             64  org.opensearch.action.admin.indices.close.TransportCloseIndexAction
3428:             1             64  org.opensearch.action.admin.indices.create.AutoCreateAction$TransportAction
3429:             1             64  org.opensearch.action.admin.indices.dangling.delete.TransportDeleteDanglingIndexAction
3430:             1             64  org.opensearch.action.admin.indices.dangling.find.TransportFindDanglingIndexAction
3431:             1             64  org.opensearch.action.admin.indices.dangling.list.TransportListDanglingIndicesAction
3432:             1             64  org.opensearch.action.admin.indices.get.TransportGetIndexAction
3433:             1             64  org.opensearch.action.admin.indices.mapping.get.TransportGetFieldMappingsIndexAction
3434:             1             64  org.opensearch.action.admin.indices.rollover.TransportRolloverAction
3435:             1             64  org.opensearch.action.admin.indices.template.post.TransportSimulateIndexTemplateAction
3436:             1             64  org.opensearch.action.admin.indices.template.post.TransportSimulateTemplateAction
3437:             1             64  org.opensearch.action.search.SearchResponse
3438:             2             64  org.opensearch.action.search.SearchType
3439:             4             64  org.opensearch.action.support.ActiveShardCount
3440:             4             64  org.opensearch.action.support.tasks.TransportTasksAction$$Lambda/0x00007fcd28edcb48
3441:             4             64  org.opensearch.action.support.tasks.TransportTasksAction$NodeTransportHandler
3442:             1             64  org.opensearch.ad.ADJobProcessor
3443:             1             64  org.opensearch.ad.ExecuteADResultResponseRecorder
3444:             1             64  org.opensearch.ad.rest.handler.ADIndexJobActionHandler
3445:             1             64  org.opensearch.ad.transport.ADCancelTaskTransportAction
3446:             1             64  org.opensearch.ad.transport.ADProfileTransportAction
3447:             1             64  org.opensearch.ad.transport.ADResultBulkTransportAction
3448:             1             64  org.opensearch.ad.transport.ADStatsNodesTransportAction
3449:             1             64  org.opensearch.ad.transport.ADTaskProfileTransportAction
3450:             1             64  org.opensearch.ad.transport.PreviewAnomalyDetectorTransportAction
3451:             2             64  org.opensearch.ad.transport.SearchTopAnomalyResultTransportAction$OrderType
3452:             1             64  org.opensearch.ad.transport.ValidateAnomalyDetectorTransportAction
3453:             1             64  org.opensearch.alerting.core.action.node.ScheduledJobsStatsTransportAction
3454:             1             64  org.opensearch.alerting.transport.TransportExecuteMonitorAction
3455:             1             64  org.opensearch.bootstrap.OpenSearch
3456:             1             64  org.opensearch.cluster.coordination.FollowersChecker
3457:             2             64  org.opensearch.cluster.decommission.DecommissionController
3458:             2             64  org.opensearch.cluster.metadata.IndexMetadata$State
3459:             2             64  org.opensearch.cluster.metadata.IndexNameExpressionResolver
3460:             1             64  org.opensearch.cluster.metadata.MetadataIndexTemplateService
3461:             4             64  org.opensearch.cluster.metadata.TemplatesMetadata
3462:             1             64  org.opensearch.cluster.routing.RoutingNodes
3463:             1             64  org.opensearch.cluster.service.ClusterManagerService
3464:             4             64  org.opensearch.common.recycler.NoneRecycler
3465:             4             64  org.opensearch.common.settings.Setting$$Lambda/0x00007fcd280c7be0
3466:             2             64  org.opensearch.common.util.LazyInitializable
3467:             2             64  org.opensearch.common.util.PageCacheRecycler
3468:             1             64  org.opensearch.common.util.ReorganizingLongHash
3469:             2             64  org.opensearch.core.tasks.resourcetracker.ResourceStats
3470:             4             64  org.opensearch.core.xcontent.AbstractObjectParser$$Lambda/0x00007fcd291ddf98
3471:             4             64  org.opensearch.core.xcontent.AbstractObjectParser$$Lambda/0x00007fcd291de1c8
3472:             1             64  org.opensearch.extensions.NoopExtensionsManager
3473:             1             64  org.opensearch.forecast.ExecuteForecastResultResponseRecorder
3474:             1             64  org.opensearch.forecast.ForecastJobProcessor
3475:             1             64  org.opensearch.forecast.rest.handler.ForecastIndexJobActionHandler
3476:             1             64  org.opensearch.forecast.transport.ForecastProfileTransportAction
3477:             1             64  org.opensearch.forecast.transport.ForecastResultBulkTransportAction
3478:             1             64  org.opensearch.forecast.transport.ForecastRunOnceProfileTransportAction
3479:             1             64  org.opensearch.forecast.transport.ValidateForecasterTransportAction
3480:             2             64  org.opensearch.geometry.utils.WellKnownText
3481:             1             64  org.opensearch.geospatial.stats.upload.UploadStatsTransportAction
3482:             2             64  org.opensearch.index.codec.customcodecs.Lucene99CustomCodec$Mode
3483:             2             64  org.opensearch.index.codec.customcodecs.Lucene99CustomStoredFieldsFormat
3484:             2             64  org.opensearch.index.codec.customcodecs.Lucene99QatCodec$Mode
3485:             2             64  org.opensearch.index.mapper.NestedPathFieldMapper
3486:             1             64  org.opensearch.index.shard.IndexShard$NonClosingReaderWrapper
3487:             1             64  org.opensearch.indexmanagement.indexstatemanagement.IndexStateManagementHistory
3488:             1             64  org.opensearch.indexmanagement.indexstatemanagement.MetadataService
3489:             1             64  org.opensearch.indexmanagement.indexstatemanagement.transport.action.addpolicy.TransportAddPolicyAction
3490:             1             64  org.opensearch.indexmanagement.indexstatemanagement.transport.action.updateindexmetadata.TransportUpdateManagedIndexMetaDataAction
3491:             1             64  org.opensearch.indexmanagement.snapshotmanagement.api.transport.index.TransportIndexSMPolicyAction
3492:             1             64  org.opensearch.indexmanagement.transform.action.index.TransportIndexTransformAction
3493:             1             64  org.opensearch.indices.store.TransportNodesListShardStoreMetadata
3494:             1             64  org.opensearch.indices.store.TransportNodesListShardStoreMetadataBatch
3495:             2             64  org.opensearch.knn.index.Parameter$MethodComponentContextParameter
3496:             1             64  org.opensearch.ml.action.forward.TransportForwardAction
3497:             1             64  org.opensearch.ml.action.model_group.TransportRegisterModelGroupAction
3498:             1             64  org.opensearch.ml.action.models.UpdateModelTransportAction
3499:             1             64  org.opensearch.ml.task.MLExecuteTaskRunner
3500:             1             64  org.opensearch.ml.task.MLTrainAndPredictTaskRunner
3501:             1             64  org.opensearch.ml.task.MLTrainingTaskRunner
3502:             1             64  org.opensearch.monitor.fs.FsHealthService
3503:             2             64  org.opensearch.monitor.fs.FsInfo
3504:             2             64  org.opensearch.monitor.os.OsStats$Mem
3505:             2             64  org.opensearch.monitor.os.OsStats$Swap
3506:             4             64  org.opensearch.node.Node$$Lambda/0x00007fcd288b11c8
3507:             2             64  org.opensearch.node.ResponseCollectorService$NodeStatistics
3508:             2             64  org.opensearch.node.remotestore.RemoteStoreNodeService$CompatibilityMode
3509:             1             64  org.opensearch.node.resource.tracker.AverageIoUsageTracker
3510:             1             64  org.opensearch.painless.action.PainlessExecuteAction$TransportAction
3511:             4             64  org.opensearch.painless.spi.annotation.InjectConstantAnnotation
3512:             1             64  org.opensearch.performanceanalyzer.collectors.AdmissionControlMetricsCollector
3513:             1             64  org.opensearch.performanceanalyzer.collectors.ClusterApplierServiceStatsCollector
3514:             1             64  org.opensearch.performanceanalyzer.collectors.ElectionTermCollector
3515:             1             64  org.opensearch.performanceanalyzer.collectors.FaultDetectionMetricsCollector
3516:             1             64  org.opensearch.performanceanalyzer.collectors.ShardIndexingPressureMetricsCollector
3517:             1             64  org.opensearch.performanceanalyzer.collectors.ShardStateCollector
3518:             1             64  org.opensearch.performanceanalyzer.collectors.ThreadPoolMetricsCollector
3519:             1             64  org.opensearch.performanceanalyzer.commons.collectors.OSMetricsCollector
3520:             2             64  org.opensearch.performanceanalyzer.commons.config.overrides.ConfigOverrides$Overrides
3521:             1             64  org.opensearch.performanceanalyzer.writer.EventLogQueueProcessor
3522:             1             64  org.opensearch.replication.ReplicationSettings
3523:             1             64  org.opensearch.replication.action.autofollow.TransportAutoFollowClusterManagerNodeAction
3524:             1             64  org.opensearch.replication.action.changes.TransportGetChangesAction
3525:             1             64  org.opensearch.replication.action.pause.TransportPauseIndexReplicationAction
3526:             1             64  org.opensearch.replication.action.repository.TransportGetFileChunkAction
3527:             1             64  org.opensearch.replication.action.resume.TransportResumeIndexReplicationAction
3528:             1             64  org.opensearch.replication.action.stop.TransportStopIndexReplicationAction
3529:             1             64  org.opensearch.replication.action.update.TransportUpdateIndexReplicationAction
3530:             1             64  org.opensearch.replication.metadata.TransportUpdateMetadataAction
3531:             1             64  org.opensearch.repositories.RepositoriesService
3532:             1             64  org.opensearch.repositories.s3.S3RepositoryPlugin
3533:             1             64  org.opensearch.repositories.s3.S3RepositoryPlugin$LowPrioritySizeBasedBlockingQ
3534:             1             64  org.opensearch.repositories.s3.async.SizeBasedBlockingQ
3535:             2             64  org.opensearch.repositories.s3.utils.Protocol
3536:             2             64  org.opensearch.rest.NamedRoute
3537:             2             64  org.opensearch.script.Script
3538:             2             64  org.opensearch.script.ScriptType
3539:             2             64  org.opensearch.search.DocValueFormat$DateTime
3540:             4             64  org.opensearch.search.SearchModule$$Lambda/0x00007fcd287966e0
3541:             2             64  org.opensearch.search.aggregations.Aggregator$SubAggCollectionMode
3542:             4             64  org.opensearch.search.aggregations.bucket.DocCountProvider
3543:             1             64  org.opensearch.search.aggregations.bucket.histogram.DateHistogramAggregatorFactory
3544:             2             64  org.opensearch.search.aggregations.bucket.histogram.LongBounds
3545:             2             64  org.opensearch.search.aggregations.pipeline.HoltWintersModel$SeasonalityType
3546:             1             64  org.opensearch.search.asynchronous.transport.TransportDeleteAsynchronousSearchAction
3547:             1             64  org.opensearch.search.asynchronous.transport.TransportGetAsynchronousSearchAction
3548:             2             64  org.opensearch.search.backpressure.trackers.HeapUsageTracker
3549:             2             64  org.opensearch.search.fetch.subphase.FetchSourceContext
3550:             1             64  org.opensearch.search.internal.ExitableDirectoryReader
3551:             1             64  org.opensearch.search.internal.ReaderContext
3552:             1             64  org.opensearch.security.auditlog.sink.Log4JSink
3553:             2             64  org.opensearch.security.auth.UserInjector
3554:             4             64  org.opensearch.security.dlic.rest.api.AbstractApiAction$$Lambda/0x00007fcd28fe8220
3555:             1             64  org.opensearch.security.dlic.rest.api.ssl.TransportCertificatesInfoNodesAction
3556:             1             64  org.opensearch.security.filter.SecurityFilter
3557:             1             64  org.opensearch.security.transport.SecurityInterceptor
3558:             1             64  org.opensearch.securityanalytics.transport.TransportDeleteCustomLogTypeAction
3559:             1             64  org.opensearch.securityanalytics.transport.TransportGetFindingsAction
3560:             1             64  org.opensearch.securityanalytics.transport.TransportIndexRuleAction
3561:             1             64  org.opensearch.securityanalytics.transport.TransportSearchDetectorAction
3562:             2             64  org.opensearch.sql.datasource.model.DataSourceStatus
3563:             2             64  org.opensearch.sql.ppl.PPLService
3564:             1             64  org.opensearch.sql.spark.cluster.ClusterManagerEventListener
3565:             2             64  org.opensearch.sql.spark.dispatcher.SparkQueryDispatcher
3566:             4             64  org.opensearch.sql.spark.response.OpenSearchJobExecutionResponseReader
3567:             2             64  org.opensearch.timeseries.breaker.BreakerName
3568:             2             64  org.opensearch.timeseries.indices.IndexManagement$IndexState
3569:             2             64  org.opensearch.timeseries.ratelimit.CheckPointMaintainRequestAdapter
3570:             1             64  org.opensearch.transport.TransportService$1
3571:             4             64  sun.reflect.generics.tree.ArrayTypeSignature (java.base@21.0.3)
3572:             2             64  sun.security.provider.FileInputStreamPool$StreamRef (java.base@21.0.3)
3573:             1             64  sun.security.provider.certpath.ldap.JdkLDAP$ProviderService (java.naming@21.0.3)
3574:             1             64  sun.security.smartcardio.SunPCSC$ProviderService (java.smartcardio@21.0.3)
3575:             2             64  sun.security.ssl.Alert$Level (java.base@21.0.3)
3576:             2             64  sun.security.ssl.CertStatusExtension$CertStatusRequestType (java.base@21.0.3)
3577:             2             64  sun.security.ssl.CertStatusExtension$OCSPStatusRequest (java.base@21.0.3)
3578:             2             64  sun.security.ssl.PskKeyExchangeModesExtension$PskKeyExchangeMode (java.base@21.0.3)
3579:             4             64  sun.security.ssl.SSLCipher$T11BlockReadCipherGenerator (java.base@21.0.3)
3580:             4             64  sun.security.ssl.SSLCipher$T11BlockWriteCipherGenerator (java.base@21.0.3)
3581:             4             64  sun.security.util.DisabledAlgorithmConstraints$Constraints (java.base@21.0.3)
3582:             4             64  sun.text.SupplementaryCharacterData (java.base@21.0.3)
3583:             1             56  [Lcom.fasterxml.jackson.databind.cfg.CoercionInputShape;
3584:             1             56  [Lcom.fasterxml.jackson.databind.cfg.CoercionInputShape;
3585:             1             56  [Lcom.fasterxml.jackson.databind.cfg.CoercionInputShape;
3586:             1             56  [Lio.protostuff.WireFormat$JavaType;
3587:             1             56  [Ljava.lang.Runnable; (java.base@21.0.3)
3588:             1             56  [Ljava.lang.reflect.AccessFlag$Location; (java.base@21.0.3)
3589:             2             56  [Ljava.net.InterfaceAddress; (java.base@21.0.3)
3590:             1             56  [Ljava.nio.file.StandardOpenOption; (java.base@21.0.3)
3591:             1             56  [Lorg.opensearch.common.geo.GeoShapeType;
3592:             1             56  [Lorg.opensearch.common.settings.Setting$AffixSetting;
3593:             1             56  [Lorg.opensearch.ml.engine.indices.MLIndex;
3594:             1             56  [Lorg.opensearch.performanceanalyzer.commons.metrics.RTFMetrics$ShardStatsValue;
3595:             1             56  [Lorg.opensearch.rest.RestRequest$Method;
3596:             1             56  [Lorg.opensearch.timeseries.model.TaskState;
3597:             1             56  com.amazon.dlic.auth.http.jwt.keybyoidc.HTTPJwtKeyByOpenIdConnectAuthenticator
3598:             1             56  com.fasterxml.jackson.databind.type.ArrayType
3599:             1             56  io.netty.bootstrap.Bootstrap
3600:             1             56  java.lang.invoke.BoundMethodHandle$Specializer (java.base@21.0.3)
3601:             1             56  java.time.chrono.HijrahChronology (java.base@21.0.3)
3602:             1             56  java.util.ServiceLoader (java.base@21.0.3)
3603:             1             56  java.util.logging.ConsoleHandler (java.logging@21.0.3)
3604:             1             56  jdk.internal.org.objectweb.asm.Label (java.base@21.0.3)
3605:             1             56  org.apache.logging.log4j.core.LoggerContext
3606:             1             56  org.apache.lucene.analysis.core.KeywordTokenizer
3607:             1             56  org.apache.lucene.backward_codecs.lucene70.Lucene70Codec
3608:             1             56  org.apache.lucene.backward_codecs.lucene80.Lucene80Codec
3609:             1             56  org.objectweb.asm.Label
3610:             1             56  org.opensearch.action.admin.cluster.configuration.TransportAddVotingConfigExclusionsAction
3611:             1             56  org.opensearch.action.admin.cluster.decommission.awareness.delete.TransportDeleteDecommissionStateAction
3612:             1             56  org.opensearch.action.admin.cluster.decommission.awareness.put.TransportDecommissionAction
3613:             1             56  org.opensearch.action.admin.cluster.health.TransportClusterHealthAction
3614:             1             56  org.opensearch.action.admin.cluster.node.hotthreads.TransportNodesHotThreadsAction
3615:             1             56  org.opensearch.action.admin.cluster.node.info.TransportNodesInfoAction
3616:             1             56  org.opensearch.action.admin.cluster.node.stats.TransportNodesStatsAction
3617:             1             56  org.opensearch.action.admin.cluster.node.tasks.cancel.TransportCancelTasksAction
3618:             1             56  org.opensearch.action.admin.cluster.node.tasks.get.TransportGetTaskAction
3619:             1             56  org.opensearch.action.admin.cluster.node.tasks.list.TransportListTasksAction
3620:             1             56  org.opensearch.action.admin.cluster.remotestore.restore.TransportRestoreRemoteStoreAction
3621:             1             56  org.opensearch.action.admin.cluster.remotestore.stats.TransportRemoteStoreStatsAction
3622:             1             56  org.opensearch.action.admin.cluster.repositories.delete.TransportDeleteRepositoryAction
3623:             1             56  org.opensearch.action.admin.cluster.repositories.put.TransportPutRepositoryAction
3624:             1             56  org.opensearch.action.admin.cluster.repositories.verify.TransportVerifyRepositoryAction
3625:             1             56  org.opensearch.action.admin.cluster.reroute.TransportClusterRerouteAction
3626:             1             56  org.opensearch.action.admin.cluster.shards.TransportClusterSearchShardsAction
3627:             1             56  org.opensearch.action.admin.cluster.shards.routing.weighted.delete.TransportDeleteWeightedRoutingAction
3628:             1             56  org.opensearch.action.admin.cluster.shards.routing.weighted.get.TransportGetWeightedRoutingAction
3629:             1             56  org.opensearch.action.admin.cluster.shards.routing.weighted.put.TransportAddWeightedRoutingAction
3630:             1             56  org.opensearch.action.admin.cluster.snapshots.clone.TransportCloneSnapshotAction
3631:             1             56  org.opensearch.action.admin.cluster.snapshots.create.TransportCreateSnapshotAction
3632:             1             56  org.opensearch.action.admin.cluster.snapshots.delete.TransportDeleteSnapshotAction
3633:             1             56  org.opensearch.action.admin.cluster.snapshots.get.TransportGetSnapshotsAction
3634:             1             56  org.opensearch.action.admin.cluster.snapshots.restore.TransportRestoreSnapshotAction
3635:             1             56  org.opensearch.action.admin.cluster.snapshots.status.TransportNodesSnapshotsStatus
3636:             1             56  org.opensearch.action.admin.cluster.snapshots.status.TransportSnapshotsStatusAction
3637:             1             56  org.opensearch.action.admin.cluster.state.TransportClusterStateAction
3638:             1             56  org.opensearch.action.admin.cluster.storedscripts.TransportDeleteStoredScriptAction
3639:             1             56  org.opensearch.action.admin.cluster.storedscripts.TransportGetStoredScriptAction
3640:             1             56  org.opensearch.action.admin.cluster.storedscripts.TransportPutStoredScriptAction
3641:             1             56  org.opensearch.action.admin.cluster.tasks.TransportPendingClusterTasksAction
3642:             1             56  org.opensearch.action.admin.indices.alias.TransportIndicesAliasesAction
3643:             1             56  org.opensearch.action.admin.indices.alias.get.TransportGetAliasesAction
3644:             1             56  org.opensearch.action.admin.indices.cache.clear.TransportClearIndicesCacheAction
3645:             1             56  org.opensearch.action.admin.indices.create.TransportCreateIndexAction
3646:             1             56  org.opensearch.action.admin.indices.datastream.CreateDataStreamAction$TransportAction
3647:             1             56  org.opensearch.action.admin.indices.datastream.DataStreamsStatsAction$TransportAction
3648:             1             56  org.opensearch.action.admin.indices.datastream.DeleteDataStreamAction$TransportAction
3649:             1             56  org.opensearch.action.admin.indices.delete.TransportDeleteIndexAction
3650:             1             56  org.opensearch.action.admin.indices.mapping.get.TransportGetMappingsAction
3651:             1             56  org.opensearch.action.admin.indices.mapping.put.TransportAutoPutMappingAction
3652:             1             56  org.opensearch.action.admin.indices.mapping.put.TransportPutMappingAction
3653:             1             56  org.opensearch.action.admin.indices.open.TransportOpenIndexAction
3654:             1             56  org.opensearch.action.admin.indices.readonly.TransportAddIndexBlockAction
3655:             1             56  org.opensearch.action.admin.indices.replication.TransportSegmentReplicationStatsAction
3656:             1             56  org.opensearch.action.admin.indices.settings.get.TransportGetSettingsAction
3657:             1             56  org.opensearch.action.admin.indices.settings.put.TransportUpdateSettingsAction
3658:             1             56  org.opensearch.action.admin.indices.shards.TransportIndicesShardStoresAction
3659:             1             56  org.opensearch.action.admin.indices.shrink.TransportResizeAction
3660:             1             56  org.opensearch.action.admin.indices.template.delete.TransportDeleteComponentTemplateAction
3661:             1             56  org.opensearch.action.admin.indices.template.delete.TransportDeleteComposableIndexTemplateAction
3662:             1             56  org.opensearch.action.admin.indices.template.delete.TransportDeleteIndexTemplateAction
3663:             1             56  org.opensearch.action.admin.indices.template.put.TransportPutComponentTemplateAction
3664:             1             56  org.opensearch.action.admin.indices.template.put.TransportPutComposableIndexTemplateAction
3665:             1             56  org.opensearch.action.admin.indices.template.put.TransportPutIndexTemplateAction
3666:             1             56  org.opensearch.action.admin.indices.upgrade.post.TransportUpgradeAction
3667:             1             56  org.opensearch.action.admin.indices.upgrade.post.TransportUpgradeSettingsAction
3668:             1             56  org.opensearch.action.admin.indices.validate.query.TransportValidateQueryAction
3669:             1             56  org.opensearch.action.explain.TransportExplainAction
3670:             1             56  org.opensearch.action.get.TransportGetAction
3671:             1             56  org.opensearch.action.get.TransportShardMultiGetAction
3672:             1             56  org.opensearch.action.ingest.DeletePipelineTransportAction
3673:             1             56  org.opensearch.action.ingest.PutPipelineTransportAction
3674:             1             56  org.opensearch.action.search.DeleteSearchPipelineTransportAction
3675:             1             56  org.opensearch.action.search.PutSearchPipelineTransportAction
3676:             1             56  org.opensearch.action.search.SearchRequestSlowLog
3677:             1             56  org.opensearch.action.search.TransportCreatePitAction
3678:             1             56  org.opensearch.action.search.TransportGetAllPitsAction
3679:             1             56  org.opensearch.action.support.clustermanager.term.TransportGetTermVersionAction
3680:             1             56  org.opensearch.action.termvectors.TransportShardMultiTermsVectorAction
3681:             1             56  org.opensearch.action.termvectors.TransportTermVectorsAction
3682:             1             56  org.opensearch.ad.rest.RestIndexAnomalyDetectorAction
3683:             1             56  org.opensearch.ad.rest.RestSearchADTasksAction
3684:             1             56  org.opensearch.ad.rest.RestSearchAnomalyDetectorAction
3685:             1             56  org.opensearch.ad.rest.RestSearchAnomalyResultAction
3686:             1             56  org.opensearch.ad.rest.RestValidateAnomalyDetectorAction
3687:             1             56  org.opensearch.ad.transport.ADEntityProfileTransportAction
3688:             1             56  org.opensearch.ad.transport.AnomalyResultTransportAction
3689:             1             56  org.opensearch.ad.transport.ForwardADTaskTransportAction
3690:             1             56  org.opensearch.alerting.AlertingPlugin
3691:             1             56  org.opensearch.alerting.comments.CommentsIndices
3692:             1             56  org.opensearch.alerting.transport.TransportDeleteWorkflowAction
3693:             1             56  org.opensearch.alerting.transport.TransportGetRemoteIndexesAction
3694:             1             56  org.opensearch.cluster.InternalClusterInfoService
3695:             1             56  org.opensearch.cluster.coordination.JoinHelper
3696:             1             56  org.opensearch.cluster.coordination.LeaderChecker
3697:             1             56  org.opensearch.cluster.coordination.PublicationTransportHandler
3698:             1             56  org.opensearch.cluster.routing.allocation.DiskThresholdMonitor
3699:             1             56  org.opensearch.cluster.service.ClusterService
3700:             1             56  org.opensearch.common.Rounding$DateTimeUnit$1
3701:             1             56  org.opensearch.common.Rounding$DateTimeUnit$2
3702:             1             56  org.opensearch.common.Rounding$DateTimeUnit$3
3703:             1             56  org.opensearch.common.Rounding$DateTimeUnit$4
3704:             1             56  org.opensearch.common.cache.stats.ImmutableCacheStats
3705:             1             56  org.opensearch.common.util.BigByteArray
3706:             1             56  org.opensearch.discovery.SeedHostsResolver
3707:             1             56  org.opensearch.env.NodeEnvironment
3708:             1             56  org.opensearch.flowframework.transport.CreateWorkflowTransportAction
3709:             1             56  org.opensearch.flowframework.transport.DeprovisionWorkflowTransportAction
3710:             1             56  org.opensearch.flowframework.transport.ProvisionWorkflowTransportAction
3711:             1             56  org.opensearch.forecast.ml.ForecastCheckpointDao
3712:             1             56  org.opensearch.forecast.rest.RestIndexForecasterAction
3713:             1             56  org.opensearch.forecast.rest.RestSearchForecastTasksAction
3714:             1             56  org.opensearch.forecast.rest.RestSearchForecasterAction
3715:             1             56  org.opensearch.forecast.rest.RestValidateForecasterAction
3716:             1             56  org.opensearch.forecast.transport.ForecastEntityProfileTransportAction
3717:             1             56  org.opensearch.forecast.transport.ForecastStatsNodesTransportAction
3718:             1             56  org.opensearch.forecast.transport.StatsForecasterTransportAction
3719:             1             56  org.opensearch.forecast.transport.SuggestForecasterParamTransportAction
3720:             1             56  org.opensearch.gateway.ShardsBatchGatewayAllocator
3721:             1             56  org.opensearch.gateway.TransportNodesListGatewayMetaState
3722:             1             56  org.opensearch.geospatial.ip2geo.action.DeleteDatasourceTransportAction
3723:             1             56  org.opensearch.index.SegmentReplicationPressureService
3724:             1             56  org.opensearch.index.ShardIndexingPressureSettings
3725:             1             56  org.opensearch.index.get.GetStats
3726:             1             56  org.opensearch.index.reindex.TransportRethrottleAction
3727:             1             56  org.opensearch.index.seqno.RetentionLeaseActions$Add$TransportAction
3728:             1             56  org.opensearch.index.seqno.RetentionLeaseActions$Remove$TransportAction
3729:             1             56  org.opensearch.index.seqno.RetentionLeaseActions$Renew$TransportAction
3730:             1             56  org.opensearch.indexmanagement.indexstatemanagement.transport.action.changepolicy.TransportChangePolicyAction
3731:             1             56  org.opensearch.indexmanagement.indexstatemanagement.transport.action.getpolicy.TransportGetPolicyAction
3732:             1             56  org.opensearch.indexmanagement.indexstatemanagement.transport.action.indexpolicy.TransportIndexPolicyAction
3733:             1             56  org.opensearch.indexmanagement.refreshanalyzer.TransportRefreshSearchAnalyzerAction
3734:             1             56  org.opensearch.indexmanagement.rollup.action.delete.TransportDeleteRollupAction
3735:             1             56  org.opensearch.indexmanagement.rollup.action.get.TransportGetRollupAction
3736:             1             56  org.opensearch.indexmanagement.rollup.action.get.TransportGetRollupsAction
3737:             1             56  org.opensearch.indexmanagement.rollup.action.index.TransportIndexRollupAction
3738:             1             56  org.opensearch.indexmanagement.rollup.action.mapping.TransportUpdateRollupMappingAction
3739:             1             56  org.opensearch.indexmanagement.rollup.action.start.TransportStartRollupAction
3740:             1             56  org.opensearch.indexmanagement.rollup.action.stop.TransportStopRollupAction
3741:             1             56  org.opensearch.indexmanagement.snapshotmanagement.api.transport.delete.TransportDeleteSMPolicyAction
3742:             1             56  org.opensearch.indexmanagement.snapshotmanagement.api.transport.explain.TransportExplainSMAction
3743:             1             56  org.opensearch.indexmanagement.snapshotmanagement.api.transport.get.TransportGetSMPoliciesAction
3744:             1             56  org.opensearch.indexmanagement.snapshotmanagement.api.transport.get.TransportGetSMPolicyAction
3745:             1             56  org.opensearch.indexmanagement.snapshotmanagement.api.transport.start.TransportStartSMAction
3746:             1             56  org.opensearch.indexmanagement.snapshotmanagement.api.transport.stop.TransportStopSMAction
3747:             1             56  org.opensearch.indexmanagement.transform.action.delete.TransportDeleteTransformsAction
3748:             1             56  org.opensearch.indexmanagement.transform.action.explain.TransportExplainTransformAction
3749:             1             56  org.opensearch.indexmanagement.transform.action.get.TransportGetTransformAction
3750:             1             56  org.opensearch.indexmanagement.transform.action.get.TransportGetTransformsAction
3751:             1             56  org.opensearch.indexmanagement.transform.action.start.TransportStartTransformAction
3752:             1             56  org.opensearch.indexmanagement.transform.action.stop.TransportStopTransformAction
3753:             1             56  org.opensearch.indices.replication.SegmentReplicationTargetService
3754:             1             56  org.opensearch.ingest.IngestService
3755:             1             56  org.opensearch.knn.plugin.transport.KNNStatsTransportAction
3756:             1             56  org.opensearch.knn.plugin.transport.RemoveModelFromCacheTransportAction
3757:             1             56  org.opensearch.knn.plugin.transport.TrainingJobRouteDecisionInfoTransportAction
3758:             1             56  org.opensearch.knn.plugin.transport.UpdateModelGraveyardTransportAction
3759:             1             56  org.opensearch.knn.plugin.transport.UpdateModelMetadataTransportAction
3760:             1             56  org.opensearch.ml.action.connector.ExecuteConnectorTransportAction
3761:             1             56  org.opensearch.ml.action.connector.TransportCreateConnectorAction
3762:             1             56  org.opensearch.ml.action.controller.CreateControllerTransportAction
3763:             1             56  org.opensearch.ml.action.controller.DeleteControllerTransportAction
3764:             1             56  org.opensearch.ml.action.model_group.TransportUpdateModelGroupAction
3765:             1             56  org.opensearch.ml.action.upload_chunk.TransportRegisterModelMetaAction
3766:             1             56  org.opensearch.ml.engine.algorithms.metrics_correlation.MetricsCorrelation
3767:             1             56  org.opensearch.monitor.jvm.JvmInfo$Mem
3768:             1             56  org.opensearch.performanceanalyzer.OpenSearchResources
3769:             1             56  org.opensearch.performanceanalyzer.collectors.CacheConfigMetricsCollector
3770:             1             56  org.opensearch.performanceanalyzer.collectors.CircuitBreakerCollector
3771:             1             56  org.opensearch.performanceanalyzer.collectors.ClusterManagerServiceMetrics
3772:             1             56  org.opensearch.performanceanalyzer.collectors.NodeDetailsCollector
3773:             1             56  org.opensearch.performanceanalyzer.commons.collectors.DisksCollector
3774:             1             56  org.opensearch.performanceanalyzer.commons.collectors.GCInfoCollector
3775:             1             56  org.opensearch.performanceanalyzer.commons.collectors.HeapMetricsCollector
3776:             1             56  org.opensearch.performanceanalyzer.commons.collectors.NetworkInterfaceCollector
3777:             1             56  org.opensearch.performanceanalyzer.commons.config.PluginSettings
3778:             1             56  org.opensearch.persistent.CompletionPersistentTaskAction$TransportAction
3779:             1             56  org.opensearch.persistent.RemovePersistentTaskAction$TransportAction
3780:             1             56  org.opensearch.persistent.StartPersistentTaskAction$TransportAction
3781:             1             56  org.opensearch.persistent.UpdatePersistentTaskStatusAction$TransportAction
3782:             1             56  org.opensearch.replication.action.index.TransportReplicateIndexAction
3783:             1             56  org.opensearch.replication.action.index.block.TransportUpddateIndexBlockAction
3784:             1             56  org.opensearch.replication.action.replicationstatedetails.TransportUpdateReplicationStateDetails
3785:             1             56  org.opensearch.replication.action.repository.TransportGetStoreMetadataAction
3786:             1             56  org.opensearch.replication.action.repository.TransportReleaseLeaderResourcesAction
3787:             1             56  org.opensearch.replication.action.stats.TransportAutoFollowStatsAction
3788:             1             56  org.opensearch.repositories.s3.GenericStatsMetricPublisher
3789:             1             56  org.opensearch.search.aggregations.metrics.MaxAggregationBuilder
3790:             1             56  org.opensearch.search.asynchronous.management.AsynchronousSearchManagementService
3791:             1             56  org.opensearch.search.asynchronous.transport.TransportAsynchronousSearchStatsAction
3792:             1             56  org.opensearch.search.backpressure.SearchBackpressureService
3793:             1             56  org.opensearch.search.dfs.DfsSearchResult
3794:             1             56  org.opensearch.security.dlic.rest.api.AccountApiAction
3795:             1             56  org.opensearch.security.dlic.rest.api.AuditApiAction
3796:             1             56  org.opensearch.security.dlic.rest.api.InternalUsersApiAction
3797:             1             56  org.opensearch.security.dlic.rest.api.SecurityConfigApiAction
3798:             1             56  org.opensearch.security.dlic.rest.api.SecuritySSLCertsApiAction
3799:             1             56  org.opensearch.security.filter.SecurityRestFilter
3800:             1             56  org.opensearch.securityanalytics.SecurityAnalyticsPlugin
3801:             1             56  org.opensearch.securityanalytics.transport.TransportAckCorrelationAlertsAction
3802:             1             56  org.opensearch.securityanalytics.transport.TransportAcknowledgeAlertsAction
3803:             1             56  org.opensearch.securityanalytics.transport.TransportGetAlertsAction
3804:             1             56  org.opensearch.securityanalytics.transport.TransportGetCorrelationAlertsAction
3805:             1             56  org.opensearch.securityanalytics.transport.TransportGetDetectorAction
3806:             1             56  org.opensearch.securityanalytics.transport.TransportSearchCustomLogTypeAction
3807:             1             56  org.opensearch.securityanalytics.transport.TransportSearchRuleAction
3808:             1             56  org.opensearch.snapshots.InternalSnapshotsInfoService
3809:             1             56  org.opensearch.snapshots.RestoreService
3810:             1             56  org.opensearch.snapshots.SnapshotsService$UpdateSnapshotStatusAction
3811:             1             56  org.opensearch.timeseries.cluster.ClusterManagerEventListener
3812:             1             56  org.opensearch.timeseries.feature.FeatureManager
3813:             1             56  org.opensearch.transport.TcpTransport$ProfileSettings
3814:             1             56  org.opensearch.transport.TcpTransportChannel
3815:             1             56  sun.security.provider.SHA (java.base@21.0.3)
3816:             1             56  sun.security.ssl.SSLContextImpl$TLS13Context (java.base@21.0.3)
3817:             1             48  [Lcom.fasterxml.jackson.annotation.JsonInclude$Include;
3818:             1             48  [Lcom.fasterxml.jackson.annotation.JsonInclude$Include;
3819:             1             48  [Lcom.fasterxml.jackson.annotation.PropertyAccessor;
3820:             1             48  [Lcom.fasterxml.jackson.annotation.PropertyAccessor;
3821:             1             48  [Lcom.fasterxml.jackson.core.StreamWriteFeature;
3822:             3             48  [Lcom.fasterxml.jackson.databind.JavaType;
3823:             3             48  [Lcom.fasterxml.jackson.databind.JavaType;
3824:             2             48  [Lcom.google.common.cache.LocalCache$Segment;
3825:             1             48  [Lcom.sun.management.VMOption$Origin; (jdk.management@21.0.3)
3826:             2             48  [Ljava.io.ObjectStreamClass$ClassDataSlot; (java.base@21.0.3)
3827:             1             48  [Ljava.lang.management.MemoryPoolMXBean; (java.management@21.0.3)
3828:             1             48  [Ljava.lang.reflect.ProxyGenerator$PrimitiveTypeInfo; (java.base@21.0.3)
3829:             1             48  [Ljava.math.RoundingMode; (java.base@21.0.3)
3830:             2             48  [Ljava.nio.file.FileVisitOption; (java.base@21.0.3)
3831:             1             48  [Ljava.security.cert.CertPathValidatorException$BasicReason; (java.base@21.0.3)
3832:             3             48  [Ljava.util.regex.IntHashSet; (java.base@21.0.3)
3833:             1             48  [Lorg.apache.logging.log4j.core.appender.rolling.FileExtension;
3834:             1             48  [Lorg.apache.logging.log4j.core.appender.rolling.RolloverFrequency;
3835:             2             48  [Lorg.apache.lucene.codecs.lucene90.Lucene90StoredFieldsFormat$Mode;
3836:             1             48  [Lorg.apache.lucene.index.MergeTrigger;
3837:             2             48  [Lorg.apache.lucene.search.SortField;
3838:             2             48  [Lorg.apache.lucene.search.TotalHits$Relation;
3839:             2             48  [Lorg.opensearch.action.search.SearchType;
3840:             1             48  [Lorg.opensearch.common.Rounding$DateTimeUnit;
3841:             2             48  [Lorg.opensearch.common.cache.CacheType;
3842:             2             48  [Lorg.opensearch.core.common.transport.TransportAddress;
3843:             2             48  [Lorg.opensearch.core.tasks.resourcetracker.ResourceStats;
3844:             1             48  [Lorg.opensearch.index.mapper.DynamicTemplate$XContentFieldType;
3845:             1             48  [Lorg.opensearch.index.mapper.NumberFieldMapper$NumberType;
3846:             2             48  [Lorg.opensearch.index.query.Operator;
3847:             2             48  [Lorg.opensearch.index.remote.RemoteStoreEnums$PathHashAlgorithm;
3848:             2             48  [Lorg.opensearch.index.translog.Translog$Durability;
3849:             1             48  [Lorg.opensearch.indices.analysis.PreBuiltAnalyzers;
3850:             2             48  [Lorg.opensearch.indices.replication.common.ReplicationType;
3851:             1             48  [Lorg.opensearch.ml.stats.MLClusterLevelStat;
3852:             2             48  [Lorg.opensearch.monitor.fs.FsInfo$DeviceStats;
3853:             2             48  [Lorg.opensearch.monitor.fs.FsInfo$Path;
3854:             2             48  [Lorg.opensearch.node.remotestore.RemoteStoreNodeService$CompatibilityMode;
3855:             2             48  [Lorg.opensearch.observability.settings.PluginSettings$AdminAccess;
3856:             1             48  [Lorg.opensearch.performanceanalyzer.commons.stats.eval.Statistics;
3857:             2             48  [Lorg.opensearch.persistent.decider.EnableAssignmentDecider$Allocation;
3858:             1             48  [Lorg.opensearch.replication.task.ReplicationState;
3859:             2             48  [Lorg.opensearch.repositories.s3.utils.Protocol;
3860:             2             48  [Lorg.opensearch.rest.RestHandler$Route;
3861:             1             48  [Lorg.reflections.vfs.Vfs$DefaultUrlTypes;
3862:             2             48  [Lsun.security.validator.CADistrustPolicy; (java.base@21.0.3)
3863:             1             48  [Lsun.security.x509.NetscapeCertTypeExtension$MapEntry; (java.base@21.0.3)
3864:             1             48  com.amazon.dlic.auth.ldap.backend.LDAPAuthorizationBackend
3865:             2             48  com.fasterxml.jackson.annotation.JacksonInject$Value
3866:             1             48  com.fasterxml.jackson.core.JsonLocation
3867:             2             48  com.fasterxml.jackson.core.util.DefaultIndenter
3868:             1             48  com.fasterxml.jackson.core.util.Separators
3869:             2             48  com.fasterxml.jackson.databind.AnnotationIntrospector$ReferenceProperty$Type
3870:             1             48  com.fasterxml.jackson.databind.cfg.ConfigOverride$Empty
3871:             1             48  com.fasterxml.jackson.databind.cfg.ConfigOverride$Empty
3872:             1             48  com.fasterxml.jackson.databind.cfg.ConfigOverride$Empty
3873:             2             48  com.fasterxml.jackson.databind.deser.impl.NullsConstantProvider
3874:             2             48  com.fasterxml.jackson.databind.deser.std.StdKeyDeserializer$StringKD
3875:             1             48  com.fasterxml.jackson.databind.deser.std.UntypedObjectDeserializer
3876:             2             48  com.fasterxml.jackson.databind.ser.std.BooleanSerializer
3877:             2             48  com.fasterxml.jackson.databind.ser.std.BooleanSerializer
3878:             2             48  com.fasterxml.jackson.databind.ser.std.BooleanSerializer
3879:             1             48  com.fasterxml.jackson.databind.util.StdDateFormat
3880:             1             48  com.fasterxml.jackson.databind.util.StdDateFormat
3881:             1             48  com.fasterxml.jackson.databind.util.StdDateFormat
3882:             2             48  com.google.common.cache.LocalCache$AccessQueue$1
3883:             3             48  com.google.common.cache.LocalCache$LocalLoadingCache
3884:             1             48  com.google.common.collect.Multimaps$CustomSetMultimap
3885:             2             48  com.google.common.collect.Sets$1
3886:             2             48  com.google.gson.internal.bind.TypeAdapters$33
3887:             2             48  com.intel.qat.QatZipper$Algorithm
3888:             2             48  com.intel.qat.QatZipper$Mode
3889:             2             48  com.sun.jmx.mbeanserver.ClassLoaderRepositorySupport$LoaderEntry (java.management@21.0.3)
3890:             1             48  com.sun.jmx.mbeanserver.DefaultMXBeanMappingFactory$Mappings (java.management@21.0.3)
3891:             1             48  com.sun.jmx.mbeanserver.MBeanIntrospector$MBeanInfoMap (java.management@21.0.3)
3892:             1             48  com.sun.jmx.mbeanserver.MBeanIntrospector$PerInterfaceMap (java.management@21.0.3)
3893:             2             48  com.sun.jmx.mbeanserver.WeakIdentityHashMap (java.management@21.0.3)
3894:             2             48  com.sun.jna.Memory$MemoryDisposer
3895:             2             48  com.sun.jna.NativeMappedConverter
3896:             2             48  io.netty.bootstrap.ServerBootstrap$ServerBootstrapAcceptor$1
3897:             2             48  io.netty.buffer.PoolArena$SizeClass
3898:             2             48  io.netty.buffer.PooledByteBufAllocator$PoolThreadLocalCache
3899:             2             48  io.netty.channel.ChannelMetadata
3900:             2             48  io.netty.channel.FixedRecvByteBufAllocator
3901:             3             48  io.netty.channel.ReflectiveChannelFactory
3902:             2             48  io.netty.handler.logging.ByteBufFormat
3903:             1             48  io.netty.handler.ssl.JdkSslClientContext
3904:             3             48  io.netty.util.DefaultAttributeMap
3905:             1             48  io.netty.util.ResourceLeakDetector$TraceRecord$1
3906:             3             48  io.netty.util.concurrent.MultithreadEventExecutorGroup$1
3907:             3             48  io.netty.util.concurrent.PromiseTask$SentinelRunnable
3908:             3             48  io.netty.util.concurrent.PromiseTask$SentinelRunnable
3909:             3             48  io.netty.util.concurrent.ThreadPerTaskExecutor
3910:             2             48  io.protostuff.runtime.ArrayFieldMap
3911:             2             48  io.protostuff.runtime.RuntimePipeSchema
3912:             1             48  java.io.BufferedInputStream (java.base@21.0.3)
3913:             2             48  java.io.File$PathStatus (java.base@21.0.3)
3914:             1             48  java.lang.NullPointerException (java.base@21.0.3)
3915:             1             48  java.lang.invoke.BoundMethodHandle$Specializer$Factory (java.base@21.0.3)
3916:             1             48  java.lang.invoke.VarHandleReferences$Array (java.base@21.0.3)
3917:             1             48  java.lang.invoke.VarHandleSegmentAsBytes (java.base@21.0.3)
3918:             1             48  java.lang.invoke.VarHandleSegmentAsInts (java.base@21.0.3)
3919:             1             48  java.lang.invoke.VarHandleSegmentAsLongs (java.base@21.0.3)
3920:             1             48  java.lang.invoke.VarHandleSegmentAsShorts (java.base@21.0.3)
3921:             3             48  java.nio.charset.CodingErrorAction (java.base@21.0.3)
3922:             3             48  java.security.AllPermissionCollection (java.base@21.0.3)
3923:             2             48  java.security.Provider$OPType (java.base@21.0.3)
3924:             3             48  java.text.AttributedCharacterIterator$Attribute (java.base@21.0.3)
3925:             2             48  java.time.OffsetDateTime (java.base@21.0.3)
3926:             2             48  java.time.OffsetTime (java.base@21.0.3)
3927:             2             48  java.time.chrono.IsoEra (java.base@21.0.3)
3928:             2             48  java.time.chrono.MinguoEra (java.base@21.0.3)
3929:             2             48  java.time.chrono.ThaiBuddhistEra (java.base@21.0.3)
3930:             3             48  java.time.format.DateTimeFormatterBuilder$1 (java.base@21.0.3)
3931:             3             48  java.util.Base64$Decoder (java.base@21.0.3)
3932:             2             48  java.util.Collections$UnmodifiableList (java.base@21.0.3)
3933:             3             48  java.util.Comparator$$Lambda/0x00007fcd289f2cc8 (java.base@21.0.3)
3934:             3             48  java.util.EnumMap$KeySet (java.base@21.0.3)
3935:             3             48  java.util.EnumMap$Values (java.base@21.0.3)
3936:             2             48  java.util.Formatter$BigDecimalLayoutForm (java.base@21.0.3)
3937:             3             48  java.util.ResourceBundle$NoFallbackControl (java.base@21.0.3)
3938:             3             48  java.util.concurrent.ConcurrentSkipListMap$KeySet (java.base@21.0.3)
3939:             2             48  java.util.concurrent.SynchronousQueue$Transferer (java.base@21.0.3)
3940:             2             48  java.util.logging.Logger$LoggerBundle (java.logging@21.0.3)
3941:             2             48  javax.crypto.CryptoPermissions (java.base@21.0.3)
3942:             2             48  javax.management.NotificationBroadcasterSupport (java.management@21.0.3)
3943:             2             48  javax.security.auth.AuthPermission (java.base@21.0.3)
3944:             1             48  jdk.internal.foreign.layout.ValueLayouts$OfBooleanImpl (java.base@21.0.3)
3945:             1             48  jdk.internal.foreign.layout.ValueLayouts$OfByteImpl (java.base@21.0.3)
3946:             1             48  jdk.internal.icu.util.CodePointTrie$Fast16 (java.base@21.0.3)
3947:             2             48  jdk.internal.icu.util.CodePointTrie$Type (java.base@21.0.3)
3948:             1             48  jdk.internal.jimage.ImageHeader (java.base@21.0.3)
3949:             2             48  jdk.internal.misc.Signal$NativeHandler (java.base@21.0.3)
3950:             2             48  jdk.internal.reflect.ReflectionFactory$Config (java.base@21.0.3)
3951:             1             48  jdk.management.jfr.FlightRecorderMXBeanImpl (jdk.management.jfr@21.0.3)
3952:             3             48  jdk.proxy1.$Proxy42 (jdk.proxy1)
3953:             3             48  jdk.proxy2.$Proxy30 (jdk.proxy2)
3954:             1             48  joptsimple.OptionParser
3955:             2             48  kotlin.coroutines.CombinedContext
3956:             2             48  kotlinx.coroutines.JobImpl
3957:             3             48  kotlinx.coroutines.internal.ContextScope
3958:             3             48  kotlinx.coroutines.internal.Symbol
3959:             2             48  kotlinx.coroutines.scheduling.TaskMode
3960:             1             48  org.apache.logging.log4j.core.appender.ConsoleAppender
3961:             3             48  org.apache.logging.log4j.core.config.DefaultAdvertiser
3962:             2             48  org.apache.logging.log4j.core.config.plugins.util.PluginManager
3963:             2             48  org.apache.logging.log4j.core.config.status.StatusConfiguration$Verbosity
3964:             1             48  org.apache.logging.log4j.core.impl.Log4jProvider
3965:             2             48  org.apache.logging.log4j.core.util.datetime.FastDateFormat
3966:             2             48  org.apache.logging.log4j.core.util.datetime.FastDatePrinter$PaddedNumberField
3967:             2             48  org.apache.logging.log4j.core.util.datetime.FormatCache$MultipartKey
3968:             1             48  org.apache.logging.log4j.status.StatusLogger
3969:             2             48  org.apache.logging.log4j.util.PropertiesUtil$Environment
3970:             2             48  org.apache.logging.log4j.util.PropertyFilePropertySource
3971:             3             48  org.apache.lucene.analysis.Analyzer$TokenStreamComponents$$Lambda/0x00007fcd29266150
3972:             1             48  org.apache.lucene.analysis.CharArrayMap$EmptyCharArrayMap
3973:             2             48  org.apache.lucene.analysis.classic.ClassicAnalyzer$$Lambda/0x00007fcd29268420
3974:             2             48  org.apache.lucene.analysis.core.SimpleAnalyzer
3975:             2             48  org.apache.lucene.analysis.core.StopAnalyzer
3976:             2             48  org.apache.lucene.analysis.id.IndonesianStemmer
3977:             2             48  org.apache.lucene.backward_codecs.lucene50.Lucene50StoredFieldsFormat$Mode
3978:             3             48  org.apache.lucene.backward_codecs.lucene70.Lucene70SegmentInfoFormat
3979:             2             48  org.apache.lucene.backward_codecs.lucene80.Lucene80DocValuesFormat$Mode
3980:             3             48  org.apache.lucene.backward_codecs.lucene86.Lucene86PointsFormat
3981:             3             48  org.apache.lucene.backward_codecs.lucene86.Lucene86SegmentInfoFormat
3982:             2             48  org.apache.lucene.backward_codecs.lucene87.Lucene87Codec$1
3983:             2             48  org.apache.lucene.backward_codecs.lucene87.Lucene87Codec$2
3984:             2             48  org.apache.lucene.backward_codecs.lucene87.Lucene87StoredFieldsFormat$Mode
3985:             2             48  org.apache.lucene.backward_codecs.lucene91.Lucene91Codec$1
3986:             2             48  org.apache.lucene.backward_codecs.lucene91.Lucene91Codec$2
3987:             2             48  org.apache.lucene.backward_codecs.lucene91.Lucene91Codec$3
3988:             2             48  org.apache.lucene.backward_codecs.lucene91.Lucene91HnswVectorsFormat
3989:             2             48  org.apache.lucene.backward_codecs.lucene92.Lucene92Codec$1
3990:             2             48  org.apache.lucene.backward_codecs.lucene92.Lucene92Codec$2
3991:             2             48  org.apache.lucene.backward_codecs.lucene92.Lucene92Codec$3
3992:             2             48  org.apache.lucene.backward_codecs.lucene92.Lucene92HnswVectorsFormat
3993:             2             48  org.apache.lucene.backward_codecs.lucene94.Lucene94Codec$1
3994:             2             48  org.apache.lucene.backward_codecs.lucene94.Lucene94Codec$2
3995:             2             48  org.apache.lucene.backward_codecs.lucene94.Lucene94Codec$3
3996:             2             48  org.apache.lucene.backward_codecs.lucene94.Lucene94HnswVectorsFormat
3997:             2             48  org.apache.lucene.codecs.lucene90.Lucene90StoredFieldsFormat$Mode
3998:             2             48  org.apache.lucene.document.Field$Store
3999:             2             48  org.apache.lucene.document.InvertableType
4000:             2             48  org.apache.lucene.queryparser.classic.QueryParser$Operator
4001:             2             48  org.apache.lucene.search.MatchAllDocsQuery
4002:             1             48  org.apache.lucene.search.PrefixQuery
4003:             2             48  org.apache.lucene.search.TopDocs
4004:             2             48  org.apache.lucene.search.TotalHits$Relation
4005:             2             48  org.apache.lucene.util.FileDeleter$MsgType
4006:             1             48  org.apache.lucene.util.automaton.CompiledAutomaton
4007:             2             48  org.apache.lucene.util.fst.ReverseBytesReader
4008:             1             48  org.apache.lucene.util.packed.BulkOperationPacked1
4009:             1             48  org.apache.lucene.util.packed.BulkOperationPacked10
4010:             1             48  org.apache.lucene.util.packed.BulkOperationPacked11
4011:             1             48  org.apache.lucene.util.packed.BulkOperationPacked12
4012:             1             48  org.apache.lucene.util.packed.BulkOperationPacked13
4013:             1             48  org.apache.lucene.util.packed.BulkOperationPacked14
4014:             1             48  org.apache.lucene.util.packed.BulkOperationPacked15
4015:             1             48  org.apache.lucene.util.packed.BulkOperationPacked16
4016:             1             48  org.apache.lucene.util.packed.BulkOperationPacked17
4017:             1             48  org.apache.lucene.util.packed.BulkOperationPacked18
4018:             1             48  org.apache.lucene.util.packed.BulkOperationPacked19
4019:             1             48  org.apache.lucene.util.packed.BulkOperationPacked2
4020:             1             48  org.apache.lucene.util.packed.BulkOperationPacked20
4021:             1             48  org.apache.lucene.util.packed.BulkOperationPacked21
4022:             1             48  org.apache.lucene.util.packed.BulkOperationPacked22
4023:             1             48  org.apache.lucene.util.packed.BulkOperationPacked23
4024:             1             48  org.apache.lucene.util.packed.BulkOperationPacked24
4025:             1             48  org.apache.lucene.util.packed.BulkOperationPacked3
4026:             1             48  org.apache.lucene.util.packed.BulkOperationPacked4
4027:             1             48  org.apache.lucene.util.packed.BulkOperationPacked5
4028:             1             48  org.apache.lucene.util.packed.BulkOperationPacked6
4029:             1             48  org.apache.lucene.util.packed.BulkOperationPacked7
4030:             1             48  org.apache.lucene.util.packed.BulkOperationPacked8
4031:             1             48  org.apache.lucene.util.packed.BulkOperationPacked9
4032:             3             48  org.bouncycastle.pqc.jcajce.provider.bike.BIKEKeyFactorySpi
4033:             2             48  org.bouncycastle.pqc.jcajce.provider.falcon.FalconKeyFactorySpi
4034:             3             48  org.bouncycastle.pqc.jcajce.provider.hqc.HQCKeyFactorySpi
4035:             2             48  org.greenrobot.eventbus.PendingPostQueue
4036:             1             48  org.greenrobot.eventbus.SubscriberMethodFinder$FindState
4037:             2             48  org.ietf.jgss.Oid (java.security.jgss@21.0.3)
4038:             3             48  org.locationtech.jts.geom.PrecisionModel$Type
4039:             2             48  org.locationtech.spatial4j.io.PolyshapeReader
4040:             2             48  org.locationtech.spatial4j.io.WKTReader
4041:             2             48  org.opensearch.action.OriginalIndices
4042:             1             48  org.opensearch.action.admin.cluster.configuration.TransportClearVotingConfigExclusionsAction
4043:             1             48  org.opensearch.action.admin.cluster.decommission.awareness.get.TransportGetDecommissionStateAction
4044:             1             48  org.opensearch.action.admin.cluster.repositories.get.TransportGetRepositoriesAction
4045:             1             48  org.opensearch.action.admin.indices.datastream.GetDataStreamAction$TransportAction
4046:             1             48  org.opensearch.action.admin.indices.exists.indices.TransportIndicesExistsAction
4047:             1             48  org.opensearch.action.admin.indices.forcemerge.TransportForceMergeAction
4048:             1             48  org.opensearch.action.admin.indices.recovery.TransportRecoveryAction
4049:             1             48  org.opensearch.action.admin.indices.resolve.ResolveIndexAction$TransportAction
4050:             1             48  org.opensearch.action.admin.indices.segments.TransportIndicesSegmentsAction
4051:             1             48  org.opensearch.action.admin.indices.stats.TransportIndicesStatsAction
4052:             1             48  org.opensearch.action.admin.indices.template.get.TransportGetComponentTemplateAction
4053:             1             48  org.opensearch.action.admin.indices.template.get.TransportGetComposableIndexTemplateAction
4054:             1             48  org.opensearch.action.admin.indices.template.get.TransportGetIndexTemplatesAction
4055:             1             48  org.opensearch.action.admin.indices.upgrade.get.TransportUpgradeStatusAction
4056:             1             48  org.opensearch.action.fieldcaps.TransportFieldCapabilitiesAction
4057:             1             48  org.opensearch.action.fieldcaps.TransportFieldCapabilitiesIndexAction
4058:             1             48  org.opensearch.action.ingest.GetPipelineTransportAction
4059:             1             48  org.opensearch.action.search.GetSearchPipelineTransportAction
4060:             1             48  org.opensearch.action.search.TransportMultiSearchAction
4061:             2             48  org.opensearch.ad.ADTaskProfileRunner
4062:             2             48  org.opensearch.ad.client.AnomalyDetectionNodeClient
4063:             1             48  org.opensearch.ad.settings.ADEnabledSetting$1
4064:             1             48  org.opensearch.ad.settings.ADNumericSetting$1
4065:             1             48  org.opensearch.ad.transport.RCFPollingTransportAction
4066:             1             48  org.opensearch.ad.transport.RCFResultTransportAction
4067:             1             48  org.opensearch.ad.transport.SearchAnomalyResultTransportAction
4068:             1             48  org.opensearch.ad.transport.StatsAnomalyDetectorTransportAction
4069:             1             48  org.opensearch.alerting.transport.TransportAcknowledgeAlertAction
4070:             1             48  org.opensearch.alerting.transport.TransportAcknowledgeChainedAlertAction
4071:             1             48  org.opensearch.alerting.transport.TransportDeleteAlertingCommentAction
4072:             1             48  org.opensearch.alerting.transport.TransportDeleteMonitorAction
4073:             1             48  org.opensearch.alerting.transport.TransportExecuteWorkflowAction
4074:             1             48  org.opensearch.alerting.transport.TransportGetAlertsAction
4075:             1             48  org.opensearch.alerting.transport.TransportGetDestinationsAction
4076:             1             48  org.opensearch.alerting.transport.TransportGetEmailAccountAction
4077:             1             48  org.opensearch.alerting.transport.TransportGetEmailGroupAction
4078:             1             48  org.opensearch.alerting.transport.TransportGetFindingsSearchAction
4079:             1             48  org.opensearch.alerting.transport.TransportGetMonitorAction
4080:             1             48  org.opensearch.alerting.transport.TransportGetWorkflowAction
4081:             1             48  org.opensearch.alerting.transport.TransportGetWorkflowAlertsAction
4082:             1             48  org.opensearch.alerting.transport.TransportSearchAlertingCommentAction
4083:             1             48  org.opensearch.alerting.transport.TransportSearchMonitorAction
4084:             2             48  org.opensearch.alerting.util.DocLevelMonitorQueries
4085:             2             48  org.opensearch.bootstrap.OpenSearchPolicy$BadDefaultPermission
4086:             1             48  org.opensearch.client.node.NodeClient
4087:             1             48  org.opensearch.cluster.NodeConnectionsService
4088:             1             48  org.opensearch.cluster.coordination.CoordinationState
4089:             2             48  org.opensearch.cluster.coordination.CoordinationState$VoteCollection
4090:             2             48  org.opensearch.cluster.coordination.PersistedStateRegistry$PersistedStateType
4091:             3             48  org.opensearch.cluster.metadata.AliasValidator
4092:             2             48  org.opensearch.cluster.metadata.ComponentTemplate
4093:             3             48  org.opensearch.cluster.metadata.DataStream$TimestampField
4094:             1             48  org.opensearch.cluster.metadata.MetadataIndexStateService
4095:             1             48  org.opensearch.cluster.metadata.MetadataUpdateSettingsService
4096:             2             48  org.opensearch.cluster.node.DiscoveryNodeFilters$OpType
4097:             2             48  org.opensearch.cluster.routing.RoutingTable
4098:             3             48  org.opensearch.cluster.routing.WeightedRoutingService$$Lambda/0x00007fcd28e22ef0
4099:             3             48  org.opensearch.cluster.routing.WeightedRoutingService$$Lambda/0x00007fcd28e23120
4100:             1             48  org.opensearch.common.Rounding$DateTimeUnit$5
4101:             1             48  org.opensearch.common.Rounding$DateTimeUnit$6
4102:             1             48  org.opensearch.common.Rounding$DateTimeUnit$7
4103:             1             48  org.opensearch.common.Rounding$DateTimeUnit$8
4104:             3             48  org.opensearch.common.hash.MessageDigests$$Lambda/0x00007fcd280d6c78
4105:             3             48  org.opensearch.common.inject.InjectorImpl$BindingsMultimap
4106:             3             48  org.opensearch.common.inject.TypeConverterBindingProcessor$1
4107:             3             48  org.opensearch.common.inject.TypeConverterBindingProcessor$2
4108:             3             48  org.opensearch.common.inject.TypeConverterBindingProcessor$3
4109:             3             48  org.opensearch.common.inject.TypeConverterBindingProcessor$4
4110:             3             48  org.opensearch.common.inject.WeakKeySet
4111:             3             48  org.opensearch.common.inject.matcher.Matchers$SubclassesOf
4112:             2             48  org.opensearch.common.logging.LoggingOutputStream
4113:             1             48  org.opensearch.common.settings.ClusterSettings
4114:             2             48  org.opensearch.common.settings.Setting$$Lambda/0x00007fcd280bde50
4115:             3             48  org.opensearch.common.settings.Setting$$Lambda/0x00007fcd284a0a78
4116:             1             48  org.opensearch.common.settings.SettingsModule
4117:             1             48  org.opensearch.common.time.EpochTime$6
4118:             1             48  org.opensearch.common.util.concurrent.TimedRunnable
4119:             2             48  org.opensearch.core.common.breaker.CircuitBreaker$Durability
4120:             2             48  org.opensearch.core.common.transport.BoundTransportAddress
4121:             2             48  org.opensearch.core.tasks.resourcetracker.ResourceUsageInfo$ResourceStatsInfo
4122:             1             48  org.opensearch.flowframework.transport.GetWorkflowTransportAction
4123:             1             48  org.opensearch.forecast.ml.ForecastModelManager
4124:             1             48  org.opensearch.forecast.settings.ForecastEnabledSetting$1
4125:             1             48  org.opensearch.forecast.settings.ForecastNumericSetting$1
4126:             1             48  org.opensearch.gateway.PersistedClusterStateService$Writer
4127:             1             48  org.opensearch.geospatial.ip2geo.action.PutDatasourceTransportAction
4128:             1             48  org.opensearch.geospatial.ip2geo.action.UpdateDatasourceTransportAction
4129:             1             48  org.opensearch.grok.MatcherWatchdog$Default
4130:             1             48  org.opensearch.http.HttpHandlingSettings
4131:             1             48  org.opensearch.http.netty4.ssl.SecureNetty4HttpServerTransport$SslHttpChannelHandler
4132:             2             48  org.opensearch.identity.IdentityService
4133:             2             48  org.opensearch.index.IndexService$IndexCreationContext
4134:             1             48  org.opensearch.index.SegmentReplicationPressureService$AsyncFailStaleReplicaTask
4135:             1             48  org.opensearch.index.analysis.AnalysisRegistry
4136:             2             48  org.opensearch.index.codec.customcodecs.Lucene99QatStoredFieldsFormat
4137:             2             48  org.opensearch.index.codec.customcodecs.QatCompressionMode
4138:             2             48  org.opensearch.index.engine.Engine$SearcherScope
4139:             2             48  org.opensearch.index.fielddata.plain.SortedNumericIndexFieldData
4140:             1             48  org.opensearch.index.query.BoolQueryBuilder
4141:             2             48  org.opensearch.index.query.Operator
4142:             1             48  org.opensearch.index.query.RangeQueryBuilder
4143:             3             48  org.opensearch.index.query.functionscore.DecayFunctionParser
4144:             1             48  org.opensearch.index.refresh.RefreshStats
4145:             1             48  org.opensearch.index.reindex.TransportDeleteByQueryAction
4146:             1             48  org.opensearch.index.reindex.TransportUpdateByQueryAction
4147:             1             48  org.opensearch.index.remote.RemoteStorePressureSettings
4148:             2             48  org.opensearch.index.seqno.RetentionLeaseSyncer
4149:             2             48  org.opensearch.index.shard.ShardStateMetadata$IndexDataLocation
4150:             2             48  org.opensearch.index.store.remote.filecache.FileCacheSettings
4151:             2             48  org.opensearch.index.translog.Translog$Durability
4152:             1             48  org.opensearch.indexmanagement.controlcenter.notification.action.index.TransportIndexLRONConfigAction
4153:             1             48  org.opensearch.indexmanagement.indexstatemanagement.transport.action.deletepolicy.TransportDeletePolicyAction
4154:             1             48  org.opensearch.indexmanagement.indexstatemanagement.transport.action.explain.TransportExplainAction
4155:             1             48  org.opensearch.indexmanagement.indexstatemanagement.transport.action.getpolicy.TransportGetPoliciesAction
4156:             1             48  org.opensearch.indexmanagement.rollup.action.explain.TransportExplainRollupAction
4157:             1             48  org.opensearch.indexmanagement.transform.action.preview.TransportPreviewTransformAction
4158:             1             48  org.opensearch.indices.IndexingMemoryController
4159:             1             48  org.opensearch.indices.RemoteStoreSettings
4160:             1             48  org.opensearch.indices.recovery.RecoverySourceHandler$SendFileResult
4161:             2             48  org.opensearch.indices.replication.common.ReplicationCollection
4162:             2             48  org.opensearch.indices.replication.common.ReplicationType
4163:             1             48  org.opensearch.knn.index.KNNSettings$1
4164:             2             48  org.opensearch.knn.index.MethodComponentContext
4165:             3             48  org.opensearch.knn.plugin.stats.suppliers.LibraryInitializedSupplier
4166:             1             48  org.opensearch.knn.plugin.transport.ClearCacheTransportAction
4167:             1             48  org.opensearch.knn.plugin.transport.KNNWarmupTransportAction
4168:             1             48  org.opensearch.ml.action.connector.UpdateConnectorTransportAction
4169:             1             48  org.opensearch.ml.action.controller.GetControllerTransportAction
4170:             1             48  org.opensearch.ml.action.controller.UpdateControllerTransportAction
4171:             1             48  org.opensearch.ml.action.model_group.DeleteModelGroupTransportAction
4172:             1             48  org.opensearch.ml.action.model_group.GetModelGroupTransportAction
4173:             1             48  org.opensearch.ml.action.models.DeleteModelTransportAction
4174:             1             48  org.opensearch.ml.action.models.GetModelTransportAction
4175:             1             48  org.opensearch.ml.autoredeploy.MLModelAutoReDeployer
4176:             1             48  org.opensearch.ml.cluster.MLCommonsClusterManagerEventListener
4177:             2             48  org.opensearch.ml.memory.index.ConversationMetaIndex
4178:             1             48  org.opensearch.ml.task.MLTaskDispatcher
4179:             2             48  org.opensearch.monitor.StatusInfo$Status
4180:             1             48  org.opensearch.monitor.jvm.JvmGcMonitorService
4181:             1             48  org.opensearch.monitor.jvm.JvmGcMonitorService$1
4182:             2             48  org.opensearch.monitor.os.OsService
4183:             2             48  org.opensearch.monitor.os.OsStats$Cpu
4184:             1             48  org.opensearch.monitor.process.ProcessStats
4185:             1             48  org.opensearch.node.NodeResourceUsageStats
4186:             1             48  org.opensearch.node.resource.tracker.NodeResourceUsageTracker
4187:             2             48  org.opensearch.observability.settings.PluginSettings$AdminAccess
4188:             1             48  org.opensearch.painless.CompilerSettings
4189:             1             48  org.opensearch.performanceanalyzer.PerformanceAnalyzerPlugin
4190:             1             48  org.opensearch.performanceanalyzer.collectors.ClusterApplierServiceStatsCollector$ClusterApplierServiceStats
4191:             1             48  org.opensearch.performanceanalyzer.collectors.NodeStatsAllShardsMetricsCollector$1
4192:             1             48  org.opensearch.persistent.PersistentTasksClusterService
4193:             1             48  org.opensearch.persistent.PersistentTasksClusterService$PeriodicRechecker
4194:             2             48  org.opensearch.persistent.PersistentTasksCustomMetadata$Assignment
4195:             2             48  org.opensearch.persistent.decider.EnableAssignmentDecider$Allocation
4196:             1             48  org.opensearch.replication.action.status.TranportShardsInfoAction
4197:             1             48  org.opensearch.replication.action.status.TransportReplicationStatusAction
4198:             2             48  org.opensearch.replication.seqno.RemoteClusterStats
4199:             2             48  org.opensearch.replication.seqno.RemoteClusterTranslogService
4200:             1             48  org.opensearch.replication.task.index.IndexReplicationExecutor
4201:             1             48  org.opensearch.replication.task.shard.ShardReplicationExecutor
4202:             2             48  org.opensearch.repositories.RepositoryInfo
4203:             2             48  org.opensearch.repositories.s3.async.SizeBasedBlockingQ$QueueEventType
4204:             2             48  org.opensearch.repositories.s3.async.TransferSemaphoresHolder$TypeSemaphore
4205:             2             48  org.opensearch.repositories.s3.async.TransferSemaphoresHolder$TypeSemaphore$PermitType
4206:             2             48  org.opensearch.rest.action.admin.indices.RestCreateIndexAction
4207:             2             48  org.opensearch.rest.action.admin.indices.RestGetAliasesAction
4208:             2             48  org.opensearch.rest.action.admin.indices.RestGetIndicesAction
4209:             2             48  org.opensearch.rest.action.admin.indices.RestIndexPutAliasAction
4210:             2             48  org.opensearch.rest.action.admin.indices.RestRefreshAction
4211:             2             48  org.opensearch.rest.action.admin.indices.RestUpdateSettingsAction
4212:             2             48  org.opensearch.rest.action.document.RestBulkAction
4213:             2             48  org.opensearch.rest.action.document.RestBulkStreamingAction
4214:             2             48  org.opensearch.rest.action.document.RestDeleteAction
4215:             2             48  org.opensearch.rest.action.document.RestGetAction
4216:             2             48  org.opensearch.rest.action.document.RestIndexAction
4217:             2             48  org.opensearch.rest.action.document.RestIndexAction$AutoIdHandler
4218:             2             48  org.opensearch.rest.action.document.RestIndexAction$CreateHandler
4219:             2             48  org.opensearch.rest.action.document.RestMultiGetAction
4220:             2             48  org.opensearch.rest.action.document.RestUpdateAction
4221:             2             48  org.opensearch.rest.action.search.RestClearScrollAction
4222:             2             48  org.opensearch.rest.action.search.RestSearchAction
4223:             2             48  org.opensearch.rest.action.search.RestSearchScrollAction
4224:             1             48  org.opensearch.search.SearchModule
4225:             3             48  org.opensearch.search.aggregations.InternalOrder$SimpleOrder$$Lambda/0x00007fcd292f9400
4226:             1             48  org.opensearch.search.aggregations.bucket.FastFilterRewriteHelper$FastFilterContext
4227:             3             48  org.opensearch.search.aggregations.bucket.terms.LongKeyedBucketOrds$FromMany
4228:             2             48  org.opensearch.search.aggregations.metrics.AbstractPercentilesAggregationBuilder$$Lambda/0x00007fcd287b9cc0
4229:             3             48  org.opensearch.search.aggregations.support.ValuesSource$Bytes$WithOrdinals$FieldData
4230:             1             48  org.opensearch.search.asynchronous.stats.InternalAsynchronousSearchStats$CountStatsHolder
4231:             1             48  org.opensearch.search.asynchronous.transport.TransportSubmitAsynchronousSearchAction
4232:             2             48  org.opensearch.search.backpressure.trackers.CpuUsageTracker
4233:             2             48  org.opensearch.search.backpressure.trackers.ElapsedTimeTracker
4234:             2             48  org.opensearch.search.backpressure.trackers.NodeDuressTracker
4235:             1             48  org.opensearch.search.fetch.FetchSearchResult
4236:             3             48  org.opensearch.search.fetch.subphase.highlight.HighlightPhase
4237:             2             48  org.opensearch.search.internal.AliasFilter
4238:             1             48  org.opensearch.search.internal.InternalSearchResponse
4239:             1             48  org.opensearch.search.pipeline.Pipeline
4240:             2             48  org.opensearch.search.sort.SortFieldAndFormat
4241:             2             48  org.opensearch.secure_sm.ThreadPermission
4242:             1             48  org.opensearch.security.auditlog.sink.DebugSink
4243:             1             48  org.opensearch.security.auditlog.sink.SinkProvider
4244:             3             48  org.opensearch.security.compliance.ComplianceConfig$1
4245:             1             48  org.opensearch.security.dlic.rest.api.ActionGroupsApiAction
4246:             1             48  org.opensearch.security.dlic.rest.api.AllowlistApiAction
4247:             1             48  org.opensearch.security.dlic.rest.api.AuthTokenProcessorAction
4248:             1             48  org.opensearch.security.dlic.rest.api.CertificatesApiAction
4249:             1             48  org.opensearch.security.dlic.rest.api.ConfigUpgradeApiAction
4250:             1             48  org.opensearch.security.dlic.rest.api.FlushCacheApiAction
4251:             1             48  org.opensearch.security.dlic.rest.api.MigrateApiAction
4252:             1             48  org.opensearch.security.dlic.rest.api.MultiTenancyConfigApiAction
4253:             1             48  org.opensearch.security.dlic.rest.api.RolesApiAction
4254:             1             48  org.opensearch.security.dlic.rest.api.RolesMappingApiAction
4255:             1             48  org.opensearch.security.dlic.rest.api.TenantsApiAction
4256:             1             48  org.opensearch.security.dlic.rest.api.ValidateApiAction
4257:             1             48  org.opensearch.security.dlic.rest.api.WhitelistApiAction
4258:             1             48  org.opensearch.security.privileges.SecurityIndexAccessEvaluator
4259:             1             48  org.opensearch.security.rest.SecurityWhoAmIAction
4260:             1             48  org.opensearch.security.rest.TenantInfoAction
4261:             1             48  org.opensearch.security.securityconf.ConfigModelV7
4262:             1             48  org.opensearch.security.securityconf.ConfigModelV7$RoleMappingHolder
4263:             1             48  org.opensearch.security.securityconf.DynamicConfigFactory
4264:             2             48  org.opensearch.security.securityconf.impl.v7.ConfigV7$AuthzBackend
4265:             2             48  org.opensearch.security.securityconf.impl.v7.ConfigV7$AuthzDomain
4266:             2             48  org.opensearch.security.securityconf.impl.v7.ConfigV7$Http
4267:             2             48  org.opensearch.security.securityconf.impl.v7.ConfigV7$OnBehalfOfSettings
4268:             2             48  org.opensearch.security.securityconf.impl.v7.ConfigV7$Xff
4269:             2             48  org.opensearch.security.ssl.transport.PrincipalExtractor$Type
4270:             2             48  org.opensearch.security.support.SerializationFormat
4271:             1             48  org.opensearch.securityanalytics.threatIntel.common.TIFMetadata
4272:             1             48  org.opensearch.securityanalytics.transport.TransportDeleteRuleAction
4273:             1             48  org.opensearch.securityanalytics.transport.TransportListCorrelationAction
4274:             1             48  org.opensearch.securityanalytics.transport.TransportSearchCorrelationAction
4275:             1             48  org.opensearch.securityanalytics.transport.TransportSearchCorrelationRuleAction
4276:             2             48  org.opensearch.securityanalytics.util.WorkflowService
4277:             1             48  org.opensearch.snapshots.SnapshotShardsService
4278:             3             48  org.opensearch.sql.expression.function.FunctionDSL$$Lambda/0x00007fcd28b31cb0
4279:             2             48  org.opensearch.sql.expression.function.FunctionDSL$$Lambda/0x00007fcd28b5aab0
4280:             3             48  org.opensearch.sql.expression.window.WindowFunctions$$Lambda/0x00007fcd28b633f8
4281:             2             48  org.opensearch.sql.opensearch.setting.OpenSearchSettings
4282:             2             48  org.opensearch.sql.spark.asyncquery.OpenSearchAsyncQueryJobMetadataStorageService
4283:             3             48  org.opensearch.sql.spark.dispatcher.DatasourceEmbeddedQueryIdProvider
4284:             2             48  org.opensearch.sql.sql.SQLService
4285:             1             48  org.opensearch.tasks.TaskCancellationMonitoringService
4286:             3             48  org.opensearch.threadpool.AutoQueueAdjustingExecutorBuilder$$Lambda/0x00007fcd28535d58
4287:             3             48  org.opensearch.threadpool.AutoQueueAdjustingExecutorBuilder$$Lambda/0x00007fcd285361d0
4288:             3             48  org.opensearch.threadpool.AutoQueueAdjustingExecutorBuilder$$Lambda/0x00007fcd28536678
4289:             2             48  org.opensearch.timeseries.AnalysisType
4290:             1             48  org.opensearch.timeseries.NodeStateManager
4291:             2             48  org.opensearch.timeseries.caching.PriorityCache$$Lambda/0x00007fcd28a146b8
4292:             1             48  org.opensearch.timeseries.feature.SearchFeatureDao
4293:             1             48  org.opensearch.timeseries.settings.TimeSeriesEnabledSetting$1
4294:             1             48  org.opensearch.transport.ClusterConnectionManager
4295:             1             48  org.opensearch.transport.NativeMessageHandler
4296:             2             48  org.opensearch.transport.NettyByteBufSizer
4297:             2             48  org.opensearch.transport.SharedGroupFactory$SharedGroup
4298:             2             48  software.amazon.awssdk.auth.credentials.AwsBasicCredentials
4299:             3             48  sun.nio.ch.SocketDispatcher (java.base@21.0.3)
4300:             1             48  sun.nio.fs.UnixMountEntry (java.base@21.0.3)
4301:             2             48  sun.security.ec.ParametersMap (jdk.crypto.ec@21.0.3)
4302:             2             48  sun.security.jca.ProviderList (java.base@21.0.3)
4303:             2             48  sun.security.jca.ProviderList$3 (java.base@21.0.3)
4304:             3             48  sun.security.provider.X509Factory (java.base@21.0.3)
4305:             3             48  sun.security.rsa.PSSParameters (java.base@21.0.3)
4306:             2             48  sun.security.ssl.SSLAlgorithmConstraints (java.base@21.0.3)
4307:             3             48  sun.security.ssl.SSLAlgorithmDecomposer (java.base@21.0.3)
4308:             3             48  sun.security.ssl.SSLCipher$StreamReadCipherGenerator (java.base@21.0.3)
4309:             3             48  sun.security.ssl.SSLCipher$StreamWriteCipherGenerator (java.base@21.0.3)
4310:             2             48  sun.security.util.DisabledAlgorithmConstraints$jdkCAConstraint (java.base@21.0.3)
4311:             2             48  sun.security.validator.EndEntityChecker (java.base@21.0.3)
4312:             1             48  sun.text.BreakDictionary (java.base@21.0.3)
4313:             1             40  [Lcom.fasterxml.jackson.annotation.JsonAutoDetect$Visibility;
4314:             1             40  [Lcom.fasterxml.jackson.annotation.JsonAutoDetect$Visibility;
4315:             1             40  [Lcom.fasterxml.jackson.annotation.Nulls;
4316:             1             40  [Lcom.fasterxml.jackson.annotation.Nulls;
4317:             1             40  [Lcom.fasterxml.jackson.annotation.Nulls;
4318:             1             40  [Lcom.fasterxml.jackson.core.JsonEncoding;
4319:             1             40  [Lcom.fasterxml.jackson.core.JsonFactory$Feature;
4320:             1             40  [Lcom.fasterxml.jackson.core.JsonParser$NumberType;
4321:             1             40  [Lcom.fasterxml.jackson.core.StreamReadFeature;
4322:             1             40  [Lcom.fasterxml.jackson.core.json.JsonWriteFeature;
4323:             1             40  [Lcom.fasterxml.jackson.databind.cfg.JsonNodeFeature;
4324:             1             40  [Lcom.fasterxml.jackson.databind.cfg.JsonNodeFeature;
4325:             1             40  [Lcom.fasterxml.jackson.dataformat.smile.SmileGenerator$Feature;
4326:             1             40  [Lcom.google.gson.FieldNamingPolicy;
4327:             2             40  [Lcom.sun.jmx.mbeanserver.ClassLoaderRepositorySupport$LoaderEntry; (java.management@21.0.3)
4328:             1             40  [Lio.netty.handler.logging.LogLevel;
4329:             1             40  [Lio.netty.util.internal.logging.InternalLogLevel;
4330:             1             40  [Ljava.lang.Thread$State; (java.base@21.0.3)
4331:             1             40  [Ljava.lang.invoke.VarHandle$AccessType; (java.base@21.0.3)
4332:             1             40  [Ljava.lang.management.MemoryManagerMXBean; (java.management@21.0.3)
4333:             1             40  [Ljava.time.chrono.JapaneseEra; (java.base@21.0.3)
4334:             1             40  [Ljava.time.format.SignStyle; (java.base@21.0.3)
4335:             1             40  [Ljava.time.format.TextStyle; (java.base@21.0.3)
4336:             2             40  [Ljava.time.zone.ZoneOffsetTransitionRule; (java.base@21.0.3)
4337:             1             40  [Ljava.util.Locale$FilteringMode; (java.base@21.0.3)
4338:             1             40  [Ljava.util.stream.StreamOpFlag; (java.base@21.0.3)
4339:             1             40  [Ljavax.net.ssl.SSLEngineResult$HandshakeStatus; (java.base@21.0.3)
4340:             1             40  [Lkotlinx.coroutines.scheduling.CoroutineScheduler$WorkerState;
4341:             1             40  [Lorg.apache.logging.log4j.core.LifeCycle$State;
4342:             1             40  [Lorg.apache.logging.log4j.core.pattern.PatternParser$ParserState;
4343:             1             40  [Lorg.apache.lucene.document.StoredValue$Type;
4344:             1             40  [Lorg.apache.lucene.index.DocValuesType;
4345:             1             40  [Lorg.apache.lucene.index.IndexOptions;
4346:             1             40  [Lorg.apache.lucene.search.ScoreMode;
4347:             1             40  [Lorg.ldaptive.ReturnAttributes;
4348:             1             40  [Lorg.opensearch.Build$Type;
4349:             1             40  [Lorg.opensearch.action.DocWriteResponse$Result;
4350:             1             40  [Lorg.opensearch.ad.model.ADTaskType;
4351:             1             40  [Lorg.opensearch.alerting.util.DestinationType;
4352:             1             40  [Lorg.opensearch.cluster.metadata.IndexMetadata$APIBlock;
4353:             1             40  [Lorg.opensearch.cluster.routing.RecoverySource$Type;
4354:             1             40  [Lorg.opensearch.cluster.routing.UnassignedInfo$AllocationStatus;
4355:             1             40  [Lorg.opensearch.common.unit.SizeUnit;
4356:             1             40  [Lorg.opensearch.core.common.unit.ByteSizeUnit;
4357:             1             40  [Lorg.opensearch.index.IndexModule$Type;
4358:             1             40  [Lorg.opensearch.index.analysis.AnalysisRegistry$Component;
4359:             1             40  [Lorg.opensearch.index.engine.Engine$Operation$Origin;
4360:             1             40  [Lorg.opensearch.index.mapper.RangeType;
4361:             1             40  [Lorg.opensearch.index.query.MultiMatchQueryBuilder$Type;
4362:             1             40  [Lorg.opensearch.knn.index.SpaceType;
4363:             1             40  [Lorg.opensearch.knn.index.codec.KNNCodecVersion;
4364:             1             40  [Lorg.opensearch.ml.common.MLTaskState;
4365:             1             40  [Lorg.opensearch.performanceanalyzer.config.setting.PerformanceAnalyzerClusterSettings$PerformanceAnalyzerFeatureBits;
4366:             1             40  [Lorg.opensearch.search.MultiValueMode;
4367:             1             40  [Lorg.opensearch.security.dlic.rest.validation.PasswordValidator$ScoreStrength;
4368:             1             40  [Lorg.yaml.snakeyaml.DumperOptions$ScalarStyle;
4369:             1             40  [Lsun.security.ssl.CipherSuite$MacAlg; (java.base@21.0.3)
4370:             1             40  [Lsun.security.ssl.ContentType; (java.base@21.0.3)
4371:             1             40  [Lsun.security.ssl.SSLKeyExchange$T12KeyAgreement; (java.base@21.0.3)
4372:             1             40  [Lsun.security.ssl.X509Authentication; (java.base@21.0.3)
4373:             1             40  [Lsun.security.util.DisabledAlgorithmConstraints$Constraint$Operator; (java.base@21.0.3)
4374:             1             40  [[Ljava.lang.invoke.LambdaForm$Name; (java.base@21.0.3)
4375:             1             40  [[Lorg.joni.ast.QuantifierNode$ReduceType;
4376:             1             40  com.amazon.dlic.auth.ldap.backend.LDAPAuthenticationBackend
4377:             1             40  com.fasterxml.jackson.annotation.JsonFormat$Value
4378:             1             40  com.fasterxml.jackson.annotation.JsonFormat$Value
4379:             1             40  com.fasterxml.jackson.annotation.JsonFormat$Value
4380:             1             40  com.fasterxml.jackson.databind.cfg.ConfigOverrides
4381:             1             40  com.google.common.io.BaseEncoding$Base16Encoding
4382:             1             40  com.google.common.util.concurrent.ThreadFactoryBuilder$1
4383:             1             40  com.google.gson.internal.Excluder
4384:             1             40  com.sun.jmx.interceptor.DefaultMBeanServerInterceptor (java.management@21.0.3)
4385:             1             40  com.sun.jmx.mbeanserver.JmxMBeanServer (java.management@21.0.3)
4386:             1             40  com.sun.jmx.mbeanserver.MBeanServerDelegateImpl (java.management@21.0.3)
4387:             1             40  com.sun.management.internal.DiagnosticCommandImpl (jdk.management@21.0.3)
4388:             1             40  com.sun.management.internal.OperatingSystemImpl$ProcessCpuTicks (jdk.management@21.0.3)
4389:             1             40  com.sun.management.internal.OperatingSystemImpl$SystemCpuTicks (jdk.management@21.0.3)
4390:             1             40  io.netty.channel.AdaptiveRecvByteBufAllocator
4391:             1             40  io.netty.util.ResourceLeakDetector
4392:             1             40  io.netty.util.concurrent.DefaultPromise$StacklessCancellationException
4393:             1             40  io.netty.util.concurrent.DefaultPromise$StacklessCancellationException
4394:             1             40  java.io.IOException (java.base@21.0.3)
4395:             1             40  java.lang.ArithmeticException (java.base@21.0.3)
4396:             1             40  java.lang.ClassNotFoundException (java.base@21.0.3)
4397:             1             40  java.lang.VirtualMachineError (java.base@21.0.3)
4398:             1             40  java.lang.invoke.VarHandleLongs$Array (java.base@21.0.3)
4399:             1             40  java.util.ResourceBundle$2 (java.base@21.0.3)
4400:             1             40  java.util.ServiceLoader$LazyClassPathLookupIterator (java.base@21.0.3)
4401:             1             40  java.util.concurrent.CompletableFuture$UniHandle (java.base@21.0.3)
4402:             1             40  javax.crypto.CryptoAllPermission (java.base@21.0.3)
4403:             1             40  jdk.internal.event.SecurityProviderServiceEvent (java.base@21.0.3)
4404:             1             40  jdk.internal.event.ThreadSleepEvent (java.base@21.0.3)
4405:             1             40  jdk.internal.foreign.NativeMemorySegmentImpl (java.base@21.0.3)
4406:             1             40  jdk.internal.logger.LazyLoggers$LazyLoggerAccessor (java.base@21.0.3)
4407:             1             40  jdk.internal.ref.CleanerImpl$CleanerCleanable (java.base@21.0.3)
4408:             1             40  jdk.nio.zipfs.ZipFileSystem$END (jdk.zipfs@21.0.3)
4409:             1             40  kotlinx.coroutines.internal.LockFreeTaskQueueCore
4410:             1             40  kotlinx.coroutines.scheduling.DefaultScheduler
4411:             1             40  kotlinx.coroutines.scheduling.DefaultScheduler
4412:             1             40  kotlinx.coroutines.scheduling.DefaultScheduler
4413:             1             40  kotlinx.coroutines.scheduling.DefaultScheduler
4414:             1             40  kotlinx.coroutines.scheduling.DefaultScheduler
4415:             1             40  kotlinx.coroutines.scheduling.LimitingDispatcher
4416:             1             40  kotlinx.coroutines.scheduling.LimitingDispatcher
4417:             1             40  kotlinx.coroutines.scheduling.LimitingDispatcher
4418:             1             40  kotlinx.coroutines.scheduling.LimitingDispatcher
4419:             1             40  kotlinx.coroutines.scheduling.LimitingDispatcher
4420:             1             40  org.apache.commons.pool2.impl.LinkedBlockingDeque
4421:             1             40  org.apache.logging.log4j.core.appender.OutputStreamManager
4422:             1             40  org.apache.logging.log4j.core.config.status.StatusConfiguration
4423:             1             40  org.apache.lucene.document.LongPoint$1
4424:             1             40  org.apache.lucene.document.SortedNumericDocValuesRangeQuery
4425:             1             40  org.apache.lucene.queryparser.classic.QueryParser$LookaheadSuccess
4426:             1             40  org.apache.lucene.store.NIOFSDirectory
4427:             1             40  org.apache.lucene.util.automaton.ByteRunAutomaton
4428:             1             40  org.bouncycastle.jce.provider.BouncyCastleProviderConfiguration
4429:             1             40  org.joni.ast.StringNode
4430:             1             40  org.locationtech.jts.geom.Coordinate
4431:             1             40  org.locationtech.spatial4j.context.SpatialContext
4432:             1             40  org.locationtech.spatial4j.context.jts.JtsSpatialContext
4433:             1             40  org.locationtech.spatial4j.shape.jts.JtsShapeFactory
4434:             1             40  org.opensearch.Build
4435:             1             40  org.opensearch.action.admin.indices.dangling.import_index.TransportImportDanglingIndexAction
4436:             1             40  org.opensearch.action.admin.indices.flush.TransportFlushAction
4437:             1             40  org.opensearch.action.admin.indices.mapping.get.TransportGetFieldMappingsAction
4438:             1             40  org.opensearch.action.admin.indices.refresh.TransportRefreshAction
4439:             1             40  org.opensearch.action.bulk.BulkResponse
4440:             1             40  org.opensearch.action.get.TransportMultiGetAction
4441:             1             40  org.opensearch.action.ingest.SimulatePipelineTransportAction
4442:             1             40  org.opensearch.action.main.TransportMainAction
4443:             1             40  org.opensearch.action.search.TransportClearScrollAction
4444:             1             40  org.opensearch.action.search.TransportDeletePitAction
4445:             1             40  org.opensearch.action.search.TransportSearchScrollAction
4446:             1             40  org.opensearch.action.termvectors.TransportMultiTermVectorsAction
4447:             1             40  org.opensearch.ad.transport.ADBatchAnomalyResultTransportAction
4448:             1             40  org.opensearch.ad.transport.ADBatchTaskRemoteExecutionTransportAction
4449:             1             40  org.opensearch.ad.transport.DeleteAnomalyResultsTransportAction
4450:             1             40  org.opensearch.ad.transport.SearchTopAnomalyResultTransportAction
4451:             1             40  org.opensearch.ad.transport.StopDetectorTransportAction
4452:             1             40  org.opensearch.alerting.InputService
4453:             1             40  org.opensearch.alerting.transport.TransportSearchEmailAccountAction
4454:             1             40  org.opensearch.alerting.transport.TransportSearchEmailGroupAction
4455:             1             40  org.opensearch.alerting.util.destinationmigration.DestinationMigrationCoordinator
4456:             1             40  org.opensearch.bootstrap.OpenSearchPolicy
4457:             1             40  org.opensearch.cluster.ClusterManagerMetrics
4458:             1             40  org.opensearch.cluster.coordination.ClusterBootstrapService
4459:             1             40  org.opensearch.cluster.coordination.ElectionSchedulerFactory
4460:             1             40  org.opensearch.cluster.coordination.JoinHelper$$Lambda/0x00007fcd28cf6f18
4461:             1             40  org.opensearch.cluster.coordination.PreVoteCollector
4462:             1             40  org.opensearch.cluster.coordination.PreVoteResponse
4463:             1             40  org.opensearch.cluster.metadata.MetadataIndexAliasesService
4464:             1             40  org.opensearch.cluster.metadata.MetadataIndexUpgradeService
4465:             1             40  org.opensearch.cluster.routing.DelayedAllocationService
4466:             1             40  org.opensearch.cluster.routing.allocation.AllocationService
4467:             1             40  org.opensearch.cluster.routing.allocation.allocator.BalancedShardsAllocator
4468:             1             40  org.opensearch.cluster.routing.allocation.allocator.BalancedShardsAllocator$WeightFunction
4469:             1             40  org.opensearch.cluster.service.ClusterManagerTaskThrottler
4470:             1             40  org.opensearch.cluster.service.MasterService$Batcher
4471:             1             40  org.opensearch.common.cache.store.OpenSearchOnHeapCache
4472:             1             40  org.opensearch.common.settings.AbstractScopedSettings$1
4473:             1             40  org.opensearch.common.settings.SecureSetting$SecureFileSetting
4474:             1             40  org.opensearch.common.ssl.SslConfiguration
4475:             1             40  org.opensearch.common.util.concurrent.ThreadContext
4476:             1             40  org.opensearch.env.NodeEnvironment$NodePath
4477:             1             40  org.opensearch.flowframework.rest.RestSearchWorkflowAction
4478:             1             40  org.opensearch.flowframework.rest.RestSearchWorkflowStateAction
4479:             1             40  org.opensearch.flowframework.transport.DeleteWorkflowTransportAction
4480:             1             40  org.opensearch.flowframework.transport.GetWorkflowStateTransportAction
4481:             1             40  org.opensearch.flowframework.transport.GetWorkflowStepTransportAction
4482:             1             40  org.opensearch.flowframework.transport.SearchWorkflowStateTransportAction
4483:             1             40  org.opensearch.flowframework.transport.SearchWorkflowTransportAction
4484:             1             40  org.opensearch.forecast.transport.SearchTopForecastResultTransportAction
4485:             1             40  org.opensearch.forecast.transport.StopForecasterTransportAction
4486:             1             40  org.opensearch.gateway.DanglingIndicesState
4487:             1             40  org.opensearch.gateway.GatewayAllocator
4488:             1             40  org.opensearch.gateway.GatewayMetaState$AsyncLucenePersistedState
4489:             1             40  org.opensearch.gateway.GatewayMetaState$LucenePersistedState
4490:             1             40  org.opensearch.gateway.PersistedClusterStateService
4491:             1             40  org.opensearch.gateway.PersistedClusterStateService$OnDiskState
4492:             1             40  org.opensearch.geospatial.action.upload.geojson.UploadGeoJSONTransportAction
4493:             1             40  org.opensearch.geospatial.ip2geo.jobscheduler.DatasourceRunner
4494:             1             40  org.opensearch.geospatial.ip2geo.listener.Ip2GeoListener
4495:             1             40  org.opensearch.http.CorsHandler$Config
4496:             1             40  org.opensearch.index.engine.Engine$1
4497:             1             40  org.opensearch.index.engine.EngineConfig$1
4498:             1             40  org.opensearch.index.flush.FlushStats
4499:             1             40  org.opensearch.index.mapper.DataStreamFieldMapper$DataStreamFieldType
4500:             1             40  org.opensearch.index.mapper.DocCountFieldMapper$DocCountFieldType
4501:             1             40  org.opensearch.index.mapper.IgnoredFieldMapper$IgnoredFieldType
4502:             1             40  org.opensearch.index.mapper.IndexFieldMapper$IndexFieldType
4503:             1             40  org.opensearch.index.mapper.NumberFieldMapper$NumberType$1
4504:             1             40  org.opensearch.index.mapper.NumberFieldMapper$NumberType$2
4505:             1             40  org.opensearch.index.mapper.NumberFieldMapper$NumberType$3
4506:             1             40  org.opensearch.index.mapper.NumberFieldMapper$NumberType$4
4507:             1             40  org.opensearch.index.mapper.NumberFieldMapper$NumberType$5
4508:             1             40  org.opensearch.index.mapper.NumberFieldMapper$NumberType$6
4509:             1             40  org.opensearch.index.mapper.NumberFieldMapper$NumberType$7
4510:             1             40  org.opensearch.index.mapper.NumberFieldMapper$NumberType$8
4511:             1             40  org.opensearch.index.mapper.RangeType$1
4512:             1             40  org.opensearch.index.mapper.RangeType$2
4513:             1             40  org.opensearch.index.mapper.RangeType$3
4514:             1             40  org.opensearch.index.mapper.RangeType$4
4515:             1             40  org.opensearch.index.mapper.RangeType$5
4516:             1             40  org.opensearch.index.mapper.RangeType$6
4517:             1             40  org.opensearch.index.mapper.RankFeatureMetaFieldMapper$RankFeatureMetaFieldType
4518:             1             40  org.opensearch.index.mapper.RoutingFieldMapper$RoutingFieldType
4519:             1             40  org.opensearch.index.mapper.SeqNoFieldMapper$SeqNoFieldType
4520:             1             40  org.opensearch.index.mapper.VersionFieldMapper$VersionFieldType
4521:             1             40  org.opensearch.index.rankeval.TransportRankEvalAction
4522:             1             40  org.opensearch.index.recovery.RemoteStoreRestoreService
4523:             1             40  org.opensearch.index.reindex.Reindexer
4524:             1             40  org.opensearch.index.reindex.TransportReindexAction
4525:             1             40  org.opensearch.indexmanagement.controlcenter.notification.action.delete.TransportDeleteLRONConfigAction
4526:             1             40  org.opensearch.indexmanagement.controlcenter.notification.action.get.TransportGetLRONConfigAction
4527:             1             40  org.opensearch.indexmanagement.indexstatemanagement.PluginVersionSweepCoordinator
4528:             1             40  org.opensearch.indexmanagement.indexstatemanagement.transport.action.removepolicy.TransportRemovePolicyAction
4529:             1             40  org.opensearch.indexmanagement.indexstatemanagement.transport.action.retryfailedmanagedindex.TransportRetryFailedManagedIndexAction
4530:             1             40  org.opensearch.indexmanagement.rollup.interceptor.RollupInterceptor
4531:             1             40  org.opensearch.indexmanagement.transform.TransformSearchService
4532:             1             40  org.opensearch.indexmanagement.transform.TransformValidator
4533:             1             40  org.opensearch.indices.IndicesQueryCache
4534:             1             40  org.opensearch.indices.IndicesRequestCache
4535:             1             40  org.opensearch.indices.IndicesRequestCache$IndicesRequestCacheCleanupManager
4536:             1             40  org.opensearch.indices.IndicesService$OldShardsStats
4537:             1             40  org.opensearch.indices.breaker.BreakerSettings
4538:             1             40  org.opensearch.indices.breaker.HierarchyCircuitBreakerService
4539:             1             40  org.opensearch.indices.recovery.PeerRecoverySourceService
4540:             1             40  org.opensearch.indices.replication.SegmentReplicationSourceService
4541:             1             40  org.opensearch.indices.store.IndicesStore
4542:             1             40  org.opensearch.ingest.common.GrokProcessorGetAction$TransportAction
4543:             1             40  org.opensearch.jobscheduler.JobSchedulerPlugin
4544:             1             40  org.opensearch.knn.index.codec.KNN86Codec.KNN86Codec
4545:             1             40  org.opensearch.knn.index.codec.KNN920Codec.KNN920PerFieldKnnVectorsFormat
4546:             1             40  org.opensearch.knn.index.codec.KNN940Codec.KNN940PerFieldKnnVectorsFormat
4547:             1             40  org.opensearch.knn.index.codec.KNN950Codec.KNN950PerFieldKnnVectorsFormat
4548:             1             40  org.opensearch.knn.index.codec.KNN990Codec.KNN990PerFieldKnnVectorsFormat
4549:             1             40  org.opensearch.knn.index.util.Faiss
4550:             1             40  org.opensearch.knn.plugin.transport.TrainingJobRouterTransportAction
4551:             1             40  org.opensearch.ml.action.agents.DeleteAgentTransportAction
4552:             1             40  org.opensearch.ml.action.agents.GetAgentTransportAction
4553:             1             40  org.opensearch.ml.action.agents.TransportRegisterAgentAction
4554:             1             40  org.opensearch.ml.action.config.GetConfigTransportAction
4555:             1             40  org.opensearch.ml.action.connector.DeleteConnectorTransportAction
4556:             1             40  org.opensearch.ml.action.connector.GetConnectorTransportAction
4557:             1             40  org.opensearch.ml.action.connector.SearchConnectorTransportAction
4558:             1             40  org.opensearch.ml.action.execute.TransportExecuteTaskAction
4559:             1             40  org.opensearch.ml.action.model_group.SearchModelGroupTransportAction
4560:             1             40  org.opensearch.ml.action.tasks.DeleteTaskTransportAction
4561:             1             40  org.opensearch.ml.action.tasks.GetTaskTransportAction
4562:             1             40  org.opensearch.ml.action.training.TransportTrainingTaskAction
4563:             1             40  org.opensearch.ml.action.trainpredict.TransportTrainAndPredictionTaskAction
4564:             1             40  org.opensearch.ml.action.upload_chunk.TransportUploadModelChunkAction
4565:             1             40  org.opensearch.ml.cluster.DiscoveryNodeHelper
4566:             1             40  org.opensearch.ml.engine.algorithms.agent.MLAgentExecutor
4567:             1             40  org.opensearch.ml.memory.action.conversation.CreateConversationTransportAction
4568:             1             40  org.opensearch.ml.memory.action.conversation.CreateInteractionTransportAction
4569:             1             40  org.opensearch.ml.memory.action.conversation.DeleteConversationTransportAction
4570:             1             40  org.opensearch.ml.memory.action.conversation.GetConversationTransportAction
4571:             1             40  org.opensearch.ml.memory.action.conversation.GetConversationsTransportAction
4572:             1             40  org.opensearch.ml.memory.action.conversation.GetInteractionTransportAction
4573:             1             40  org.opensearch.ml.memory.action.conversation.GetInteractionsTransportAction
4574:             1             40  org.opensearch.ml.memory.action.conversation.GetTracesTransportAction
4575:             1             40  org.opensearch.ml.memory.action.conversation.SearchConversationsTransportAction
4576:             1             40  org.opensearch.ml.memory.action.conversation.SearchInteractionsTransportAction
4577:             1             40  org.opensearch.ml.memory.action.conversation.UpdateConversationTransportAction
4578:             1             40  org.opensearch.ml.memory.action.conversation.UpdateInteractionTransportAction
4579:             1             40  org.opensearch.ml.rest.RestMLSearchAgentAction
4580:             1             40  org.opensearch.ml.rest.RestMLSearchConnectorAction
4581:             1             40  org.opensearch.ml.rest.RestMLSearchModelAction
4582:             1             40  org.opensearch.ml.rest.RestMLSearchModelGroupAction
4583:             1             40  org.opensearch.ml.rest.RestMLSearchTaskAction
4584:             1             40  org.opensearch.ml.rest.RestMLStatsAction
4585:             1             40  org.opensearch.ml.rest.RestMemorySearchConversationsAction
4586:             1             40  org.opensearch.monitor.MonitorService
4587:             1             40  org.opensearch.monitor.fs.FsService$FsInfoCache
4588:             1             40  org.opensearch.monitor.process.ProcessService$ProcessStatsCache
4589:             1             40  org.opensearch.node.ResourceUsageCollectorService
4590:             1             40  org.opensearch.node.resource.tracker.AverageCpuUsageTracker
4591:             1             40  org.opensearch.node.resource.tracker.AverageMemoryUsageTracker
4592:             1             40  org.opensearch.node.resource.tracker.ResourceTrackerSettings
4593:             1             40  org.opensearch.notifications.action.CreateNotificationConfigAction
4594:             1             40  org.opensearch.notifications.action.DeleteNotificationConfigAction
4595:             1             40  org.opensearch.notifications.action.GetChannelListAction
4596:             1             40  org.opensearch.notifications.action.GetNotificationConfigAction
4597:             1             40  org.opensearch.notifications.action.GetPluginFeaturesAction
4598:             1             40  org.opensearch.notifications.action.PublishNotificationAction
4599:             1             40  org.opensearch.notifications.action.SendNotificationAction
4600:             1             40  org.opensearch.notifications.action.SendTestNotificationAction
4601:             1             40  org.opensearch.notifications.action.UpdateNotificationConfigAction
4602:             1             40  org.opensearch.observability.action.CreateObservabilityObjectAction
4603:             1             40  org.opensearch.observability.action.DeleteObservabilityObjectAction
4604:             1             40  org.opensearch.observability.action.GetObservabilityObjectAction
4605:             1             40  org.opensearch.observability.action.UpdateObservabilityObjectAction
4606:             1             40  org.opensearch.performanceanalyzer.config.setting.ClusterSettingsManager
4607:             1             40  org.opensearch.ratelimitting.admissioncontrol.AdmissionControlService
4608:             1             40  org.opensearch.replication.ReplicationPlugin
4609:             1             40  org.opensearch.replication.action.autofollow.TransportUpdateAutoFollowPatternAction
4610:             1             40  org.opensearch.replication.action.setup.TransportSetupChecksAction
4611:             1             40  org.opensearch.replication.action.setup.TransportValidatePermissionsAction
4612:             1             40  org.opensearch.replication.task.autofollow.AutoFollowExecutor
4613:             1             40  org.opensearch.reportsscheduler.action.CreateReportDefinitionAction
4614:             1             40  org.opensearch.reportsscheduler.action.DeleteReportDefinitionAction
4615:             1             40  org.opensearch.reportsscheduler.action.GetAllReportDefinitionsAction
4616:             1             40  org.opensearch.reportsscheduler.action.GetAllReportInstancesAction
4617:             1             40  org.opensearch.reportsscheduler.action.GetReportDefinitionAction
4618:             1             40  org.opensearch.reportsscheduler.action.GetReportInstanceAction
4619:             1             40  org.opensearch.reportsscheduler.action.InContextReportCreateAction
4620:             1             40  org.opensearch.reportsscheduler.action.OnDemandReportCreateAction
4621:             1             40  org.opensearch.reportsscheduler.action.UpdateReportDefinitionAction
4622:             1             40  org.opensearch.reportsscheduler.action.UpdateReportInstanceStatusAction
4623:             1             40  org.opensearch.repositories.s3.async.TransferSemaphoresHolder
4624:             1             40  org.opensearch.rest.RestController
4625:             1             40  org.opensearch.script.ScriptService
4626:             1             40  org.opensearch.script.mustache.TransportMultiSearchTemplateAction
4627:             1             40  org.opensearch.script.mustache.TransportRenderSearchTemplateAction
4628:             1             40  org.opensearch.script.mustache.TransportSearchTemplateAction
4629:             1             40  org.opensearch.search.SearchHits
4630:             1             40  org.opensearch.search.SearchService$SearchOperationListenerExecutor
4631:             1             40  org.opensearch.search.aggregations.MultiBucketConsumerService$MultiBucketConsumer
4632:             1             40  org.opensearch.search.aggregations.metrics.MaxAggregatorFactory
4633:             1             40  org.opensearch.search.backpressure.settings.SearchBackpressureSettings
4634:             1             40  org.opensearch.search.query.TopDocsCollectorContext$EmptyTopDocsCollectorContext
4635:             1             40  org.opensearch.security.action.whoami.TransportWhoAmIAction
4636:             1             40  org.opensearch.security.configuration.AdminDNs
4637:             1             40  org.opensearch.security.configuration.ClusterInfoHolder
4638:             1             40  org.opensearch.security.configuration.ConfigurationLoaderSecurity7
4639:             1             40  org.opensearch.security.configuration.DlsFlsValveImpl
4640:             1             40  org.opensearch.security.dlic.rest.api.PermissionsInfoAction
4641:             1             40  org.opensearch.security.dlic.rest.api.SecurityApiDependencies
4642:             1             40  org.opensearch.security.privileges.ProtectedIndexAccessEvaluator
4643:             1             40  org.opensearch.security.rest.SecurityConfigUpdateAction
4644:             1             40  org.opensearch.security.ssl.rest.SecuritySSLInfoAction
4645:             1             40  org.opensearch.security.user.UserService
4646:             1             40  org.opensearch.securityanalytics.correlation.index.codec.correlation950.PerFieldCorrelationVectorsFormat950
4647:             1             40  org.opensearch.securityanalytics.correlation.index.codec.correlation990.PerFieldCorrelationVectorsFormat990
4648:             1             40  org.opensearch.securityanalytics.threatIntel.action.TransportPutTIFJobAction
4649:             1             40  org.opensearch.securityanalytics.threatIntel.jobscheduler.TIFJobRunner
4650:             1             40  org.opensearch.securityanalytics.transport.TransportCreateIndexMappingsAction
4651:             1             40  org.opensearch.securityanalytics.transport.TransportDeleteCorrelationRuleAction
4652:             1             40  org.opensearch.securityanalytics.transport.TransportGetAllRuleCategoriesAction
4653:             1             40  org.opensearch.securityanalytics.transport.TransportGetIndexMappingsAction
4654:             1             40  org.opensearch.securityanalytics.transport.TransportGetMappingsViewAction
4655:             1             40  org.opensearch.securityanalytics.transport.TransportIndexCorrelationRuleAction
4656:             1             40  org.opensearch.securityanalytics.transport.TransportUpdateIndexMappingsAction
4657:             1             40  org.opensearch.securityanalytics.transport.TransportValidateRulesAction
4658:             1             40  org.opensearch.sql.datasources.transport.TransportCreateDataSourceAction
4659:             1             40  org.opensearch.sql.plugin.transport.TransportPPLQueryAction
4660:             1             40  org.opensearch.sql.spark.transport.TransportCreateAsyncQueryRequestAction
4661:             1             40  org.opensearch.tasks.consumer.TopNSearchTasksLogger
4662:             1             40  org.opensearch.threadpool.ThreadPool
4663:             1             40  org.opensearch.timeseries.cluster.ADDataMigrator
4664:             1             40  org.opensearch.timeseries.cluster.ClusterManagerEventListener$$Lambda/0x00007fcd28a42990
4665:             1             40  org.opensearch.transport.ConnectionProfile
4666:             1             40  org.opensearch.transport.RemoteClusterService
4667:             1             40  org.opensearch.transport.RemoteConnectionStrategy$ConnectionStrategy$1
4668:             1             40  org.opensearch.transport.RemoteConnectionStrategy$ConnectionStrategy$2
4669:             1             40  org.opensearch.transport.TransportKeepAlive
4670:             1             40  org.opensearch.transport.nativeprotocol.NativeInboundMessage
4671:             1             40  org.opensearch.transport.netty4.ssl.SecureNetty4Transport$SSLServerChannelInitializer
4672:             1             40  org.opensearch.watcher.ResourceWatcherService
4673:             1             40  org.yaml.snakeyaml.LoaderOptions
4674:             1             40  sun.nio.cs.StandardCharsets$Aliases (java.base@21.0.3)
4675:             1             40  sun.nio.cs.StandardCharsets$Cache (java.base@21.0.3)
4676:             1             40  sun.nio.cs.UTF_8$Decoder (java.base@21.0.3)
4677:             1             40  sun.security.ec.ECOperations (jdk.crypto.ec@21.0.3)
4678:             1             40  sun.security.provider.DSAPublicKeyImpl (java.base@21.0.3)
4679:             1             40  sun.security.ssl.Plaintext (java.base@21.0.3)
4680:             1             40  sun.security.ssl.TrustStoreManager$TrustStoreDescriptor (java.base@21.0.3)
4681:             1             40  sun.security.util.KnownOIDs$1 (java.base@21.0.3)
4682:             1             40  sun.security.util.KnownOIDs$10 (java.base@21.0.3)
4683:             1             40  sun.security.util.KnownOIDs$2 (java.base@21.0.3)
4684:             1             40  sun.security.util.KnownOIDs$3 (java.base@21.0.3)
4685:             1             40  sun.security.util.KnownOIDs$4 (java.base@21.0.3)
4686:             1             40  sun.security.util.KnownOIDs$5 (java.base@21.0.3)
4687:             1             40  sun.security.util.KnownOIDs$6 (java.base@21.0.3)
4688:             1             40  sun.security.util.KnownOIDs$7 (java.base@21.0.3)
4689:             1             40  sun.security.util.KnownOIDs$8 (java.base@21.0.3)
4690:             1             40  sun.security.util.KnownOIDs$9 (java.base@21.0.3)
4691:             1             40  sun.util.locale.InternalLocaleBuilder (java.base@21.0.3)
4692:             1             40  sun.util.resources.Bundles$1 (java.base@21.0.3)
4693:             1             32  [Lcom.fasterxml.jackson.core.Base64Variant$PaddingReadBehaviour;
4694:             1             32  [Lcom.fasterxml.jackson.core.StreamReadCapability;
4695:             1             32  [Lcom.fasterxml.jackson.core.util.Separators$Spacing;
4696:             1             32  [Lcom.fasterxml.jackson.databind.annotation.JsonSerialize$Typing;
4697:             1             32  [Lcom.fasterxml.jackson.databind.cfg.ConstructorDetector$SingleArgConstructor;
4698:             1             32  [Lcom.fasterxml.jackson.databind.cfg.JsonNodeFeature;
4699:             2             32  [Lcom.fasterxml.jackson.databind.deser.Deserializers;
4700:             2             32  [Lcom.fasterxml.jackson.databind.deser.Deserializers;
4701:             2             32  [Lcom.fasterxml.jackson.databind.deser.Deserializers;
4702:             1             32  [Lcom.fasterxml.jackson.databind.util.AccessPattern;
4703:             1             32  [Lcom.fasterxml.jackson.databind.util.internal.PrivateMaxEntriesMap$DrainStatus;
4704:             1             32  [Lcom.fasterxml.jackson.databind.util.internal.PrivateMaxEntriesMap$DrainStatus;
4705:             1             32  [Lcom.fasterxml.jackson.databind.util.internal.PrivateMaxEntriesMap$DrainStatus;
4706:             1             32  [Lcom.google.common.cache.LocalCache$Segment;
4707:             1             32  [Lcom.google.common.cache.LocalCache$Strength;
4708:             1             32  [Lcom.google.common.cache.LocalCache$Strength;
4709:             1             32  [Lcom.google.common.cache.LocalCache$Strength;
4710:             1             32  [Lcom.google.common.cache.LocalCache$Strength;
4711:             1             32  [Lcom.google.common.collect.AbstractIterator$State;
4712:             1             32  [Lcom.google.common.collect.AbstractIterator$State;
4713:             1             32  [Lcom.google.gson.ToNumberPolicy;
4714:             1             32  [Lcom.password4j.types.Bcrypt;
4715:             1             32  [Lio.netty.handler.codec.base64.Base64Dialect;
4716:             1             32  [Lio.netty.handler.ssl.ApplicationProtocolConfig$Protocol;
4717:             1             32  [Lio.netty.handler.ssl.ApplicationProtocolConfig$SelectedListenerFailureBehavior;
4718:             1             32  [Lio.netty.handler.ssl.ApplicationProtocolConfig$SelectorFailureBehavior;
4719:             1             32  [Lio.netty.handler.ssl.SslHandler$SslEngineType;
4720:             1             32  [Lio.netty.handler.ssl.SslProvider;
4721:             1             32  [Lio.netty.util.ResourceLeakDetector$Level;
4722:             1             32  [Ljava.lang.ProcessImpl$LaunchMechanism; (java.base@21.0.3)
4723:             1             32  [Ljava.lang.StackStreamFactory$WalkerState; (java.base@21.0.3)
4724:             1             32  [Ljava.lang.ThreadGroup; (java.base@21.0.3)
4725:             2             32  [Ljava.lang.Throwable; (java.base@21.0.3)
4726:             1             32  [Ljava.lang.invoke.MethodHandleImpl$ArrayAccess; (java.base@21.0.3)
4727:             1             32  [Ljava.lang.module.ModuleDescriptor$Modifier; (java.base@21.0.3)
4728:             1             32  [Ljava.lang.module.ModuleDescriptor$Requires$Modifier; (java.base@21.0.3)
4729:             1             32  [Ljava.lang.ref.WeakReference; (java.base@21.0.3)
4730:             2             32  [Ljava.net.NetworkInterface; (java.base@21.0.3)
4731:             1             32  [Ljava.net.StandardProtocolFamily; (java.base@21.0.3)
4732:             1             32  [Ljava.nio.file.AccessMode; (java.base@21.0.3)
4733:             1             32  [Ljava.nio.file.FileTreeWalker$EventType; (java.base@21.0.3)
4734:             1             32  [Ljava.nio.file.FileVisitResult; (java.base@21.0.3)
4735:             1             32  [Ljava.nio.file.StandardCopyOption; (java.base@21.0.3)
4736:             1             32  [Ljava.text.Normalizer$Form; (java.base@21.0.3)
4737:             1             32  [Ljava.time.format.DateTimeFormatterBuilder$SettingsParser; (java.base@21.0.3)
4738:             1             32  [Ljava.time.format.FormatStyle; (java.base@21.0.3)
4739:             1             32  [Ljava.time.format.ResolverStyle; (java.base@21.0.3)
4740:             1             32  [Ljava.time.temporal.IsoFields$Field; (java.base@21.0.3)
4741:             1             32  [Ljava.time.temporal.JulianFields$Field; (java.base@21.0.3)
4742:             1             32  [Ljava.time.zone.ZoneOffsetTransitionRule$TimeDefinition; (java.base@21.0.3)
4743:             1             32  [Ljava.util.regex.Pattern$Qtype; (java.base@21.0.3)
4744:             1             32  [Ljava.util.stream.MatchOps$MatchKind; (java.base@21.0.3)
4745:             1             32  [Ljava.util.stream.StreamShape; (java.base@21.0.3)
4746:             1             32  [Ljava.util.zip.ZipCoder$Comparison; (java.base@21.0.3)
4747:             1             32  [Ljavax.net.ssl.SSLEngineResult$Status; (java.base@21.0.3)
4748:             1             32  [Ljdk.internal.icu.util.CodePointTrie$ValueWidth; (java.base@21.0.3)
4749:             1             32  [Ljdk.internal.logger.BootstrapLogger$LoggingBackend; (java.base@21.0.3)
4750:             1             32  [Ljdk.internal.module.ServicesCatalog; (java.base@21.0.3)
4751:             1             32  [Lkotlin.coroutines.intrinsics.CoroutineSingletons;
4752:             1             32  [Lkotlinx.coroutines.CoroutineStart;
4753:             1             32  [Lorg.apache.logging.log4j.core.config.LoggerConfig$LoggerConfigPredicate;
4754:             1             32  [Lorg.apache.logging.log4j.core.util.datetime.FixedDateFormat$FixedTimeZoneFormat;
4755:             1             32  [Lorg.apache.lucene.codecs.lucene90.IndexedDISI$Method;
4756:             1             32  [Lorg.apache.lucene.codecs.lucene90.compressing.Lucene90CompressingStoredFieldsWriter$MergeStrategy;
4757:             1             32  [Lorg.apache.lucene.index.IndexWriterConfig$OpenMode;
4758:             1             32  [Lorg.apache.lucene.index.PointValues$Relation;
4759:             1             32  [Lorg.apache.lucene.index.StoredFieldVisitor$Status;
4760:             1             32  [Lorg.apache.lucene.index.TermsEnum$SeekStatus;
4761:             1             32  [Lorg.apache.lucene.index.TieredMergePolicy$MERGE_TYPE;
4762:             1             32  [Lorg.apache.lucene.index.VectorSimilarityFunction;
4763:             1             32  [Lorg.apache.lucene.search.Pruning;
4764:             1             32  [Lorg.apache.lucene.search.suggest.document.CompletionPostingsFormat$FSTLoadMode;
4765:             1             32  [Lorg.apache.lucene.store.IOContext$Context;
4766:             1             32  [Lorg.apache.lucene.util.automaton.CompiledAutomaton$AUTOMATON_TYPE;
4767:             1             32  [Lorg.apache.lucene.util.fst.FST$INPUT_TYPE;
4768:             1             32  [Lorg.bouncycastle.crypto.params.DHParameters;
4769:             1             32  [Lorg.bouncycastle.crypto.params.DSAParameters;
4770:             1             32  [Lorg.greenrobot.eventbus.SubscriberMethodFinder$FindState;
4771:             1             32  [Lorg.joni.ast.CClassNode$CCSTATE;
4772:             1             32  [Lorg.joni.ast.CClassNode$CCVALTYPE;
4773:             1             32  [Lorg.locationtech.spatial4j.context.jts.DatelineRule;
4774:             1             32  [Lorg.locationtech.spatial4j.context.jts.ValidationRule;
4775:             1             32  [Lorg.opensearch.action.DocWriteRequest$OpType;
4776:             1             32  [Lorg.opensearch.action.support.ActionFilter;
4777:             1             32  [Lorg.opensearch.action.support.WriteRequest$RefreshPolicy;
4778:             1             32  [Lorg.opensearch.action.support.replication.ReplicationMode;
4779:             1             32  [Lorg.opensearch.cli.Terminal$Verbosity;
4780:             1             32  [Lorg.opensearch.cluster.NodeConnectionsService$ActivityType;
4781:             1             32  [Lorg.opensearch.cluster.coordination.Coordinator$Mode;
4782:             1             32  [Lorg.opensearch.cluster.metadata.IndexAbstraction$Type;
4783:             1             32  [Lorg.opensearch.cluster.routing.ShardRoutingState;
4784:             1             32  [Lorg.opensearch.cluster.routing.allocation.decider.ClusterRebalanceAllocationDecider$ClusterRebalanceType;
4785:             1             32  [Lorg.opensearch.common.cache.Cache$State;
4786:             1             32  [Lorg.opensearch.common.geo.ShapeRelation;
4787:             1             32  [Lorg.opensearch.common.inject.Stage;
4788:             1             32  [Lorg.opensearch.common.inject.internal.Errors$Converter;
4789:             1             32  [Lorg.opensearch.common.lifecycle.Lifecycle$State;
4790:             1             32  [Lorg.opensearch.common.ssl.SslClientAuthenticationMode;
4791:             1             32  [Lorg.opensearch.common.ssl.SslVerificationMode;
4792:             1             32  [Lorg.opensearch.common.xcontent.XContentType;
4793:             1             32  [Lorg.opensearch.core.common.breaker.CircuitBreaker$Type;
4794:             1             32  [Lorg.opensearch.flowframework.indices.FlowFrameworkIndex;
4795:             1             32  [Lorg.opensearch.forecast.model.ForecastTaskType;
4796:             1             32  [Lorg.opensearch.forecast.transport.SuggestName;
4797:             1             32  [Lorg.opensearch.index.IndexSettings$IndexMergePolicy;
4798:             1             32  [Lorg.opensearch.index.VersionType;
4799:             1             32  [Lorg.opensearch.index.analysis.AnalysisMode;
4800:             1             32  [Lorg.opensearch.index.analysis.AnalyzerScope;
4801:             1             32  [Lorg.opensearch.index.codec.customcodecs.backward_codecs.Lucene95CustomCodec$Mode;
4802:             1             32  [Lorg.opensearch.index.engine.Engine$Result$Type;
4803:             1             32  [Lorg.opensearch.index.mapper.MappedFieldType$Relation;
4804:             1             32  [Lorg.opensearch.index.mapper.MapperService$MergeReason;
4805:             1             32  [Lorg.opensearch.index.mapper.ObjectMapper$Dynamic;
4806:             1             32  [Lorg.opensearch.index.mapper.RangeType$LengthType;
4807:             1             32  [Lorg.opensearch.index.remote.RemoteStorePressureService$LagValidator;
4808:             1             32  [Lorg.opensearch.index.search.MatchQuery$Type;
4809:             1             32  [Lorg.opensearch.index.search.MatchQuery$ZeroTermsQuery;
4810:             1             32  [Lorg.opensearch.index.shard.IndexShard$ShardMigrationState;
4811:             1             32  [Lorg.opensearch.index.translog.Translog$Operation$Type;
4812:             1             32  [Lorg.opensearch.indexmanagement.indexstatemanagement.util.MetadataCheck;
4813:             1             32  [Lorg.opensearch.indices.IndicesService$ShardDeletionCheckResult;
4814:             1             32  [Lorg.opensearch.indices.analysis.PreBuiltCacheFactory$CachingStrategy;
4815:             1             32  [Lorg.opensearch.indices.recovery.MultiChunkTransfer$Status;
4816:             1             32  [Lorg.opensearch.knn.index.util.KNNEngine;
4817:             1             32  [Lorg.opensearch.ml.breaker.BreakerName;
4818:             1             32  [Lorg.opensearch.monitor.jvm.JvmGcMonitorService$JvmMonitor$Threshold;
4819:             1             32  [Lorg.opensearch.painless.CompilerSettings$RegexEnabled;
4820:             1             32  [Lorg.opensearch.performanceanalyzer.commons.collectors.PerformanceAnalyzerMetricsCollector$State;
4821:             1             32  [Lorg.opensearch.performanceanalyzer.commons.stats.metrics.StatsType;
4822:             1             32  [Lorg.opensearch.performanceanalyzer.commons.util.Util$CollectorMode;
4823:             1             32  [Lorg.opensearch.ratelimitting.admissioncontrol.enums.AdmissionControlActionType;
4824:             1             32  [Lorg.opensearch.ratelimitting.admissioncontrol.enums.AdmissionControlMode;
4825:             2             32  [Lorg.opensearch.search.SearchHit;
4826:             1             32  [Lorg.opensearch.search.backpressure.settings.SearchBackpressureMode;
4827:             1             32  [Lorg.opensearch.security.auditlog.AuditLog$Origin;
4828:             1             32  [Lorg.opensearch.security.configuration.DlsFlsValveImpl$Mode;
4829:             1             32  [Lorg.opensearch.security.support.Base64CustomHelper$CustomSerializationFormat;
4830:             1             32  [Lorg.opensearch.securityanalytics.util.ThrowableCheckingPredicates;
4831:             1             32  [Lorg.opensearch.semver.SemverRange$RangeOperator;
4832:             1             32  [Lorg.opensearch.sql.datasource.model.DataSourceType;
4833:             1             32  [Lorg.opensearch.telemetry.tracing.SpanKind;
4834:             1             32  [Lorg.opensearch.threadpool.ThreadPool$ThreadPoolType;
4835:             1             32  [Lorg.opensearch.timeseries.stats.StatType;
4836:             1             32  [Lorg.opensearch.transport.netty4.ssl.SecureConnectionTestUtil$SSLConnectionTestResult;
4837:             1             32  [Lorg.opensearch.watcher.ResourceWatcherService$Frequency;
4838:             1             32  [Lorg.yaml.snakeyaml.DumperOptions$FlowStyle;
4839:             1             32  [Lorg.yaml.snakeyaml.comments.CommentType;
4840:             1             32  [Lorg.yaml.snakeyaml.nodes.NodeId;
4841:             1             32  [Lsun.security.provider.NativePRNG$Variant; (java.base@21.0.3)
4842:             1             32  [Lsun.security.ssl.CipherSuite$HashAlg; (java.base@21.0.3)
4843:             1             32  [Lsun.security.ssl.CipherType; (java.base@21.0.3)
4844:             1             32  [Lsun.security.ssl.ClientAuthType; (java.base@21.0.3)
4845:             1             32  [Lsun.security.ssl.ECPointFormatsExtension$ECPointFormat; (java.base@21.0.3)
4846:             1             32  [Lsun.security.ssl.Finished$VerifyDataScheme; (java.base@21.0.3)
4847:             1             32  [Lsun.security.ssl.SSLTrafficKeyDerivation; (java.base@21.0.3)
4848:             1             32  [Lsun.security.ssl.SignatureScheme$SigAlgParamSpec; (java.base@21.0.3)
4849:             1             32  [[Lsun.security.ec.point.ProjectivePoint$Immutable; (jdk.crypto.ec@21.0.3)
4850:             1             32  com.amazon.dlic.auth.http.jwt.keybyoidc.JwtVerifier
4851:             1             32  com.amazon.dlic.auth.http.kerberos.HTTPSpnegoAuthenticator
4852:             1             32  com.fasterxml.jackson.annotation.JsonInclude$Value
4853:             1             32  com.fasterxml.jackson.annotation.JsonInclude$Value
4854:             1             32  com.fasterxml.jackson.databind.cfg.CoercionConfigs
4855:             1             32  com.fasterxml.jackson.databind.cfg.DatatypeFeatures
4856:             1             32  com.fasterxml.jackson.databind.cfg.DatatypeFeatures
4857:             1             32  com.fasterxml.jackson.databind.cfg.DatatypeFeatures
4858:             1             32  com.fasterxml.jackson.databind.cfg.DeserializerFactoryConfig
4859:             1             32  com.fasterxml.jackson.databind.cfg.DeserializerFactoryConfig
4860:             1             32  com.fasterxml.jackson.databind.cfg.DeserializerFactoryConfig
4861:             1             32  com.fasterxml.jackson.databind.deser.std.JsonNodeDeserializer
4862:             1             32  com.fasterxml.jackson.databind.introspect.AnnotatedParameter
4863:             1             32  com.fasterxml.jackson.databind.introspect.DefaultAccessorNamingStrategy$Provider
4864:             1             32  com.fasterxml.jackson.databind.introspect.DefaultAccessorNamingStrategy$Provider
4865:             1             32  com.fasterxml.jackson.databind.introspect.DefaultAccessorNamingStrategy$Provider
4866:             2             32  com.fasterxml.jackson.databind.node.BooleanNode
4867:             2             32  com.fasterxml.jackson.databind.ser.impl.PropertySerializerMap$Empty
4868:             1             32  com.fasterxml.jackson.databind.ser.std.CalendarSerializer
4869:             1             32  com.fasterxml.jackson.databind.ser.std.CalendarSerializer
4870:             1             32  com.fasterxml.jackson.databind.ser.std.CalendarSerializer
4871:             1             32  com.fasterxml.jackson.databind.ser.std.DateSerializer
4872:             1             32  com.fasterxml.jackson.databind.ser.std.DateSerializer
4873:             1             32  com.fasterxml.jackson.databind.ser.std.DateSerializer
4874:             1             32  com.fasterxml.jackson.databind.ser.std.NumberSerializers$FloatSerializer
4875:             1             32  com.fasterxml.jackson.databind.ser.std.NumberSerializers$FloatSerializer
4876:             1             32  com.fasterxml.jackson.databind.ser.std.NumberSerializers$FloatSerializer
4877:             1             32  com.fasterxml.jackson.databind.ser.std.NumberSerializers$IntLikeSerializer
4878:             1             32  com.fasterxml.jackson.databind.ser.std.NumberSerializers$IntLikeSerializer
4879:             1             32  com.fasterxml.jackson.databind.ser.std.NumberSerializers$IntLikeSerializer
4880:             1             32  com.fasterxml.jackson.databind.ser.std.NumberSerializers$ShortSerializer
4881:             1             32  com.fasterxml.jackson.databind.ser.std.NumberSerializers$ShortSerializer
4882:             1             32  com.fasterxml.jackson.databind.ser.std.NumberSerializers$ShortSerializer
4883:             1             32  com.fasterxml.jackson.databind.type.TypeBindings
4884:             1             32  com.fasterxml.jackson.databind.type.TypeBindings
4885:             1             32  com.fasterxml.jackson.databind.type.TypeFactory
4886:             1             32  com.fasterxml.jackson.databind.type.TypeFactory
4887:             1             32  com.fasterxml.jackson.databind.type.TypeFactory
4888:             1             32  com.fasterxml.jackson.dataformat.smile.SmileParser$Feature
4889:             2             32  com.google.common.cache.LocalCache$AccessQueue
4890:             2             32  com.google.common.cache.LocalCache$LocalManualCache
4891:             2             32  com.google.common.cache.LocalCache$Values
4892:             1             32  com.google.common.collect.Iterators$ArrayItr
4893:             1             32  com.google.common.collect.Iterators$ArrayItr
4894:             1             32  com.google.common.collect.Iterators$ArrayItr
4895:             1             32  com.google.common.collect.Iterators$ArrayItr
4896:             1             32  com.google.common.collect.Iterators$ArrayItr
4897:             2             32  com.google.common.collect.RegularImmutableList
4898:             2             32  com.google.gson.internal.$Gson$Types$GenericArrayTypeImpl
4899:             1             32  com.google.gson.internal.bind.ReflectiveTypeAdapterFactory
4900:             1             32  com.sun.jmx.mbeanserver.Repository (java.management@21.0.3)
4901:             1             32  com.sun.jna.Library$Handler
4902:             1             32  com.sun.jna.Memory
4903:             1             32  com.sun.jna.Structure$AutoAllocated
4904:             1             32  com.sun.management.internal.OperatingSystemImpl (jdk.management@21.0.3)
4905:             2             32  io.netty.bootstrap.ServerBootstrapConfig
4906:             2             32  io.netty.buffer.PooledByteBufAllocator$1
4907:             2             32  io.netty.buffer.PooledByteBufAllocatorMetric
4908:             1             32  io.netty.channel.nio.NioEventLoopGroup
4909:             1             32  io.netty.handler.ssl.ApplicationProtocolConfig
4910:             2             32  io.netty.handler.ssl.EnhancingX509ExtendedTrustManager
4911:             2             32  io.netty.handler.ssl.IdentityCipherSuiteFilter
4912:             1             32  io.netty.handler.ssl.SslHandler$SslEngineType$1
4913:             1             32  io.netty.handler.ssl.SslHandler$SslEngineType$2
4914:             1             32  io.netty.handler.ssl.SslHandler$SslEngineType$3
4915:             1             32  io.netty.util.AsciiString
4916:             1             32  io.netty.util.concurrent.DefaultThreadFactory
4917:             1             32  io.netty.util.concurrent.DefaultThreadFactory
4918:             2             32  io.netty.util.internal.logging.Slf4JLoggerFactory
4919:             1             32  io.protostuff.WireFormat$FieldType$1
4920:             1             32  io.protostuff.WireFormat$FieldType$2
4921:             1             32  io.protostuff.WireFormat$FieldType$3
4922:             1             32  io.protostuff.WireFormat$FieldType$4
4923:             1             32  io.protostuff.runtime.IdStrategy$26
4924:             1             32  io.protostuff.runtime.IdStrategy$27
4925:             1             32  io.protostuff.runtime.IdStrategy$28
4926:             1             32  io.protostuff.runtime.IdStrategy$29
4927:             1             32  io.protostuff.runtime.IdStrategy$30
4928:             1             32  io.protostuff.runtime.IdStrategy$31
4929:             1             32  io.protostuff.runtime.IdStrategy$32
4930:             1             32  io.protostuff.runtime.IdStrategy$33
4931:             1             32  io.protostuff.runtime.IdStrategy$34
4932:             1             32  io.protostuff.runtime.IdStrategy$35
4933:             1             32  io.protostuff.runtime.IdStrategy$36
4934:             1             32  io.protostuff.runtime.IdStrategy$37
4935:             1             32  io.protostuff.runtime.IdStrategy$38
4936:             2             32  io.protostuff.runtime.RuntimeEnv$DefaultInstantiator
4937:             2             32  java.lang.Boolean (java.base@21.0.3)
4938:             1             32  java.lang.Module$ArchivedData (java.base@21.0.3)
4939:             1             32  java.lang.ProcessHandleImpl (java.base@21.0.3)
4940:             2             32  java.lang.Shutdown$Lock (java.base@21.0.3)
4941:             1             32  java.lang.StringBuffer (java.base@21.0.3)
4942:             1             32  java.lang.invoke.VarHandleByteArrayAsChars$ArrayHandle (java.base@21.0.3)
4943:             1             32  java.lang.module.ModuleDescriptor$Version (java.base@21.0.3)
4944:             2             32  java.lang.ref.NativeReferenceQueue$Lock (java.base@21.0.3)
4945:             1             32  java.net.InetAddress$CachedLocalHost (java.base@21.0.3)
4946:             2             32  java.nio.ByteOrder (java.base@21.0.3)
4947:             2             32  java.nio.file.attribute.PosixFilePermissions$1 (java.base@21.0.3)
4948:             1             32  java.security.MessageDigest$Delegate$CloneableDelegate (java.base@21.0.3)
4949:             2             32  java.util.Comparator$$Lambda/0x00007fcd282ff128 (java.base@21.0.3)
4950:             2             32  java.util.Comparator$$Lambda/0x00007fcd284ddd48 (java.base@21.0.3)
4951:             1             32  java.util.PriorityQueue (java.base@21.0.3)
4952:             2             32  java.util.ResourceBundle$SingleFormatControl (java.base@21.0.3)
4953:             1             32  java.util.ServiceLoader$ModuleServicesLookupIterator (java.base@21.0.3)
4954:             1             32  java.util.concurrent.ThreadLocalRandom (java.base@21.0.3)
4955:             1             32  java.util.concurrent.locks.AbstractQueuedSynchronizer$SharedNode (java.base@21.0.3)
4956:             2             32  java.util.regex.CharPredicates$$Lambda/0x00007fcd282f9580 (java.base@21.0.3)
4957:             1             32  java.util.regex.Pattern$NotBehind (java.base@21.0.3)
4958:             1             32  java.util.zip.ZipCoder$UTF8ZipCoder (java.base@21.0.3)
4959:             1             32  jdk.internal.loader.ArchivedClassLoaders (java.base@21.0.3)
4960:             2             32  jdk.internal.misc.ThreadTracker (java.base@21.0.3)
4961:             1             32  jdk.internal.module.ArchivedModuleGraph (java.base@21.0.3)
4962:             1             32  jdk.internal.org.objectweb.asm.ConstantDynamic (java.base@21.0.3)
4963:             1             32  jdk.internal.org.objectweb.asm.Handle (java.base@21.0.3)
4964:             1             32  jdk.internal.reflect.MethodHandleIntegerFieldAccessorImpl (java.base@21.0.3)
4965:             1             32  jdk.net.ExtendedSocketOptions$1 (jdk.net@21.0.3)
4966:             1             32  jdk.nio.zipfs.ZipPath (jdk.zipfs@21.0.3)
4967:             2             32  jdk.proxy3.$Proxy27 (jdk.proxy3)
4968:             2             32  jdk.proxy4.$Proxy48 (jdk.proxy4)
4969:             2             32  jdk.proxy4.$Proxy50 (jdk.proxy4)
4970:             1             32  joptsimple.NonOptionArgumentSpec
4971:             2             32  kotlinx.coroutines.Empty
4972:             2             32  kotlinx.coroutines.Empty
4973:             2             32  kotlinx.coroutines.Empty
4974:             2             32  kotlinx.coroutines.Empty
4975:             2             32  kotlinx.coroutines.Empty
4976:             2             32  kotlinx.coroutines.Empty
4977:             2             32  kotlinx.coroutines.internal.ContextScope
4978:             2             32  kotlinx.coroutines.scheduling.GlobalQueue
4979:             2             32  kotlinx.coroutines.scheduling.GlobalQueue
4980:             2             32  kotlinx.coroutines.scheduling.GlobalQueue
4981:             2             32  kotlinx.coroutines.scheduling.GlobalQueue
4982:             1             32  org.apache.logging.log4j.core.appender.rolling.FileExtension$1
4983:             1             32  org.apache.logging.log4j.core.appender.rolling.FileExtension$2
4984:             1             32  org.apache.logging.log4j.core.appender.rolling.FileExtension$3
4985:             1             32  org.apache.logging.log4j.core.appender.rolling.FileExtension$4
4986:             1             32  org.apache.logging.log4j.core.appender.rolling.FileExtension$5
4987:             1             32  org.apache.logging.log4j.core.appender.rolling.FileExtension$6
4988:             1             32  org.apache.logging.log4j.core.appender.rolling.FileExtension$7
4989:             1             32  org.apache.logging.log4j.core.impl.ThrowableFormatOptions
4990:             2             32  org.apache.logging.log4j.core.lookup.StrMatcher$CharSetMatcher
4991:             1             32  org.apache.logging.log4j.core.pattern.NameAbbreviator$MaxElementAbbreviator$Strategy$1
4992:             1             32  org.apache.logging.log4j.core.pattern.NameAbbreviator$MaxElementAbbreviator$Strategy$2
4993:             1             32  org.apache.logging.log4j.core.util.DefaultShutdownCallbackRegistry
4994:             2             32  org.apache.logging.log4j.core.util.SystemClock
4995:             2             32  org.apache.logging.log4j.core.util.datetime.FastDatePrinter$TwoDigitNumberField
4996:             1             32  org.apache.logging.log4j.status.StatusConsoleListener
4997:             1             32  org.apache.logging.log4j.status.StatusLogger$BoundedQueue
4998:             2             32  org.apache.logging.log4j.util.EnvironmentPropertySource
4999:             2             32  org.apache.logging.log4j.util.PropertiesUtil
5000:             2             32  org.apache.logging.log4j.util.PropertySource$Comparator
5001:             2             32  org.apache.logging.log4j.util.SystemPropertiesPropertySource
5002:             1             32  org.apache.logging.slf4j.Log4jLogger
5003:             2             32  org.apache.lucene.analysis.ar.ArabicStemmer
5004:             2             32  org.apache.lucene.analysis.bg.BulgarianStemmer
5005:             2             32  org.apache.lucene.analysis.bn.BengaliNormalizer
5006:             2             32  org.apache.lucene.analysis.bn.BengaliStemmer
5007:             2             32  org.apache.lucene.analysis.ckb.SoraniNormalizer
5008:             2             32  org.apache.lucene.analysis.ckb.SoraniStemmer
5009:             2             32  org.apache.lucene.analysis.cz.CzechStemmer
5010:             2             32  org.apache.lucene.analysis.de.GermanLightStemmer
5011:             2             32  org.apache.lucene.analysis.el.GreekStemmer
5012:             2             32  org.apache.lucene.analysis.es.SpanishLightStemmer
5013:             2             32  org.apache.lucene.analysis.fa.PersianNormalizer
5014:             2             32  org.apache.lucene.analysis.fr.FrenchLightStemmer
5015:             2             32  org.apache.lucene.analysis.gl.GalicianStemmer
5016:             2             32  org.apache.lucene.analysis.hi.HindiNormalizer
5017:             2             32  org.apache.lucene.analysis.hi.HindiStemmer
5018:             2             32  org.apache.lucene.analysis.it.ItalianLightStemmer
5019:             2             32  org.apache.lucene.analysis.lv.LatvianStemmer
5020:             2             32  org.apache.lucene.analysis.pt.PortugueseLightStemmer
5021:             2             32  org.apache.lucene.backward_codecs.lucene87.Lucene87StoredFieldsFormat
5022:             1             32  org.apache.lucene.codecs.lucene90.blocktree.CompressionAlgorithm$1
5023:             1             32  org.apache.lucene.codecs.lucene90.blocktree.CompressionAlgorithm$2
5024:             1             32  org.apache.lucene.codecs.lucene90.blocktree.CompressionAlgorithm$3
5025:             1             32  org.apache.lucene.document.SortedNumericDocValuesRangeQuery$1
5026:             1             32  org.apache.lucene.search.IndexOrDocValuesQuery
5027:             1             32  org.apache.lucene.search.IndexOrDocValuesQuery$1
5028:             2             32  org.apache.lucene.search.LRUQueryCache$MinSegmentSizePredicate
5029:             1             32  org.apache.lucene.search.MatchAllDocsQuery$1
5030:             1             32  org.apache.lucene.search.PointRangeQuery$1
5031:             2             32  org.apache.lucene.search.Sort
5032:             2             32  org.apache.lucene.search.vectorhighlight.BreakIteratorBoundaryScanner
5033:             1             32  org.apache.lucene.util.AttributeFactory$DefaultAttributeFactory$1
5034:             1             32  org.apache.lucene.util.automaton.Transition
5035:             1             32  org.apache.lucene.util.packed.PackedInts$Format$1
5036:             1             32  org.apache.lucene.util.packed.PackedInts$Format$2
5037:             2             32  org.bouncycastle.jcajce.provider.asymmetric.dh.KeyFactorySpi
5038:             2             32  org.bouncycastle.jcajce.provider.asymmetric.dstu.KeyFactorySpi
5039:             2             32  org.bouncycastle.jcajce.provider.asymmetric.ecgost.KeyFactorySpi
5040:             2             32  org.bouncycastle.pqc.jcajce.provider.xmss.XMSSKeyFactorySpi
5041:             2             32  org.bouncycastle.pqc.jcajce.provider.xmss.XMSSMTKeyFactorySpi
5042:             1             32  org.jooq.tools.json.JSONParser
5043:             2             32  org.locationtech.spatial4j.distance.GeodesicSphereDistCalc$Haversine
5044:             2             32  org.locationtech.spatial4j.io.LegacyShapeReader
5045:             2             32  org.locationtech.spatial4j.io.LegacyShapeWriter
5046:             1             32  org.opensearch.action.ActionModule$1
5047:             1             32  org.opensearch.action.ActionModule$2
5048:             1             32  org.opensearch.action.ActionModule$DynamicActionRegistry
5049:             2             32  org.opensearch.action.RequestValidators
5050:             1             32  org.opensearch.action.admin.cluster.remote.TransportRemoteInfoAction
5051:             1             32  org.opensearch.action.admin.cluster.storedscripts.TransportGetScriptContextAction
5052:             1             32  org.opensearch.action.admin.cluster.storedscripts.TransportGetScriptLanguageAction
5053:             1             32  org.opensearch.action.admin.indices.rollover.MetadataRolloverService
5054:             1             32  org.opensearch.action.admin.indices.rollover.RolloverInfo
5055:             1             32  org.opensearch.action.delete.TransportDeleteAction
5056:             1             32  org.opensearch.action.index.TransportIndexAction
5057:             1             32  org.opensearch.action.search.CreatePitController
5058:             1             32  org.opensearch.action.search.SearchPhaseController$SortedTopDocs
5059:             1             32  org.opensearch.ad.AnomalyDetectorRunner
5060:             2             32  org.opensearch.ad.rest.AbstractAnomalyDetectorAction$$Lambda/0x00007fcd2900cf80
5061:             2             32  org.opensearch.ad.rest.AbstractAnomalyDetectorAction$$Lambda/0x00007fcd2900d1b0
5062:             2             32  org.opensearch.ad.rest.AbstractAnomalyDetectorAction$$Lambda/0x00007fcd2900d3e0
5063:             2             32  org.opensearch.ad.rest.AbstractAnomalyDetectorAction$$Lambda/0x00007fcd2900d610
5064:             2             32  org.opensearch.ad.rest.AbstractAnomalyDetectorAction$$Lambda/0x00007fcd2900d840
5065:             2             32  org.opensearch.ad.rest.AbstractAnomalyDetectorAction$$Lambda/0x00007fcd2900da70
5066:             1             32  org.opensearch.ad.rest.RestExecuteAnomalyDetectorAction
5067:             1             32  org.opensearch.ad.rest.RestStatsAnomalyDetectorAction
5068:             1             32  org.opensearch.ad.transport.SearchADTasksTransportAction
5069:             1             32  org.opensearch.ad.transport.SearchAnomalyDetectorInfoTransportAction
5070:             1             32  org.opensearch.ad.transport.SearchAnomalyDetectorTransportAction
5071:             1             32  org.opensearch.ad.transport.ThresholdResultTransportAction
5072:             1             32  org.opensearch.alerting.AlertService
5073:             1             32  org.opensearch.alerting.TriggerService
5074:             1             32  org.opensearch.alerting.core.schedule.JobScheduler
5075:             1             32  org.opensearch.alerting.resthandler.RestSearchMonitorAction
5076:             1             32  org.opensearch.bootstrap.Bootstrap
5077:             2             32  org.opensearch.cluster.DiffableUtils$IntKeySerializer
5078:             2             32  org.opensearch.cluster.NamedDiffableValueSerializer
5079:             2             32  org.opensearch.cluster.RestoreInProgress
5080:             1             32  org.opensearch.cluster.action.index.MappingUpdatedAction
5081:             1             32  org.opensearch.cluster.action.shard.ShardStateAction
5082:             1             32  org.opensearch.cluster.action.shard.ShardStateAction$ShardFailedClusterStateTaskExecutor
5083:             1             32  org.opensearch.cluster.action.shard.ShardStateAction$ShardStartedClusterStateTaskExecutor
5084:             1             32  org.opensearch.cluster.coordination.ClusterFormationFailureHelper
5085:             1             32  org.opensearch.cluster.coordination.LagDetector
5086:             1             32  org.opensearch.cluster.coordination.LeaderChecker$CheckScheduler
5087:             2             32  org.opensearch.cluster.decommission.DecommissionService$$Lambda/0x00007fcd28e21bc8
5088:             2             32  org.opensearch.cluster.decommission.DecommissionService$$Lambda/0x00007fcd28e21df8
5089:             2             32  org.opensearch.cluster.decommission.DecommissionService$$Lambda/0x00007fcd28e22028
5090:             2             32  org.opensearch.cluster.metadata.ComposableIndexTemplate$DataStreamTemplate
5091:             2             32  org.opensearch.cluster.metadata.IndexAbstractionResolver
5092:             2             32  org.opensearch.cluster.metadata.IndexGraveyard
5093:             2             32  org.opensearch.cluster.metadata.IndexNameExpressionResolver$DateMathExpressionResolver
5094:             2             32  org.opensearch.cluster.metadata.IndexNameExpressionResolver$WildcardExpressionResolver
5095:             1             32  org.opensearch.cluster.metadata.MetadataCreateDataStreamService
5096:             1             32  org.opensearch.cluster.metadata.MetadataDeleteIndexService
5097:             1             32  org.opensearch.cluster.metadata.MetadataMappingService
5098:             1             32  org.opensearch.cluster.routing.BatchedRerouteService
5099:             1             32  org.opensearch.cluster.routing.OperationRouting
5100:             2             32  org.opensearch.cluster.routing.RecoverySource$ExistingStoreRecoverySource
5101:             1             32  org.opensearch.cluster.routing.RoutingNodes$UnassignedShards
5102:             2             32  org.opensearch.cluster.routing.allocation.ConstraintTypes$$Lambda/0x00007fcd2871ac90
5103:             2             32  org.opensearch.cluster.routing.allocation.DiskThresholdSettings$$Lambda/0x00007fcd28711000
5104:             2             32  org.opensearch.cluster.routing.allocation.DiskThresholdSettings$$Lambda/0x00007fcd28711230
5105:             2             32  org.opensearch.cluster.routing.allocation.DiskThresholdSettings$$Lambda/0x00007fcd287134d8
5106:             2             32  org.opensearch.cluster.routing.allocation.DiskThresholdSettings$$Lambda/0x00007fcd28713708
5107:             2             32  org.opensearch.cluster.routing.allocation.DiskThresholdSettings$$Lambda/0x00007fcd28713938
5108:             2             32  org.opensearch.cluster.routing.allocation.DiskThresholdSettings$$Lambda/0x00007fcd28713b68
5109:             2             32  org.opensearch.cluster.routing.allocation.DiskThresholdSettings$$Lambda/0x00007fcd28713d98
5110:             1             32  org.opensearch.cluster.routing.allocation.decider.FilterAllocationDecider
5111:             1             32  org.opensearch.cluster.routing.allocation.decider.NodeLoadAwareAllocationDecider
5112:             1             32  org.opensearch.cluster.routing.allocation.decider.ThrottlingAllocationDecider
5113:             1             32  org.opensearch.cluster.service.ClusterStateStats
5114:             2             32  org.opensearch.common.blobstore.BlobPath
5115:             1             32  org.opensearch.common.cache.Cache$$Lambda/0x00007fcd292e9ca0
5116:             1             32  org.opensearch.common.cache.CacheType
5117:             1             32  org.opensearch.common.geo.GeoShapeType$1
5118:             1             32  org.opensearch.common.geo.GeoShapeType$2
5119:             1             32  org.opensearch.common.geo.GeoShapeType$3
5120:             1             32  org.opensearch.common.geo.GeoShapeType$4
5121:             1             32  org.opensearch.common.geo.GeoShapeType$5
5122:             1             32  org.opensearch.common.geo.GeoShapeType$6
5123:             1             32  org.opensearch.common.geo.GeoShapeType$7
5124:             1             32  org.opensearch.common.geo.GeoShapeType$8
5125:             1             32  org.opensearch.common.geo.GeoShapeType$9
5126:             1             32  org.opensearch.common.logging.LogConfigurator$1
5127:             2             32  org.opensearch.common.logging.LoggingOutputStream$$Lambda/0x00007fcd281bf678
5128:             1             32  org.opensearch.common.settings.AbstractScopedSettings$2
5129:             1             32  org.opensearch.common.settings.KeyStoreWrapper
5130:             2             32  org.opensearch.common.settings.Setting$$Lambda/0x00007fcd2863dd90
5131:             1             32  org.opensearch.common.util.CancellableThreads
5132:             2             32  org.opensearch.common.util.PageCacheRecycler$1
5133:             2             32  org.opensearch.common.util.PageCacheRecycler$2
5134:             2             32  org.opensearch.common.util.PageCacheRecycler$3
5135:             2             32  org.opensearch.common.util.PageCacheRecycler$4
5136:             2             32  org.opensearch.common.util.Streak
5137:             2             32  org.opensearch.common.util.concurrent.OpenSearchExecutors$$Lambda/0x00007fcd2828a328
5138:             1             32  org.opensearch.common.xcontent.XContentType$1
5139:             1             32  org.opensearch.common.xcontent.XContentType$2
5140:             1             32  org.opensearch.common.xcontent.XContentType$3
5141:             1             32  org.opensearch.common.xcontent.XContentType$4
5142:             1             32  org.opensearch.core.tasks.resourcetracker.ResourceStatsType
5143:             1             32  org.opensearch.core.tasks.resourcetracker.ThreadResourceInfo
5144:             2             32  org.opensearch.core.xcontent.NamedXContentRegistry
5145:             1             32  org.opensearch.core.xcontent.ObjectParser$$Lambda/0x00007fcd29095b48
5146:             1             32  org.opensearch.flowframework.common.FlowFrameworkSettings
5147:             1             32  org.opensearch.flowframework.indices.FlowFrameworkIndicesHandler
5148:             1             32  org.opensearch.flowframework.util.EncryptorUtils
5149:             1             32  org.opensearch.flowframework.workflow.WorkflowProcessSorter
5150:             1             32  org.opensearch.flowframework.workflow.WorkflowStepFactory$$Lambda/0x00007fcd28a4e2f0
5151:             1             32  org.opensearch.flowframework.workflow.WorkflowStepFactory$$Lambda/0x00007fcd28a4e510
5152:             1             32  org.opensearch.flowframework.workflow.WorkflowStepFactory$$Lambda/0x00007fcd28a4e730
5153:             1             32  org.opensearch.flowframework.workflow.WorkflowStepFactory$$Lambda/0x00007fcd28a4ed90
5154:             2             32  org.opensearch.forecast.rest.AbstractForecasterAction$$Lambda/0x00007fcd290124e8
5155:             2             32  org.opensearch.forecast.rest.AbstractForecasterAction$$Lambda/0x00007fcd29012718
5156:             2             32  org.opensearch.forecast.rest.AbstractForecasterAction$$Lambda/0x00007fcd29012948
5157:             2             32  org.opensearch.forecast.rest.AbstractForecasterAction$$Lambda/0x00007fcd29012b78
5158:             2             32  org.opensearch.forecast.rest.AbstractForecasterAction$$Lambda/0x00007fcd29012da8
5159:             1             32  org.opensearch.forecast.rest.RestStatsForecasterAction
5160:             1             32  org.opensearch.forecast.transport.SearchForecastTasksTransportAction
5161:             1             32  org.opensearch.forecast.transport.SearchForecasterInfoTransportAction
5162:             1             32  org.opensearch.forecast.transport.SearchForecasterTransportAction
5163:             1             32  org.opensearch.gateway.LocalAllocateDangledIndices
5164:             1             32  org.opensearch.gateway.MetaStateService
5165:             2             32  org.opensearch.geo.search.aggregations.bucket.geogrid.GeoGridAggregationBuilder$$Lambda/0x00007fcd28836ed8
5166:             2             32  org.opensearch.geometry.utils.StandardValidator
5167:             1             32  org.opensearch.geospatial.ip2geo.action.GetDatasourceTransportAction
5168:             1             32  org.opensearch.geospatial.ip2geo.action.RestPutDatasourceHandler
5169:             1             32  org.opensearch.geospatial.ip2geo.dao.GeoIpDataDao
5170:             1             32  org.opensearch.geospatial.ip2geo.dao.Ip2GeoCachedDao
5171:             1             32  org.opensearch.geospatial.ip2geo.jobscheduler.DatasourceUpdateService
5172:             1             32  org.opensearch.geospatial.ip2geo.processor.Ip2GeoProcessor$Factory
5173:             1             32  org.opensearch.geospatial.plugin.GeospatialPlugin
5174:             2             32  org.opensearch.identity.noop.NoopIdentityPlugin
5175:             1             32  org.opensearch.index.ShardIndexingPressureStore
5176:             1             32  org.opensearch.index.VersionType$1
5177:             1             32  org.opensearch.index.VersionType$2
5178:             1             32  org.opensearch.index.VersionType$3
5179:             1             32  org.opensearch.index.analysis.AnalysisMode$1
5180:             1             32  org.opensearch.index.analysis.AnalysisMode$2
5181:             1             32  org.opensearch.index.analysis.AnalysisMode$3
5182:             1             32  org.opensearch.index.analysis.AnalysisRegistry$PrebuiltAnalysis
5183:             1             32  org.opensearch.index.analysis.PreConfiguredCharFilter
5184:             2             32  org.opensearch.index.codec.customcodecs.ZstdCompressionMode
5185:             2             32  org.opensearch.index.codec.customcodecs.ZstdNoDictCompressionMode
5186:             1             32  org.opensearch.index.codec.fuzzy.FuzzySet$SetType
5187:             1             32  org.opensearch.index.fielddata.ordinals.GlobalOrdinalMapping
5188:             1             32  org.opensearch.index.mapper.DateFieldMapper$Resolution$1
5189:             1             32  org.opensearch.index.mapper.DateFieldMapper$Resolution$2
5190:             1             32  org.opensearch.index.mapper.FieldTypeInference
5191:             2             32  org.opensearch.index.mapper.ObjectMapper$TypeParser
5192:             1             32  org.opensearch.index.mapper.TextFieldMapper$FielddataFrequencyFilter
5193:             1             32  org.opensearch.index.query.SearchIndexNameMatcher
5194:             1             32  org.opensearch.index.reindex.ReindexValidator
5195:             1             32  org.opensearch.index.remote.RemoteStoreEnums$PathHashAlgorithm$1
5196:             1             32  org.opensearch.index.remote.RemoteStoreEnums$PathHashAlgorithm$2
5197:             1             32  org.opensearch.index.remote.RemoteStoreEnums$PathType$1
5198:             1             32  org.opensearch.index.remote.RemoteStoreEnums$PathType$2
5199:             1             32  org.opensearch.index.remote.RemoteStoreEnums$PathType$3
5200:             1             32  org.opensearch.index.search.stats.SearchStats
5201:             1             32  org.opensearch.index.store.Store$MetadataSnapshot
5202:             2             32  org.opensearch.index.store.lockmanager.RemoteStoreLockManagerFactory
5203:             2             32  org.opensearch.index.store.remote.filecache.FileCacheSettings$$Lambda/0x00007fcd28711460
5204:             1             32  org.opensearch.indexmanagement.IndexManagementIndices
5205:             1             32  org.opensearch.indexmanagement.controlcenter.notification.filter.IndexOperationActionFilter
5206:             1             32  org.opensearch.indexmanagement.indexstatemanagement.IndexMetadataProvider
5207:             1             32  org.opensearch.indexmanagement.indexstatemanagement.resthandler.RestIndexPolicyAction
5208:             1             32  org.opensearch.indexmanagement.indexstatemanagement.transport.action.managedIndex.TransportManagedIndexAction
5209:             1             32  org.opensearch.indexmanagement.rollup.RollupMapperService
5210:             1             32  org.opensearch.indexmanagement.rollup.RollupSearchService
5211:             1             32  org.opensearch.indexmanagement.rollup.actionfilter.FieldCapsFilter
5212:             1             32  org.opensearch.indexmanagement.transform.TransformIndexer
5213:             1             32  org.opensearch.indices.IndicesRequestCache$IndicesRequestCacheCleanupManager$IndicesRequestCacheCleaner
5214:             1             32  org.opensearch.indices.IndicesService$$Lambda/0x00007fcd288c86d0
5215:             1             32  org.opensearch.indices.IndicesService$2
5216:             1             32  org.opensearch.indices.IndicesService$CacheCleaner
5217:             1             32  org.opensearch.indices.ShardLimitValidator
5218:             1             32  org.opensearch.indices.analysis.HunspellService
5219:             1             32  org.opensearch.indices.analysis.PreBuiltAnalyzers$1
5220:             1             32  org.opensearch.indices.analysis.PreBuiltAnalyzers$2
5221:             1             32  org.opensearch.indices.analysis.PreBuiltAnalyzers$3
5222:             1             32  org.opensearch.indices.analysis.PreBuiltAnalyzers$4
5223:             1             32  org.opensearch.indices.analysis.PreBuiltAnalyzers$5
5224:             1             32  org.opensearch.indices.analysis.PreBuiltAnalyzers$6
5225:             1             32  org.opensearch.indices.analysis.PreBuiltAnalyzers$7
5226:             1             32  org.opensearch.indices.analysis.PreBuiltTokenizers$1
5227:             1             32  org.opensearch.indices.mapper.MapperRegistry
5228:             1             32  org.opensearch.indices.recovery.PeerRecoverySourceService$OngoingRecoveries
5229:             1             32  org.opensearch.indices.recovery.PeerRecoveryTargetService
5230:             2             32  org.opensearch.indices.replication.checkpoint.SegmentReplicationCheckpointPublisher
5231:             1             32  org.opensearch.ingest.useragent.UserAgentParser
5232:             1             32  org.opensearch.jobscheduler.rest.action.RestGetJobDetailsAction
5233:             1             32  org.opensearch.jobscheduler.rest.action.RestGetLockAction
5234:             1             32  org.opensearch.jobscheduler.rest.action.RestReleaseLockAction
5235:             1             32  org.opensearch.jobscheduler.scheduler.JobScheduler
5236:             1             32  org.opensearch.jobscheduler.utils.JobDetailsService
5237:             1             32  org.opensearch.knn.index.Parameter$BooleanParameter
5238:             2             32  org.opensearch.knn.index.Parameter$MethodComponentContextParameter$$Lambda/0x00007fcd28495b18
5239:             2             32  org.opensearch.knn.index.Parameter$MethodComponentContextParameter$$Lambda/0x00007fcd28495d68
5240:             1             32  org.opensearch.knn.index.Parameter$StringParameter
5241:             1             32  org.opensearch.knn.index.SpaceType$1
5242:             1             32  org.opensearch.knn.index.SpaceType$2
5243:             1             32  org.opensearch.knn.index.SpaceType$3
5244:             1             32  org.opensearch.knn.index.SpaceType$4
5245:             1             32  org.opensearch.knn.index.SpaceType$5
5246:             1             32  org.opensearch.knn.index.SpaceType$6
5247:             1             32  org.opensearch.knn.index.VectorDataType$1
5248:             1             32  org.opensearch.knn.index.VectorDataType$2
5249:             1             32  org.opensearch.knn.index.codec.KNN80Codec.KNN80Codec
5250:             1             32  org.opensearch.knn.index.codec.KNN84Codec.KNN84Codec
5251:             1             32  org.opensearch.knn.index.codec.KNN87Codec.KNN87Codec
5252:             1             32  org.opensearch.knn.index.codec.KNN920Codec.KNN920Codec
5253:             1             32  org.opensearch.knn.index.codec.KNN940Codec.KNN940Codec
5254:             1             32  org.opensearch.knn.index.codec.KNN950Codec.KNN950Codec
5255:             1             32  org.opensearch.knn.index.codec.KNN990Codec.KNN990Codec
5256:             1             32  org.opensearch.knn.index.memory.NativeMemoryCacheManager
5257:             1             32  org.opensearch.knn.index.util.Lucene
5258:             1             32  org.opensearch.knn.index.util.Nmslib
5259:             1             32  org.opensearch.knn.plugin.rest.RestClearCacheHandler
5260:             1             32  org.opensearch.knn.plugin.rest.RestKNNWarmupHandler
5261:             1             32  org.opensearch.knn.plugin.stats.suppliers.EventOccurredWithinThresholdSupplier
5262:             1             32  org.opensearch.knn.plugin.transport.DeleteModelTransportAction
5263:             1             32  org.opensearch.knn.plugin.transport.GetModelTransportAction
5264:             1             32  org.opensearch.knn.plugin.transport.SearchModelTransportAction
5265:             1             32  org.opensearch.knn.plugin.transport.TrainingModelTransportAction
5266:             1             32  org.opensearch.ml.action.agents.TransportSearchAgentAction
5267:             1             32  org.opensearch.ml.action.handler.MLSearchHandler
5268:             1             32  org.opensearch.ml.action.models.SearchModelTransportAction
5269:             1             32  org.opensearch.ml.action.tasks.SearchTaskTransportAction
5270:             1             32  org.opensearch.ml.action.upload_chunk.MLModelChunkUploader
5271:             1             32  org.opensearch.ml.breaker.MLCircuitBreakerService
5272:             1             32  org.opensearch.ml.cluster.MLCommonsClusterEventListener
5273:             1             32  org.opensearch.ml.engine.MLEngine
5274:             1             32  org.opensearch.ml.engine.algorithms.anomalylocalization.AnomalyLocalizerImpl
5275:             1             32  org.opensearch.ml.engine.encryptor.EncryptorImpl
5276:             1             32  org.opensearch.ml.engine.memory.ConversationIndexMemory$Factory
5277:             1             32  org.opensearch.ml.memory.index.InteractionsIndex
5278:             1             32  org.opensearch.ml.repackage.com.google.common.collect.Iterators$ArrayItr
5279:             1             32  org.opensearch.ml.rest.RestMLPredictionAction
5280:             1             32  org.opensearch.ml.rest.RestMLUndeployModelAction
5281:             1             32  org.opensearch.ml.settings.MLFeatureEnabledSetting
5282:             1             32  org.opensearch.ml.task.MLTaskManager
5283:             1             32  org.opensearch.ml.tools.GetToolTransportAction
5284:             1             32  org.opensearch.ml.tools.ListToolsTransportAction
5285:             1             32  org.opensearch.monitor.process.ProcessInfo
5286:             1             32  org.opensearch.neuralsearch.plugin.NeuralSearch
5287:             2             32  org.opensearch.neuralsearch.processor.normalization.MinMaxScoreNormalizationTechnique
5288:             1             32  org.opensearch.neuralsearch.search.query.HybridQueryPhaseSearcher
5289:             1             32  org.opensearch.node.Node$LocalNodeFactory
5290:             2             32  org.opensearch.node.resource.tracker.AbstractAverageUsageTracker$$Lambda/0x00007fcd29044000
5291:             1             32  org.opensearch.painless.action.PainlessContextAction$TransportAction
5292:             1             32  org.opensearch.performanceanalyzer.commons.config.overrides.ConfigOverridesWrapper
5293:             1             32  org.opensearch.performanceanalyzer.commons.event_process.EventLogFileHandler
5294:             1             32  org.opensearch.performanceanalyzer.config.PerformanceAnalyzerController
5295:             1             32  org.opensearch.performanceanalyzer.http_action.config.PerformanceAnalyzerClusterConfigAction
5296:             1             32  org.opensearch.performanceanalyzer.http_action.config.PerformanceAnalyzerOverridesClusterConfigAction
5297:             1             32  org.opensearch.performanceanalyzer.http_action.config.PerformanceAnalyzerResourceProvider
5298:             1             32  org.opensearch.performanceanalyzer.http_action.whoami.TransportWhoAmIAction
5299:             1             32  org.opensearch.persistent.PersistentTasksNodeService
5300:             1             32  org.opensearch.plugin.repository.url.URLRepositoryPlugin$$Lambda/0x00007fcd28548a48
5301:             1             32  org.opensearch.plugins.PluginsService
5302:             1             32  org.opensearch.ratelimitting.admissioncontrol.controllers.CpuBasedAdmissionController
5303:             1             32  org.opensearch.ratelimitting.admissioncontrol.controllers.IoBasedAdmissionController
5304:             1             32  org.opensearch.ratelimitting.admissioncontrol.settings.CpuBasedAdmissionControllerSettings
5305:             1             32  org.opensearch.ratelimitting.admissioncontrol.settings.IoBasedAdmissionControllerSettings
5306:             1             32  org.opensearch.replication.metadata.store.ReplicationMetadataStore
5307:             2             32  org.opensearch.reportsscheduler.util.SecureIndexClient
5308:             1             32  org.opensearch.repositories.RepositoriesModule$$Lambda/0x00007fcd28cee920
5309:             1             32  org.opensearch.repositories.RepositoriesModule$$Lambda/0x00007fcd28ceeb50
5310:             1             32  org.opensearch.repositories.RepositoriesStatsArchive
5311:             1             32  org.opensearch.repositories.s3.ProxySettings
5312:             1             32  org.opensearch.repositories.s3.S3RepositoryPlugin$$Lambda/0x00007fcd28a85570
5313:             1             32  org.opensearch.rest.action.admin.cluster.RestClusterGetSettingsAction
5314:             1             32  org.opensearch.search.SearchService$2
5315:             1             32  org.opensearch.search.SearchService$2$$Lambda/0x00007fcd29204ce0
5316:             1             32  org.opensearch.search.SearchShardTarget
5317:             2             32  org.opensearch.search.aggregations.ConcurrentAggregationProcessor
5318:             1             32  org.opensearch.search.aggregations.NonGlobalAggCollectorManagerWithSingleCollector
5319:             1             32  org.opensearch.search.aggregations.bucket.histogram.DateHistogramAggregator$DateHistogramAggregationType
5320:             1             32  org.opensearch.search.aggregations.bucket.terms.TermsAggregatorFactory$ExecutionMode$1
5321:             1             32  org.opensearch.search.aggregations.bucket.terms.TermsAggregatorFactory$ExecutionMode$2
5322:             2             32  org.opensearch.search.aggregations.bucket.terms.heuristic.NXYSignificanceHeuristic$$Lambda/0x00007fcd2879bb50
5323:             1             32  org.opensearch.search.aggregations.metrics.PercentilesMethod$1
5324:             1             32  org.opensearch.search.aggregations.metrics.PercentilesMethod$2
5325:             2             32  org.opensearch.search.aggregations.support.MultiValuesSourceParseHelper$$Lambda/0x00007fcd287ab8b0
5326:             2             32  org.opensearch.search.aggregations.support.MultiValuesSourceParseHelper$$Lambda/0x00007fcd287abae0
5327:             1             32  org.opensearch.search.asynchronous.context.state.AsynchronousSearchStateMachine
5328:             1             32  org.opensearch.search.asynchronous.processor.AsynchronousSearchPostProcessor
5329:             2             32  org.opensearch.search.backpressure.SearchBackpressureState$$Lambda/0x00007fcd28cedb38
5330:             1             32  org.opensearch.search.backpressure.settings.NodeDuressSettings
5331:             2             32  org.opensearch.search.backpressure.trackers.HeapUsageTracker$$Lambda/0x00007fcd28cec390
5332:             1             32  org.opensearch.search.query.EarlyTerminatingCollector
5333:             2             32  org.opensearch.search.query.QueryPhase$DefaultQueryPhaseSearcher
5334:             1             32  org.opensearch.security.auditlog.routing.AuditMessageRouter
5335:             2             32  org.opensearch.security.auth.internal.NoOpAuthenticationBackend
5336:             1             32  org.opensearch.security.configuration.CompatConfig
5337:             1             32  org.opensearch.security.configuration.PrivilegesInterceptorImpl
5338:             2             32  org.opensearch.security.dlic.rest.api.AllowlistApiAction$$Lambda/0x00007fcd28ff2908
5339:             2             32  org.opensearch.security.dlic.rest.api.AllowlistApiAction$$Lambda/0x00007fcd28ff2b28
5340:             2             32  org.opensearch.security.dlic.rest.api.AllowlistApiAction$1
5341:             1             32  org.opensearch.security.dlic.rest.api.RestApiAdminPrivilegesEvaluator
5342:             2             32  org.opensearch.security.http.HTTPBasicAuthenticator
5343:             1             32  org.opensearch.security.http.XFFResolver
5344:             1             32  org.opensearch.security.identity.SecurityTokenManager
5345:             1             32  org.opensearch.security.privileges.RestLayerPrivilegesEvaluator
5346:             1             32  org.opensearch.security.privileges.SnapshotRestoreEvaluator
5347:             1             32  org.opensearch.security.resolver.IndexResolverReplacer
5348:             1             32  org.opensearch.security.rest.DashboardsInfoAction
5349:             1             32  org.opensearch.security.rest.SecurityInfoAction
5350:             2             32  org.opensearch.security.securityconf.impl.v7.ConfigV7
5351:             2             32  org.opensearch.security.securityconf.impl.v7.ConfigV7$AuthFailureListeners
5352:             2             32  org.opensearch.security.securityconf.impl.v7.ConfigV7$Authc
5353:             2             32  org.opensearch.security.securityconf.impl.v7.ConfigV7$Authz
5354:             1             32  org.opensearch.security.ssl.OpenSearchSecureSettingsFactory
5355:             1             32  org.opensearch.security.ssl.http.netty.Netty4HttpRequestHeaderVerifier
5356:             1             32  org.opensearch.security.ssl.http.netty.ValidatingDispatcher
5357:             2             32  org.opensearch.security.ssl.transport.SSLConfig
5358:             1             32  org.opensearch.security.transport.DefaultInterClusterRequestEvaluator
5359:             2             32  org.opensearch.securityanalytics.alerts.AlertsService
5360:             1             32  org.opensearch.securityanalytics.logtype.BuiltinLogTypeLoader
5361:             1             32  org.opensearch.securityanalytics.mapper.IndexTemplateManager
5362:             1             32  org.opensearch.securityanalytics.mapper.MapperService
5363:             1             32  org.opensearch.securityanalytics.threatIntel.ThreatIntelFeedDataService
5364:             1             32  org.opensearch.securityanalytics.threatIntel.feedMetadata.BuiltInTIFMetadataLoader
5365:             1             32  org.opensearch.securityanalytics.threatIntel.jobscheduler.TIFJobUpdateService
5366:             2             32  org.opensearch.securityanalytics.util.ExceptionChecker
5367:             2             32  org.opensearch.securityanalytics.util.MonitorService
5368:             1             32  org.opensearch.securityanalytics.util.RuleIndices
5369:             2             32  org.opensearch.semver.expr.Equal
5370:             2             32  org.opensearch.sql.data.model.ExprBooleanValue
5371:             1             32  org.opensearch.sql.datasources.transport.TransportDeleteDataSourceAction
5372:             1             32  org.opensearch.sql.datasources.transport.TransportGetDataSourceAction
5373:             1             32  org.opensearch.sql.datasources.transport.TransportPatchDataSourceAction
5374:             1             32  org.opensearch.sql.datasources.transport.TransportUpdateDataSourceAction
5375:             2             32  org.opensearch.sql.expression.function.FunctionDSL$$Lambda/0x00007fcd28b5a638
5376:             1             32  org.opensearch.sql.legacy.esdomain.LocalClusterState
5377:             1             32  org.opensearch.sql.legacy.plugin.RestSqlAction
5378:             2             32  org.opensearch.sql.opensearch.executor.OpenSearchQueryManager
5379:             1             32  org.opensearch.sql.plugin.SQLPlugin
5380:             2             32  org.opensearch.sql.ppl.antlr.PPLSyntaxParser
5381:             2             32  org.opensearch.sql.ppl.utils.PPLQueryDataAnonymizer
5382:             2             32  org.opensearch.sql.ppl.utils.PPLQueryDataAnonymizer$AnonymizerExpressionAnalyzer
5383:             2             32  org.opensearch.sql.spark.execution.xcontent.AsyncQueryJobMetadataXContentSerializer
5384:             1             32  org.opensearch.sql.spark.transport.TransportCancelAsyncQueryRequestAction
5385:             1             32  org.opensearch.sql.spark.transport.TransportGetAsyncQueryResultAction
5386:             2             32  org.opensearch.sql.sql.antlr.SQLSyntaxParser
5387:             1             32  org.opensearch.tasks.TaskCancellationMonitoringSettings
5388:             1             32  org.opensearch.tasks.TaskManager$CancellableTaskHolder
5389:             1             32  org.opensearch.tasks.TaskResourceTrackingService
5390:             2             32  org.opensearch.timeseries.MemoryTracker$$Lambda/0x00007fcd289cde08
5391:             2             32  org.opensearch.timeseries.caching.PriorityCache$$Lambda/0x00007fcd28a14028
5392:             2             32  org.opensearch.timeseries.caching.PriorityCache$$Lambda/0x00007fcd28a14258
5393:             2             32  org.opensearch.timeseries.caching.PriorityCache$$Lambda/0x00007fcd28a14488
5394:             2             32  org.opensearch.timeseries.caching.PriorityCache$$Lambda/0x00007fcd28a148e8
5395:             2             32  org.opensearch.timeseries.ratelimit.CheckPointMaintainRequestAdapter$$Lambda/0x00007fcd28a10880
5396:             2             32  org.opensearch.timeseries.ratelimit.ColdEntityWorker$$Lambda/0x00007fcd28a2cc80
5397:             2             32  org.opensearch.timeseries.ratelimit.ColdEntityWorker$$Lambda/0x00007fcd28a2ceb0
5398:             1             32  org.opensearch.timeseries.task.TaskCacheManager
5399:             2             32  org.opensearch.timeseries.task.TaskCacheManager$$Lambda/0x00007fcd28a2e0b8
5400:             2             32  org.opensearch.timeseries.task.TaskManager$$Lambda/0x00007fcd28a35ee8
5401:             2             32  org.opensearch.timeseries.task.TaskManager$$Lambda/0x00007fcd28a36118
5402:             2             32  org.opensearch.timeseries.transport.BaseDeleteConfigTransportAction$$Lambda/0x00007fcd28e3c000
5403:             2             32  org.opensearch.timeseries.transport.BaseGetConfigTransportAction$$Lambda/0x00007fcd28f1f338
5404:             2             32  org.opensearch.timeseries.transport.BaseJobTransportAction$$Lambda/0x00007fcd28d9e3b8
5405:             2             32  org.opensearch.timeseries.transport.BaseProfileTransportAction$$Lambda/0x00007fcd28d9ee88
5406:             2             32  org.opensearch.timeseries.transport.BaseValidateConfigTransportAction$$Lambda/0x00007fcd28e3f910
5407:             2             32  org.opensearch.timeseries.transport.handler.SearchHandler$$Lambda/0x00007fcd28a2eda0
5408:             1             32  org.opensearch.transport.InboundHandler
5409:             1             32  org.opensearch.transport.SharedGroupFactory
5410:             1             32  org.opensearch.transport.TransportHandshaker
5411:             2             32  org.opensearch.transport.TransportRequestDeduplicator
5412:             1             32  sun.net.www.protocol.https.Handler (java.base@21.0.3)
5413:             2             32  sun.net.www.protocol.jar.Handler (java.base@21.0.3)
5414:             1             32  sun.nio.fs.LinuxFileStore (java.base@21.0.3)
5415:             1             32  sun.nio.fs.LinuxFileSystem (java.base@21.0.3)
5416:             1             32  sun.security.ec.ed.Ed25519Operations (jdk.crypto.ec@21.0.3)
5417:             1             32  sun.security.ec.ed.Ed448Operations (jdk.crypto.ec@21.0.3)
5418:             1             32  sun.security.ec.point.ExtendedHomogeneousPoint$Immutable (jdk.crypto.ec@21.0.3)
5419:             2             32  sun.security.provider.FileInputStreamPool$UnclosableInputStream (java.base@21.0.3)
5420:             1             32  sun.security.provider.SecureRandom (java.base@21.0.3)
5421:             2             32  sun.security.ssl.AlpnExtension$SHAlpnAbsence (java.base@21.0.3)
5422:             2             32  sun.security.ssl.AlpnExtension$SHAlpnConsumer (java.base@21.0.3)
5423:             2             32  sun.security.ssl.AlpnExtension$SHAlpnProducer (java.base@21.0.3)
5424:             2             32  sun.security.ssl.DHKeyExchange$DHEKAGenerator (java.base@21.0.3)
5425:             2             32  sun.security.ssl.DHKeyExchange$DHEPossessionGenerator (java.base@21.0.3)
5426:             2             32  sun.security.ssl.SSLCipher$NullReadCipherGenerator (java.base@21.0.3)
5427:             2             32  sun.security.ssl.SSLCipher$NullWriteCipherGenerator (java.base@21.0.3)
5428:             2             32  sun.security.ssl.SSLCipher$T12GcmReadCipherGenerator (java.base@21.0.3)
5429:             2             32  sun.security.ssl.SSLCipher$T12GcmWriteCipherGenerator (java.base@21.0.3)
5430:             2             32  sun.security.ssl.SSLCipher$T13GcmReadCipherGenerator (java.base@21.0.3)
5431:             2             32  sun.security.ssl.SSLCipher$T13GcmWriteCipherGenerator (java.base@21.0.3)
5432:             2             32  sun.security.ssl.ServerHello$T12ServerHelloConsumer (java.base@21.0.3)
5433:             2             32  sun.security.ssl.ServerHello$T13HelloRetryRequestConsumer (java.base@21.0.3)
5434:             2             32  sun.security.ssl.ServerHello$T13ServerHelloConsumer (java.base@21.0.3)
5435:             1             32  sun.security.ssl.SessionTicketExtension$StatelessKey (java.base@21.0.3)
5436:             2             32  sun.security.ssl.SupportedVersionsExtension$SHSupportedVersionsStringizer (java.base@21.0.3)
5437:             1             32  sun.security.ssl.TrustStoreManager$TrustAnchorManager (java.base@21.0.3)
5438:             2             32  sun.security.util.AlgorithmDecomposer (java.base@21.0.3)
5439:             1             32  sun.security.util.math.intpoly.Curve25519OrderField (java.base@21.0.3)
5440:             1             32  sun.security.util.math.intpoly.Curve448OrderField (java.base@21.0.3)
5441:             1             32  sun.security.util.math.intpoly.IntegerPolynomial25519 (java.base@21.0.3)
5442:             1             32  sun.security.util.math.intpoly.IntegerPolynomial448 (java.base@21.0.3)
5443:             1             32  sun.security.util.math.intpoly.IntegerPolynomialP256 (java.base@21.0.3)
5444:             1             32  sun.security.util.math.intpoly.IntegerPolynomialP384 (java.base@21.0.3)
5445:             1             32  sun.security.util.math.intpoly.IntegerPolynomialP521 (java.base@21.0.3)
5446:             1             32  sun.security.util.math.intpoly.P256OrderField (java.base@21.0.3)
5447:             1             32  sun.security.util.math.intpoly.P384OrderField (java.base@21.0.3)
5448:             1             32  sun.security.util.math.intpoly.P521OrderField (java.base@21.0.3)
5449:             1             24  [Lcom.fasterxml.jackson.core.StreamWriteCapability;
5450:             1             24  [Lcom.fasterxml.jackson.databind.AnnotationIntrospector$ReferenceProperty$Type;
5451:             1             24  [Lcom.fasterxml.jackson.databind.cfg.EnumFeature;
5452:             1             24  [Lcom.fasterxml.jackson.databind.cfg.EnumFeature;
5453:             1             24  [Lcom.fasterxml.jackson.databind.cfg.EnumFeature;
5454:             1             24  [Lcom.fasterxml.jackson.databind.deser.KeyDeserializers;
5455:             1             24  [Lcom.fasterxml.jackson.databind.deser.KeyDeserializers;
5456:             1             24  [Lcom.fasterxml.jackson.databind.deser.KeyDeserializers;
5457:             1             24  [Lcom.fasterxml.jackson.dataformat.smile.SmileParser$Feature;
5458:             1             24  [Lcom.fasterxml.jackson.dataformat.yaml.YAMLParser$Feature;
5459:             1             24  [Lcom.google.common.cache.CacheBuilder$NullListener;
5460:             1             24  [Lcom.google.common.cache.CacheBuilder$NullListener;
5461:             1             24  [Lcom.google.common.cache.CacheBuilder$NullListener;
5462:             1             24  [Lcom.google.common.cache.CacheBuilder$NullListener;
5463:             1             24  [Lcom.google.common.cache.CacheBuilder$OneWeigher;
5464:             1             24  [Lcom.google.common.cache.CacheBuilder$OneWeigher;
5465:             1             24  [Lcom.google.common.cache.CacheBuilder$OneWeigher;
5466:             1             24  [Lcom.google.common.cache.CacheBuilder$OneWeigher;
5467:             1             24  [Lcom.google.common.cache.LocalCache$Segment;
5468:             1             24  [Lcom.google.common.collect.Maps$EntryFunction;
5469:             1             24  [Lcom.google.gson.LongSerializationPolicy;
5470:             1             24  [Lcom.intel.qat.QatZipper$Algorithm;
5471:             1             24  [Lcom.intel.qat.QatZipper$Mode;
5472:             1             24  [Lio.netty.buffer.PoolArena$SizeClass;
5473:             1             24  [Lio.netty.handler.logging.ByteBufFormat;
5474:             1             24  [Ljava.io.File$PathStatus; (java.base@21.0.3)
5475:             1             24  [Ljava.lang.StackWalker$ExtendedOption; (java.base@21.0.3)
5476:             1             24  [Ljava.lang.invoke.MethodHandles$Lookup$ClassOption; (java.base@21.0.3)
5477:             1             24  [Ljava.net.URL; (java.base@21.0.3)
5478:             1             24  [Ljava.nio.file.LinkOption; (java.base@21.0.3)
5479:             1             24  [Ljava.security.Provider$OPType; (java.base@21.0.3)
5480:             1             24  [Ljava.time.chrono.HijrahEra; (java.base@21.0.3)
5481:             1             24  [Ljava.time.chrono.IsoEra; (java.base@21.0.3)
5482:             1             24  [Ljava.time.chrono.MinguoEra; (java.base@21.0.3)
5483:             1             24  [Ljava.time.chrono.ThaiBuddhistEra; (java.base@21.0.3)
5484:             1             24  [Ljava.time.temporal.IsoFields$Unit; (java.base@21.0.3)
5485:             1             24  [Ljava.time.zone.ZoneOffsetTransition; (java.base@21.0.3)
5486:             1             24  [Ljava.util.Comparators$NaturalOrderComparator; (java.base@21.0.3)
5487:             1             24  [Ljava.util.Formatter$BigDecimalLayoutForm; (java.base@21.0.3)
5488:             1             24  [Ljava.util.Locale$Category; (java.base@21.0.3)
5489:             1             24  [Ljava.util.jar.Manifest; (java.base@21.0.3)
5490:             1             24  [Ljdk.internal.icu.util.CodePointTrie$Type; (java.base@21.0.3)
5491:             1             24  [Lkotlinx.coroutines.scheduling.TaskMode;
5492:             1             24  [Lorg.apache.logging.log4j.core.appender.ConsoleAppender$Target;
5493:             1             24  [Lorg.apache.logging.log4j.core.async.ThreadNameCachingStrategy;
5494:             1             24  [Lorg.apache.logging.log4j.core.config.status.StatusConfiguration$Verbosity;
5495:             1             24  [Lorg.apache.logging.log4j.core.pattern.NameAbbreviator$MaxElementAbbreviator$Strategy;
5496:             1             24  [Lorg.apache.lucene.backward_codecs.lucene50.Lucene50StoredFieldsFormat$Mode;
5497:             1             24  [Lorg.apache.lucene.backward_codecs.lucene80.Lucene80DocValuesFormat$Mode;
5498:             1             24  [Lorg.apache.lucene.backward_codecs.lucene87.Lucene87Codec$Mode;
5499:             1             24  [Lorg.apache.lucene.backward_codecs.lucene87.Lucene87StoredFieldsFormat$Mode;
5500:             1             24  [Lorg.apache.lucene.backward_codecs.lucene90.Lucene90Codec$Mode;
5501:             1             24  [Lorg.apache.lucene.backward_codecs.lucene91.Lucene91Codec$Mode;
5502:             1             24  [Lorg.apache.lucene.backward_codecs.lucene92.Lucene92Codec$Mode;
5503:             1             24  [Lorg.apache.lucene.backward_codecs.lucene94.Lucene94Codec$Mode;
5504:             1             24  [Lorg.apache.lucene.backward_codecs.lucene95.Lucene95Codec$Mode;
5505:             1             24  [Lorg.apache.lucene.codecs.lucene99.Lucene99Codec$Mode;
5506:             1             24  [Lorg.apache.lucene.document.Field$Store;
5507:             1             24  [Lorg.apache.lucene.document.InvertableType;
5508:             1             24  [Lorg.apache.lucene.index.VectorEncoding;
5509:             1             24  [Lorg.apache.lucene.queryparser.classic.QueryParser$Operator;
5510:             1             24  [Lorg.apache.lucene.search.Collector;
5511:             1             24  [Lorg.apache.lucene.store.Lock;
5512:             1             24  [Lorg.apache.lucene.util.FileDeleter$MsgType;
5513:             1             24  [Lorg.apache.lucene.util.packed.PackedInts$Format;
5514:             1             24  [Lorg.ietf.jgss.Oid; (java.security.jgss@21.0.3)
5515:             1             24  [Lorg.opensearch.ad.transport.SearchTopAnomalyResultTransportAction$OrderType;
5516:             1             24  [Lorg.opensearch.cluster.coordination.PersistedStateRegistry$PersistedStateType;
5517:             1             24  [Lorg.opensearch.cluster.metadata.IndexMetadata$State;
5518:             1             24  [Lorg.opensearch.cluster.node.DiscoveryNodeFilters$OpType;
5519:             1             24  [Lorg.opensearch.common.inject.Key$NullAnnotationStrategy;
5520:             1             24  [Lorg.opensearch.common.lease.Releasable;
5521:             1             24  [Lorg.opensearch.common.time.DateFormatter;
5522:             1             24  [Lorg.opensearch.core.common.breaker.CircuitBreaker$Durability;
5523:             1             24  [Lorg.opensearch.core.tasks.resourcetracker.ResourceStatsType;
5524:             1             24  [Lorg.opensearch.env.NodeEnvironment$NodePath;
5525:             1             24  [Lorg.opensearch.index.IndexService$IndexCreationContext;
5526:             1             24  [Lorg.opensearch.index.codec.customcodecs.Lucene99CustomCodec$Mode;
5527:             1             24  [Lorg.opensearch.index.codec.customcodecs.Lucene99QatCodec$Mode;
5528:             1             24  [Lorg.opensearch.index.codec.fuzzy.FuzzySet$SetType;
5529:             1             24  [Lorg.opensearch.index.engine.Engine$SearcherScope;
5530:             1             24  [Lorg.opensearch.index.mapper.DateFieldMapper$Resolution;
5531:             1             24  [Lorg.opensearch.index.mapper.DynamicTemplate$MatchType;
5532:             1             24  [Lorg.opensearch.index.shard.ShardStateMetadata$IndexDataLocation;
5533:             1             24  [Lorg.opensearch.indices.analysis.PreBuiltTokenizers;
5534:             1             24  [Lorg.opensearch.knn.index.VectorDataType;
5535:             1             24  [Lorg.opensearch.monitor.StatusInfo$Status;
5536:             1             24  [Lorg.opensearch.repositories.s3.async.SizeBasedBlockingQ$QueueEventType;
5537:             1             24  [Lorg.opensearch.repositories.s3.async.TransferSemaphoresHolder$TypeSemaphore$PermitType;
5538:             1             24  [Lorg.opensearch.script.ScriptType;
5539:             1             24  [Lorg.opensearch.search.aggregations.Aggregator$SubAggCollectionMode;
5540:             1             24  [Lorg.opensearch.search.aggregations.bucket.terms.TermsAggregatorFactory$ExecutionMode;
5541:             1             24  [Lorg.opensearch.search.aggregations.metrics.PercentilesMethod;
5542:             1             24  [Lorg.opensearch.search.aggregations.pipeline.HoltWintersModel$SeasonalityType;
5543:             1             24  [Lorg.opensearch.search.sort.SortOrder;
5544:             1             24  [Lorg.opensearch.security.ssl.transport.PrincipalExtractor$Type;
5545:             1             24  [Lorg.opensearch.security.support.SerializationFormat;
5546:             1             24  [Lorg.opensearch.securityanalytics.correlation.index.codec.CorrelationCodecVersion;
5547:             1             24  [Lorg.opensearch.sql.datasource.model.DataSourceStatus;
5548:             1             24  [Lorg.opensearch.timeseries.AnalysisType;
5549:             1             24  [Lorg.opensearch.timeseries.breaker.BreakerName;
5550:             1             24  [Lorg.opensearch.transport.RemoteConnectionStrategy$ConnectionStrategy;
5551:             1             24  [Lsun.security.rsa.RSAUtil$KeyType; (java.base@21.0.3)
5552:             1             24  [Lsun.security.ssl.Alert$Level; (java.base@21.0.3)
5553:             1             24  [Lsun.security.ssl.CertStatusExtension$CertStatusRequest; (java.base@21.0.3)
5554:             1             24  [Lsun.security.ssl.CertStatusExtension$CertStatusRequestType; (java.base@21.0.3)
5555:             1             24  [Lsun.security.ssl.PskKeyExchangeModesExtension$PskKeyExchangeMode; (java.base@21.0.3)
5556:             1             24  com.amazon.randomcutforest.state.RandomCutForestMapper
5557:             1             24  com.fasterxml.jackson.annotation.JsonFormat$Features
5558:             1             24  com.fasterxml.jackson.annotation.JsonFormat$Features
5559:             1             24  com.fasterxml.jackson.annotation.JsonFormat$Features
5560:             1             24  com.fasterxml.jackson.annotation.JsonIgnoreProperties$Value
5561:             1             24  com.fasterxml.jackson.annotation.JsonSetter$Value
5562:             1             24  com.fasterxml.jackson.annotation.JsonSetter$Value
5563:             1             24  com.fasterxml.jackson.annotation.JsonSetter$Value
5564:             1             24  com.fasterxml.jackson.core.ErrorReportConfiguration
5565:             1             24  com.fasterxml.jackson.databind.AnnotationIntrospector$ReferenceProperty
5566:             1             24  com.fasterxml.jackson.databind.cfg.ContextAttributes$Impl
5567:             1             24  com.fasterxml.jackson.databind.cfg.ContextAttributes$Impl
5568:             1             24  com.fasterxml.jackson.databind.cfg.ContextAttributes$Impl
5569:             1             24  com.fasterxml.jackson.databind.cfg.DefaultCacheProvider
5570:             1             24  com.fasterxml.jackson.databind.cfg.DefaultCacheProvider
5571:             1             24  com.fasterxml.jackson.databind.cfg.DefaultCacheProvider
5572:             1             24  com.fasterxml.jackson.databind.cfg.MutableCoercionConfig
5573:             1             24  com.fasterxml.jackson.databind.cfg.SerializerFactoryConfig
5574:             1             24  com.fasterxml.jackson.databind.cfg.SerializerFactoryConfig
5575:             1             24  com.fasterxml.jackson.databind.cfg.SerializerFactoryConfig
5576:             1             24  com.fasterxml.jackson.databind.deser.DeserializerCache
5577:             1             24  com.fasterxml.jackson.databind.deser.impl.FailingDeserializer
5578:             1             24  com.fasterxml.jackson.databind.deser.std.NumberDeserializers$NumberDeserializer
5579:             1             24  com.fasterxml.jackson.databind.deser.std.StringDeserializer
5580:             1             24  com.fasterxml.jackson.databind.deser.std.UntypedObjectDeserializerNR
5581:             1             24  com.fasterxml.jackson.databind.ext.OptionalHandlerFactory
5582:             1             24  com.fasterxml.jackson.databind.introspect.AnnotatedClass$Creators
5583:             1             24  com.fasterxml.jackson.databind.introspect.AnnotatedClass$Creators
5584:             1             24  com.fasterxml.jackson.databind.introspect.JacksonAnnotationIntrospector
5585:             1             24  com.fasterxml.jackson.databind.introspect.JacksonAnnotationIntrospector
5586:             1             24  com.fasterxml.jackson.databind.introspect.JacksonAnnotationIntrospector
5587:             1             24  com.fasterxml.jackson.databind.introspect.SimpleMixInResolver
5588:             1             24  com.fasterxml.jackson.databind.ser.SerializerCache
5589:             1             24  com.fasterxml.jackson.databind.ser.impl.FailingSerializer
5590:             1             24  com.fasterxml.jackson.databind.ser.impl.FailingSerializer
5591:             1             24  com.fasterxml.jackson.databind.ser.impl.FailingSerializer
5592:             1             24  com.fasterxml.jackson.databind.ser.impl.IndexedStringListSerializer
5593:             1             24  com.fasterxml.jackson.databind.ser.impl.ReadOnlyClassToSerializerMap
5594:             1             24  com.fasterxml.jackson.databind.ser.impl.StringCollectionSerializer
5595:             1             24  com.fasterxml.jackson.databind.ser.std.StdKeySerializers$Dynamic
5596:             1             24  com.fasterxml.jackson.databind.ser.std.UUIDSerializer
5597:             1             24  com.fasterxml.jackson.databind.ser.std.UUIDSerializer
5598:             1             24  com.fasterxml.jackson.databind.ser.std.UUIDSerializer
5599:             1             24  com.fasterxml.jackson.databind.util.internal.PrivateMaxEntriesMap$DrainStatus$1
5600:             1             24  com.fasterxml.jackson.databind.util.internal.PrivateMaxEntriesMap$DrainStatus$1
5601:             1             24  com.fasterxml.jackson.databind.util.internal.PrivateMaxEntriesMap$DrainStatus$1
5602:             1             24  com.fasterxml.jackson.databind.util.internal.PrivateMaxEntriesMap$DrainStatus$2
5603:             1             24  com.fasterxml.jackson.databind.util.internal.PrivateMaxEntriesMap$DrainStatus$2
5604:             1             24  com.fasterxml.jackson.databind.util.internal.PrivateMaxEntriesMap$DrainStatus$2
5605:             1             24  com.fasterxml.jackson.databind.util.internal.PrivateMaxEntriesMap$DrainStatus$3
5606:             1             24  com.fasterxml.jackson.databind.util.internal.PrivateMaxEntriesMap$DrainStatus$3
5607:             1             24  com.fasterxml.jackson.databind.util.internal.PrivateMaxEntriesMap$DrainStatus$3
5608:             1             24  com.fasterxml.jackson.databind.util.internal.PrivateMaxEntriesMap$EntrySet
5609:             1             24  com.google.common.cache.CacheBuilder$NullListener
5610:             1             24  com.google.common.cache.CacheBuilder$NullListener
5611:             1             24  com.google.common.cache.CacheBuilder$NullListener
5612:             1             24  com.google.common.cache.CacheBuilder$NullListener
5613:             1             24  com.google.common.cache.CacheBuilder$OneWeigher
5614:             1             24  com.google.common.cache.CacheBuilder$OneWeigher
5615:             1             24  com.google.common.cache.CacheBuilder$OneWeigher
5616:             1             24  com.google.common.cache.CacheBuilder$OneWeigher
5617:             1             24  com.google.common.cache.LocalCache$AccessQueue$1
5618:             1             24  com.google.common.cache.LocalCache$EntryFactory$1
5619:             1             24  com.google.common.cache.LocalCache$EntryFactory$1
5620:             1             24  com.google.common.cache.LocalCache$EntryFactory$1
5621:             1             24  com.google.common.cache.LocalCache$EntryFactory$1
5622:             1             24  com.google.common.cache.LocalCache$EntryFactory$2
5623:             1             24  com.google.common.cache.LocalCache$EntryFactory$2
5624:             1             24  com.google.common.cache.LocalCache$EntryFactory$2
5625:             1             24  com.google.common.cache.LocalCache$EntryFactory$2
5626:             1             24  com.google.common.cache.LocalCache$EntryFactory$3
5627:             1             24  com.google.common.cache.LocalCache$EntryFactory$3
5628:             1             24  com.google.common.cache.LocalCache$EntryFactory$3
5629:             1             24  com.google.common.cache.LocalCache$EntryFactory$3
5630:             1             24  com.google.common.cache.LocalCache$EntryFactory$4
5631:             1             24  com.google.common.cache.LocalCache$EntryFactory$4
5632:             1             24  com.google.common.cache.LocalCache$EntryFactory$4
5633:             1             24  com.google.common.cache.LocalCache$EntryFactory$4
5634:             1             24  com.google.common.cache.LocalCache$EntryFactory$5
5635:             1             24  com.google.common.cache.LocalCache$EntryFactory$5
5636:             1             24  com.google.common.cache.LocalCache$EntryFactory$5
5637:             1             24  com.google.common.cache.LocalCache$EntryFactory$5
5638:             1             24  com.google.common.cache.LocalCache$EntryFactory$6
5639:             1             24  com.google.common.cache.LocalCache$EntryFactory$6
5640:             1             24  com.google.common.cache.LocalCache$EntryFactory$6
5641:             1             24  com.google.common.cache.LocalCache$EntryFactory$6
5642:             1             24  com.google.common.cache.LocalCache$EntryFactory$7
5643:             1             24  com.google.common.cache.LocalCache$EntryFactory$7
5644:             1             24  com.google.common.cache.LocalCache$EntryFactory$7
5645:             1             24  com.google.common.cache.LocalCache$EntryFactory$7
5646:             1             24  com.google.common.cache.LocalCache$EntryFactory$8
5647:             1             24  com.google.common.cache.LocalCache$EntryFactory$8
5648:             1             24  com.google.common.cache.LocalCache$EntryFactory$8
5649:             1             24  com.google.common.cache.LocalCache$EntryFactory$8
5650:             1             24  com.google.common.cache.LocalCache$Strength$1
5651:             1             24  com.google.common.cache.LocalCache$Strength$1
5652:             1             24  com.google.common.cache.LocalCache$Strength$1
5653:             1             24  com.google.common.cache.LocalCache$Strength$1
5654:             1             24  com.google.common.cache.LocalCache$Strength$2
5655:             1             24  com.google.common.cache.LocalCache$Strength$2
5656:             1             24  com.google.common.cache.LocalCache$Strength$2
5657:             1             24  com.google.common.cache.LocalCache$Strength$2
5658:             1             24  com.google.common.cache.LocalCache$Strength$3
5659:             1             24  com.google.common.cache.LocalCache$Strength$3
5660:             1             24  com.google.common.cache.LocalCache$Strength$3
5661:             1             24  com.google.common.cache.LocalCache$Strength$3
5662:             1             24  com.google.common.collect.HashBiMap$Inverse
5663:             1             24  com.google.common.collect.ImmutableEntry
5664:             1             24  com.google.common.collect.ImmutableMapEntrySet$RegularEntrySet
5665:             1             24  com.google.common.collect.ImmutableMapEntrySet$RegularEntrySet
5666:             1             24  com.google.common.collect.ImmutableSet$EmptySetBuilderImpl
5667:             1             24  com.google.common.collect.ImmutableSet$EmptySetBuilderImpl
5668:             1             24  com.google.common.collect.Maps$EntryFunction$1
5669:             1             24  com.google.common.collect.Maps$EntryFunction$2
5670:             1             24  com.google.gson.FieldNamingPolicy$1
5671:             1             24  com.google.gson.FieldNamingPolicy$2
5672:             1             24  com.google.gson.FieldNamingPolicy$3
5673:             1             24  com.google.gson.FieldNamingPolicy$4
5674:             1             24  com.google.gson.FieldNamingPolicy$5
5675:             1             24  com.google.gson.FieldNamingPolicy$6
5676:             1             24  com.google.gson.LongSerializationPolicy$1
5677:             1             24  com.google.gson.LongSerializationPolicy$2
5678:             1             24  com.google.gson.ToNumberPolicy$1
5679:             1             24  com.google.gson.ToNumberPolicy$2
5680:             1             24  com.google.gson.ToNumberPolicy$3
5681:             1             24  com.google.gson.ToNumberPolicy$4
5682:             1             24  com.google.gson.internal.ConstructorConstructor
5683:             1             24  com.google.gson.internal.bind.MapTypeAdapterFactory
5684:             1             24  com.google.gson.internal.bind.TypeAdapters$32
5685:             1             24  com.google.gson.internal.reflect.UnsafeReflectionAccessor
5686:             1             24  com.google.gson.reflect.TypeToken
5687:             1             24  com.nimbusds.jose.jwk.JWKSet
5688:             1             24  com.password4j.BcryptFunction
5689:             1             24  com.sun.jmx.mbeanserver.ClassLoaderRepositorySupport (java.management@21.0.3)
5690:             1             24  com.sun.jmx.mbeanserver.MXBeanLookup (java.management@21.0.3)
5691:             1             24  com.sun.jmx.remote.util.ClassLogger (java.management@21.0.3)
5692:             1             24  com.sun.jna.Structure$3
5693:             1             24  com.sun.jna.WeakMemoryHolder
5694:             1             24  com.sun.jna.internal.Cleaner
5695:             1             24  com.sun.management.internal.HotSpotThreadImpl (jdk.management@21.0.3)
5696:             1             24  com.sun.management.internal.PlatformMBeanProviderImpl$2 (jdk.management@21.0.3)
5697:             1             24  com.sun.management.internal.PlatformMBeanProviderImpl$5 (jdk.management@21.0.3)
5698:             1             24  io.netty.buffer.UnpooledByteBufAllocator
5699:             1             24  io.netty.buffer.UnpooledByteBufAllocator$UnpooledByteBufAllocatorMetric
5700:             1             24  io.netty.channel.ChannelOption$1
5701:             1             24  io.netty.channel.WriteBufferWaterMark
5702:             1             24  io.netty.resolver.DefaultAddressResolverGroup
5703:             1             24  io.netty.util.AttributeKey$1
5704:             1             24  io.netty.util.AttributeKey$1
5705:             1             24  io.netty.util.ResourceLeakDetectorFactory$DefaultResourceLeakDetectorFactory
5706:             1             24  io.netty.util.concurrent.DefaultEventExecutorChooserFactory$PowerOfTwoEventExecutorChooser
5707:             1             24  io.netty.util.concurrent.FailedFuture
5708:             1             24  io.netty.util.concurrent.FailedFuture
5709:             1             24  io.netty.util.internal.DefaultPriorityQueue
5710:             1             24  io.netty.util.internal.ThreadExecutorMap$3
5711:             1             24  io.netty.util.internal.ThreadExecutorMap$3
5712:             1             24  io.protostuff.ByteString
5713:             1             24  io.protostuff.runtime.ArraySchema$1
5714:             1             24  io.protostuff.runtime.ArraySchemas$BigDecimalArray$1
5715:             1             24  io.protostuff.runtime.ArraySchemas$BigIntegerArray$1
5716:             1             24  io.protostuff.runtime.ArraySchemas$ByteArrayArray$1
5717:             1             24  io.protostuff.runtime.ArraySchemas$ByteStringArray$1
5718:             1             24  io.protostuff.runtime.ArraySchemas$DateArray$1
5719:             1             24  io.protostuff.runtime.ArraySchemas$StringArray$1
5720:             1             24  io.protostuff.runtime.ClassSchema$1
5721:             1             24  io.protostuff.runtime.DerivativeSchema$1
5722:             1             24  io.protostuff.runtime.IdStrategy$1
5723:             1             24  io.protostuff.runtime.IdStrategy$11
5724:             1             24  io.protostuff.runtime.IdStrategy$13
5725:             1             24  io.protostuff.runtime.IdStrategy$15
5726:             1             24  io.protostuff.runtime.IdStrategy$17
5727:             1             24  io.protostuff.runtime.IdStrategy$19
5728:             1             24  io.protostuff.runtime.IdStrategy$2
5729:             1             24  io.protostuff.runtime.IdStrategy$21
5730:             1             24  io.protostuff.runtime.IdStrategy$23
5731:             1             24  io.protostuff.runtime.IdStrategy$25
5732:             1             24  io.protostuff.runtime.IdStrategy$3
5733:             1             24  io.protostuff.runtime.IdStrategy$4
5734:             1             24  io.protostuff.runtime.IdStrategy$5
5735:             1             24  io.protostuff.runtime.IdStrategy$6
5736:             1             24  io.protostuff.runtime.IdStrategy$7
5737:             1             24  io.protostuff.runtime.IdStrategy$9
5738:             1             24  io.protostuff.runtime.NumberSchema$1
5739:             1             24  io.protostuff.runtime.ObjectSchema$1
5740:             1             24  io.protostuff.runtime.PolymorphicEnumSchema$1
5741:             1             24  io.protostuff.runtime.PolymorphicSchemaFactories$1
5742:             1             24  io.protostuff.runtime.PolymorphicSchemaFactories$10
5743:             1             24  io.protostuff.runtime.PolymorphicSchemaFactories$11
5744:             1             24  io.protostuff.runtime.PolymorphicSchemaFactories$2
5745:             1             24  io.protostuff.runtime.PolymorphicSchemaFactories$3
5746:             1             24  io.protostuff.runtime.PolymorphicSchemaFactories$4
5747:             1             24  io.protostuff.runtime.PolymorphicSchemaFactories$5
5748:             1             24  io.protostuff.runtime.PolymorphicSchemaFactories$6
5749:             1             24  io.protostuff.runtime.PolymorphicSchemaFactories$7
5750:             1             24  io.protostuff.runtime.PolymorphicSchemaFactories$8
5751:             1             24  io.protostuff.runtime.PolymorphicSchemaFactories$9
5752:             1             24  io.protostuff.runtime.PolymorphicThrowableSchema$1
5753:             1             24  java.io.ObjectInputStream$Caches$1 (java.base@21.0.3)
5754:             1             24  java.io.ObjectStreamClass$Caches$1 (java.base@21.0.3)
5755:             1             24  java.io.ObjectStreamClass$Caches$2 (java.base@21.0.3)
5756:             1             24  java.io.UnixFileSystem (java.base@21.0.3)
5757:             1             24  java.lang.ProcessEnvironment$StringEnvironment (java.base@21.0.3)
5758:             1             24  java.lang.ProcessHandleImpl$$Lambda/0x00007fcd28165b30 (java.base@21.0.3)
5759:             1             24  java.lang.StackWalker$ExtendedOption (java.base@21.0.3)
5760:             1             24  java.lang.Thread$Caches$1 (java.base@21.0.3)
5761:             1             24  java.lang.invoke.MethodHandleImpl$ArrayAccessor$1 (java.base@21.0.3)
5762:             1             24  java.lang.invoke.MethodHandleImpl$BindCaller$1 (java.base@21.0.3)
5763:             1             24  java.lang.invoke.MethodType$ConcurrentWeakInternSet (java.base@21.0.3)
5764:             1             24  java.lang.invoke.VarHandles$1 (java.base@21.0.3)
5765:             1             24  java.lang.reflect.Proxy$1 (java.base@21.0.3)
5766:             1             24  java.math.MutableBigInteger (java.base@21.0.3)
5767:             1             24  java.net.Inet6AddressImpl (java.base@21.0.3)
5768:             1             24  java.nio.file.FileVisitOption (java.base@21.0.3)
5769:             1             24  java.nio.file.LinkOption (java.base@21.0.3)
5770:             1             24  java.nio.file.LinkPermission (java.base@21.0.3)
5771:             1             24  java.security.Policy$PolicyInfo (java.base@21.0.3)
5772:             1             24  java.security.Policy$UnsupportedEmptyCollection (java.base@21.0.3)
5773:             1             24  java.time.Period (java.base@21.0.3)
5774:             1             24  java.time.chrono.HijrahEra (java.base@21.0.3)
5775:             1             24  java.time.format.DecimalStyle (java.base@21.0.3)
5776:             1             24  java.time.temporal.IsoFields$Field$1 (java.base@21.0.3)
5777:             1             24  java.time.temporal.IsoFields$Field$2 (java.base@21.0.3)
5778:             1             24  java.time.temporal.IsoFields$Field$3 (java.base@21.0.3)
5779:             1             24  java.time.temporal.IsoFields$Field$4 (java.base@21.0.3)
5780:             1             24  java.time.zone.TzdbZoneRulesProvider (java.base@21.0.3)
5781:             1             24  java.util.Collections$3 (java.base@21.0.3)
5782:             1             24  java.util.Collections$EmptyMap (java.base@21.0.3)
5783:             1             24  java.util.Collections$UnmodifiableNavigableSet$EmptyNavigableSet (java.base@21.0.3)
5784:             1             24  java.util.Comparator$$Lambda/0x00007fcd284ddfe0 (java.base@21.0.3)
5785:             1             24  java.util.Comparator$$Lambda/0x00007fcd289f3bc8 (java.base@21.0.3)
5786:             1             24  java.util.Comparators$NaturalOrderComparator (java.base@21.0.3)
5787:             1             24  java.util.Comparators$NullComparator (java.base@21.0.3)
5788:             1             24  java.util.Formatter (java.base@21.0.3)
5789:             1             24  java.util.Locale$Cache (java.base@21.0.3)
5790:             1             24  java.util.Locale$LocaleKey (java.base@21.0.3)
5791:             1             24  java.util.OptionalDouble (java.base@21.0.3)
5792:             1             24  java.util.OptionalInt (java.base@21.0.3)
5793:             1             24  java.util.OptionalLong (java.base@21.0.3)
5794:             1             24  java.util.ResourceBundle$Control$CandidateListCache (java.base@21.0.3)
5795:             1             24  java.util.ServiceLoader$2 (java.base@21.0.3)
5796:             1             24  java.util.concurrent.ConcurrentLinkedDeque (java.base@21.0.3)
5797:             1             24  java.util.concurrent.CopyOnWriteArrayList$COWIterator (java.base@21.0.3)
5798:             1             24  java.util.concurrent.FutureTask$WaitNode (java.base@21.0.3)
5799:             1             24  java.util.function.Function$$Lambda/0x00007fcd2806ad20 (java.base@21.0.3)
5800:             1             24  java.util.logging.LogManager$LoggerContext (java.logging@21.0.3)
5801:             1             24  java.util.logging.LogManager$SystemLoggerContext (java.logging@21.0.3)
5802:             1             24  java.util.regex.Pattern$$Lambda/0x00007fcd282fb048 (java.base@21.0.3)
5803:             1             24  java.util.regex.Pattern$Pos (java.base@21.0.3)
5804:             1             24  javax.naming.ldap.LdapName (java.naming@21.0.3)
5805:             1             24  jdk.internal.icu.impl.Norm2AllModes (java.base@21.0.3)
5806:             1             24  jdk.internal.icu.impl.Norm2AllModes$ComposeNormalizer2 (java.base@21.0.3)
5807:             1             24  jdk.internal.icu.impl.Norm2AllModes$Norm2AllModesSingleton (java.base@21.0.3)
5808:             1             24  jdk.internal.jimage.ImageReader (java.base@21.0.3)
5809:             1             24  jdk.internal.logger.BootstrapLogger$RedirectedLoggers (java.base@21.0.3)
5810:             1             24  jdk.internal.module.ModuleHashes (java.base@21.0.3)
5811:             1             24  jdk.internal.module.SystemModuleFinders$SystemModuleFinder (java.base@21.0.3)
5812:             1             24  jdk.internal.ref.CleanerImpl (java.base@21.0.3)
5813:             1             24  jdk.internal.vm.ThreadContainers$RootContainer$TrackingRootContainer (java.base@21.0.3)
5814:             1             24  jdk.jfr.internal.management.StreamManager (jdk.jfr@21.0.3)
5815:             1             24  jdk.management.jfr.internal.FlightRecorderMXBeanProvider$SingleMBeanComponent (jdk.management.jfr@21.0.3)
5816:             1             24  jdk.nio.zipfs.ZipCoder$UTF8 (jdk.zipfs@21.0.3)
5817:             1             24  joptsimple.BuiltinHelpFormatter
5818:             1             24  joptsimple.internal.MethodInvokingValueConverter
5819:             1             24  kotlin.SynchronizedLazyImpl
5820:             1             24  kotlin.coroutines.CombinedContext
5821:             1             24  kotlin.coroutines.CombinedContext
5822:             1             24  kotlin.coroutines.CombinedContext
5823:             1             24  kotlin.ranges.IntRange
5824:             1             24  kotlin.ranges.IntRange
5825:             1             24  kotlin.ranges.IntRange
5826:             1             24  kotlinx.coroutines.CoroutineDispatcher$Key
5827:             1             24  kotlinx.coroutines.CoroutineDispatcher$Key
5828:             1             24  kotlinx.coroutines.CoroutineDispatcher$Key
5829:             1             24  kotlinx.coroutines.CoroutineDispatcher$Key
5830:             1             24  kotlinx.coroutines.CoroutineDispatcher$Key
5831:             1             24  kotlinx.coroutines.ExecutorCoroutineDispatcher$Key
5832:             1             24  kotlinx.coroutines.ExecutorCoroutineDispatcher$Key
5833:             1             24  kotlinx.coroutines.ExecutorCoroutineDispatcher$Key
5834:             1             24  kotlinx.coroutines.ExecutorCoroutineDispatcher$Key
5835:             1             24  kotlinx.coroutines.ExecutorCoroutineDispatcher$Key
5836:             1             24  kotlinx.coroutines.ExecutorCoroutineDispatcherImpl
5837:             1             24  kotlinx.coroutines.JobImpl
5838:             1             24  kotlinx.coroutines.JobImpl
5839:             1             24  kotlinx.coroutines.SupervisorJobImpl
5840:             1             24  org.apache.commons.lang3.tuple.ImmutablePair
5841:             1             24  org.apache.commons.pool2.impl.BaseGenericObjectPool$Evictor
5842:             1             24  org.apache.logging.log4j.core.appender.ConsoleAppender$Target$1
5843:             1             24  org.apache.logging.log4j.core.appender.ConsoleAppender$Target$2
5844:             1             24  org.apache.logging.log4j.core.async.ThreadNameCachingStrategy$1
5845:             1             24  org.apache.logging.log4j.core.async.ThreadNameCachingStrategy$2
5846:             1             24  org.apache.logging.log4j.core.config.LoggerConfig$LoggerConfigPredicate$1
5847:             1             24  org.apache.logging.log4j.core.config.LoggerConfig$LoggerConfigPredicate$2
5848:             1             24  org.apache.logging.log4j.core.config.LoggerConfig$LoggerConfigPredicate$3
5849:             1             24  org.apache.logging.log4j.core.config.Loggers
5850:             1             24  org.apache.logging.log4j.core.config.plugins.util.PluginRegistry
5851:             1             24  org.apache.logging.log4j.core.impl.Log4jContextFactory
5852:             1             24  org.apache.logging.log4j.core.pattern.IntegerPatternConverter
5853:             1             24  org.apache.logging.log4j.core.pattern.LevelPatternConverter$SimpleLevelPatternConverter
5854:             1             24  org.apache.logging.log4j.core.pattern.LineSeparatorPatternConverter
5855:             1             24  org.apache.logging.log4j.core.pattern.MessagePatternConverter$SimpleMessagePatternConverter
5856:             1             24  org.apache.logging.log4j.core.pattern.PatternParser
5857:             1             24  org.apache.logging.log4j.core.pattern.SimpleLiteralPatternConverter$Space
5858:             1             24  org.apache.logging.log4j.core.pattern.ThreadNamePatternConverter
5859:             1             24  org.apache.logging.log4j.core.util.Source
5860:             1             24  org.apache.logging.log4j.jul.CoreLoggerAdapter
5861:             1             24  org.apache.logging.log4j.jul.DefaultLevelConverter
5862:             1             24  org.apache.logging.log4j.spi.LoggerRegistry
5863:             1             24  org.apache.logging.slf4j.Log4jLoggerFactory
5864:             1             24  org.apache.logging.slf4j.Log4jLoggerFactory
5865:             1             24  org.apache.logging.slf4j.Log4jMarker
5866:             1             24  org.apache.logging.slf4j.Log4jMarker
5867:             1             24  org.apache.lucene.analysis.CharArrayMap$EntrySet
5868:             1             24  org.apache.lucene.analysis.Tokenizer$1
5869:             1             24  org.apache.lucene.backward_codecs.lucene70.Lucene70Codec$1
5870:             1             24  org.apache.lucene.backward_codecs.lucene70.Lucene70Codec$2
5871:             1             24  org.apache.lucene.backward_codecs.lucene80.Lucene80Codec$1
5872:             1             24  org.apache.lucene.backward_codecs.lucene80.Lucene80Codec$2
5873:             1             24  org.apache.lucene.backward_codecs.lucene84.Lucene84Codec$1
5874:             1             24  org.apache.lucene.backward_codecs.lucene84.Lucene84Codec$2
5875:             1             24  org.apache.lucene.backward_codecs.lucene86.Lucene86Codec$1
5876:             1             24  org.apache.lucene.backward_codecs.lucene86.Lucene86Codec$2
5877:             1             24  org.apache.lucene.backward_codecs.lucene90.Lucene90Codec$1
5878:             1             24  org.apache.lucene.backward_codecs.lucene90.Lucene90Codec$2
5879:             1             24  org.apache.lucene.backward_codecs.lucene90.Lucene90Codec$3
5880:             1             24  org.apache.lucene.backward_codecs.lucene90.Lucene90HnswVectorsFormat
5881:             1             24  org.apache.lucene.codecs.lucene90.IndexedDISI$Method$1
5882:             1             24  org.apache.lucene.codecs.lucene90.IndexedDISI$Method$2
5883:             1             24  org.apache.lucene.codecs.lucene90.IndexedDISI$Method$3
5884:             1             24  org.apache.lucene.index.Impact
5885:             1             24  org.apache.lucene.index.VectorSimilarityFunction$1
5886:             1             24  org.apache.lucene.index.VectorSimilarityFunction$2
5887:             1             24  org.apache.lucene.index.VectorSimilarityFunction$3
5888:             1             24  org.apache.lucene.index.VectorSimilarityFunction$4
5889:             1             24  org.apache.lucene.sandbox.codecs.idversion.IDVersionPostingsFormat
5890:             1             24  org.apache.lucene.search.BooleanClause$Occur$1
5891:             1             24  org.apache.lucene.search.BooleanClause$Occur$2
5892:             1             24  org.apache.lucene.search.BooleanClause$Occur$3
5893:             1             24  org.apache.lucene.search.BooleanClause$Occur$4
5894:             1             24  org.apache.lucene.search.MultiCollector
5895:             1             24  org.apache.lucene.search.TotalHitCountCollector
5896:             1             24  org.apache.lucene.search.suggest.document.Completion50PostingsFormat
5897:             1             24  org.apache.lucene.search.suggest.document.Completion84PostingsFormat
5898:             1             24  org.apache.lucene.search.suggest.document.Completion90PostingsFormat
5899:             1             24  org.apache.lucene.search.suggest.document.Completion99PostingsFormat
5900:             1             24  org.apache.lucene.search.vectorhighlight.SimpleBoundaryScanner
5901:             1             24  org.apache.lucene.util.AttributeFactory$1
5902:             1             24  org.apache.lucene.util.AttributeSource$2
5903:             1             24  org.apache.lucene.util.HotspotVMOptions$$Lambda/0x00007fcd280c55c0
5904:             1             24  org.bouncycastle.asn1.ASN1Integer$1
5905:             1             24  org.bouncycastle.asn1.ASN1Null$1
5906:             1             24  org.bouncycastle.asn1.ASN1ObjectIdentifier$1
5907:             1             24  org.bouncycastle.asn1.ASN1OctetString$1
5908:             1             24  org.bouncycastle.asn1.ASN1RelativeOID$1
5909:             1             24  org.bouncycastle.asn1.ASN1Sequence$1
5910:             1             24  org.bouncycastle.asn1.ASN1Set$1
5911:             1             24  org.bouncycastle.asn1.DLSequence
5912:             1             24  org.bouncycastle.asn1.DLSet
5913:             1             24  org.bouncycastle.jcajce.provider.asymmetric.edec.KeyFactorySpi$Ed25519
5914:             1             24  org.bouncycastle.jcajce.provider.asymmetric.edec.KeyFactorySpi$Ed448
5915:             1             24  org.bouncycastle.jcajce.provider.asymmetric.edec.KeyFactorySpi$X25519
5916:             1             24  org.bouncycastle.jcajce.provider.asymmetric.edec.KeyFactorySpi$X448
5917:             1             24  org.bouncycastle.util.BigIntegers$Cache
5918:             1             24  org.bouncycastle.util.encoders.Base64Encoder
5919:             1             24  org.bouncycastle.util.encoders.HexEncoder
5920:             1             24  org.greenrobot.eventbus.AsyncPoster
5921:             1             24  org.greenrobot.eventbus.BackgroundPoster
5922:             1             24  org.greenrobot.eventbus.EventBus$1
5923:             1             24  org.greenrobot.eventbus.SubscriberMethodFinder
5924:             1             24  org.jcodings.util.BytesHash
5925:             1             24  org.joda.time.format.DateTimeFormatterBuilder$UnpaddedNumber
5926:             1             24  org.locationtech.jts.geom.GeometryFactory
5927:             1             24  org.locationtech.jts.geom.PrecisionModel
5928:             1             24  org.locationtech.spatial4j.io.jts.JtsBinaryCodec
5929:             1             24  org.locationtech.spatial4j.shape.impl.ShapeFactoryImpl
5930:             1             24  org.opensearch.action.ActionRunnable$2
5931:             1             24  org.opensearch.action.admin.cluster.allocation.ClusterAllocationExplainAction
5932:             1             24  org.opensearch.action.admin.cluster.configuration.AddVotingConfigExclusionsAction
5933:             1             24  org.opensearch.action.admin.cluster.configuration.ClearVotingConfigExclusionsAction
5934:             1             24  org.opensearch.action.admin.cluster.decommission.awareness.delete.DeleteDecommissionStateAction
5935:             1             24  org.opensearch.action.admin.cluster.decommission.awareness.get.GetDecommissionStateAction
5936:             1             24  org.opensearch.action.admin.cluster.decommission.awareness.put.DecommissionAction
5937:             1             24  org.opensearch.action.admin.cluster.health.ClusterHealthAction
5938:             1             24  org.opensearch.action.admin.cluster.node.hotthreads.NodesHotThreadsAction
5939:             1             24  org.opensearch.action.admin.cluster.node.info.NodesInfoAction
5940:             1             24  org.opensearch.action.admin.cluster.node.info.PluginsAndModules
5941:             1             24  org.opensearch.action.admin.cluster.node.reload.NodesReloadSecureSettingsAction
5942:             1             24  org.opensearch.action.admin.cluster.node.stats.NodesStatsAction
5943:             1             24  org.opensearch.action.admin.cluster.node.tasks.cancel.CancelTasksAction
5944:             1             24  org.opensearch.action.admin.cluster.node.tasks.get.GetTaskAction
5945:             1             24  org.opensearch.action.admin.cluster.node.tasks.list.ListTasksAction
5946:             1             24  org.opensearch.action.admin.cluster.node.usage.NodesUsageAction
5947:             1             24  org.opensearch.action.admin.cluster.remote.RemoteInfoAction
5948:             1             24  org.opensearch.action.admin.cluster.remotestore.restore.RestoreRemoteStoreAction
5949:             1             24  org.opensearch.action.admin.cluster.remotestore.stats.RemoteStoreStatsAction
5950:             1             24  org.opensearch.action.admin.cluster.repositories.cleanup.CleanupRepositoryAction
5951:             1             24  org.opensearch.action.admin.cluster.repositories.delete.DeleteRepositoryAction
5952:             1             24  org.opensearch.action.admin.cluster.repositories.get.GetRepositoriesAction
5953:             1             24  org.opensearch.action.admin.cluster.repositories.put.PutRepositoryAction
5954:             1             24  org.opensearch.action.admin.cluster.repositories.verify.VerifyRepositoryAction
5955:             1             24  org.opensearch.action.admin.cluster.reroute.ClusterRerouteAction
5956:             1             24  org.opensearch.action.admin.cluster.settings.ClusterUpdateSettingsAction
5957:             1             24  org.opensearch.action.admin.cluster.shards.ClusterSearchShardsAction
5958:             1             24  org.opensearch.action.admin.cluster.shards.routing.weighted.delete.ClusterDeleteWeightedRoutingAction
5959:             1             24  org.opensearch.action.admin.cluster.shards.routing.weighted.get.ClusterGetWeightedRoutingAction
5960:             1             24  org.opensearch.action.admin.cluster.shards.routing.weighted.put.ClusterAddWeightedRoutingAction
5961:             1             24  org.opensearch.action.admin.cluster.snapshots.clone.CloneSnapshotAction
5962:             1             24  org.opensearch.action.admin.cluster.snapshots.create.CreateSnapshotAction
5963:             1             24  org.opensearch.action.admin.cluster.snapshots.delete.DeleteSnapshotAction
5964:             1             24  org.opensearch.action.admin.cluster.snapshots.get.GetSnapshotsAction
5965:             1             24  org.opensearch.action.admin.cluster.snapshots.restore.RestoreSnapshotAction
5966:             1             24  org.opensearch.action.admin.cluster.snapshots.status.SnapshotsStatusAction
5967:             1             24  org.opensearch.action.admin.cluster.state.ClusterStateAction
5968:             1             24  org.opensearch.action.admin.cluster.stats.ClusterStatsAction
5969:             1             24  org.opensearch.action.admin.cluster.storedscripts.DeleteStoredScriptAction
5970:             1             24  org.opensearch.action.admin.cluster.storedscripts.GetScriptContextAction
5971:             1             24  org.opensearch.action.admin.cluster.storedscripts.GetScriptLanguageAction
5972:             1             24  org.opensearch.action.admin.cluster.storedscripts.GetStoredScriptAction
5973:             1             24  org.opensearch.action.admin.cluster.storedscripts.PutStoredScriptAction
5974:             1             24  org.opensearch.action.admin.cluster.tasks.PendingClusterTasksAction
5975:             1             24  org.opensearch.action.admin.indices.alias.IndicesAliasesAction
5976:             1             24  org.opensearch.action.admin.indices.alias.get.GetAliasesAction
5977:             1             24  org.opensearch.action.admin.indices.analyze.AnalyzeAction
5978:             1             24  org.opensearch.action.admin.indices.cache.clear.ClearIndicesCacheAction
5979:             1             24  org.opensearch.action.admin.indices.close.CloseIndexAction
5980:             1             24  org.opensearch.action.admin.indices.create.AutoCreateAction
5981:             1             24  org.opensearch.action.admin.indices.create.CreateIndexAction
5982:             1             24  org.opensearch.action.admin.indices.dangling.delete.DeleteDanglingIndexAction
5983:             1             24  org.opensearch.action.admin.indices.dangling.find.FindDanglingIndexAction
5984:             1             24  org.opensearch.action.admin.indices.dangling.import_index.ImportDanglingIndexAction
5985:             1             24  org.opensearch.action.admin.indices.dangling.list.ListDanglingIndicesAction
5986:             1             24  org.opensearch.action.admin.indices.datastream.CreateDataStreamAction
5987:             1             24  org.opensearch.action.admin.indices.datastream.DataStreamsStatsAction
5988:             1             24  org.opensearch.action.admin.indices.datastream.DeleteDataStreamAction
5989:             1             24  org.opensearch.action.admin.indices.datastream.GetDataStreamAction
5990:             1             24  org.opensearch.action.admin.indices.delete.DeleteIndexAction
5991:             1             24  org.opensearch.action.admin.indices.exists.indices.IndicesExistsAction
5992:             1             24  org.opensearch.action.admin.indices.flush.FlushAction
5993:             1             24  org.opensearch.action.admin.indices.forcemerge.ForceMergeAction
5994:             1             24  org.opensearch.action.admin.indices.get.GetIndexAction
5995:             1             24  org.opensearch.action.admin.indices.mapping.get.GetFieldMappingsAction
5996:             1             24  org.opensearch.action.admin.indices.mapping.get.GetMappingsAction
5997:             1             24  org.opensearch.action.admin.indices.mapping.put.AutoPutMappingAction
5998:             1             24  org.opensearch.action.admin.indices.mapping.put.PutMappingAction
5999:             1             24  org.opensearch.action.admin.indices.open.OpenIndexAction
6000:             1             24  org.opensearch.action.admin.indices.readonly.AddIndexBlockAction
6001:             1             24  org.opensearch.action.admin.indices.recovery.RecoveryAction
6002:             1             24  org.opensearch.action.admin.indices.refresh.RefreshAction
6003:             1             24  org.opensearch.action.admin.indices.replication.SegmentReplicationStatsAction
6004:             1             24  org.opensearch.action.admin.indices.resolve.ResolveIndexAction
6005:             1             24  org.opensearch.action.admin.indices.rollover.MaxAgeCondition
6006:             1             24  org.opensearch.action.admin.indices.rollover.RolloverAction
6007:             1             24  org.opensearch.action.admin.indices.segments.IndicesSegmentsAction
6008:             1             24  org.opensearch.action.admin.indices.segments.PitSegmentsAction
6009:             1             24  org.opensearch.action.admin.indices.settings.get.GetSettingsAction
6010:             1             24  org.opensearch.action.admin.indices.settings.put.UpdateSettingsAction
6011:             1             24  org.opensearch.action.admin.indices.shards.IndicesShardStoresAction
6012:             1             24  org.opensearch.action.admin.indices.shrink.ResizeAction
6013:             1             24  org.opensearch.action.admin.indices.stats.IndicesStatsAction
6014:             1             24  org.opensearch.action.admin.indices.template.delete.DeleteComponentTemplateAction
6015:             1             24  org.opensearch.action.admin.indices.template.delete.DeleteComposableIndexTemplateAction
6016:             1             24  org.opensearch.action.admin.indices.template.delete.DeleteIndexTemplateAction
6017:             1             24  org.opensearch.action.admin.indices.template.get.GetComponentTemplateAction
6018:             1             24  org.opensearch.action.admin.indices.template.get.GetComposableIndexTemplateAction
6019:             1             24  org.opensearch.action.admin.indices.template.get.GetIndexTemplatesAction
6020:             1             24  org.opensearch.action.admin.indices.template.post.SimulateIndexTemplateAction
6021:             1             24  org.opensearch.action.admin.indices.template.post.SimulateTemplateAction
6022:             1             24  org.opensearch.action.admin.indices.template.put.PutComponentTemplateAction
6023:             1             24  org.opensearch.action.admin.indices.template.put.PutComposableIndexTemplateAction
6024:             1             24  org.opensearch.action.admin.indices.template.put.PutIndexTemplateAction
6025:             1             24  org.opensearch.action.admin.indices.upgrade.get.UpgradeStatusAction
6026:             1             24  org.opensearch.action.admin.indices.upgrade.post.UpgradeAction
6027:             1             24  org.opensearch.action.admin.indices.upgrade.post.UpgradeSettingsAction
6028:             1             24  org.opensearch.action.admin.indices.validate.query.ValidateQueryAction
6029:             1             24  org.opensearch.action.bulk.BulkAction
6030:             1             24  org.opensearch.action.delete.DeleteAction
6031:             1             24  org.opensearch.action.explain.ExplainAction
6032:             1             24  org.opensearch.action.fieldcaps.FieldCapabilitiesAction
6033:             1             24  org.opensearch.action.get.GetAction
6034:             1             24  org.opensearch.action.get.MultiGetAction
6035:             1             24  org.opensearch.action.index.IndexAction
6036:             1             24  org.opensearch.action.ingest.DeletePipelineAction
6037:             1             24  org.opensearch.action.ingest.GetPipelineAction
6038:             1             24  org.opensearch.action.ingest.IngestActionForwarder
6039:             1             24  org.opensearch.action.ingest.PutPipelineAction
6040:             1             24  org.opensearch.action.ingest.SimulatePipelineAction
6041:             1             24  org.opensearch.action.main.MainAction
6042:             1             24  org.opensearch.action.search.ClearScrollAction
6043:             1             24  org.opensearch.action.search.CreatePitAction
6044:             1             24  org.opensearch.action.search.DeletePitAction
6045:             1             24  org.opensearch.action.search.DeleteSearchPipelineAction
6046:             1             24  org.opensearch.action.search.GetAllPitsAction
6047:             1             24  org.opensearch.action.search.GetSearchPipelineAction
6048:             1             24  org.opensearch.action.search.MultiSearchAction
6049:             1             24  org.opensearch.action.search.PutSearchPipelineAction
6050:             1             24  org.opensearch.action.search.SearchAction
6051:             1             24  org.opensearch.action.search.SearchPhaseController
6052:             1             24  org.opensearch.action.search.SearchRequestStats
6053:             1             24  org.opensearch.action.search.SearchResponse$Clusters
6054:             1             24  org.opensearch.action.search.SearchScrollAction
6055:             1             24  org.opensearch.action.search.SearchShard
6056:             1             24  org.opensearch.action.search.SearchTransportService
6057:             1             24  org.opensearch.action.support.AutoCreateIndex
6058:             1             24  org.opensearch.action.support.AutoCreateIndex$AutoCreate
6059:             1             24  org.opensearch.action.support.ChannelActionListener
6060:             1             24  org.opensearch.action.support.clustermanager.term.GetTermVersionAction
6061:             1             24  org.opensearch.action.termvectors.MultiTermVectorsAction
6062:             1             24  org.opensearch.action.termvectors.TermVectorsAction
6063:             1             24  org.opensearch.action.update.UpdateAction
6064:             1             24  org.opensearch.ad.ratelimit.ADSaveResultStrategy
6065:             1             24  org.opensearch.ad.rest.RestAnomalyDetectorJobAction
6066:             1             24  org.opensearch.ad.rest.RestDeleteAnomalyDetectorAction
6067:             1             24  org.opensearch.ad.rest.RestDeleteAnomalyResultsAction
6068:             1             24  org.opensearch.ad.rest.RestGetAnomalyDetectorAction
6069:             1             24  org.opensearch.ad.rest.RestPreviewAnomalyDetectorAction
6070:             1             24  org.opensearch.ad.rest.RestSearchAnomalyDetectorInfoAction
6071:             1             24  org.opensearch.ad.rest.RestSearchTopAnomalyResultAction
6072:             1             24  org.opensearch.ad.settings.ADEnabledSetting
6073:             1             24  org.opensearch.ad.settings.ADNumericSetting
6074:             1             24  org.opensearch.ad.stats.suppliers.ADModelsOnNodeCountSupplier
6075:             1             24  org.opensearch.ad.stats.suppliers.ADModelsOnNodeSupplier
6076:             1             24  org.opensearch.ad.transport.ADBatchAnomalyResultAction
6077:             1             24  org.opensearch.ad.transport.ADBatchTaskRemoteExecutionAction
6078:             1             24  org.opensearch.ad.transport.ADCancelTaskAction
6079:             1             24  org.opensearch.ad.transport.ADEntityProfileAction
6080:             1             24  org.opensearch.ad.transport.ADProfileAction
6081:             1             24  org.opensearch.ad.transport.ADResultBulkAction
6082:             1             24  org.opensearch.ad.transport.ADSingleStreamResultAction
6083:             1             24  org.opensearch.ad.transport.ADStatsNodesAction
6084:             1             24  org.opensearch.ad.transport.ADTaskProfileAction
6085:             1             24  org.opensearch.ad.transport.AnomalyDetectorJobAction
6086:             1             24  org.opensearch.ad.transport.AnomalyResultAction
6087:             1             24  org.opensearch.ad.transport.CronAction
6088:             1             24  org.opensearch.ad.transport.DeleteADModelAction
6089:             1             24  org.opensearch.ad.transport.DeleteAnomalyDetectorAction
6090:             1             24  org.opensearch.ad.transport.DeleteAnomalyResultsAction
6091:             1             24  org.opensearch.ad.transport.EntityADResultAction
6092:             1             24  org.opensearch.ad.transport.ForwardADTaskAction
6093:             1             24  org.opensearch.ad.transport.GetAnomalyDetectorAction
6094:             1             24  org.opensearch.ad.transport.IndexAnomalyDetectorAction
6095:             1             24  org.opensearch.ad.transport.PreviewAnomalyDetectorAction
6096:             1             24  org.opensearch.ad.transport.RCFPollingAction
6097:             1             24  org.opensearch.ad.transport.RCFResultAction
6098:             1             24  org.opensearch.ad.transport.SearchADTasksAction
6099:             1             24  org.opensearch.ad.transport.SearchAnomalyDetectorAction
6100:             1             24  org.opensearch.ad.transport.SearchAnomalyDetectorInfoAction
6101:             1             24  org.opensearch.ad.transport.SearchAnomalyResultAction
6102:             1             24  org.opensearch.ad.transport.SearchTopAnomalyResultAction
6103:             1             24  org.opensearch.ad.transport.StatsAnomalyDetectorAction
6104:             1             24  org.opensearch.ad.transport.StopDetectorAction
6105:             1             24  org.opensearch.ad.transport.ThresholdResultAction
6106:             1             24  org.opensearch.ad.transport.ValidateAnomalyDetectorAction
6107:             1             24  org.opensearch.ad.transport.handler.ADIndexMemoryPressureAwareResultHandler
6108:             1             24  org.opensearch.ad.transport.handler.ADSearchHandler
6109:             1             24  org.opensearch.agent.ToolPlugin
6110:             1             24  org.opensearch.agent.tools.NeuralSparseSearchTool$Factory
6111:             1             24  org.opensearch.agent.tools.RAGTool$Factory
6112:             1             24  org.opensearch.agent.tools.SearchAnomalyDetectorsTool$Factory
6113:             1             24  org.opensearch.agent.tools.SearchAnomalyResultsTool$Factory
6114:             1             24  org.opensearch.agent.tools.VectorDBTool$Factory
6115:             1             24  org.opensearch.alerting.MonitorRunnerService
6116:             1             24  org.opensearch.alerting.WorkflowService
6117:             1             24  org.opensearch.alerting.action.DocLevelMonitorFanOutAction
6118:             1             24  org.opensearch.alerting.action.ExecuteMonitorAction
6119:             1             24  org.opensearch.alerting.action.ExecuteWorkflowAction
6120:             1             24  org.opensearch.alerting.action.GetDestinationsAction
6121:             1             24  org.opensearch.alerting.action.GetEmailAccountAction
6122:             1             24  org.opensearch.alerting.action.GetEmailGroupAction
6123:             1             24  org.opensearch.alerting.action.GetRemoteIndexesAction
6124:             1             24  org.opensearch.alerting.action.SearchEmailAccountAction
6125:             1             24  org.opensearch.alerting.action.SearchEmailGroupAction
6126:             1             24  org.opensearch.alerting.core.ScheduledJobIndices
6127:             1             24  org.opensearch.alerting.core.action.node.ScheduledJobsStatsAction
6128:             1             24  org.opensearch.alerting.core.lock.LockService
6129:             1             24  org.opensearch.alerting.core.resthandler.RestScheduledJobStatsHandler
6130:             1             24  org.opensearch.alerting.model.destination.DestinationContextFactory
6131:             1             24  org.opensearch.alerting.resthandler.RestAcknowledgeAlertAction
6132:             1             24  org.opensearch.alerting.resthandler.RestAcknowledgeChainedAlertAction
6133:             1             24  org.opensearch.alerting.resthandler.RestDeleteAlertingCommentAction
6134:             1             24  org.opensearch.alerting.resthandler.RestDeleteMonitorAction
6135:             1             24  org.opensearch.alerting.resthandler.RestDeleteWorkflowAction
6136:             1             24  org.opensearch.alerting.resthandler.RestExecuteMonitorAction
6137:             1             24  org.opensearch.alerting.resthandler.RestExecuteWorkflowAction
6138:             1             24  org.opensearch.alerting.resthandler.RestGetAlertsAction
6139:             1             24  org.opensearch.alerting.resthandler.RestGetDestinationsAction
6140:             1             24  org.opensearch.alerting.resthandler.RestGetEmailAccountAction
6141:             1             24  org.opensearch.alerting.resthandler.RestGetEmailGroupAction
6142:             1             24  org.opensearch.alerting.resthandler.RestGetFindingsAction
6143:             1             24  org.opensearch.alerting.resthandler.RestGetMonitorAction
6144:             1             24  org.opensearch.alerting.resthandler.RestGetRemoteIndexesAction
6145:             1             24  org.opensearch.alerting.resthandler.RestGetWorkflowAction
6146:             1             24  org.opensearch.alerting.resthandler.RestGetWorkflowAlertsAction
6147:             1             24  org.opensearch.alerting.resthandler.RestIndexAlertingCommentAction
6148:             1             24  org.opensearch.alerting.resthandler.RestIndexMonitorAction
6149:             1             24  org.opensearch.alerting.resthandler.RestIndexWorkflowAction
6150:             1             24  org.opensearch.alerting.resthandler.RestSearchAlertingCommentAction
6151:             1             24  org.opensearch.alerting.resthandler.RestSearchEmailAccountAction
6152:             1             24  org.opensearch.alerting.resthandler.RestSearchEmailGroupAction
6153:             1             24  org.opensearch.bootstrap.OpenSearchPolicy$SystemPolicy
6154:             1             24  org.opensearch.bootstrap.Spawner
6155:             1             24  org.opensearch.cli.Command$$Lambda/0x00007fcd280261f0
6156:             1             24  org.opensearch.cli.Terminal$SystemTerminal
6157:             1             24  org.opensearch.cluster.InternalClusterInfoService$IndicesStatsSummary
6158:             1             24  org.opensearch.cluster.action.index.MappingUpdatedAction$AdjustableSemaphore
6159:             1             24  org.opensearch.cluster.action.index.NodeMappingRefreshAction
6160:             1             24  org.opensearch.cluster.action.shard.ShardStateAction$ShardFailedTransportHandler
6161:             1             24  org.opensearch.cluster.action.shard.ShardStateAction$ShardStartedTransportHandler
6162:             1             24  org.opensearch.cluster.block.ClusterBlocks
6163:             1             24  org.opensearch.cluster.coordination.FollowersChecker$FastResponseState
6164:             1             24  org.opensearch.cluster.coordination.JoinHelper$$Lambda/0x00007fcd28cf7350
6165:             1             24  org.opensearch.cluster.coordination.JoinHelper$$Lambda/0x00007fcd28cf7788
6166:             1             24  org.opensearch.cluster.coordination.JoinHelper$$Lambda/0x00007fcd28cf7bc0
6167:             1             24  org.opensearch.cluster.coordination.JoinHelper$$Lambda/0x00007fcd28cf8000
6168:             1             24  org.opensearch.cluster.coordination.PublicationTransportHandler$$Lambda/0x00007fcd28cfbee8
6169:             1             24  org.opensearch.cluster.metadata.AutoExpandReplicas
6170:             1             24  org.opensearch.cluster.metadata.DiffableStringMap$DiffableStringMapDiff
6171:             1             24  org.opensearch.cluster.metadata.IndexMetadata$6
6172:             1             24  org.opensearch.cluster.metadata.Manifest$1
6173:             1             24  org.opensearch.cluster.metadata.Metadata$1
6174:             1             24  org.opensearch.cluster.node.DiscoveryNodeRole$1
6175:             1             24  org.opensearch.cluster.node.DiscoveryNodeRole$2
6176:             1             24  org.opensearch.cluster.node.DiscoveryNodeRole$3
6177:             1             24  org.opensearch.cluster.node.DiscoveryNodeRole$4
6178:             1             24  org.opensearch.cluster.node.DiscoveryNodeRole$5
6179:             1             24  org.opensearch.cluster.node.DiscoveryNodeRole$6
6180:             1             24  org.opensearch.cluster.routing.RoutingNodes$Recoveries
6181:             1             24  org.opensearch.cluster.routing.allocation.AwarenessReplicaBalance
6182:             1             24  org.opensearch.cluster.routing.allocation.decider.AwarenessAllocationDecider
6183:             1             24  org.opensearch.cluster.routing.allocation.decider.DiskThresholdDecider
6184:             1             24  org.opensearch.cluster.routing.allocation.decider.EnableAllocationDecider
6185:             1             24  org.opensearch.cluster.routing.allocation.decider.RemoteStoreMigrationAllocationDecider
6186:             1             24  org.opensearch.cluster.routing.allocation.decider.ShardsLimitAllocationDecider
6187:             1             24  org.opensearch.common.LocalTimeOffset$NoPrevious
6188:             1             24  org.opensearch.common.MemoizedSupplier
6189:             1             24  org.opensearch.common.Rounding$TimeIntervalRounding
6190:             1             24  org.opensearch.common.Rounding$TimeIntervalRounding$FixedRounding
6191:             1             24  org.opensearch.common.TimeBasedUUIDGenerator
6192:             1             24  org.opensearch.common.cache.service.CacheService
6193:             1             24  org.opensearch.common.cache.stats.ImmutableCacheStatsHolder
6194:             1             24  org.opensearch.common.cache.stats.ImmutableCacheStatsHolder$Node
6195:             1             24  org.opensearch.common.cache.store.OpenSearchOnHeapCache$$Lambda/0x00007fcd292f0a50
6196:             1             24  org.opensearch.common.inject.Key$NullAnnotationStrategy
6197:             1             24  org.opensearch.common.lease.Releasables$$Lambda/0x00007fcd2920a480
6198:             1             24  org.opensearch.common.lucene.ShardCoreKeyMap
6199:             1             24  org.opensearch.common.path.PathTrie
6200:             1             24  org.opensearch.common.settings.ClusterSettings$LoggingSettingUpdater
6201:             1             24  org.opensearch.common.settings.Setting$$Lambda/0x00007fcd280caec0
6202:             1             24  org.opensearch.common.settings.SettingsFilter
6203:             1             24  org.opensearch.common.ssl.SslClientAuthenticationMode$1
6204:             1             24  org.opensearch.common.ssl.SslClientAuthenticationMode$2
6205:             1             24  org.opensearch.common.ssl.SslClientAuthenticationMode$3
6206:             1             24  org.opensearch.common.ssl.SslVerificationMode$1
6207:             1             24  org.opensearch.common.ssl.SslVerificationMode$2
6208:             1             24  org.opensearch.common.ssl.SslVerificationMode$3
6209:             1             24  org.opensearch.common.time.EpochTime$1
6210:             1             24  org.opensearch.common.time.EpochTime$2
6211:             1             24  org.opensearch.common.time.EpochTime$3
6212:             1             24  org.opensearch.common.time.EpochTime$4
6213:             1             24  org.opensearch.common.time.EpochTime$5
6214:             1             24  org.opensearch.common.time.RFC3339CompatibleDateTimeFormatter
6215:             1             24  org.opensearch.common.unit.SizeUnit$1
6216:             1             24  org.opensearch.common.unit.SizeUnit$2
6217:             1             24  org.opensearch.common.unit.SizeUnit$3
6218:             1             24  org.opensearch.common.unit.SizeUnit$4
6219:             1             24  org.opensearch.common.unit.SizeUnit$5
6220:             1             24  org.opensearch.common.unit.SizeUnit$6
6221:             1             24  org.opensearch.common.util.PageCacheRecycler$Type$1
6222:             1             24  org.opensearch.common.util.PageCacheRecycler$Type$2
6223:             1             24  org.opensearch.common.util.PageCacheRecycler$Type$3
6224:             1             24  org.opensearch.common.xcontent.ParseFieldRegistry
6225:             1             24  org.opensearch.commons.utils.HelpersKt$logger$1
6226:             1             24  org.opensearch.core.common.io.stream.ByteBufferStreamInput
6227:             1             24  org.opensearch.core.common.unit.ByteSizeUnit$1
6228:             1             24  org.opensearch.core.common.unit.ByteSizeUnit$2
6229:             1             24  org.opensearch.core.common.unit.ByteSizeUnit$3
6230:             1             24  org.opensearch.core.common.unit.ByteSizeUnit$4
6231:             1             24  org.opensearch.core.common.unit.ByteSizeUnit$5
6232:             1             24  org.opensearch.core.common.unit.ByteSizeUnit$6
6233:             1             24  org.opensearch.core.xcontent.ObjectParser$$Lambda/0x00007fcd287ef810
6234:             1             24  org.opensearch.core.xcontent.ObjectParser$$Lambda/0x00007fcd29095918
6235:             1             24  org.opensearch.core.xcontent.XContentLocation
6236:             1             24  org.opensearch.core.xcontent.XContentParser$Token$1
6237:             1             24  org.opensearch.core.xcontent.XContentParser$Token$10
6238:             1             24  org.opensearch.core.xcontent.XContentParser$Token$2
6239:             1             24  org.opensearch.core.xcontent.XContentParser$Token$3
6240:             1             24  org.opensearch.core.xcontent.XContentParser$Token$4
6241:             1             24  org.opensearch.core.xcontent.XContentParser$Token$5
6242:             1             24  org.opensearch.core.xcontent.XContentParser$Token$6
6243:             1             24  org.opensearch.core.xcontent.XContentParser$Token$7
6244:             1             24  org.opensearch.core.xcontent.XContentParser$Token$8
6245:             1             24  org.opensearch.core.xcontent.XContentParser$Token$9
6246:             1             24  org.opensearch.crypto.CryptoHandlerRegistry
6247:             1             24  org.opensearch.discovery.HandshakingTransportAddressConnector
6248:             1             24  org.opensearch.env.NodeMetadata
6249:             1             24  org.opensearch.env.NodeMetadata$NodeMetadataStateFormat
6250:             1             24  org.opensearch.env.OpenSearchFileStore
6251:             1             24  org.opensearch.flowframework.rest.RestCreateWorkflowAction
6252:             1             24  org.opensearch.flowframework.rest.RestDeleteWorkflowAction
6253:             1             24  org.opensearch.flowframework.rest.RestDeprovisionWorkflowAction
6254:             1             24  org.opensearch.flowframework.rest.RestGetWorkflowAction
6255:             1             24  org.opensearch.flowframework.rest.RestGetWorkflowStateAction
6256:             1             24  org.opensearch.flowframework.rest.RestGetWorkflowStepAction
6257:             1             24  org.opensearch.flowframework.rest.RestProvisionWorkflowAction
6258:             1             24  org.opensearch.flowframework.transport.CreateWorkflowAction
6259:             1             24  org.opensearch.flowframework.transport.DeleteWorkflowAction
6260:             1             24  org.opensearch.flowframework.transport.DeprovisionWorkflowAction
6261:             1             24  org.opensearch.flowframework.transport.GetWorkflowAction
6262:             1             24  org.opensearch.flowframework.transport.GetWorkflowStateAction
6263:             1             24  org.opensearch.flowframework.transport.GetWorkflowStepAction
6264:             1             24  org.opensearch.flowframework.transport.ProvisionWorkflowAction
6265:             1             24  org.opensearch.flowframework.transport.SearchWorkflowAction
6266:             1             24  org.opensearch.flowframework.transport.SearchWorkflowStateAction
6267:             1             24  org.opensearch.flowframework.workflow.WorkflowStepFactory$$Lambda/0x00007fcd28a4deb0
6268:             1             24  org.opensearch.flowframework.workflow.WorkflowStepFactory$$Lambda/0x00007fcd28a4e0d0
6269:             1             24  org.opensearch.flowframework.workflow.WorkflowStepFactory$$Lambda/0x00007fcd28a4e950
6270:             1             24  org.opensearch.flowframework.workflow.WorkflowStepFactory$$Lambda/0x00007fcd28a4f1d0
6271:             1             24  org.opensearch.flowframework.workflow.WorkflowStepFactory$$Lambda/0x00007fcd28a4f610
6272:             1             24  org.opensearch.flowframework.workflow.WorkflowStepFactory$$Lambda/0x00007fcd28a4fc80
6273:             1             24  org.opensearch.flowframework.workflow.WorkflowStepFactory$$Lambda/0x00007fcd28a50220
6274:             1             24  org.opensearch.flowframework.workflow.WorkflowStepFactory$$Lambda/0x00007fcd28a50440
6275:             1             24  org.opensearch.forecast.ratelimit.ForecastSaveResultStrategy
6276:             1             24  org.opensearch.forecast.rest.RestDeleteForecasterAction
6277:             1             24  org.opensearch.forecast.rest.RestForecasterJobAction
6278:             1             24  org.opensearch.forecast.rest.RestForecasterSuggestAction
6279:             1             24  org.opensearch.forecast.rest.RestGetForecasterAction
6280:             1             24  org.opensearch.forecast.rest.RestRunOnceForecasterAction
6281:             1             24  org.opensearch.forecast.rest.RestSearchForecasterInfoAction
6282:             1             24  org.opensearch.forecast.rest.RestSearchTopForecastResultAction
6283:             1             24  org.opensearch.forecast.settings.ForecastEnabledSetting
6284:             1             24  org.opensearch.forecast.settings.ForecastNumericSetting
6285:             1             24  org.opensearch.forecast.stats.ForecastModelsOnNodeSupplier
6286:             1             24  org.opensearch.forecast.transport.DeleteForecastModelAction
6287:             1             24  org.opensearch.forecast.transport.DeleteForecasterAction
6288:             1             24  org.opensearch.forecast.transport.EntityForecastResultAction
6289:             1             24  org.opensearch.forecast.transport.ForecastEntityProfileAction
6290:             1             24  org.opensearch.forecast.transport.ForecastProfileAction
6291:             1             24  org.opensearch.forecast.transport.ForecastResultAction
6292:             1             24  org.opensearch.forecast.transport.ForecastResultBulkAction
6293:             1             24  org.opensearch.forecast.transport.ForecastRunOnceAction
6294:             1             24  org.opensearch.forecast.transport.ForecastRunOnceProfileAction
6295:             1             24  org.opensearch.forecast.transport.ForecastSingleStreamResultAction
6296:             1             24  org.opensearch.forecast.transport.ForecastStatsNodesAction
6297:             1             24  org.opensearch.forecast.transport.ForecasterJobAction
6298:             1             24  org.opensearch.forecast.transport.GetForecasterAction
6299:             1             24  org.opensearch.forecast.transport.IndexForecasterAction
6300:             1             24  org.opensearch.forecast.transport.SearchForecastTasksAction
6301:             1             24  org.opensearch.forecast.transport.SearchForecasterAction
6302:             1             24  org.opensearch.forecast.transport.SearchForecasterInfoAction
6303:             1             24  org.opensearch.forecast.transport.SearchTopForecastResultAction
6304:             1             24  org.opensearch.forecast.transport.StatsForecasterAction
6305:             1             24  org.opensearch.forecast.transport.StopForecasterAction
6306:             1             24  org.opensearch.forecast.transport.SuggestForecasterParamAction
6307:             1             24  org.opensearch.forecast.transport.ValidateForecasterAction
6308:             1             24  org.opensearch.forecast.transport.handler.ForecastIndexMemoryPressureAwareResultHandler
6309:             1             24  org.opensearch.forecast.transport.handler.ForecastSearchHandler
6310:             1             24  org.opensearch.gateway.GatewayAllocator$InternalPrimaryShardAllocator
6311:             1             24  org.opensearch.gateway.GatewayAllocator$InternalReplicaShardAllocator
6312:             1             24  org.opensearch.gateway.GatewayService$$Lambda/0x00007fcd28ddc838
6313:             1             24  org.opensearch.gateway.PersistedClusterStateService$MetadataIndexWriter
6314:             1             24  org.opensearch.gateway.ShardsBatchGatewayAllocator$InternalPrimaryBatchShardAllocator
6315:             1             24  org.opensearch.gateway.ShardsBatchGatewayAllocator$InternalReplicaBatchShardAllocator
6316:             1             24  org.opensearch.geospatial.action.upload.geojson.UploadGeoJSONAction
6317:             1             24  org.opensearch.geospatial.ip2geo.action.DeleteDatasourceAction
6318:             1             24  org.opensearch.geospatial.ip2geo.action.GetDatasourceAction
6319:             1             24  org.opensearch.geospatial.ip2geo.action.PutDatasourceAction
6320:             1             24  org.opensearch.geospatial.ip2geo.action.RestDeleteDatasourceHandler
6321:             1             24  org.opensearch.geospatial.ip2geo.action.RestGetDatasourceHandler
6322:             1             24  org.opensearch.geospatial.ip2geo.action.RestUpdateDatasourceHandler
6323:             1             24  org.opensearch.geospatial.ip2geo.action.UpdateDatasourceAction
6324:             1             24  org.opensearch.geospatial.ip2geo.common.Ip2GeoLockService
6325:             1             24  org.opensearch.geospatial.ip2geo.dao.DatasourceDao
6326:             1             24  org.opensearch.geospatial.rest.action.upload.geojson.RestUploadGeoJSONAction
6327:             1             24  org.opensearch.geospatial.stats.upload.RestUploadStatsAction
6328:             1             24  org.opensearch.geospatial.stats.upload.UploadStats
6329:             1             24  org.opensearch.geospatial.stats.upload.UploadStatsAction
6330:             1             24  org.opensearch.http.HttpTracer
6331:             1             24  org.opensearch.http.netty4.Netty4HttpRequestCreator
6332:             1             24  org.opensearch.http.netty4.Netty4HttpRequestHandler
6333:             1             24  org.opensearch.http.netty4.Netty4HttpResponseCreator
6334:             1             24  org.opensearch.http.netty4.Netty4HttpServerChannel
6335:             1             24  org.opensearch.http.netty4.Netty4HttpServerTransport$ServerChannelExceptionHandler
6336:             1             24  org.opensearch.index.SegmentReplicationStatsTracker
6337:             1             24  org.opensearch.index.analysis.AnalysisRegistry$Component$1
6338:             1             24  org.opensearch.index.analysis.AnalysisRegistry$Component$2
6339:             1             24  org.opensearch.index.analysis.AnalysisRegistry$Component$3
6340:             1             24  org.opensearch.index.analysis.AnalysisRegistry$Component$4
6341:             1             24  org.opensearch.index.analysis.AnalysisRegistry$Component$5
6342:             1             24  org.opensearch.index.analysis.PreConfiguredCharFilter$2
6343:             1             24  org.opensearch.index.codec.customcodecs.QatDeflate99Codec
6344:             1             24  org.opensearch.index.codec.customcodecs.QatLz499Codec
6345:             1             24  org.opensearch.index.codec.customcodecs.Zstd99Codec
6346:             1             24  org.opensearch.index.codec.customcodecs.ZstdNoDict99Codec
6347:             1             24  org.opensearch.index.codec.customcodecs.backward_codecs.Zstd95Codec
6348:             1             24  org.opensearch.index.codec.customcodecs.backward_codecs.Zstd95DeprecatedCodec
6349:             1             24  org.opensearch.index.codec.customcodecs.backward_codecs.ZstdNoDict95Codec
6350:             1             24  org.opensearch.index.codec.fuzzy.FuzzyFilterPostingsFormat
6351:             1             24  org.opensearch.index.mapper.DefaultDerivedFieldResolver
6352:             1             24  org.opensearch.index.mapper.DynamicTemplate$MatchType$1
6353:             1             24  org.opensearch.index.mapper.DynamicTemplate$MatchType$2
6354:             1             24  org.opensearch.index.mapper.DynamicTemplate$XContentFieldType$1
6355:             1             24  org.opensearch.index.mapper.DynamicTemplate$XContentFieldType$2
6356:             1             24  org.opensearch.index.mapper.DynamicTemplate$XContentFieldType$3
6357:             1             24  org.opensearch.index.mapper.DynamicTemplate$XContentFieldType$4
6358:             1             24  org.opensearch.index.mapper.DynamicTemplate$XContentFieldType$5
6359:             1             24  org.opensearch.index.mapper.DynamicTemplate$XContentFieldType$6
6360:             1             24  org.opensearch.index.mapper.DynamicTemplate$XContentFieldType$7
6361:             1             24  org.opensearch.index.mapper.ObjectMapper$Nested
6362:             1             24  org.opensearch.index.mapper.RangeType$LengthType$1
6363:             1             24  org.opensearch.index.mapper.RangeType$LengthType$2
6364:             1             24  org.opensearch.index.mapper.RangeType$LengthType$3
6365:             1             24  org.opensearch.index.mapper.RangeType$LengthType$4
6366:             1             24  org.opensearch.index.query.MatchNoneQueryBuilder
6367:             1             24  org.opensearch.index.query.ParsedQuery
6368:             1             24  org.opensearch.index.query.support.NestedScope
6369:             1             24  org.opensearch.index.rankeval.RankEvalAction
6370:             1             24  org.opensearch.index.rankeval.RestRankEvalAction
6371:             1             24  org.opensearch.index.reindex.DeleteByQueryAction
6372:             1             24  org.opensearch.index.reindex.ReindexAction
6373:             1             24  org.opensearch.index.reindex.ReindexSslConfig
6374:             1             24  org.opensearch.index.reindex.RestDeleteByQueryAction
6375:             1             24  org.opensearch.index.reindex.RestDeleteByQueryAction
6376:             1             24  org.opensearch.index.reindex.RestReindexAction
6377:             1             24  org.opensearch.index.reindex.RestRethrottleAction
6378:             1             24  org.opensearch.index.reindex.RestUpdateByQueryAction
6379:             1             24  org.opensearch.index.reindex.RethrottleAction
6380:             1             24  org.opensearch.index.reindex.UpdateByQueryAction
6381:             1             24  org.opensearch.index.remote.RemoteStorePressureService
6382:             1             24  org.opensearch.index.remote.RemoteStoreStatsTrackerFactory
6383:             1             24  org.opensearch.index.seqno.RetentionLeaseActions$Add
6384:             1             24  org.opensearch.index.seqno.RetentionLeaseActions$Remove
6385:             1             24  org.opensearch.index.seqno.RetentionLeaseActions$Renew
6386:             1             24  org.opensearch.index.seqno.RetentionLeases$1
6387:             1             24  org.opensearch.index.shard.IndexShard$$Lambda/0x00007fcd29302238
6388:             1             24  org.opensearch.index.shard.PrimaryReplicaSyncer
6389:             1             24  org.opensearch.index.shard.ShardStateMetadata$1
6390:             1             24  org.opensearch.index.store.RemoteSegmentStoreDirectoryFactory
6391:             1             24  org.opensearch.index.store.remote.directory.RemoteSnapshotDirectoryFactory
6392:             1             24  org.opensearch.indexmanagement.controlcenter.notification.ControlCenterIndices
6393:             1             24  org.opensearch.indexmanagement.controlcenter.notification.action.delete.DeleteLRONConfigAction
6394:             1             24  org.opensearch.indexmanagement.controlcenter.notification.action.get.GetLRONConfigAction
6395:             1             24  org.opensearch.indexmanagement.controlcenter.notification.action.index.IndexLRONConfigAction
6396:             1             24  org.opensearch.indexmanagement.controlcenter.notification.resthandler.RestDeleteLRONConfigAction
6397:             1             24  org.opensearch.indexmanagement.controlcenter.notification.resthandler.RestGetLRONConfigAction
6398:             1             24  org.opensearch.indexmanagement.controlcenter.notification.resthandler.RestIndexLRONConfigAction
6399:             1             24  org.opensearch.indexmanagement.indexstatemanagement.ExtensionStatusChecker
6400:             1             24  org.opensearch.indexmanagement.indexstatemanagement.ISMActionsParser
6401:             1             24  org.opensearch.indexmanagement.indexstatemanagement.SkipExecution
6402:             1             24  org.opensearch.indexmanagement.indexstatemanagement.action.AliasActionParser
6403:             1             24  org.opensearch.indexmanagement.indexstatemanagement.resthandler.RestAddPolicyAction
6404:             1             24  org.opensearch.indexmanagement.indexstatemanagement.resthandler.RestChangePolicyAction
6405:             1             24  org.opensearch.indexmanagement.indexstatemanagement.resthandler.RestDeletePolicyAction
6406:             1             24  org.opensearch.indexmanagement.indexstatemanagement.resthandler.RestExplainAction
6407:             1             24  org.opensearch.indexmanagement.indexstatemanagement.resthandler.RestGetPolicyAction
6408:             1             24  org.opensearch.indexmanagement.indexstatemanagement.resthandler.RestRemovePolicyAction
6409:             1             24  org.opensearch.indexmanagement.indexstatemanagement.resthandler.RestRetryFailedManagedIndexAction
6410:             1             24  org.opensearch.indexmanagement.indexstatemanagement.transport.action.addpolicy.AddPolicyAction
6411:             1             24  org.opensearch.indexmanagement.indexstatemanagement.transport.action.changepolicy.ChangePolicyAction
6412:             1             24  org.opensearch.indexmanagement.indexstatemanagement.transport.action.deletepolicy.DeletePolicyAction
6413:             1             24  org.opensearch.indexmanagement.indexstatemanagement.transport.action.explain.ExplainAction
6414:             1             24  org.opensearch.indexmanagement.indexstatemanagement.transport.action.getpolicy.GetPoliciesAction
6415:             1             24  org.opensearch.indexmanagement.indexstatemanagement.transport.action.getpolicy.GetPolicyAction
6416:             1             24  org.opensearch.indexmanagement.indexstatemanagement.transport.action.indexpolicy.IndexPolicyAction
6417:             1             24  org.opensearch.indexmanagement.indexstatemanagement.transport.action.managedIndex.ManagedIndexAction
6418:             1             24  org.opensearch.indexmanagement.indexstatemanagement.transport.action.removepolicy.RemovePolicyAction
6419:             1             24  org.opensearch.indexmanagement.indexstatemanagement.transport.action.retryfailedmanagedindex.RetryFailedManagedIndexAction
6420:             1             24  org.opensearch.indexmanagement.indexstatemanagement.transport.action.updateindexmetadata.UpdateManagedIndexMetaDataAction
6421:             1             24  org.opensearch.indexmanagement.indexstatemanagement.validation.ActionValidation
6422:             1             24  org.opensearch.indexmanagement.refreshanalyzer.RefreshSearchAnalyzerAction
6423:             1             24  org.opensearch.indexmanagement.refreshanalyzer.RestRefreshSearchAnalyzerAction
6424:             1             24  org.opensearch.indexmanagement.rollup.RollupIndexer
6425:             1             24  org.opensearch.indexmanagement.rollup.RollupMetadataService
6426:             1             24  org.opensearch.indexmanagement.rollup.action.delete.DeleteRollupAction
6427:             1             24  org.opensearch.indexmanagement.rollup.action.explain.ExplainRollupAction
6428:             1             24  org.opensearch.indexmanagement.rollup.action.get.GetRollupAction
6429:             1             24  org.opensearch.indexmanagement.rollup.action.get.GetRollupsAction
6430:             1             24  org.opensearch.indexmanagement.rollup.action.index.IndexRollupAction
6431:             1             24  org.opensearch.indexmanagement.rollup.action.mapping.UpdateRollupMappingAction
6432:             1             24  org.opensearch.indexmanagement.rollup.action.start.StartRollupAction
6433:             1             24  org.opensearch.indexmanagement.rollup.action.stop.StopRollupAction
6434:             1             24  org.opensearch.indexmanagement.rollup.resthandler.RestDeleteRollupAction
6435:             1             24  org.opensearch.indexmanagement.rollup.resthandler.RestExplainRollupAction
6436:             1             24  org.opensearch.indexmanagement.rollup.resthandler.RestGetRollupAction
6437:             1             24  org.opensearch.indexmanagement.rollup.resthandler.RestIndexRollupAction
6438:             1             24  org.opensearch.indexmanagement.rollup.resthandler.RestStartRollupAction
6439:             1             24  org.opensearch.indexmanagement.rollup.resthandler.RestStopRollupAction
6440:             1             24  org.opensearch.indexmanagement.snapshotmanagement.api.resthandler.RestCreateSMPolicyHandler
6441:             1             24  org.opensearch.indexmanagement.snapshotmanagement.api.resthandler.RestDeleteSMPolicyHandler
6442:             1             24  org.opensearch.indexmanagement.snapshotmanagement.api.resthandler.RestExplainSMPolicyHandler
6443:             1             24  org.opensearch.indexmanagement.snapshotmanagement.api.resthandler.RestGetSMPolicyHandler
6444:             1             24  org.opensearch.indexmanagement.snapshotmanagement.api.resthandler.RestStartSMPolicyHandler
6445:             1             24  org.opensearch.indexmanagement.snapshotmanagement.api.resthandler.RestStopSMPolicyHandler
6446:             1             24  org.opensearch.indexmanagement.snapshotmanagement.api.resthandler.RestUpdateSMPolicyHandler
6447:             1             24  org.opensearch.indexmanagement.transform.TransformMetadataService
6448:             1             24  org.opensearch.indexmanagement.transform.action.delete.DeleteTransformsAction
6449:             1             24  org.opensearch.indexmanagement.transform.action.explain.ExplainTransformAction
6450:             1             24  org.opensearch.indexmanagement.transform.action.get.GetTransformAction
6451:             1             24  org.opensearch.indexmanagement.transform.action.get.GetTransformsAction
6452:             1             24  org.opensearch.indexmanagement.transform.action.index.IndexTransformAction
6453:             1             24  org.opensearch.indexmanagement.transform.action.preview.PreviewTransformAction
6454:             1             24  org.opensearch.indexmanagement.transform.action.start.StartTransformAction
6455:             1             24  org.opensearch.indexmanagement.transform.action.stop.StopTransformAction
6456:             1             24  org.opensearch.indexmanagement.transform.resthandler.RestDeleteTransformAction
6457:             1             24  org.opensearch.indexmanagement.transform.resthandler.RestExplainTransformAction
6458:             1             24  org.opensearch.indexmanagement.transform.resthandler.RestGetTransformAction
6459:             1             24  org.opensearch.indexmanagement.transform.resthandler.RestIndexTransformAction
6460:             1             24  org.opensearch.indexmanagement.transform.resthandler.RestPreviewTransformAction
6461:             1             24  org.opensearch.indexmanagement.transform.resthandler.RestStartTransformAction
6462:             1             24  org.opensearch.indexmanagement.transform.resthandler.RestStopTransformAction
6463:             1             24  org.opensearch.indices.IndexingMemoryController$ShardsIndicesStatusChecker
6464:             1             24  org.opensearch.indices.IndicesRequestCache$Loader
6465:             1             24  org.opensearch.indices.IndicesService$$Lambda/0x00007fcd292fd460
6466:             1             24  org.opensearch.indices.IndicesService$1
6467:             1             24  org.opensearch.indices.SystemIndices
6468:             1             24  org.opensearch.indices.analysis.AnalysisModule
6469:             1             24  org.opensearch.indices.analysis.HunspellService$$Lambda/0x00007fcd28657528
6470:             1             24  org.opensearch.indices.fielddata.cache.IndicesFieldDataCache
6471:             1             24  org.opensearch.indices.recovery.PeerRecoveryTargetService$FileChunkTransportRequestHandler
6472:             1             24  org.opensearch.indices.replication.OngoingSegmentReplications
6473:             1             24  org.opensearch.indices.replication.SegmentReplicationSourceFactory
6474:             1             24  org.opensearch.indices.replication.SegmentReplicationTargetService$FileChunkTransportRequestHandler
6475:             1             24  org.opensearch.ingest.common.GrokProcessor$Factory
6476:             1             24  org.opensearch.ingest.common.GrokProcessorGetAction
6477:             1             24  org.opensearch.ingest.common.GrokProcessorGetAction$RestAction
6478:             1             24  org.opensearch.ingest.geoip.GeoIpProcessor$Factory
6479:             1             24  org.opensearch.knn.index.KNNCircuitBreaker
6480:             1             24  org.opensearch.knn.index.KNNCircuitBreaker$$Lambda/0x00007fcd2890fd68
6481:             1             24  org.opensearch.knn.index.KNNSettings
6482:             1             24  org.opensearch.knn.index.codec.KNN80Codec.KNN80Codec$1
6483:             1             24  org.opensearch.knn.index.codec.KNN84Codec.KNN84Codec$1
6484:             1             24  org.opensearch.knn.index.codec.KNN86Codec.KNN86Codec$1
6485:             1             24  org.opensearch.knn.index.codec.KNN910Codec.KNN910Codec
6486:             1             24  org.opensearch.knn.index.memory.NativeMemoryLoadStrategy$IndexLoadStrategy
6487:             1             24  org.opensearch.knn.index.memory.NativeMemoryLoadStrategy$TrainingLoadStrategy
6488:             1             24  org.opensearch.knn.indices.ModelDao$OpenSearchKNNModelDao
6489:             1             24  org.opensearch.knn.plugin.KNNPlugin
6490:             1             24  org.opensearch.knn.plugin.rest.RestDeleteModelHandler
6491:             1             24  org.opensearch.knn.plugin.rest.RestGetModelHandler
6492:             1             24  org.opensearch.knn.plugin.rest.RestKNNStatsHandler
6493:             1             24  org.opensearch.knn.plugin.rest.RestSearchModelHandler
6494:             1             24  org.opensearch.knn.plugin.rest.RestTrainModelHandler
6495:             1             24  org.opensearch.knn.plugin.transport.ClearCacheAction
6496:             1             24  org.opensearch.knn.plugin.transport.DeleteModelAction
6497:             1             24  org.opensearch.knn.plugin.transport.GetModelAction
6498:             1             24  org.opensearch.knn.plugin.transport.KNNStatsAction
6499:             1             24  org.opensearch.knn.plugin.transport.KNNWarmupAction
6500:             1             24  org.opensearch.knn.plugin.transport.RemoveModelFromCacheAction
6501:             1             24  org.opensearch.knn.plugin.transport.SearchModelAction
6502:             1             24  org.opensearch.knn.plugin.transport.TrainingJobRouteDecisionInfoAction
6503:             1             24  org.opensearch.knn.plugin.transport.TrainingJobRouterAction
6504:             1             24  org.opensearch.knn.plugin.transport.TrainingModelAction
6505:             1             24  org.opensearch.knn.plugin.transport.UpdateModelGraveyardAction
6506:             1             24  org.opensearch.knn.plugin.transport.UpdateModelMetadataAction
6507:             1             24  org.opensearch.knn.training.TrainingJobClusterStateListener
6508:             1             24  org.opensearch.knn.training.VectorReader
6509:             1             24  org.opensearch.ml.action.profile.MLProfileAction
6510:             1             24  org.opensearch.ml.action.stats.MLStatsNodesAction
6511:             1             24  org.opensearch.ml.breaker.DiskCircuitBreaker
6512:             1             24  org.opensearch.ml.breaker.MemoryCircuitBreaker
6513:             1             24  org.opensearch.ml.common.transport.agent.MLAgentDeleteAction
6514:             1             24  org.opensearch.ml.common.transport.agent.MLAgentGetAction
6515:             1             24  org.opensearch.ml.common.transport.agent.MLRegisterAgentAction
6516:             1             24  org.opensearch.ml.common.transport.agent.MLSearchAgentAction
6517:             1             24  org.opensearch.ml.common.transport.config.MLConfigGetAction
6518:             1             24  org.opensearch.ml.common.transport.connector.MLConnectorDeleteAction
6519:             1             24  org.opensearch.ml.common.transport.connector.MLConnectorGetAction
6520:             1             24  org.opensearch.ml.common.transport.connector.MLConnectorSearchAction
6521:             1             24  org.opensearch.ml.common.transport.connector.MLCreateConnectorAction
6522:             1             24  org.opensearch.ml.common.transport.connector.MLExecuteConnectorAction
6523:             1             24  org.opensearch.ml.common.transport.connector.MLUpdateConnectorAction
6524:             1             24  org.opensearch.ml.common.transport.controller.MLControllerDeleteAction
6525:             1             24  org.opensearch.ml.common.transport.controller.MLControllerGetAction
6526:             1             24  org.opensearch.ml.common.transport.controller.MLCreateControllerAction
6527:             1             24  org.opensearch.ml.common.transport.controller.MLDeployControllerAction
6528:             1             24  org.opensearch.ml.common.transport.controller.MLUndeployControllerAction
6529:             1             24  org.opensearch.ml.common.transport.controller.MLUpdateControllerAction
6530:             1             24  org.opensearch.ml.common.transport.deploy.MLDeployModelAction
6531:             1             24  org.opensearch.ml.common.transport.deploy.MLDeployModelOnNodeAction
6532:             1             24  org.opensearch.ml.common.transport.execute.MLExecuteTaskAction
6533:             1             24  org.opensearch.ml.common.transport.forward.MLForwardAction
6534:             1             24  org.opensearch.ml.common.transport.model.MLModelDeleteAction
6535:             1             24  org.opensearch.ml.common.transport.model.MLModelGetAction
6536:             1             24  org.opensearch.ml.common.transport.model.MLModelSearchAction
6537:             1             24  org.opensearch.ml.common.transport.model.MLUpdateModelAction
6538:             1             24  org.opensearch.ml.common.transport.model_group.MLModelGroupDeleteAction
6539:             1             24  org.opensearch.ml.common.transport.model_group.MLModelGroupGetAction
6540:             1             24  org.opensearch.ml.common.transport.model_group.MLModelGroupSearchAction
6541:             1             24  org.opensearch.ml.common.transport.model_group.MLRegisterModelGroupAction
6542:             1             24  org.opensearch.ml.common.transport.model_group.MLUpdateModelGroupAction
6543:             1             24  org.opensearch.ml.common.transport.prediction.MLPredictionTaskAction
6544:             1             24  org.opensearch.ml.common.transport.register.MLRegisterModelAction
6545:             1             24  org.opensearch.ml.common.transport.sync.MLSyncUpAction
6546:             1             24  org.opensearch.ml.common.transport.task.MLTaskDeleteAction
6547:             1             24  org.opensearch.ml.common.transport.task.MLTaskGetAction
6548:             1             24  org.opensearch.ml.common.transport.task.MLTaskSearchAction
6549:             1             24  org.opensearch.ml.common.transport.tools.MLGetToolAction
6550:             1             24  org.opensearch.ml.common.transport.tools.MLListToolsAction
6551:             1             24  org.opensearch.ml.common.transport.training.MLTrainingTaskAction
6552:             1             24  org.opensearch.ml.common.transport.trainpredict.MLTrainAndPredictionTaskAction
6553:             1             24  org.opensearch.ml.common.transport.undeploy.MLUndeployModelAction
6554:             1             24  org.opensearch.ml.common.transport.undeploy.MLUndeployModelsAction
6555:             1             24  org.opensearch.ml.common.transport.update_cache.MLUpdateModelCacheAction
6556:             1             24  org.opensearch.ml.common.transport.upload_chunk.MLRegisterModelMetaAction
6557:             1             24  org.opensearch.ml.common.transport.upload_chunk.MLUploadModelChunkAction
6558:             1             24  org.opensearch.ml.engine.algorithms.sample.LocalSampleCalculator
6559:             1             24  org.opensearch.ml.engine.indices.MLIndicesHandler
6560:             1             24  org.opensearch.ml.engine.memory.MLMemoryManager
6561:             1             24  org.opensearch.ml.engine.tools.CatIndexTool$Factory
6562:             1             24  org.opensearch.ml.engine.tools.SearchIndexTool$Factory
6563:             1             24  org.opensearch.ml.memory.action.conversation.CreateConversationAction
6564:             1             24  org.opensearch.ml.memory.action.conversation.CreateInteractionAction
6565:             1             24  org.opensearch.ml.memory.action.conversation.DeleteConversationAction
6566:             1             24  org.opensearch.ml.memory.action.conversation.GetConversationAction
6567:             1             24  org.opensearch.ml.memory.action.conversation.GetConversationsAction
6568:             1             24  org.opensearch.ml.memory.action.conversation.GetInteractionAction
6569:             1             24  org.opensearch.ml.memory.action.conversation.GetInteractionsAction
6570:             1             24  org.opensearch.ml.memory.action.conversation.GetTracesAction
6571:             1             24  org.opensearch.ml.memory.action.conversation.SearchConversationsAction
6572:             1             24  org.opensearch.ml.memory.action.conversation.SearchInteractionsAction
6573:             1             24  org.opensearch.ml.memory.action.conversation.UpdateConversationAction
6574:             1             24  org.opensearch.ml.memory.action.conversation.UpdateInteractionAction
6575:             1             24  org.opensearch.ml.memory.index.OpenSearchConversationalMemoryHandler
6576:             1             24  org.opensearch.ml.model.MLModelCacheHelper
6577:             1             24  org.opensearch.ml.processor.MLInferenceIngestProcessor$Factory
6578:             1             24  org.opensearch.ml.rest.RestMLCreateConnectorAction
6579:             1             24  org.opensearch.ml.rest.RestMLCreateControllerAction
6580:             1             24  org.opensearch.ml.rest.RestMLDeleteAgentAction
6581:             1             24  org.opensearch.ml.rest.RestMLDeleteConnectorAction
6582:             1             24  org.opensearch.ml.rest.RestMLDeleteControllerAction
6583:             1             24  org.opensearch.ml.rest.RestMLDeleteModelAction
6584:             1             24  org.opensearch.ml.rest.RestMLDeleteModelGroupAction
6585:             1             24  org.opensearch.ml.rest.RestMLDeleteTaskAction
6586:             1             24  org.opensearch.ml.rest.RestMLDeployModelAction
6587:             1             24  org.opensearch.ml.rest.RestMLExecuteAction
6588:             1             24  org.opensearch.ml.rest.RestMLGetAgentAction
6589:             1             24  org.opensearch.ml.rest.RestMLGetConfigAction
6590:             1             24  org.opensearch.ml.rest.RestMLGetConnectorAction
6591:             1             24  org.opensearch.ml.rest.RestMLGetControllerAction
6592:             1             24  org.opensearch.ml.rest.RestMLGetModelAction
6593:             1             24  org.opensearch.ml.rest.RestMLGetModelGroupAction
6594:             1             24  org.opensearch.ml.rest.RestMLGetTaskAction
6595:             1             24  org.opensearch.ml.rest.RestMLGetToolAction
6596:             1             24  org.opensearch.ml.rest.RestMLListToolsAction
6597:             1             24  org.opensearch.ml.rest.RestMLProfileAction
6598:             1             24  org.opensearch.ml.rest.RestMLRegisterAgentAction
6599:             1             24  org.opensearch.ml.rest.RestMLRegisterModelAction
6600:             1             24  org.opensearch.ml.rest.RestMLRegisterModelGroupAction
6601:             1             24  org.opensearch.ml.rest.RestMLRegisterModelMetaAction
6602:             1             24  org.opensearch.ml.rest.RestMLTrainAndPredictAction
6603:             1             24  org.opensearch.ml.rest.RestMLTrainingAction
6604:             1             24  org.opensearch.ml.rest.RestMLUpdateConnectorAction
6605:             1             24  org.opensearch.ml.rest.RestMLUpdateControllerAction
6606:             1             24  org.opensearch.ml.rest.RestMLUpdateModelAction
6607:             1             24  org.opensearch.ml.rest.RestMLUpdateModelGroupAction
6608:             1             24  org.opensearch.ml.rest.RestMLUploadModelChunkAction
6609:             1             24  org.opensearch.ml.rest.RestMemoryCreateConversationAction
6610:             1             24  org.opensearch.ml.rest.RestMemoryCreateInteractionAction
6611:             1             24  org.opensearch.ml.rest.RestMemoryDeleteConversationAction
6612:             1             24  org.opensearch.ml.rest.RestMemoryGetConversationAction
6613:             1             24  org.opensearch.ml.rest.RestMemoryGetConversationsAction
6614:             1             24  org.opensearch.ml.rest.RestMemoryGetInteractionAction
6615:             1             24  org.opensearch.ml.rest.RestMemoryGetInteractionsAction
6616:             1             24  org.opensearch.ml.rest.RestMemoryGetTracesAction
6617:             1             24  org.opensearch.ml.rest.RestMemorySearchInteractionsAction
6618:             1             24  org.opensearch.ml.rest.RestMemoryUpdateConversationAction
6619:             1             24  org.opensearch.ml.rest.RestMemoryUpdateInteractionAction
6620:             1             24  org.opensearch.ml.stats.MLStats
6621:             1             24  org.opensearch.ml.utils.IndexUtils
6622:             1             24  org.opensearch.monitor.fs.FsHealthService$FsHealthMonitor
6623:             1             24  org.opensearch.monitor.fs.FsProbe
6624:             1             24  org.opensearch.monitor.jvm.JvmGcMonitorService$GcOverheadThreshold
6625:             1             24  org.opensearch.monitor.os.OsProbe
6626:             1             24  org.opensearch.monitor.process.ProcessService
6627:             1             24  org.opensearch.monitor.process.ProcessStats$Cpu
6628:             1             24  org.opensearch.monitor.process.ProcessStats$Mem
6629:             1             24  org.opensearch.neuralsearch.processor.NormalizationProcessorWorkflow
6630:             1             24  org.opensearch.neuralsearch.processor.combination.ArithmeticMeanScoreCombinationTechnique
6631:             1             24  org.opensearch.neuralsearch.processor.factory.NormalizationProcessorFactory
6632:             1             24  org.opensearch.neuralsearch.processor.factory.RerankProcessorFactory
6633:             1             24  org.opensearch.neuralsearch.processor.factory.SparseEncodingProcessorFactory
6634:             1             24  org.opensearch.neuralsearch.processor.factory.TextChunkingProcessorFactory
6635:             1             24  org.opensearch.neuralsearch.processor.factory.TextEmbeddingProcessorFactory
6636:             1             24  org.opensearch.neuralsearch.processor.factory.TextImageEmbeddingProcessorFactory
6637:             1             24  org.opensearch.neuralsearch.search.query.HybridQueryPhaseSearcher$ConcurrentQueryPhaseSearcherWithEmptyQueryCollectorContext
6638:             1             24  org.opensearch.neuralsearch.search.query.HybridQueryPhaseSearcher$DefaultQueryPhaseSearcherWithEmptyQueryCollectorContext
6639:             1             24  org.opensearch.node.IoUsageStats
6640:             1             24  org.opensearch.node.remotestore.RemoteStoreNodeService
6641:             1             24  org.opensearch.notifications.resthandler.NotificationChannelListRestHandler
6642:             1             24  org.opensearch.notifications.resthandler.NotificationConfigRestHandler
6643:             1             24  org.opensearch.notifications.resthandler.NotificationFeaturesRestHandler
6644:             1             24  org.opensearch.notifications.resthandler.SendTestMessageRestHandler
6645:             1             24  org.opensearch.observability.resthandler.ObservabilityRestHandler
6646:             1             24  org.opensearch.observability.resthandler.ObservabilityStatsRestHandler
6647:             1             24  org.opensearch.observability.util.HelpersKt$logger$1
6648:             1             24  org.opensearch.painless.PainlessScriptEngine
6649:             1             24  org.opensearch.painless.action.PainlessContextAction
6650:             1             24  org.opensearch.painless.action.PainlessContextAction$RestAction
6651:             1             24  org.opensearch.painless.action.PainlessExecuteAction
6652:             1             24  org.opensearch.painless.action.PainlessExecuteAction$RestAction
6653:             1             24  org.opensearch.performanceanalyzer.commons.config.overrides.ConfigOverrides
6654:             1             24  org.opensearch.performanceanalyzer.commons.event_process.EventLog
6655:             1             24  org.opensearch.performanceanalyzer.commons.stats.StatsReporter
6656:             1             24  org.opensearch.performanceanalyzer.config.setting.ClusterSettingsManager$$Lambda/0x00007fcd291cc230
6657:             1             24  org.opensearch.performanceanalyzer.config.setting.handler.ConfigOverridesClusterSettingHandler
6658:             1             24  org.opensearch.performanceanalyzer.config.setting.handler.NodeStatsSettingHandler
6659:             1             24  org.opensearch.performanceanalyzer.config.setting.handler.PerformanceAnalyzerClusterSettingHandler
6660:             1             24  org.opensearch.performanceanalyzer.config.setting.handler.PerformanceAnalyzerCollectorsSettingHandler
6661:             1             24  org.opensearch.performanceanalyzer.http_action.config.PerformanceAnalyzerConfigAction
6662:             1             24  org.opensearch.performanceanalyzer.http_action.whoami.WhoAmIAction
6663:             1             24  org.opensearch.persistent.CompletionPersistentTaskAction
6664:             1             24  org.opensearch.persistent.PersistentTasksService
6665:             1             24  org.opensearch.persistent.RemovePersistentTaskAction
6666:             1             24  org.opensearch.persistent.StartPersistentTaskAction
6667:             1             24  org.opensearch.persistent.UpdatePersistentTaskStatusAction
6668:             1             24  org.opensearch.plugins.SearchPlugin$RescorerSpec
6669:             1             24  org.opensearch.replication.ReplicationPlugin$$Lambda/0x00007fcd28c11928
6670:             1             24  org.opensearch.replication.action.autofollow.AutoFollowClusterManagerNodeAction
6671:             1             24  org.opensearch.replication.action.autofollow.UpdateAutoFollowPatternAction
6672:             1             24  org.opensearch.replication.action.changes.GetChangesAction
6673:             1             24  org.opensearch.replication.action.index.ReplicateIndexAction
6674:             1             24  org.opensearch.replication.action.index.ReplicateIndexClusterManagerNodeAction
6675:             1             24  org.opensearch.replication.action.index.block.UpdateIndexBlockAction
6676:             1             24  org.opensearch.replication.action.pause.PauseIndexReplicationAction
6677:             1             24  org.opensearch.replication.action.replay.ReplayChangesAction
6678:             1             24  org.opensearch.replication.action.replicationstatedetails.UpdateReplicationStateAction
6679:             1             24  org.opensearch.replication.action.repository.GetFileChunkAction
6680:             1             24  org.opensearch.replication.action.repository.GetStoreMetadataAction
6681:             1             24  org.opensearch.replication.action.repository.ReleaseLeaderResourcesAction
6682:             1             24  org.opensearch.replication.action.resume.ResumeIndexReplicationAction
6683:             1             24  org.opensearch.replication.action.setup.SetupChecksAction
6684:             1             24  org.opensearch.replication.action.setup.ValidatePermissionsAction
6685:             1             24  org.opensearch.replication.action.stats.AutoFollowStatsAction
6686:             1             24  org.opensearch.replication.action.stats.FollowerStatsAction
6687:             1             24  org.opensearch.replication.action.stats.LeaderStatsAction
6688:             1             24  org.opensearch.replication.action.status.ReplicationStatusAction
6689:             1             24  org.opensearch.replication.action.status.ShardsInfoAction
6690:             1             24  org.opensearch.replication.action.stop.StopIndexReplicationAction
6691:             1             24  org.opensearch.replication.action.update.UpdateIndexReplicationAction
6692:             1             24  org.opensearch.replication.metadata.ReplicationMetadataManager
6693:             1             24  org.opensearch.replication.metadata.UpdateMetadataAction
6694:             1             24  org.opensearch.replication.rest.AutoFollowStatsHandler
6695:             1             24  org.opensearch.replication.rest.FollowerStatsHandler
6696:             1             24  org.opensearch.replication.rest.LeaderStatsHandler
6697:             1             24  org.opensearch.replication.rest.PauseIndexReplicationHandler
6698:             1             24  org.opensearch.replication.rest.ReplicateIndexHandler
6699:             1             24  org.opensearch.replication.rest.ReplicationStatusHandler
6700:             1             24  org.opensearch.replication.rest.ResumeIndexReplicationHandler
6701:             1             24  org.opensearch.replication.rest.StopIndexReplicationHandler
6702:             1             24  org.opensearch.replication.rest.UpdateAutoFollowPatternsHandler
6703:             1             24  org.opensearch.replication.rest.UpdateIndexHandler
6704:             1             24  org.opensearch.replication.util.Injectables
6705:             1             24  org.opensearch.reportsscheduler.resthandler.OnDemandReportRestHandler
6706:             1             24  org.opensearch.reportsscheduler.resthandler.ReportDefinitionListRestHandler
6707:             1             24  org.opensearch.reportsscheduler.resthandler.ReportDefinitionRestHandler
6708:             1             24  org.opensearch.reportsscheduler.resthandler.ReportInstanceListRestHandler
6709:             1             24  org.opensearch.reportsscheduler.resthandler.ReportInstanceRestHandler
6710:             1             24  org.opensearch.reportsscheduler.resthandler.ReportStatsRestHandler
6711:             1             24  org.opensearch.repositories.VerifyNodeRepositoryAction
6712:             1             24  org.opensearch.repositories.s3.S3AsyncService
6713:             1             24  org.opensearch.repositories.s3.S3Service
6714:             1             24  org.opensearch.rest.RestHeaderDefinition
6715:             1             24  org.opensearch.rest.action.RestFieldCapabilitiesAction
6716:             1             24  org.opensearch.rest.action.RestMainAction
6717:             1             24  org.opensearch.rest.action.admin.cluster.RestAddVotingConfigExclusionAction
6718:             1             24  org.opensearch.rest.action.admin.cluster.RestCancelTasksAction
6719:             1             24  org.opensearch.rest.action.admin.cluster.RestCleanupRepositoryAction
6720:             1             24  org.opensearch.rest.action.admin.cluster.RestClearVotingConfigExclusionsAction
6721:             1             24  org.opensearch.rest.action.admin.cluster.RestCloneSnapshotAction
6722:             1             24  org.opensearch.rest.action.admin.cluster.RestClusterAllocationExplainAction
6723:             1             24  org.opensearch.rest.action.admin.cluster.RestClusterDeleteWeightedRoutingAction
6724:             1             24  org.opensearch.rest.action.admin.cluster.RestClusterGetWeightedRoutingAction
6725:             1             24  org.opensearch.rest.action.admin.cluster.RestClusterHealthAction
6726:             1             24  org.opensearch.rest.action.admin.cluster.RestClusterPutWeightedRoutingAction
6727:             1             24  org.opensearch.rest.action.admin.cluster.RestClusterRerouteAction
6728:             1             24  org.opensearch.rest.action.admin.cluster.RestClusterSearchShardsAction
6729:             1             24  org.opensearch.rest.action.admin.cluster.RestClusterStateAction
6730:             1             24  org.opensearch.rest.action.admin.cluster.RestClusterStatsAction
6731:             1             24  org.opensearch.rest.action.admin.cluster.RestClusterUpdateSettingsAction
6732:             1             24  org.opensearch.rest.action.admin.cluster.RestCreateSnapshotAction
6733:             1             24  org.opensearch.rest.action.admin.cluster.RestDecommissionAction
6734:             1             24  org.opensearch.rest.action.admin.cluster.RestDeleteDecommissionStateAction
6735:             1             24  org.opensearch.rest.action.admin.cluster.RestDeleteRepositoryAction
6736:             1             24  org.opensearch.rest.action.admin.cluster.RestDeleteSnapshotAction
6737:             1             24  org.opensearch.rest.action.admin.cluster.RestDeleteStoredScriptAction
6738:             1             24  org.opensearch.rest.action.admin.cluster.RestGetDecommissionStateAction
6739:             1             24  org.opensearch.rest.action.admin.cluster.RestGetRepositoriesAction
6740:             1             24  org.opensearch.rest.action.admin.cluster.RestGetScriptContextAction
6741:             1             24  org.opensearch.rest.action.admin.cluster.RestGetScriptLanguageAction
6742:             1             24  org.opensearch.rest.action.admin.cluster.RestGetSnapshotsAction
6743:             1             24  org.opensearch.rest.action.admin.cluster.RestGetStoredScriptAction
6744:             1             24  org.opensearch.rest.action.admin.cluster.RestGetTaskAction
6745:             1             24  org.opensearch.rest.action.admin.cluster.RestListTasksAction
6746:             1             24  org.opensearch.rest.action.admin.cluster.RestNodesHotThreadsAction
6747:             1             24  org.opensearch.rest.action.admin.cluster.RestNodesInfoAction
6748:             1             24  org.opensearch.rest.action.admin.cluster.RestNodesStatsAction
6749:             1             24  org.opensearch.rest.action.admin.cluster.RestNodesUsageAction
6750:             1             24  org.opensearch.rest.action.admin.cluster.RestPendingClusterTasksAction
6751:             1             24  org.opensearch.rest.action.admin.cluster.RestPutRepositoryAction
6752:             1             24  org.opensearch.rest.action.admin.cluster.RestPutStoredScriptAction
6753:             1             24  org.opensearch.rest.action.admin.cluster.RestReloadSecureSettingsAction
6754:             1             24  org.opensearch.rest.action.admin.cluster.RestRemoteClusterInfoAction
6755:             1             24  org.opensearch.rest.action.admin.cluster.RestRemoteStoreStatsAction
6756:             1             24  org.opensearch.rest.action.admin.cluster.RestRestoreRemoteStoreAction
6757:             1             24  org.opensearch.rest.action.admin.cluster.RestRestoreSnapshotAction
6758:             1             24  org.opensearch.rest.action.admin.cluster.RestSnapshotsStatusAction
6759:             1             24  org.opensearch.rest.action.admin.cluster.RestVerifyRepositoryAction
6760:             1             24  org.opensearch.rest.action.admin.cluster.dangling.RestDeleteDanglingIndexAction
6761:             1             24  org.opensearch.rest.action.admin.cluster.dangling.RestImportDanglingIndexAction
6762:             1             24  org.opensearch.rest.action.admin.cluster.dangling.RestListDanglingIndicesAction
6763:             1             24  org.opensearch.rest.action.admin.indices.RestAddIndexBlockAction
6764:             1             24  org.opensearch.rest.action.admin.indices.RestAnalyzeAction
6765:             1             24  org.opensearch.rest.action.admin.indices.RestClearIndicesCacheAction
6766:             1             24  org.opensearch.rest.action.admin.indices.RestCloseIndexAction
6767:             1             24  org.opensearch.rest.action.admin.indices.RestCreateDataStreamAction
6768:             1             24  org.opensearch.rest.action.admin.indices.RestDataStreamsStatsAction
6769:             1             24  org.opensearch.rest.action.admin.indices.RestDeleteComponentTemplateAction
6770:             1             24  org.opensearch.rest.action.admin.indices.RestDeleteComposableIndexTemplateAction
6771:             1             24  org.opensearch.rest.action.admin.indices.RestDeleteDataStreamAction
6772:             1             24  org.opensearch.rest.action.admin.indices.RestDeleteIndexAction
6773:             1             24  org.opensearch.rest.action.admin.indices.RestDeleteIndexTemplateAction
6774:             1             24  org.opensearch.rest.action.admin.indices.RestFlushAction
6775:             1             24  org.opensearch.rest.action.admin.indices.RestForceMergeAction
6776:             1             24  org.opensearch.rest.action.admin.indices.RestGetComponentTemplateAction
6777:             1             24  org.opensearch.rest.action.admin.indices.RestGetComposableIndexTemplateAction
6778:             1             24  org.opensearch.rest.action.admin.indices.RestGetDataStreamsAction
6779:             1             24  org.opensearch.rest.action.admin.indices.RestGetFieldMappingAction
6780:             1             24  org.opensearch.rest.action.admin.indices.RestGetIndexTemplateAction
6781:             1             24  org.opensearch.rest.action.admin.indices.RestGetMappingAction
6782:             1             24  org.opensearch.rest.action.admin.indices.RestGetSettingsAction
6783:             1             24  org.opensearch.rest.action.admin.indices.RestIndexDeleteAliasesAction
6784:             1             24  org.opensearch.rest.action.admin.indices.RestIndicesAliasesAction
6785:             1             24  org.opensearch.rest.action.admin.indices.RestIndicesSegmentsAction
6786:             1             24  org.opensearch.rest.action.admin.indices.RestIndicesShardStoresAction
6787:             1             24  org.opensearch.rest.action.admin.indices.RestIndicesStatsAction
6788:             1             24  org.opensearch.rest.action.admin.indices.RestOpenIndexAction
6789:             1             24  org.opensearch.rest.action.admin.indices.RestPutComponentTemplateAction
6790:             1             24  org.opensearch.rest.action.admin.indices.RestPutComposableIndexTemplateAction
6791:             1             24  org.opensearch.rest.action.admin.indices.RestPutIndexTemplateAction
6792:             1             24  org.opensearch.rest.action.admin.indices.RestPutMappingAction
6793:             1             24  org.opensearch.rest.action.admin.indices.RestRecoveryAction
6794:             1             24  org.opensearch.rest.action.admin.indices.RestResizeHandler$RestCloneIndexAction
6795:             1             24  org.opensearch.rest.action.admin.indices.RestResizeHandler$RestShrinkIndexAction
6796:             1             24  org.opensearch.rest.action.admin.indices.RestResizeHandler$RestSplitIndexAction
6797:             1             24  org.opensearch.rest.action.admin.indices.RestResolveIndexAction
6798:             1             24  org.opensearch.rest.action.admin.indices.RestRolloverIndexAction
6799:             1             24  org.opensearch.rest.action.admin.indices.RestSimulateIndexTemplateAction
6800:             1             24  org.opensearch.rest.action.admin.indices.RestSimulateTemplateAction
6801:             1             24  org.opensearch.rest.action.admin.indices.RestSyncedFlushAction
6802:             1             24  org.opensearch.rest.action.admin.indices.RestUpgradeAction
6803:             1             24  org.opensearch.rest.action.admin.indices.RestUpgradeStatusAction
6804:             1             24  org.opensearch.rest.action.admin.indices.RestValidateQueryAction
6805:             1             24  org.opensearch.rest.action.cat.RestAliasAction
6806:             1             24  org.opensearch.rest.action.cat.RestAllocationAction
6807:             1             24  org.opensearch.rest.action.cat.RestCatAction
6808:             1             24  org.opensearch.rest.action.cat.RestCatRecoveryAction
6809:             1             24  org.opensearch.rest.action.cat.RestCatSegmentReplicationAction
6810:             1             24  org.opensearch.rest.action.cat.RestClusterManagerAction
6811:             1             24  org.opensearch.rest.action.cat.RestCountAction
6812:             1             24  org.opensearch.rest.action.cat.RestFielddataAction
6813:             1             24  org.opensearch.rest.action.cat.RestHealthAction
6814:             1             24  org.opensearch.rest.action.cat.RestIndicesAction
6815:             1             24  org.opensearch.rest.action.cat.RestNodeAttrsAction
6816:             1             24  org.opensearch.rest.action.cat.RestNodesAction
6817:             1             24  org.opensearch.rest.action.cat.RestPendingClusterTasksAction
6818:             1             24  org.opensearch.rest.action.cat.RestPitSegmentsAction
6819:             1             24  org.opensearch.rest.action.cat.RestPluginsAction
6820:             1             24  org.opensearch.rest.action.cat.RestRepositoriesAction
6821:             1             24  org.opensearch.rest.action.cat.RestSegmentsAction
6822:             1             24  org.opensearch.rest.action.cat.RestShardsAction
6823:             1             24  org.opensearch.rest.action.cat.RestSnapshotAction
6824:             1             24  org.opensearch.rest.action.cat.RestTasksAction
6825:             1             24  org.opensearch.rest.action.cat.RestTemplatesAction
6826:             1             24  org.opensearch.rest.action.cat.RestThreadPoolAction
6827:             1             24  org.opensearch.rest.action.document.RestGetSourceAction
6828:             1             24  org.opensearch.rest.action.document.RestMultiTermVectorsAction
6829:             1             24  org.opensearch.rest.action.document.RestTermVectorsAction
6830:             1             24  org.opensearch.rest.action.ingest.RestDeletePipelineAction
6831:             1             24  org.opensearch.rest.action.ingest.RestGetPipelineAction
6832:             1             24  org.opensearch.rest.action.ingest.RestPutPipelineAction
6833:             1             24  org.opensearch.rest.action.ingest.RestSimulatePipelineAction
6834:             1             24  org.opensearch.rest.action.search.RestCountAction
6835:             1             24  org.opensearch.rest.action.search.RestCreatePitAction
6836:             1             24  org.opensearch.rest.action.search.RestDeletePitAction
6837:             1             24  org.opensearch.rest.action.search.RestDeleteSearchPipelineAction
6838:             1             24  org.opensearch.rest.action.search.RestExplainAction
6839:             1             24  org.opensearch.rest.action.search.RestGetAllPitsAction
6840:             1             24  org.opensearch.rest.action.search.RestGetSearchPipelineAction
6841:             1             24  org.opensearch.rest.action.search.RestMultiSearchAction
6842:             1             24  org.opensearch.rest.action.search.RestPutSearchPipelineAction
6843:             1             24  org.opensearch.script.ScriptService$CacheHolder
6844:             1             24  org.opensearch.script.mustache.MultiSearchTemplateAction
6845:             1             24  org.opensearch.script.mustache.RenderSearchTemplateAction
6846:             1             24  org.opensearch.script.mustache.RestMultiSearchTemplateAction
6847:             1             24  org.opensearch.script.mustache.RestRenderSearchTemplateAction
6848:             1             24  org.opensearch.script.mustache.RestSearchTemplateAction
6849:             1             24  org.opensearch.script.mustache.SearchTemplateAction
6850:             1             24  org.opensearch.search.MultiValueMode$1
6851:             1             24  org.opensearch.search.MultiValueMode$2
6852:             1             24  org.opensearch.search.MultiValueMode$3
6853:             1             24  org.opensearch.search.MultiValueMode$4
6854:             1             24  org.opensearch.search.MultiValueMode$5
6855:             1             24  org.opensearch.search.SearchService$$Lambda/0x00007fcd2934e6d0
6856:             1             24  org.opensearch.search.SearchSortValues
6857:             1             24  org.opensearch.search.aggregations.MultiBucketConsumerService
6858:             1             24  org.opensearch.search.aggregations.SearchContextAggregations
6859:             1             24  org.opensearch.search.aggregations.bucket.histogram.DateIntervalWrapper
6860:             1             24  org.opensearch.search.aggregations.matrix.stats.MatrixStatsParser
6861:             1             24  org.opensearch.search.aggregations.support.AggregationUsageService
6862:             1             24  org.opensearch.search.aggregations.support.CoreValuesSourceType$1
6863:             1             24  org.opensearch.search.aggregations.support.CoreValuesSourceType$2
6864:             1             24  org.opensearch.search.aggregations.support.CoreValuesSourceType$3
6865:             1             24  org.opensearch.search.aggregations.support.CoreValuesSourceType$4
6866:             1             24  org.opensearch.search.aggregations.support.CoreValuesSourceType$5
6867:             1             24  org.opensearch.search.aggregations.support.CoreValuesSourceType$6
6868:             1             24  org.opensearch.search.aggregations.support.CoreValuesSourceType$7
6869:             1             24  org.opensearch.search.aggregations.support.CoreValuesSourceType$7$1
6870:             1             24  org.opensearch.search.aggregations.support.CoreValuesSourceType$8
6871:             1             24  org.opensearch.search.aggregations.support.MultiValuesSourceParseHelper$$Lambda/0x00007fcd287aada0
6872:             1             24  org.opensearch.search.aggregations.support.ValuesSourceRegistry
6873:             1             24  org.opensearch.search.asynchronous.action.AsynchronousSearchStatsAction
6874:             1             24  org.opensearch.search.asynchronous.action.DeleteAsynchronousSearchAction
6875:             1             24  org.opensearch.search.asynchronous.action.GetAsynchronousSearchAction
6876:             1             24  org.opensearch.search.asynchronous.action.SubmitAsynchronousSearchAction
6877:             1             24  org.opensearch.search.asynchronous.context.active.AsynchronousSearchActiveStore
6878:             1             24  org.opensearch.search.asynchronous.plugin.AsynchronousSearchPlugin
6879:             1             24  org.opensearch.search.asynchronous.rest.RestAsynchronousSearchStatsAction
6880:             1             24  org.opensearch.search.asynchronous.rest.RestDeleteAsynchronousSearchAction
6881:             1             24  org.opensearch.search.asynchronous.rest.RestGetAsynchronousSearchAction
6882:             1             24  org.opensearch.search.asynchronous.rest.RestSubmitAsynchronousSearchAction
6883:             1             24  org.opensearch.search.asynchronous.service.AsynchronousSearchPersistenceService
6884:             1             24  org.opensearch.search.internal.ContextIndexSearcher$1
6885:             1             24  org.opensearch.search.internal.ReaderContext$1
6886:             1             24  org.opensearch.search.internal.ShardSearchContextId
6887:             1             24  org.opensearch.search.query.ConcurrentQueryPhaseSearcher
6888:             1             24  org.opensearch.search.query.QueryCollectorContext$5
6889:             1             24  org.opensearch.search.query.QueryPhase
6890:             1             24  org.opensearch.search.query.QueryPhase$$Lambda/0x00007fcd293c5de0
6891:             1             24  org.opensearch.search.query.TopDocsCollectorContext$EmptyTopDocsCollectorContext$$Lambda/0x00007fcd293c2258
6892:             1             24  org.opensearch.search.sort.SortOrder$1
6893:             1             24  org.opensearch.search.sort.SortOrder$2
6894:             1             24  org.opensearch.searchpipelines.questionanswering.generative.GenerativeQAResponseProcessor$Factory
6895:             1             24  org.opensearch.secure_sm.SecureSM
6896:             1             24  org.opensearch.security.OpenSearchSecurityPlugin$6$2
6897:             1             24  org.opensearch.security.action.configupdate.ConfigUpdateAction
6898:             1             24  org.opensearch.security.action.onbehalf.CreateOnBehalfOfTokenAction
6899:             1             24  org.opensearch.security.action.whoami.WhoAmIAction
6900:             1             24  org.opensearch.security.auditlog.config.AuditConfig
6901:             1             24  org.opensearch.security.auditlog.config.ThreadPoolConfig
6902:             1             24  org.opensearch.security.auditlog.routing.AsyncStoragePool
6903:             1             24  org.opensearch.security.auth.RolesInjector
6904:             1             24  org.opensearch.security.auth.internal.InternalAuthenticationBackend
6905:             1             24  org.opensearch.security.dlic.rest.api.ssl.CertificatesActionType
6906:             1             24  org.opensearch.security.rest.SecurityHealthAction
6907:             1             24  org.opensearch.security.securityconf.ConfigModelV7$1
6908:             1             24  org.opensearch.security.securityconf.ConfigModelV7$SecurityRoles
6909:             1             24  org.opensearch.security.securityconf.ConfigModelV7$TenantHolder
6910:             1             24  org.opensearch.security.securityconf.DynamicConfigFactory$InternalUsersModelV7
6911:             1             24  org.opensearch.security.securityconf.impl.AllowlistingSettings
6912:             1             24  org.opensearch.security.securityconf.impl.v7.RoleV7$Tenant
6913:             1             24  org.opensearch.security.securityconf.impl.v7.TenantV7
6914:             1             24  org.opensearch.security.setting.TransportPassiveAuthSetting
6915:             1             24  org.opensearch.security.support.SecurityIndexHandler
6916:             1             24  org.opensearch.security.support.StreamableRegistry
6917:             1             24  org.opensearch.security.support.StreamableRegistry$Entry
6918:             1             24  org.opensearch.securityanalytics.action.AckAlertsAction
6919:             1             24  org.opensearch.securityanalytics.action.AckCorrelationAlertsAction
6920:             1             24  org.opensearch.securityanalytics.action.CorrelatedFindingAction
6921:             1             24  org.opensearch.securityanalytics.action.CreateIndexMappingsAction
6922:             1             24  org.opensearch.securityanalytics.action.DeleteCorrelationRuleAction
6923:             1             24  org.opensearch.securityanalytics.action.DeleteCustomLogTypeAction
6924:             1             24  org.opensearch.securityanalytics.action.DeleteDetectorAction
6925:             1             24  org.opensearch.securityanalytics.action.DeleteRuleAction
6926:             1             24  org.opensearch.securityanalytics.action.GetAlertsAction
6927:             1             24  org.opensearch.securityanalytics.action.GetAllRuleCategoriesAction
6928:             1             24  org.opensearch.securityanalytics.action.GetCorrelationAlertsAction
6929:             1             24  org.opensearch.securityanalytics.action.GetDetectorAction
6930:             1             24  org.opensearch.securityanalytics.action.GetFindingsAction
6931:             1             24  org.opensearch.securityanalytics.action.GetIndexMappingsAction
6932:             1             24  org.opensearch.securityanalytics.action.GetMappingsViewAction
6933:             1             24  org.opensearch.securityanalytics.action.IndexCorrelationRuleAction
6934:             1             24  org.opensearch.securityanalytics.action.IndexCustomLogTypeAction
6935:             1             24  org.opensearch.securityanalytics.action.IndexDetectorAction
6936:             1             24  org.opensearch.securityanalytics.action.IndexRuleAction
6937:             1             24  org.opensearch.securityanalytics.action.ListCorrelationsAction
6938:             1             24  org.opensearch.securityanalytics.action.SearchCorrelationRuleAction
6939:             1             24  org.opensearch.securityanalytics.action.SearchCustomLogTypeAction
6940:             1             24  org.opensearch.securityanalytics.action.SearchDetectorAction
6941:             1             24  org.opensearch.securityanalytics.action.SearchRuleAction
6942:             1             24  org.opensearch.securityanalytics.action.UpdateIndexMappingsAction
6943:             1             24  org.opensearch.securityanalytics.action.ValidateRulesAction
6944:             1             24  org.opensearch.securityanalytics.correlation.alert.CorrelationAlertService
6945:             1             24  org.opensearch.securityanalytics.correlation.index.codec.correlation950.CorrelationCodec950
6946:             1             24  org.opensearch.securityanalytics.correlation.index.codec.correlation990.CorrelationCodec990
6947:             1             24  org.opensearch.securityanalytics.resthandler.RestAcknowledgeAlertsAction
6948:             1             24  org.opensearch.securityanalytics.resthandler.RestAcknowledgeCorrelationAlertsAction
6949:             1             24  org.opensearch.securityanalytics.resthandler.RestCreateIndexMappingsAction
6950:             1             24  org.opensearch.securityanalytics.resthandler.RestDeleteCorrelationRuleAction
6951:             1             24  org.opensearch.securityanalytics.resthandler.RestDeleteCustomLogTypeAction
6952:             1             24  org.opensearch.securityanalytics.resthandler.RestDeleteDetectorAction
6953:             1             24  org.opensearch.securityanalytics.resthandler.RestDeleteRuleAction
6954:             1             24  org.opensearch.securityanalytics.resthandler.RestGetAlertsAction
6955:             1             24  org.opensearch.securityanalytics.resthandler.RestGetAllRuleCategoriesAction
6956:             1             24  org.opensearch.securityanalytics.resthandler.RestGetCorrelationsAlertsAction
6957:             1             24  org.opensearch.securityanalytics.resthandler.RestGetDetectorAction
6958:             1             24  org.opensearch.securityanalytics.resthandler.RestGetFindingsAction
6959:             1             24  org.opensearch.securityanalytics.resthandler.RestGetIndexMappingsAction
6960:             1             24  org.opensearch.securityanalytics.resthandler.RestGetMappingsViewAction
6961:             1             24  org.opensearch.securityanalytics.resthandler.RestIndexCorrelationRuleAction
6962:             1             24  org.opensearch.securityanalytics.resthandler.RestIndexCustomLogTypeAction
6963:             1             24  org.opensearch.securityanalytics.resthandler.RestIndexDetectorAction
6964:             1             24  org.opensearch.securityanalytics.resthandler.RestIndexRuleAction
6965:             1             24  org.opensearch.securityanalytics.resthandler.RestListCorrelationAction
6966:             1             24  org.opensearch.securityanalytics.resthandler.RestSearchCorrelationAction
6967:             1             24  org.opensearch.securityanalytics.resthandler.RestSearchCorrelationRuleAction
6968:             1             24  org.opensearch.securityanalytics.resthandler.RestSearchCustomLogTypeAction
6969:             1             24  org.opensearch.securityanalytics.resthandler.RestSearchDetectorAction
6970:             1             24  org.opensearch.securityanalytics.resthandler.RestSearchRuleAction
6971:             1             24  org.opensearch.securityanalytics.resthandler.RestUpdateIndexMappingsAction
6972:             1             24  org.opensearch.securityanalytics.resthandler.RestValidateRulesAction
6973:             1             24  org.opensearch.securityanalytics.threatIntel.DetectorThreatIntelService
6974:             1             24  org.opensearch.securityanalytics.threatIntel.action.PutTIFJobAction
6975:             1             24  org.opensearch.securityanalytics.threatIntel.common.TIFLockService
6976:             1             24  org.opensearch.securityanalytics.threatIntel.jobscheduler.TIFJobParameterService
6977:             1             24  org.opensearch.securityanalytics.util.CorrelationIndices
6978:             1             24  org.opensearch.securityanalytics.util.CorrelationRuleIndices
6979:             1             24  org.opensearch.securityanalytics.util.CustomLogTypeIndices
6980:             1             24  org.opensearch.securityanalytics.util.DetectorIndices
6981:             1             24  org.opensearch.securityanalytics.util.RuleTopicIndices
6982:             1             24  org.opensearch.securityanalytics.util.RuleValidator
6983:             1             24  org.opensearch.snapshots.SnapshotsService$OngoingRepositoryOperations
6984:             1             24  org.opensearch.sql.datasources.rest.RestDataSourceQueryAction
6985:             1             24  org.opensearch.sql.datasources.service.DataSourceLoaderCacheImpl
6986:             1             24  org.opensearch.sql.datasources.service.DataSourceServiceImpl
6987:             1             24  org.opensearch.sql.datasources.storage.OpenSearchDataSourceMetadataStorage
6988:             1             24  org.opensearch.sql.legacy.plugin.RestSQLQueryAction
6989:             1             24  org.opensearch.sql.legacy.plugin.RestSqlStatsAction
6990:             1             24  org.opensearch.sql.opensearch.storage.OpenSearchDataSourceFactory
6991:             1             24  org.opensearch.sql.plugin.rest.RestPPLQueryAction
6992:             1             24  org.opensearch.sql.plugin.rest.RestPPLStatsAction
6993:             1             24  org.opensearch.sql.plugin.rest.RestQuerySettingsAction
6994:             1             24  org.opensearch.sql.plugin.transport.TransportPPLQueryAction$$Lambda/0x00007fcd28ea4fc8
6995:             1             24  org.opensearch.sql.spark.asyncquery.AsyncQueryExecutorServiceImpl
6996:             1             24  org.opensearch.sql.spark.execution.statestore.StateStore
6997:             1             24  org.opensearch.sql.spark.execution.statestore.StateStore$$Lambda/0x00007fcd28bb9cd8
6998:             1             24  org.opensearch.sql.spark.execution.statestore.StateStore$$Lambda/0x00007fcd28bb9ef8
6999:             1             24  org.opensearch.sql.spark.rest.RestAsyncQueryManagementAction
7000:             1             24  org.opensearch.sql.spark.storage.SparkStorageFactory
7001:             1             24  org.opensearch.systemd.SystemdPlugin
7002:             1             24  org.opensearch.tasks.CancellableTask$CancelledInfo
7003:             1             24  org.opensearch.tasks.TaskCancellationService
7004:             1             24  org.opensearch.tasks.TaskManager$$Lambda/0x00007fcd292dc8a0
7005:             1             24  org.opensearch.tasks.TaskManager$1
7006:             1             24  org.opensearch.tasks.TaskResultsService
7007:             1             24  org.opensearch.threadpool.TaskAwareRunnable
7008:             1             24  org.opensearch.timeseries.breaker.CircuitBreakerService
7009:             1             24  org.opensearch.timeseries.breaker.MemoryCircuitBreaker
7010:             1             24  org.opensearch.timeseries.cluster.ClusterEventListener
7011:             1             24  org.opensearch.timeseries.settings.TimeSeriesEnabledSetting
7012:             1             24  org.opensearch.timeseries.util.DiscoveryNodeFilterer
7013:             1             24  org.opensearch.timeseries.util.IndexUtils
7014:             1             24  org.opensearch.transport.ClusterConnectionManager$1
7015:             1             24  org.opensearch.transport.InboundAggregator$BreakerControl
7016:             1             24  org.opensearch.transport.OutboundHandler
7017:             1             24  org.opensearch.transport.RequestHandlerRegistry$$Lambda/0x00007fcd29199060
7018:             1             24  org.opensearch.transport.SharedGroupFactory$RefCountedGroup
7019:             1             24  org.opensearch.transport.StatsTracker
7020:             1             24  org.opensearch.transport.TaskTransportChannel
7021:             1             24  org.opensearch.transport.TcpTransport$$Lambda/0x00007fcd28cb1398
7022:             1             24  org.opensearch.transport.Transport$ResponseHandlers
7023:             1             24  org.opensearch.transport.TransportService$HandshakeRequest
7024:             1             24  org.opensearch.transport.netty4.Netty4TcpServerChannel
7025:             1             24  org.opensearch.transport.netty4.Netty4Transport$ServerChannelExceptionHandler
7026:             1             24  org.reflections.vfs.Vfs$DefaultUrlTypes$1
7027:             1             24  org.reflections.vfs.Vfs$DefaultUrlTypes$2
7028:             1             24  org.reflections.vfs.Vfs$DefaultUrlTypes$3
7029:             1             24  org.reflections.vfs.Vfs$DefaultUrlTypes$4
7030:             1             24  org.reflections.vfs.Vfs$DefaultUrlTypes$5
7031:             1             24  org.reflections.vfs.Vfs$DefaultUrlTypes$6
7032:             1             24  org.reflections.vfs.Vfs$DefaultUrlTypes$7
7033:             1             24  org.slf4j.helpers.FormattingTuple
7034:             1             24  org.slf4j.helpers.SubstituteLoggerFactory
7035:             1             24  org.slf4j.helpers.SubstituteLoggerFactory
7036:             1             24  org.slf4j.helpers.SubstituteLoggerFactory
7037:             1             24  org.yaml.snakeyaml.external.com.google.gdata.util.common.base.PercentEscaper
7038:             1             24  sun.management.CompilationImpl (java.management@21.0.3)
7039:             1             24  sun.management.ManagementFactoryHelper$LoggingMXBeanAccess (java.management@21.0.3)
7040:             1             24  sun.management.ManagementFactoryHelper$PlatformLoggingImpl (java.management@21.0.3)
7041:             1             24  sun.management.MemoryImpl (java.management@21.0.3)
7042:             1             24  sun.management.RuntimeImpl (java.management@21.0.3)
7043:             1             24  sun.management.VMManagementImpl (java.management@21.0.3)
7044:             1             24  sun.net.sdp.SdpProvider (java.base@21.0.3)
7045:             1             24  sun.net.www.protocol.http.Handler (java.base@21.0.3)
7046:             1             24  sun.nio.cs.ISO_8859_1 (java.base@21.0.3)
7047:             1             24  sun.nio.cs.StandardCharsets (java.base@21.0.3)
7048:             1             24  sun.nio.cs.ThreadLocalCoders$1 (java.base@21.0.3)
7049:             1             24  sun.nio.cs.ThreadLocalCoders$2 (java.base@21.0.3)
7050:             1             24  sun.nio.cs.US_ASCII (java.base@21.0.3)
7051:             1             24  sun.nio.cs.UTF_16 (java.base@21.0.3)
7052:             1             24  sun.nio.cs.UTF_16BE (java.base@21.0.3)
7053:             1             24  sun.nio.cs.UTF_16LE (java.base@21.0.3)
7054:             1             24  sun.nio.cs.UTF_8 (java.base@21.0.3)
7055:             1             24  sun.security.provider.DSAParameters (java.base@21.0.3)
7056:             1             24  sun.security.util.LegacyAlgorithmConstraints (java.base@21.0.3)
7057:             1             24  sun.security.validator.CADistrustPolicy$1 (java.base@21.0.3)
7058:             1             24  sun.util.calendar.LocalGregorianCalendar (java.base@21.0.3)
7059:             1             24  sun.util.locale.BaseLocale$Cache (java.base@21.0.3)
7060:             1             24  sun.util.locale.provider.BreakIteratorProviderImpl (java.base@21.0.3)
7061:             1             24  sun.util.locale.provider.CalendarDataProviderImpl (java.base@21.0.3)
7062:             1             24  sun.util.locale.provider.CalendarProviderImpl (java.base@21.0.3)
7063:             1             24  sun.util.locale.provider.DateFormatSymbolsProviderImpl (java.base@21.0.3)
7064:             1             24  sun.util.locale.provider.DecimalFormatSymbolsProviderImpl (java.base@21.0.3)
7065:             1             24  sun.util.locale.provider.LocaleServiceProviderPool (java.base@21.0.3)
7066:             1             24  sun.util.locale.provider.NumberFormatProviderImpl (java.base@21.0.3)
7067:             1             16  [Lcom.fasterxml.jackson.databind.AbstractTypeResolver;
7068:             1             16  [Lcom.fasterxml.jackson.databind.AbstractTypeResolver;
7069:             1             16  [Lcom.fasterxml.jackson.databind.AbstractTypeResolver;
7070:             1             16  [Lcom.fasterxml.jackson.databind.deser.BeanDeserializerModifier;
7071:             1             16  [Lcom.fasterxml.jackson.databind.deser.BeanDeserializerModifier;
7072:             1             16  [Lcom.fasterxml.jackson.databind.deser.BeanDeserializerModifier;
7073:             1             16  [Lcom.fasterxml.jackson.databind.deser.ValueInstantiators;
7074:             1             16  [Lcom.fasterxml.jackson.databind.deser.ValueInstantiators;
7075:             1             16  [Lcom.fasterxml.jackson.databind.deser.ValueInstantiators;
7076:             1             16  [Lcom.fasterxml.jackson.databind.ser.BeanSerializerModifier;
7077:             1             16  [Lcom.fasterxml.jackson.databind.ser.BeanSerializerModifier;
7078:             1             16  [Lcom.fasterxml.jackson.databind.ser.BeanSerializerModifier;
7079:             1             16  [Lcom.fasterxml.jackson.databind.ser.Serializers;
7080:             1             16  [Lcom.fasterxml.jackson.databind.ser.Serializers;
7081:             1             16  [Lcom.fasterxml.jackson.databind.ser.Serializers;
7082:             1             16  [Lcom.fasterxml.jackson.databind.util.ClassUtil$Ctor;
7083:             1             16  [Lcom.fasterxml.jackson.databind.util.ClassUtil$Ctor;
7084:             1             16  [Lcom.fasterxml.jackson.databind.util.ClassUtil$Ctor;
7085:             1             16  [Lio.netty.util.AsciiString;
7086:             1             16  [Ljava.lang.ClassLoader; (java.base@21.0.3)
7087:             1             16  [Ljava.lang.management.LockInfo; (java.management@21.0.3)
7088:             1             16  [Ljava.lang.management.MonitorInfo; (java.management@21.0.3)
7089:             1             16  [Ljava.lang.reflect.Field; (java.base@21.0.3)
7090:             1             16  [Ljava.nio.file.attribute.FileAttribute; (java.base@21.0.3)
7091:             1             16  [Ljava.security.Provider; (java.base@21.0.3)
7092:             1             16  [Ljava.text.FieldPosition; (java.base@21.0.3)
7093:             1             16  [Ljava.util.logging.Handler; (java.logging@21.0.3)
7094:             1             16  [Ljavax.security.cert.X509Certificate; (java.base@21.0.3)
7095:             1             16  [Ljoptsimple.util.PathProperties;
7096:             1             16  [Lkotlin.reflect.KClass;
7097:             1             16  [Lorg.apache.commons.lang3.tuple.ImmutablePair;
7098:             1             16  [Lorg.apache.commons.lang3.tuple.ImmutablePair;
7099:             1             16  [Lorg.apache.commons.lang3.tuple.ImmutablePair;
7100:             1             16  [Lorg.apache.commons.lang3.tuple.Pair$PairAdapter;
7101:             1             16  [Lorg.apache.commons.lang3.tuple.Pair;
7102:             1             16  [Lorg.apache.commons.lang3.tuple.Pair;
7103:             1             16  [Lorg.apache.logging.log4j.Level;
7104:             1             16  [Lorg.apache.logging.log4j.core.Appender;
7105:             1             16  [Lorg.apache.logging.log4j.core.impl.ExtendedStackTraceElement;
7106:             1             16  [Lorg.apache.logging.log4j.core.impl.ThrowableProxy;
7107:             1             16  [Lorg.apache.logging.log4j.spi.LoggerContext;
7108:             1             16  [Lorg.apache.lucene.codecs.PostingsFormat;
7109:             1             16  [Lorg.apache.lucene.index.Fields;
7110:             1             16  [Lorg.apache.lucene.index.ReaderSlice;
7111:             1             16  [Lorg.apache.lucene.index.Term;
7112:             1             16  [Lorg.apache.lucene.index.Terms;
7113:             1             16  [Lorg.apache.lucene.index.TermsEnumIndex;
7114:             1             16  [Lorg.apache.lucene.search.TermStatistics;
7115:             1             16  [Lorg.bouncycastle.asn1.ASN1Encodable;
7116:             1             16  [Lorg.jcodings.CaseFoldCodeItem;
7117:             1             16  [Lorg.locationtech.jts.geom.LinearRing;
7118:             1             16  [Lorg.opensearch.action.bulk.BulkItemResponse;
7119:             1             16  [Lorg.opensearch.action.search.ShardSearchFailure;
7120:             1             16  [Lorg.opensearch.action.support.replication.ReplicationResponse$ShardInfo$Failure;
7121:             1             16  [Lorg.opensearch.common.lease.Releasables;
7122:             1             16  [Lorg.opensearch.common.recycler.Recyclers;
7123:             1             16  [Lorg.opensearch.common.unit.MemorySizeValue;
7124:             1             16  [Lorg.opensearch.core.common.text.Text;
7125:             1             16  [Lorg.opensearch.core.index.Index;
7126:             1             16  [Lorg.opensearch.index.fielddata.FieldData;
7127:             1             16  [Lorg.opensearch.index.fielddata.ordinals.GlobalOrdinalsBuilder;
7128:             1             16  [Lorg.opensearch.index.translog.Translog$Operation;
7129:             1             16  [[Lorg.locationtech.jts.geom.Coordinate;
7130:             1             16  com.amazon.randomcutforest.parkservices.state.RCFCasterMapper
7131:             1             16  com.amazon.randomcutforest.parkservices.state.ThresholdedRandomCutForestMapper
7132:             1             16  com.amazon.randomcutforest.serialize.json.v1.V1JsonToV3StateConverter
7133:             1             16  com.fasterxml.jackson.annotation.JsonIncludeProperties$Value
7134:             1             16  com.fasterxml.jackson.core.io.JsonStringEncoder
7135:             1             16  com.fasterxml.jackson.core.util.DefaultPrettyPrinter$FixedSpaceIndenter
7136:             1             16  com.fasterxml.jackson.core.util.DefaultPrettyPrinter$NopIndenter
7137:             1             16  com.fasterxml.jackson.core.util.JsonRecyclerPools$ThreadLocalPool
7138:             1             16  com.fasterxml.jackson.databind.InjectableValues$Std
7139:             1             16  com.fasterxml.jackson.databind.deser.BeanDeserializerFactory
7140:             1             16  com.fasterxml.jackson.databind.deser.BeanDeserializerFactory
7141:             1             16  com.fasterxml.jackson.databind.deser.BeanDeserializerFactory
7142:             1             16  com.fasterxml.jackson.databind.deser.impl.JDKValueInstantiators$ArrayListInstantiator
7143:             1             16  com.fasterxml.jackson.databind.deser.impl.JDKValueInstantiators$HashSetInstantiator
7144:             1             16  com.fasterxml.jackson.databind.deser.impl.JDKValueInstantiators$LinkedHashMapInstantiator
7145:             1             16  com.fasterxml.jackson.databind.deser.std.StdKeyDeserializers
7146:             1             16  com.fasterxml.jackson.databind.deser.std.StdKeyDeserializers
7147:             1             16  com.fasterxml.jackson.databind.deser.std.StdKeyDeserializers
7148:             1             16  com.fasterxml.jackson.databind.ext.Java7HandlersImpl
7149:             1             16  com.fasterxml.jackson.databind.ext.Java7SupportImpl
7150:             1             16  com.fasterxml.jackson.databind.ext.Java7SupportImpl
7151:             1             16  com.fasterxml.jackson.databind.ext.Java7SupportImpl
7152:             1             16  com.fasterxml.jackson.databind.introspect.AnnotationCollector$EmptyCollector
7153:             1             16  com.fasterxml.jackson.databind.introspect.AnnotationCollector$NoAnnotations
7154:             1             16  com.fasterxml.jackson.databind.introspect.AnnotationCollector$NoAnnotations
7155:             1             16  com.fasterxml.jackson.databind.introspect.AnnotationCollector$NoAnnotations
7156:             1             16  com.fasterxml.jackson.databind.introspect.BasicClassIntrospector
7157:             1             16  com.fasterxml.jackson.databind.jsontype.impl.LaissezFaireSubTypeValidator
7158:             1             16  com.fasterxml.jackson.databind.jsontype.impl.LaissezFaireSubTypeValidator
7159:             1             16  com.fasterxml.jackson.databind.jsontype.impl.LaissezFaireSubTypeValidator
7160:             1             16  com.fasterxml.jackson.databind.jsontype.impl.StdSubtypeResolver
7161:             1             16  com.fasterxml.jackson.databind.jsontype.impl.SubTypeValidator
7162:             1             16  com.fasterxml.jackson.databind.node.JsonNodeFactory
7163:             1             16  com.fasterxml.jackson.databind.node.JsonNodeFactory
7164:             1             16  com.fasterxml.jackson.databind.node.JsonNodeFactory
7165:             1             16  com.fasterxml.jackson.databind.node.TextNode
7166:             1             16  com.fasterxml.jackson.databind.ser.BeanSerializerFactory
7167:             1             16  com.fasterxml.jackson.databind.ser.BeanSerializerFactory
7168:             1             16  com.fasterxml.jackson.databind.ser.BeanSerializerFactory
7169:             1             16  com.fasterxml.jackson.databind.ser.impl.UnknownSerializer
7170:             1             16  com.fasterxml.jackson.databind.ser.impl.UnknownSerializer
7171:             1             16  com.fasterxml.jackson.databind.ser.impl.UnknownSerializer
7172:             1             16  com.fasterxml.jackson.databind.ser.std.NullSerializer
7173:             1             16  com.fasterxml.jackson.databind.ser.std.NullSerializer
7174:             1             16  com.fasterxml.jackson.databind.ser.std.NullSerializer
7175:             1             16  com.fasterxml.jackson.databind.ser.std.SerializableSerializer
7176:             1             16  com.fasterxml.jackson.databind.ser.std.StdKeySerializer
7177:             1             16  com.fasterxml.jackson.databind.ser.std.StdKeySerializers$StringKeySerializer
7178:             1             16  com.fasterxml.jackson.databind.ser.std.StringSerializer
7179:             1             16  com.fasterxml.jackson.databind.ser.std.StringSerializer
7180:             1             16  com.fasterxml.jackson.databind.ser.std.StringSerializer
7181:             1             16  com.fasterxml.jackson.databind.type.TypeParser
7182:             1             16  com.fasterxml.jackson.databind.type.TypeParser
7183:             1             16  com.fasterxml.jackson.databind.type.TypeParser
7184:             1             16  com.fasterxml.jackson.databind.util.RootNameLookup
7185:             1             16  com.fasterxml.jackson.dataformat.yaml.util.StringQuotingChecker$Default
7186:             1             16  com.google.common.base.Absent
7187:             1             16  com.google.common.base.Equivalence$Equals
7188:             1             16  com.google.common.base.Equivalence$Equals
7189:             1             16  com.google.common.base.Equivalence$Equals
7190:             1             16  com.google.common.base.Equivalence$Equals
7191:             1             16  com.google.common.base.Platform$JdkPatternCompiler
7192:             1             16  com.google.common.base.Suppliers$SupplierOfInstance
7193:             1             16  com.google.common.base.Suppliers$SupplierOfInstance
7194:             1             16  com.google.common.base.Suppliers$SupplierOfInstance
7195:             1             16  com.google.common.base.Suppliers$SupplierOfInstance
7196:             1             16  com.google.common.base.Ticker$1
7197:             1             16  com.google.common.base.Ticker$1
7198:             1             16  com.google.common.base.Ticker$1
7199:             1             16  com.google.common.base.Ticker$1
7200:             1             16  com.google.common.cache.CacheBuilder$$Lambda/0x00007fcd28b0c3b8
7201:             1             16  com.google.common.cache.CacheBuilder$1
7202:             1             16  com.google.common.cache.CacheBuilder$1
7203:             1             16  com.google.common.cache.CacheBuilder$1
7204:             1             16  com.google.common.cache.CacheBuilder$1
7205:             1             16  com.google.common.cache.CacheBuilder$2
7206:             1             16  com.google.common.cache.CacheBuilder$2
7207:             1             16  com.google.common.cache.CacheBuilder$2
7208:             1             16  com.google.common.cache.CacheBuilder$2
7209:             1             16  com.google.common.cache.CacheBuilder$3
7210:             1             16  com.google.common.cache.CacheBuilder$3
7211:             1             16  com.google.common.cache.CacheBuilder$3
7212:             1             16  com.google.common.cache.LocalCache$1
7213:             1             16  com.google.common.cache.LocalCache$1
7214:             1             16  com.google.common.cache.LocalCache$1
7215:             1             16  com.google.common.cache.LocalCache$1
7216:             1             16  com.google.common.cache.LocalCache$2
7217:             1             16  com.google.common.cache.LocalCache$2
7218:             1             16  com.google.common.cache.LocalCache$2
7219:             1             16  com.google.common.cache.LocalCache$2
7220:             1             16  com.google.common.cache.LocalCache$AccessQueue
7221:             1             16  com.google.common.cache.LocalCache$LocalManualCache
7222:             1             16  com.google.common.cache.LocalCache$LocalManualCache
7223:             1             16  com.google.common.cache.LongAddables$2
7224:             1             16  com.google.common.collect.CollectCollectors$$Lambda/0x00007fcd28930000
7225:             1             16  com.google.common.collect.CollectCollectors$$Lambda/0x00007fcd28930218
7226:             1             16  com.google.common.collect.CollectCollectors$$Lambda/0x00007fcd28930440
7227:             1             16  com.google.common.collect.CollectCollectors$$Lambda/0x00007fcd28930680
7228:             1             16  com.google.common.collect.CollectCollectors$$Lambda/0x00007fcd28930b28
7229:             1             16  com.google.common.collect.CollectCollectors$$Lambda/0x00007fcd28930d40
7230:             1             16  com.google.common.collect.CollectCollectors$$Lambda/0x00007fcd28930f68
7231:             1             16  com.google.common.collect.CollectCollectors$$Lambda/0x00007fcd289311a8
7232:             1             16  com.google.common.collect.CollectCollectors$$Lambda/0x00007fcd28934d08
7233:             1             16  com.google.common.collect.CollectCollectors$$Lambda/0x00007fcd289353a0
7234:             1             16  com.google.common.collect.CollectCollectors$$Lambda/0x00007fcd289355c8
7235:             1             16  com.google.common.collect.CollectCollectors$$Lambda/0x00007fcd28935808
7236:             1             16  com.google.common.collect.CollectCollectors$$Lambda/0x00007fcd28935a40
7237:             1             16  com.google.common.collect.CollectCollectors$$Lambda/0x00007fcd28935e88
7238:             1             16  com.google.common.collect.CollectCollectors$$Lambda/0x00007fcd289360c8
7239:             1             16  com.google.common.collect.CollectCollectors$$Lambda/0x00007fcd292617a0
7240:             1             16  com.google.common.collect.CollectCollectors$$Lambda/0x00007fcd29261be8
7241:             1             16  com.google.common.collect.CollectCollectors$$Lambda/0x00007fcd29261e28
7242:             1             16  com.google.common.collect.CollectCollectors$$Lambda/0x00007fcd29262060
7243:             1             16  com.google.common.collect.MultimapBuilder$HashSetSupplier
7244:             1             16  com.google.common.collect.Tables$1
7245:             1             16  com.google.common.io.ByteStreams$1
7246:             1             16  com.google.common.io.Closer$SuppressingSuppressor
7247:             1             16  com.google.gson.Gson$4
7248:             1             16  com.google.gson.Gson$5
7249:             1             16  com.google.gson.JsonParser
7250:             1             16  com.google.gson.internal.bind.ArrayTypeAdapter$1
7251:             1             16  com.google.gson.internal.bind.CollectionTypeAdapterFactory
7252:             1             16  com.google.gson.internal.bind.DateTypeAdapter$1
7253:             1             16  com.google.gson.internal.bind.DefaultDateTypeAdapter$DateType$1
7254:             1             16  com.google.gson.internal.bind.JsonAdapterAnnotationTypeAdapterFactory
7255:             1             16  com.google.gson.internal.bind.NumberTypeAdapter
7256:             1             16  com.google.gson.internal.bind.NumberTypeAdapter$1
7257:             1             16  com.google.gson.internal.bind.ObjectTypeAdapter$1
7258:             1             16  com.google.gson.internal.bind.TypeAdapters$1
7259:             1             16  com.google.gson.internal.bind.TypeAdapters$10
7260:             1             16  com.google.gson.internal.bind.TypeAdapters$11
7261:             1             16  com.google.gson.internal.bind.TypeAdapters$12
7262:             1             16  com.google.gson.internal.bind.TypeAdapters$13
7263:             1             16  com.google.gson.internal.bind.TypeAdapters$14
7264:             1             16  com.google.gson.internal.bind.TypeAdapters$15
7265:             1             16  com.google.gson.internal.bind.TypeAdapters$16
7266:             1             16  com.google.gson.internal.bind.TypeAdapters$17
7267:             1             16  com.google.gson.internal.bind.TypeAdapters$18
7268:             1             16  com.google.gson.internal.bind.TypeAdapters$19
7269:             1             16  com.google.gson.internal.bind.TypeAdapters$2
7270:             1             16  com.google.gson.internal.bind.TypeAdapters$20
7271:             1             16  com.google.gson.internal.bind.TypeAdapters$21
7272:             1             16  com.google.gson.internal.bind.TypeAdapters$22
7273:             1             16  com.google.gson.internal.bind.TypeAdapters$23
7274:             1             16  com.google.gson.internal.bind.TypeAdapters$24
7275:             1             16  com.google.gson.internal.bind.TypeAdapters$25
7276:             1             16  com.google.gson.internal.bind.TypeAdapters$26
7277:             1             16  com.google.gson.internal.bind.TypeAdapters$27
7278:             1             16  com.google.gson.internal.bind.TypeAdapters$28
7279:             1             16  com.google.gson.internal.bind.TypeAdapters$3
7280:             1             16  com.google.gson.internal.bind.TypeAdapters$4
7281:             1             16  com.google.gson.internal.bind.TypeAdapters$5
7282:             1             16  com.google.gson.internal.bind.TypeAdapters$6
7283:             1             16  com.google.gson.internal.bind.TypeAdapters$7
7284:             1             16  com.google.gson.internal.bind.TypeAdapters$8
7285:             1             16  com.google.gson.internal.bind.TypeAdapters$9
7286:             1             16  com.google.gson.internal.sql.SqlDateTypeAdapter$1
7287:             1             16  com.google.gson.internal.sql.SqlTimeTypeAdapter$1
7288:             1             16  com.google.gson.internal.sql.SqlTimestampTypeAdapter$1
7289:             1             16  com.google.gson.internal.sql.SqlTypesSupport$1
7290:             1             16  com.google.gson.internal.sql.SqlTypesSupport$2
7291:             1             16  com.sun.jmx.interceptor.DefaultMBeanServerInterceptor$ResourceContext$1 (java.management@21.0.3)
7292:             1             16  com.sun.jmx.mbeanserver.DefaultMXBeanMappingFactory (java.management@21.0.3)
7293:             1             16  com.sun.jmx.mbeanserver.DescriptorCache (java.management@21.0.3)
7294:             1             16  com.sun.jmx.mbeanserver.MBeanAnalyzer$MethodOrder (java.management@21.0.3)
7295:             1             16  com.sun.jmx.mbeanserver.MBeanInstantiator (java.management@21.0.3)
7296:             1             16  com.sun.jmx.mbeanserver.MXBeanIntrospector (java.management@21.0.3)
7297:             1             16  com.sun.jmx.mbeanserver.SecureClassLoaderRepository (java.management@21.0.3)
7298:             1             16  com.sun.jna.JNIEnv
7299:             1             16  com.sun.jna.Native$1
7300:             1             16  com.sun.jna.Native$2
7301:             1             16  com.sun.jna.Native$7
7302:             1             16  com.sun.jna.NativeLibrary$1
7303:             1             16  com.sun.jna.Structure$1
7304:             1             16  com.sun.jna.Structure$2
7305:             1             16  com.sun.jna.VarArgsChecker$RealVarArgsChecker
7306:             1             16  com.sun.management.internal.HotSpotDiagnostic (jdk.management@21.0.3)
7307:             1             16  com.sun.management.internal.PlatformMBeanProviderImpl$$Lambda/0x00007fcd2807be10 (jdk.management@21.0.3)
7308:             1             16  com.sun.management.internal.PlatformMBeanProviderImpl$1 (jdk.management@21.0.3)
7309:             1             16  com.sun.management.internal.PlatformMBeanProviderImpl$3 (jdk.management@21.0.3)
7310:             1             16  com.sun.management.internal.PlatformMBeanProviderImpl$4 (jdk.management@21.0.3)
7311:             1             16  com.sun.proxy.jdk.proxy1.$Proxy28 (jdk.proxy1)
7312:             1             16  io.github.resilience4j.core.predicate.PredicateCreator$$Lambda/0x00007fcd28b91c50
7313:             1             16  io.github.resilience4j.core.predicate.PredicateCreator$$Lambda/0x00007fcd28b91e88
7314:             1             16  io.github.resilience4j.core.predicate.PredicateCreator$$Lambda/0x00007fcd28b92778
7315:             1             16  io.github.resilience4j.retry.RetryConfig$$Lambda/0x00007fcd28b90ce0
7316:             1             16  io.github.resilience4j.retry.RetryConfig$$Lambda/0x00007fcd28b90f30
7317:             1             16  io.github.resilience4j.retry.internal.RetryImpl$$Lambda/0x00007fcd28b98ec8
7318:             1             16  io.netty.bootstrap.BootstrapConfig
7319:             1             16  io.netty.bootstrap.ChannelInitializerExtensions$EmptyExtensions
7320:             1             16  io.netty.buffer.AbstractReferenceCountedByteBuf$1
7321:             1             16  io.netty.buffer.ByteBufUtil$1
7322:             1             16  io.netty.buffer.ByteBufUtil$2
7323:             1             16  io.netty.buffer.CompositeByteBuf$1
7324:             1             16  io.netty.buffer.CompositeByteBuf$2
7325:             1             16  io.netty.buffer.PoolThreadCache$MemoryRegionCache$1
7326:             1             16  io.netty.buffer.PooledHeapByteBuf$1
7327:             1             16  io.netty.channel.AbstractChannelHandlerContext$WriteTask$1
7328:             1             16  io.netty.channel.ChannelFutureListener$1
7329:             1             16  io.netty.channel.ChannelFutureListener$2
7330:             1             16  io.netty.channel.ChannelFutureListener$3
7331:             1             16  io.netty.channel.ChannelHandlerMask$1
7332:             1             16  io.netty.channel.ChannelOutboundBuffer$1
7333:             1             16  io.netty.channel.ChannelOutboundBuffer$Entry$1
7334:             1             16  io.netty.channel.DefaultChannelPipeline$1
7335:             1             16  io.netty.channel.DefaultMessageSizeEstimator
7336:             1             16  io.netty.channel.DefaultMessageSizeEstimator$HandleImpl
7337:             1             16  io.netty.channel.DefaultSelectStrategy
7338:             1             16  io.netty.channel.DefaultSelectStrategy
7339:             1             16  io.netty.channel.DefaultSelectStrategyFactory
7340:             1             16  io.netty.channel.DefaultSelectStrategyFactory
7341:             1             16  io.netty.handler.codec.ByteToMessageDecoder$1
7342:             1             16  io.netty.handler.codec.ByteToMessageDecoder$2
7343:             1             16  io.netty.handler.codec.CodecOutputList$1
7344:             1             16  io.netty.handler.codec.CodecOutputList$2
7345:             1             16  io.netty.handler.ssl.JdkDefaultApplicationProtocolNegotiator
7346:             1             16  io.netty.handler.ssl.JdkDefaultApplicationProtocolNegotiator$1
7347:             1             16  io.netty.handler.ssl.SslCloseCompletionEvent
7348:             1             16  io.netty.handler.ssl.SslHandshakeCompletionEvent
7349:             1             16  io.netty.util.AbstractReferenceCounted$1
7350:             1             16  io.netty.util.AsciiString$1
7351:             1             16  io.netty.util.AsciiString$2
7352:             1             16  io.netty.util.NettyRuntime$AvailableProcessorsHolder
7353:             1             16  io.netty.util.NettyRuntime$AvailableProcessorsHolder
7354:             1             16  io.netty.util.Recycler$1
7355:             1             16  io.netty.util.concurrent.AbstractScheduledEventExecutor$1
7356:             1             16  io.netty.util.concurrent.AbstractScheduledEventExecutor$1
7357:             1             16  io.netty.util.concurrent.AbstractScheduledEventExecutor$2
7358:             1             16  io.netty.util.concurrent.AbstractScheduledEventExecutor$2
7359:             1             16  io.netty.util.concurrent.DefaultEventExecutorChooserFactory
7360:             1             16  io.netty.util.concurrent.DefaultEventExecutorChooserFactory
7361:             1             16  io.netty.util.concurrent.DefaultPromise$CauseHolder
7362:             1             16  io.netty.util.concurrent.DefaultPromise$CauseHolder
7363:             1             16  io.netty.util.concurrent.FastThreadLocal
7364:             1             16  io.netty.util.concurrent.FastThreadLocal
7365:             1             16  io.netty.util.concurrent.GlobalEventExecutor$1
7366:             1             16  io.netty.util.concurrent.GlobalEventExecutor$1
7367:             1             16  io.netty.util.concurrent.GlobalEventExecutor$TaskRunner
7368:             1             16  io.netty.util.concurrent.GlobalEventExecutor$TaskRunner
7369:             1             16  io.netty.util.concurrent.ImmediateExecutor
7370:             1             16  io.netty.util.concurrent.MultithreadEventExecutorGroup$1
7371:             1             16  io.netty.util.concurrent.RejectedExecutionHandlers$1
7372:             1             16  io.netty.util.concurrent.RejectedExecutionHandlers$1
7373:             1             16  io.netty.util.concurrent.SingleThreadEventExecutor$1
7374:             1             16  io.netty.util.concurrent.SingleThreadEventExecutor$1
7375:             1             16  io.netty.util.concurrent.ThreadPerTaskExecutor
7376:             1             16  io.netty.util.internal.PlatformDependent$1
7377:             1             16  io.netty.util.internal.PlatformDependent$1
7378:             1             16  io.netty.util.internal.PlatformDependent$1
7379:             1             16  io.netty.util.internal.PlatformDependent$2
7380:             1             16  io.netty.util.internal.PlatformDependent$2
7381:             1             16  io.netty.util.internal.PlatformDependent$2
7382:             1             16  io.netty.util.internal.RecyclableArrayList$1
7383:             1             16  io.netty.util.internal.TypeParameterMatcher$1
7384:             1             16  io.netty.util.internal.logging.Log4J2LoggerFactory
7385:             1             16  io.netty.util.internal.logging.Log4J2LoggerFactory
7386:             1             16  io.netty.util.internal.logging.Slf4JLoggerFactory
7387:             1             16  io.netty.util.internal.logging.Slf4JLoggerFactory
7388:             1             16  io.protostuff.runtime.ArraySchemas$1
7389:             1             16  io.protostuff.runtime.IdStrategy$10
7390:             1             16  io.protostuff.runtime.IdStrategy$12
7391:             1             16  io.protostuff.runtime.IdStrategy$14
7392:             1             16  io.protostuff.runtime.IdStrategy$16
7393:             1             16  io.protostuff.runtime.IdStrategy$18
7394:             1             16  io.protostuff.runtime.IdStrategy$20
7395:             1             16  io.protostuff.runtime.IdStrategy$22
7396:             1             16  io.protostuff.runtime.IdStrategy$24
7397:             1             16  io.protostuff.runtime.IdStrategy$8
7398:             1             16  io.protostuff.runtime.ReflectAccessor$1
7399:             1             16  io.protostuff.runtime.RuntimeFieldFactory$1
7400:             1             16  io.protostuff.runtime.RuntimeReflectionFieldFactory$1
7401:             1             16  io.protostuff.runtime.RuntimeReflectionFieldFactory$10
7402:             1             16  io.protostuff.runtime.RuntimeReflectionFieldFactory$11
7403:             1             16  io.protostuff.runtime.RuntimeReflectionFieldFactory$12
7404:             1             16  io.protostuff.runtime.RuntimeReflectionFieldFactory$13
7405:             1             16  io.protostuff.runtime.RuntimeReflectionFieldFactory$14
7406:             1             16  io.protostuff.runtime.RuntimeReflectionFieldFactory$15
7407:             1             16  io.protostuff.runtime.RuntimeReflectionFieldFactory$16
7408:             1             16  io.protostuff.runtime.RuntimeReflectionFieldFactory$17
7409:             1             16  io.protostuff.runtime.RuntimeReflectionFieldFactory$18
7410:             1             16  io.protostuff.runtime.RuntimeReflectionFieldFactory$19
7411:             1             16  io.protostuff.runtime.RuntimeReflectionFieldFactory$2
7412:             1             16  io.protostuff.runtime.RuntimeReflectionFieldFactory$3
7413:             1             16  io.protostuff.runtime.RuntimeReflectionFieldFactory$4
7414:             1             16  io.protostuff.runtime.RuntimeReflectionFieldFactory$5
7415:             1             16  io.protostuff.runtime.RuntimeReflectionFieldFactory$6
7416:             1             16  io.protostuff.runtime.RuntimeReflectionFieldFactory$7
7417:             1             16  io.protostuff.runtime.RuntimeReflectionFieldFactory$8
7418:             1             16  io.protostuff.runtime.RuntimeReflectionFieldFactory$9
7419:             1             16  io.vavr.collection.HashArrayMappedTrieModule$EmptyNode
7420:             1             16  io.vavr.collection.HashMap
7421:             1             16  java.io.Console$$Lambda/0x00007fcd28065c28 (java.base@21.0.3)
7422:             1             16  java.io.Console$$Lambda/0x00007fcd280664e0 (java.base@21.0.3)
7423:             1             16  java.io.Console$$Lambda/0x00007fcd28067868 (java.base@21.0.3)
7424:             1             16  java.io.Console$1 (java.base@21.0.3)
7425:             1             16  java.io.DeleteOnExitHook$1 (java.base@21.0.3)
7426:             1             16  java.io.FileDescriptor$1 (java.base@21.0.3)
7427:             1             16  java.io.FilePermission$1 (java.base@21.0.3)
7428:             1             16  java.io.FilePermissionCollection$$Lambda/0x00007fcd28058f00 (java.base@21.0.3)
7429:             1             16  java.io.ObjectInputFilter$Config$$Lambda/0x00007fcd29177138 (java.base@21.0.3)
7430:             1             16  java.io.ObjectInputFilter$Config$$Lambda/0x00007fcd29177350 (java.base@21.0.3)
7431:             1             16  java.io.ObjectInputFilter$Config$$Lambda/0x00007fcd291779a0 (java.base@21.0.3)
7432:             1             16  java.io.ObjectInputFilter$Config$BuiltinFilterFactory (java.base@21.0.3)
7433:             1             16  java.io.ObjectInputStream$$Lambda/0x00007fcd29175368 (java.base@21.0.3)
7434:             1             16  java.io.ObjectInputStream$$Lambda/0x00007fcd29175778 (java.base@21.0.3)
7435:             1             16  java.io.PrintStream$1 (java.base@21.0.3)
7436:             1             16  java.io.PrintWriter$1 (java.base@21.0.3)
7437:             1             16  java.io.RandomAccessFile$2 (java.base@21.0.3)
7438:             1             16  java.lang.ApplicationShutdownHooks$1 (java.base@21.0.3)
7439:             1             16  java.lang.CharacterData00 (java.base@21.0.3)
7440:             1             16  java.lang.CharacterDataLatin1 (java.base@21.0.3)
7441:             1             16  java.lang.Class$$Lambda/0x00007fcd280e4930 (java.base@21.0.3)
7442:             1             16  java.lang.Module$$Lambda/0x00007fcd28148a28 (java.base@21.0.3)
7443:             1             16  java.lang.ProcessBuilder$NullInputStream (java.base@21.0.3)
7444:             1             16  java.lang.ProcessBuilder$NullOutputStream (java.base@21.0.3)
7445:             1             16  java.lang.ProcessEnvironment$StringKeySet (java.base@21.0.3)
7446:             1             16  java.lang.ProcessHandleImpl$$Lambda/0x00007fcd28165918 (java.base@21.0.3)
7447:             1             16  java.lang.Runtime (java.base@21.0.3)
7448:             1             16  java.lang.Runtime$Version$$Lambda/0x00007fcd280795c0 (java.base@21.0.3)
7449:             1             16  java.lang.SecurityManager$$Lambda/0x00007fcd28046e18 (java.base@21.0.3)
7450:             1             16  java.lang.SecurityManager$$Lambda/0x00007fcd280472a0 (java.base@21.0.3)
7451:             1             16  java.lang.SecurityManager$$Lambda/0x00007fcd280474d8 (java.base@21.0.3)
7452:             1             16  java.lang.SecurityManager$$Lambda/0x00007fcd28047710 (java.base@21.0.3)
7453:             1             16  java.lang.SecurityManager$$Lambda/0x00007fcd28047938 (java.base@21.0.3)
7454:             1             16  java.lang.SecurityManager$$Lambda/0x00007fcd28047b80 (java.base@21.0.3)
7455:             1             16  java.lang.SecurityManager$$Lambda/0x00007fcd28047fe8 (java.base@21.0.3)
7456:             1             16  java.lang.SecurityManager$$Lambda/0x00007fcd28048230 (java.base@21.0.3)
7457:             1             16  java.lang.String$CaseInsensitiveComparator (java.base@21.0.3)
7458:             1             16  java.lang.System$2 (java.base@21.0.3)
7459:             1             16  java.lang.System$LoggerFinder$$Lambda/0x00007fcd28168d28 (java.base@21.0.3)
7460:             1             16  java.lang.Terminator$1 (java.base@21.0.3)
7461:             1             16  java.lang.invoke.ClassSpecializer$1 (java.base@21.0.3)
7462:             1             16  java.lang.invoke.MemberName$Factory (java.base@21.0.3)
7463:             1             16  java.lang.invoke.MethodHandleImpl$1 (java.base@21.0.3)
7464:             1             16  java.lang.management.DefaultPlatformMBeanProvider$1 (java.management@21.0.3)
7465:             1             16  java.lang.management.DefaultPlatformMBeanProvider$10 (java.management@21.0.3)
7466:             1             16  java.lang.management.DefaultPlatformMBeanProvider$2 (java.management@21.0.3)
7467:             1             16  java.lang.management.DefaultPlatformMBeanProvider$3 (java.management@21.0.3)
7468:             1             16  java.lang.management.DefaultPlatformMBeanProvider$5 (java.management@21.0.3)
7469:             1             16  java.lang.management.DefaultPlatformMBeanProvider$5$$Lambda/0x00007fcd284fb058 (java.management@21.0.3)
7470:             1             16  java.lang.management.DefaultPlatformMBeanProvider$6 (java.management@21.0.3)
7471:             1             16  java.lang.management.DefaultPlatformMBeanProvider$7 (java.management@21.0.3)
7472:             1             16  java.lang.management.DefaultPlatformMBeanProvider$9 (java.management@21.0.3)
7473:             1             16  java.lang.management.ManagementFactory$$Lambda/0x00007fcd2807a018 (java.management@21.0.3)
7474:             1             16  java.lang.management.ManagementFactory$$Lambda/0x00007fcd284f23e0 (java.management@21.0.3)
7475:             1             16  java.lang.management.ManagementFactory$$Lambda/0x00007fcd284f2628 (java.management@21.0.3)
7476:             1             16  java.lang.management.ManagementFactory$$Lambda/0x00007fcd284f2860 (java.management@21.0.3)
7477:             1             16  java.lang.module.ModuleDescriptor$1 (java.base@21.0.3)
7478:             1             16  java.lang.module.ModuleDescriptor$Builder$$Lambda/0x800000002 (java.base@21.0.3)
7479:             1             16  java.lang.ref.Cleaner (java.base@21.0.3)
7480:             1             16  java.lang.ref.Cleaner$1 (java.base@21.0.3)
7481:             1             16  java.lang.ref.Reference$1 (java.base@21.0.3)
7482:             1             16  java.lang.reflect.AccessFlag$1 (java.base@21.0.3)
7483:             1             16  java.lang.reflect.AccessFlag$10 (java.base@21.0.3)
7484:             1             16  java.lang.reflect.AccessFlag$11 (java.base@21.0.3)
7485:             1             16  java.lang.reflect.AccessFlag$12 (java.base@21.0.3)
7486:             1             16  java.lang.reflect.AccessFlag$13 (java.base@21.0.3)
7487:             1             16  java.lang.reflect.AccessFlag$14 (java.base@21.0.3)
7488:             1             16  java.lang.reflect.AccessFlag$15 (java.base@21.0.3)
7489:             1             16  java.lang.reflect.AccessFlag$16 (java.base@21.0.3)
7490:             1             16  java.lang.reflect.AccessFlag$17 (java.base@21.0.3)
7491:             1             16  java.lang.reflect.AccessFlag$18 (java.base@21.0.3)
7492:             1             16  java.lang.reflect.AccessFlag$2 (java.base@21.0.3)
7493:             1             16  java.lang.reflect.AccessFlag$3 (java.base@21.0.3)
7494:             1             16  java.lang.reflect.AccessFlag$4 (java.base@21.0.3)
7495:             1             16  java.lang.reflect.AccessFlag$5 (java.base@21.0.3)
7496:             1             16  java.lang.reflect.AccessFlag$6 (java.base@21.0.3)
7497:             1             16  java.lang.reflect.AccessFlag$7 (java.base@21.0.3)
7498:             1             16  java.lang.reflect.AccessFlag$8 (java.base@21.0.3)
7499:             1             16  java.lang.reflect.AccessFlag$9 (java.base@21.0.3)
7500:             1             16  java.lang.reflect.Proxy$$Lambda/0x00007fcd28147cc0 (java.base@21.0.3)
7501:             1             16  java.lang.reflect.Proxy$ProxyBuilder$$Lambda/0x00007fcd281480f0 (java.base@21.0.3)
7502:             1             16  java.lang.reflect.ProxyGenerator$$Lambda/0x00007fcd281497d8 (java.base@21.0.3)
7503:             1             16  java.lang.reflect.ProxyGenerator$$Lambda/0x00007fcd28149a10 (java.base@21.0.3)
7504:             1             16  java.lang.reflect.ReflectAccess (java.base@21.0.3)
7505:             1             16  java.net.InetAddress$$Lambda/0x00007fcd28156650 (java.base@21.0.3)
7506:             1             16  java.net.InetAddress$$Lambda/0x00007fcd28156a78 (java.base@21.0.3)
7507:             1             16  java.net.InetAddress$$Lambda/0x00007fcd28156cb0 (java.base@21.0.3)
7508:             1             16  java.net.InetAddress$1 (java.base@21.0.3)
7509:             1             16  java.net.InetAddress$PlatformResolver (java.base@21.0.3)
7510:             1             16  java.net.URI$1 (java.base@21.0.3)
7511:             1             16  java.net.URL$3 (java.base@21.0.3)
7512:             1             16  java.net.URL$DefaultFactory (java.base@21.0.3)
7513:             1             16  java.net.spi.InetAddressResolver$LookupPolicy (java.base@21.0.3)
7514:             1             16  java.nio.Bits$1 (java.base@21.0.3)
7515:             1             16  java.nio.Buffer$1 (java.base@21.0.3)
7516:             1             16  java.nio.Buffer$2 (java.base@21.0.3)
7517:             1             16  java.nio.channels.spi.SelectorProvider$Holder$$Lambda/0x00007fcd289edf88 (java.base@21.0.3)
7518:             1             16  java.nio.file.Files$$Lambda/0x00007fcd282f8420 (java.base@21.0.3)
7519:             1             16  java.nio.file.Files$AcceptAllFilter (java.base@21.0.3)
7520:             1             16  java.security.AllPermission (java.base@21.0.3)
7521:             1             16  java.security.KeyStore$$Lambda/0x00007fcd282d1c28 (java.base@21.0.3)
7522:             1             16  java.security.ProtectionDomain$JavaSecurityAccessImpl (java.base@21.0.3)
7523:             1             16  java.security.Security$$Lambda/0x80000000b (java.base@21.0.3)
7524:             1             16  java.security.Security$1 (java.base@21.0.3)
7525:             1             16  java.security.Signature$1 (java.base@21.0.3)
7526:             1             16  java.security.cert.CertPathHelperImpl (java.base@21.0.3)
7527:             1             16  java.security.spec.EncodedKeySpec$$Lambda/0x00007fcd28266c20 (java.base@21.0.3)
7528:             1             16  java.text.DecimalFormatSymbols$$Lambda/0x80000000d (java.base@21.0.3)
7529:             1             16  java.text.MessageFormat$Field (java.base@21.0.3)
7530:             1             16  java.time.ZoneOffset$$Lambda/0x80000000e (java.base@21.0.3)
7531:             1             16  java.time.chrono.HijrahChronology$$Lambda/0x00007fcd284cc538 (java.base@21.0.3)
7532:             1             16  java.time.chrono.HijrahChronology$$Lambda/0x00007fcd284cc750 (java.base@21.0.3)
7533:             1             16  java.time.chrono.IsoChronology (java.base@21.0.3)
7534:             1             16  java.time.chrono.JapaneseChronology (java.base@21.0.3)
7535:             1             16  java.time.chrono.MinguoChronology (java.base@21.0.3)
7536:             1             16  java.time.chrono.ThaiBuddhistChronology (java.base@21.0.3)
7537:             1             16  java.time.format.DateTimeFormatter$$Lambda/0x80000000f (java.base@21.0.3)
7538:             1             16  java.time.format.DateTimeFormatter$$Lambda/0x800000010 (java.base@21.0.3)
7539:             1             16  java.time.format.DateTimeFormatterBuilder$$Lambda/0x800000011 (java.base@21.0.3)
7540:             1             16  java.time.format.DateTimeFormatterBuilder$InstantPrinterParser (java.base@21.0.3)
7541:             1             16  java.time.format.DateTimeFormatterBuilder$LocalizedOffsetIdPrinterParser (java.base@21.0.3)
7542:             1             16  java.time.format.DateTimeTextProvider (java.base@21.0.3)
7543:             1             16  java.time.format.DateTimeTextProvider$1 (java.base@21.0.3)
7544:             1             16  java.time.temporal.TemporalQueries$1 (java.base@21.0.3)
7545:             1             16  java.time.temporal.TemporalQueries$2 (java.base@21.0.3)
7546:             1             16  java.time.temporal.TemporalQueries$3 (java.base@21.0.3)
7547:             1             16  java.time.temporal.TemporalQueries$4 (java.base@21.0.3)
7548:             1             16  java.time.temporal.TemporalQueries$5 (java.base@21.0.3)
7549:             1             16  java.time.temporal.TemporalQueries$6 (java.base@21.0.3)
7550:             1             16  java.time.temporal.TemporalQueries$7 (java.base@21.0.3)
7551:             1             16  java.util.AbstractMap$1 (java.base@21.0.3)
7552:             1             16  java.util.Collections$EmptyEnumeration (java.base@21.0.3)
7553:             1             16  java.util.Collections$EmptyIterator (java.base@21.0.3)
7554:             1             16  java.util.Collections$EmptyList (java.base@21.0.3)
7555:             1             16  java.util.Collections$EmptyListIterator (java.base@21.0.3)
7556:             1             16  java.util.Collections$EmptySet (java.base@21.0.3)
7557:             1             16  java.util.Collections$ReverseComparator (java.base@21.0.3)
7558:             1             16  java.util.EnumMap$1 (java.base@21.0.3)
7559:             1             16  java.util.ImmutableCollections$Access$1 (java.base@21.0.3)
7560:             1             16  java.util.ImmutableCollections$MapN$1 (java.base@21.0.3)
7561:             1             16  java.util.Locale$Builder (java.base@21.0.3)
7562:             1             16  java.util.Map$Entry$$Lambda/0x00007fcd29074e50 (java.base@21.0.3)
7563:             1             16  java.util.Properties$EntrySet (java.base@21.0.3)
7564:             1             16  java.util.ResourceBundle$1 (java.base@21.0.3)
7565:             1             16  java.util.ResourceBundle$Control (java.base@21.0.3)
7566:             1             16  java.util.Spliterators$EmptySpliterator$OfDouble (java.base@21.0.3)
7567:             1             16  java.util.Spliterators$EmptySpliterator$OfInt (java.base@21.0.3)
7568:             1             16  java.util.Spliterators$EmptySpliterator$OfLong (java.base@21.0.3)
7569:             1             16  java.util.Spliterators$EmptySpliterator$OfRef (java.base@21.0.3)
7570:             1             16  java.util.concurrent.CompletableFuture$AltResult (java.base@21.0.3)
7571:             1             16  java.util.concurrent.ForkJoinPool$2 (java.base@21.0.3)
7572:             1             16  java.util.concurrent.ForkJoinPool$DefaultForkJoinWorkerThreadFactory (java.base@21.0.3)
7573:             1             16  java.util.concurrent.ThreadPoolExecutor$AbortPolicy (java.base@21.0.3)
7574:             1             16  java.util.function.Function$$Lambda/0x00007fcd28068a50 (java.base@21.0.3)
7575:             1             16  java.util.function.UnaryOperator$$Lambda/0x00007fcd289f2348 (java.base@21.0.3)
7576:             1             16  java.util.jar.JavaUtilJarAccessImpl (java.base@21.0.3)
7577:             1             16  java.util.logging.ErrorManager (java.logging@21.0.3)
7578:             1             16  java.util.logging.Level$$Lambda/0x800000013 (java.logging@21.0.3)
7579:             1             16  java.util.logging.Level$KnownLevel$$Lambda/0x800000023 (java.logging@21.0.3)
7580:             1             16  java.util.logging.Level$KnownLevel$$Lambda/0x800000024 (java.logging@21.0.3)
7581:             1             16  java.util.logging.Level$KnownLevel$$Lambda/0x800000025 (java.logging@21.0.3)
7582:             1             16  java.util.logging.LogManager$CloseOnReset (java.logging@21.0.3)
7583:             1             16  java.util.logging.LogManager$LoggingProviderAccess (java.logging@21.0.3)
7584:             1             16  java.util.logging.LogManager$VisitedLoggers (java.logging@21.0.3)
7585:             1             16  java.util.logging.Logging (java.logging@21.0.3)
7586:             1             16  java.util.logging.SimpleFormatter (java.logging@21.0.3)
7587:             1             16  java.util.logging.SimpleFormatter$$Lambda/0x00007fcd28171fb0 (java.logging@21.0.3)
7588:             1             16  java.util.regex.CharPredicates$$Lambda/0x00007fcd28078698 (java.base@21.0.3)
7589:             1             16  java.util.regex.CharPredicates$$Lambda/0x00007fcd282fa940 (java.base@21.0.3)
7590:             1             16  java.util.regex.CharPredicates$$Lambda/0x00007fcd282fadf0 (java.base@21.0.3)
7591:             1             16  java.util.regex.CharPredicates$$Lambda/0x800000026 (java.base@21.0.3)
7592:             1             16  java.util.regex.CharPredicates$$Lambda/0x800000027 (java.base@21.0.3)
7593:             1             16  java.util.regex.Pattern$$Lambda/0x00007fcd280771b0 (java.base@21.0.3)
7594:             1             16  java.util.regex.Pattern$$Lambda/0x00007fcd282fab98 (java.base@21.0.3)
7595:             1             16  java.util.regex.Pattern$$Lambda/0x00007fcd289f9b38 (java.base@21.0.3)
7596:             1             16  java.util.regex.Pattern$LastNode (java.base@21.0.3)
7597:             1             16  java.util.regex.Pattern$LookBehindEndNode (java.base@21.0.3)
7598:             1             16  java.util.regex.Pattern$Node (java.base@21.0.3)
7599:             1             16  java.util.stream.Collectors$$Lambda/0x00007fcd2806a460 (java.base@21.0.3)
7600:             1             16  java.util.stream.Collectors$$Lambda/0x00007fcd2806a8a8 (java.base@21.0.3)
7601:             1             16  java.util.stream.Collectors$$Lambda/0x00007fcd2806aae8 (java.base@21.0.3)
7602:             1             16  java.util.stream.Collectors$$Lambda/0x00007fcd2806ca08 (java.base@21.0.3)
7603:             1             16  java.util.stream.Collectors$$Lambda/0x00007fcd2806cc20 (java.base@21.0.3)
7604:             1             16  java.util.stream.Collectors$$Lambda/0x00007fcd2806ce48 (java.base@21.0.3)
7605:             1             16  java.util.stream.Collectors$$Lambda/0x00007fcd282fe858 (java.base@21.0.3)
7606:             1             16  java.util.stream.Collectors$$Lambda/0x00007fcd284c7b58 (java.base@21.0.3)
7607:             1             16  java.util.stream.Collectors$$Lambda/0x00007fcd284c7d80 (java.base@21.0.3)
7608:             1             16  java.util.stream.Collectors$$Lambda/0x00007fcd289e1850 (java.base@21.0.3)
7609:             1             16  java.util.stream.Collectors$$Lambda/0x00007fcd29164990 (java.base@21.0.3)
7610:             1             16  java.util.stream.Collectors$$Lambda/0x00007fcd2916b990 (java.base@21.0.3)
7611:             1             16  java.util.stream.Collectors$$Lambda/0x00007fcd29177bb8 (java.base@21.0.3)
7612:             1             16  java.util.stream.Collectors$$Lambda/0x00007fcd29178a88 (java.base@21.0.3)
7613:             1             16  java.util.stream.Collectors$$Lambda/0x00007fcd29178ed0 (java.base@21.0.3)
7614:             1             16  java.util.stream.Collectors$$Lambda/0x00007fcd291790e8 (java.base@21.0.3)
7615:             1             16  java.util.stream.Collectors$$Lambda/0x00007fcd29179310 (java.base@21.0.3)
7616:             1             16  java.util.stream.Collectors$$Lambda/0x00007fcd29179550 (java.base@21.0.3)
7617:             1             16  java.util.stream.Collectors$$Lambda/0x00007fcd2917b5b0 (java.base@21.0.3)
7618:             1             16  java.util.stream.Collectors$$Lambda/0x80000003a (java.base@21.0.3)
7619:             1             16  java.util.stream.Collectors$$Lambda/0x80000003f (java.base@21.0.3)
7620:             1             16  java.util.stream.Collectors$$Lambda/0x800000041 (java.base@21.0.3)
7621:             1             16  java.util.stream.Collectors$$Lambda/0x800000042 (java.base@21.0.3)
7622:             1             16  java.util.stream.Collectors$$Lambda/0x800000043 (java.base@21.0.3)
7623:             1             16  java.util.stream.Collectors$$Lambda/0x800000044 (java.base@21.0.3)
7624:             1             16  java.util.stream.Collectors$$Lambda/0x800000046 (java.base@21.0.3)
7625:             1             16  java.util.stream.FindOps$FindSink$OfInt$$Lambda/0x800000049 (java.base@21.0.3)
7626:             1             16  java.util.stream.FindOps$FindSink$OfInt$$Lambda/0x80000004a (java.base@21.0.3)
7627:             1             16  java.util.stream.FindOps$FindSink$OfInt$$Lambda/0x80000004b (java.base@21.0.3)
7628:             1             16  java.util.stream.FindOps$FindSink$OfInt$$Lambda/0x80000004c (java.base@21.0.3)
7629:             1             16  java.util.stream.FindOps$FindSink$OfRef$$Lambda/0x80000004d (java.base@21.0.3)
7630:             1             16  java.util.stream.FindOps$FindSink$OfRef$$Lambda/0x80000004e (java.base@21.0.3)
7631:             1             16  java.util.stream.FindOps$FindSink$OfRef$$Lambda/0x80000004f (java.base@21.0.3)
7632:             1             16  java.util.stream.FindOps$FindSink$OfRef$$Lambda/0x800000050 (java.base@21.0.3)
7633:             1             16  java.util.stream.IntPipeline$$Lambda/0x00007fcd28073878 (java.base@21.0.3)
7634:             1             16  java.util.stream.IntPipeline$$Lambda/0x00007fcd290758f0 (java.base@21.0.3)
7635:             1             16  java.util.stream.LongPipeline$$Lambda/0x00007fcd284c5330 (java.base@21.0.3)
7636:             1             16  java.util.stream.LongPipeline$$Lambda/0x00007fcd289f85c0 (java.base@21.0.3)
7637:             1             16  java.util.stream.LongPipeline$$Lambda/0x00007fcd290750e0 (java.base@21.0.3)
7638:             1             16  java.util.stream.LongPipeline$$Lambda/0x00007fcd292893d8 (java.base@21.0.3)
7639:             1             16  java.util.stream.Nodes$EmptyNode$OfDouble (java.base@21.0.3)
7640:             1             16  java.util.stream.Nodes$EmptyNode$OfInt (java.base@21.0.3)
7641:             1             16  java.util.stream.Nodes$EmptyNode$OfLong (java.base@21.0.3)
7642:             1             16  java.util.stream.Nodes$EmptyNode$OfRef (java.base@21.0.3)
7643:             1             16  java.util.stream.ReferencePipeline$$Lambda/0x00007fcd289e0000 (java.base@21.0.3)
7644:             1             16  java.util.zip.ZipFile$1 (java.base@21.0.3)
7645:             1             16  javax.crypto.CryptoAllPermissionCollection (java.base@21.0.3)
7646:             1             16  javax.crypto.JceSecurityManager (java.base@21.0.3)
7647:             1             16  javax.crypto.JceSecurityManager$$Lambda/0x00007fcd282c7e30 (java.base@21.0.3)
7648:             1             16  javax.crypto.JceSecurityManager$$Lambda/0x00007fcd282c8048 (java.base@21.0.3)
7649:             1             16  javax.crypto.spec.SecretKeySpec$$Lambda/0x00007fcd280fc3c8 (java.base@21.0.3)
7650:             1             16  javax.management.JMX (java.management@21.0.3)
7651:             1             16  javax.management.MBeanServerBuilder (java.management@21.0.3)
7652:             1             16  javax.management.NotificationBroadcasterSupport$1 (java.management@21.0.3)
7653:             1             16  javax.net.ssl.KeyManagerFactory$$Lambda/0x00007fcd282f5ef8 (java.base@21.0.3)
7654:             1             16  javax.net.ssl.TrustManagerFactory$$Lambda/0x00007fcd282d0750 (java.base@21.0.3)
7655:             1             16  jdk.internal.foreign.MemorySessionImpl$$Lambda/0x00007fcd2917c0d8 (java.base@21.0.3)
7656:             1             16  jdk.internal.foreign.MemorySessionImpl$$Lambda/0x00007fcd2917c548 (java.base@21.0.3)
7657:             1             16  jdk.internal.foreign.MemorySessionImpl$ResourceList$ResourceCleanup$1 (java.base@21.0.3)
7658:             1             16  jdk.internal.icu.impl.Norm2AllModes$DecomposeNormalizer2 (java.base@21.0.3)
7659:             1             16  jdk.internal.icu.impl.Norm2AllModes$NoopNormalizer2 (java.base@21.0.3)
7660:             1             16  jdk.internal.icu.impl.NormalizerImpl$IsAcceptable (java.base@21.0.3)
7661:             1             16  jdk.internal.icu.text.NormalizerBase$ModeImpl (java.base@21.0.3)
7662:             1             16  jdk.internal.icu.text.NormalizerBase$NFCMode (java.base@21.0.3)
7663:             1             16  jdk.internal.icu.text.NormalizerBase$NFDMode (java.base@21.0.3)
7664:             1             16  jdk.internal.icu.text.NormalizerBase$NFKCMode (java.base@21.0.3)
7665:             1             16  jdk.internal.icu.text.NormalizerBase$NFKDMode (java.base@21.0.3)
7666:             1             16  jdk.internal.icu.text.NormalizerBase$NONEMode (java.base@21.0.3)
7667:             1             16  jdk.internal.icu.util.CodePointTrie$Data16 (java.base@21.0.3)
7668:             1             16  jdk.internal.icu.util.VersionInfo (java.base@21.0.3)
7669:             1             16  jdk.internal.jimage.ImageBufferCache$1 (java.base@21.0.3)
7670:             1             16  jdk.internal.jimage.ImageBufferCache$2 (java.base@21.0.3)
7671:             1             16  jdk.internal.jimage.ImageReaderFactory$1 (java.base@21.0.3)
7672:             1             16  jdk.internal.jimage.ImageStringsReader (java.base@21.0.3)
7673:             1             16  jdk.internal.jimage.decompressor.Decompressor (java.base@21.0.3)
7674:             1             16  jdk.internal.jrtfs.JrtFileSystemProvider (java.base@21.0.3)
7675:             1             16  jdk.internal.logger.LazyLoggers$$Lambda/0x00007fcd28168b10 (java.base@21.0.3)
7676:             1             16  jdk.internal.logger.LazyLoggers$1 (java.base@21.0.3)
7677:             1             16  jdk.internal.logger.LazyLoggers$JdkLazyLogger (java.base@21.0.3)
7678:             1             16  jdk.internal.logger.LazyLoggers$LazyLoggerFactories (java.base@21.0.3)
7679:             1             16  jdk.internal.logger.LoggerFinderLoader$$Lambda/0x00007fcd28169140 (java.base@21.0.3)
7680:             1             16  jdk.internal.logger.LoggerFinderLoader$$Lambda/0x00007fcd28169358 (java.base@21.0.3)
7681:             1             16  jdk.internal.math.FloatingDecimal$1 (java.base@21.0.3)
7682:             1             16  jdk.internal.misc.ExtendedMapMode$$Lambda/0x00007fcd2917da28 (java.base@21.0.3)
7683:             1             16  jdk.internal.misc.ScopedMemoryAccess (java.base@21.0.3)
7684:             1             16  jdk.internal.misc.TerminatingThreadLocal$1 (java.base@21.0.3)
7685:             1             16  jdk.internal.misc.Unsafe (java.base@21.0.3)
7686:             1             16  jdk.internal.module.ArchivedBootLayer (java.base@21.0.3)
7687:             1             16  jdk.internal.module.ModuleLoaderMap$Mapper (java.base@21.0.3)
7688:             1             16  jdk.internal.module.ModulePatcher (java.base@21.0.3)
7689:             1             16  jdk.internal.module.ModuleTarget (java.base@21.0.3)
7690:             1             16  jdk.internal.perf.Perf (java.base@21.0.3)
7691:             1             16  jdk.internal.platform.CgroupMetrics (java.base@21.0.3)
7692:             1             16  jdk.internal.platform.CgroupSubsystemFactory$$Lambda/0x00007fcd281770d8 (java.base@21.0.3)
7693:             1             16  jdk.internal.platform.cgroupv2.CgroupV2Subsystem (java.base@21.0.3)
7694:             1             16  jdk.internal.platform.cgroupv2.CgroupV2Subsystem$$Lambda/0x00007fcd284de6f0 (java.base@21.0.3)
7695:             1             16  jdk.internal.platform.cgroupv2.CgroupV2SubsystemController (java.base@21.0.3)
7696:             1             16  jdk.internal.reflect.GeneratedSerializationConstructorAccessor1 (java.base@21.0.3)
7697:             1             16  jdk.internal.reflect.GeneratedSerializationConstructorAccessor10 (java.base@21.0.3)
7698:             1             16  jdk.internal.reflect.GeneratedSerializationConstructorAccessor11 (java.base@21.0.3)
7699:             1             16  jdk.internal.reflect.GeneratedSerializationConstructorAccessor2 (java.base@21.0.3)
7700:             1             16  jdk.internal.reflect.GeneratedSerializationConstructorAccessor3 (java.base@21.0.3)
7701:             1             16  jdk.internal.reflect.GeneratedSerializationConstructorAccessor4 (java.base@21.0.3)
7702:             1             16  jdk.internal.reflect.GeneratedSerializationConstructorAccessor5
7703:             1             16  jdk.internal.reflect.GeneratedSerializationConstructorAccessor6 (java.base@21.0.3)
7704:             1             16  jdk.internal.reflect.GeneratedSerializationConstructorAccessor7 (java.base@21.0.3)
7705:             1             16  jdk.internal.reflect.GeneratedSerializationConstructorAccessor8 (java.base@21.0.3)
7706:             1             16  jdk.internal.reflect.GeneratedSerializationConstructorAccessor9 (java.base@21.0.3)
7707:             1             16  jdk.internal.reflect.ReflectionFactory (java.base@21.0.3)
7708:             1             16  jdk.internal.util.Preconditions$1 (java.base@21.0.3)
7709:             1             16  jdk.internal.util.Preconditions$2 (java.base@21.0.3)
7710:             1             16  jdk.internal.util.Preconditions$3 (java.base@21.0.3)
7711:             1             16  jdk.jfr.internal.SecuritySupport$$Lambda/0x00007fcd289e2bd0 (jdk.jfr@21.0.3)
7712:             1             16  jdk.jfr.internal.SecuritySupport$Privileged (jdk.jfr@21.0.3)
7713:             1             16  jdk.jfr.internal.consumer.FileAccess$UnPrivileged (jdk.jfr@21.0.3)
7714:             1             16  jdk.jfr.internal.dcmd.DCmdCheck$$Lambda/0x00007fcd289ea088 (jdk.jfr@21.0.3)
7715:             1             16  jdk.jfr.internal.dcmd.DCmdDump$$Lambda/0x00007fcd289e9e70 (jdk.jfr@21.0.3)
7716:             1             16  jdk.jfr.internal.dcmd.DCmdStart$$Lambda/0x00007fcd289e3430 (jdk.jfr@21.0.3)
7717:             1             16  jdk.jfr.internal.dcmd.DCmdStart$$Lambda/0x00007fcd289e9c58 (jdk.jfr@21.0.3)
7718:             1             16  jdk.jfr.internal.dcmd.DCmdStop$$Lambda/0x00007fcd289e1438 (jdk.jfr@21.0.3)
7719:             1             16  jdk.jfr.internal.dcmd.DCmdView$$Lambda/0x00007fcd289e1220 (jdk.jfr@21.0.3)
7720:             1             16  jdk.jfr.internal.jfc.model.JFCModel$$Lambda/0x00007fcd289e97f8 (jdk.jfr@21.0.3)
7721:             1             16  jdk.jfr.internal.jfc.model.JFCModel$$Lambda/0x00007fcd289e9a20 (jdk.jfr@21.0.3)
7722:             1             16  jdk.management.jfr.SettingDescriptorInfo$1 (jdk.management.jfr@21.0.3)
7723:             1             16  jdk.net.LinuxSocketOptions (jdk.net@21.0.3)
7724:             1             16  jdk.net.LinuxSocketOptions$$Lambda/0x00007fcd289fe8d8 (jdk.net@21.0.3)
7725:             1             16  jdk.nio.zipfs.ZipFileSystem$$Lambda/0x00007fcd2903d790 (jdk.zipfs@21.0.3)
7726:             1             16  jdk.nio.zipfs.ZipFileSystemProvider (jdk.zipfs@21.0.3)
7727:             1             16  jdk.proxy2.$Proxy14 (jdk.proxy2)
7728:             1             16  jdk.proxy2.$Proxy16 (jdk.proxy2)
7729:             1             16  jdk.proxy2.$Proxy31 (jdk.proxy2)
7730:             1             16  jdk.proxy2.$Proxy33 (jdk.proxy2)
7731:             1             16  jdk.proxy2.$Proxy8 (jdk.proxy2)
7732:             1             16  jdk.proxy4.$Proxy49 (jdk.proxy4)
7733:             1             16  jdk.proxy5.$Proxy45 (jdk.proxy5)
7734:             1             16  jdk.proxy5.$Proxy46 (jdk.proxy5)
7735:             1             16  jdk.proxy7.$Proxy43 (jdk.proxy7)
7736:             1             16  jdk.proxy7.$Proxy44 (jdk.proxy7)
7737:             1             16  joptsimple.OptionParserState$2
7738:             1             16  joptsimple.util.PathConverter
7739:             1             16  kotlin.Result$Companion
7740:             1             16  kotlin.UNINITIALIZED_VALUE
7741:             1             16  kotlin.UNINITIALIZED_VALUE
7742:             1             16  kotlin.UNINITIALIZED_VALUE
7743:             1             16  kotlin.UNINITIALIZED_VALUE
7744:             1             16  kotlin.Unit
7745:             1             16  kotlin.collections.EmptyIterator
7746:             1             16  kotlin.collections.EmptyIterator
7747:             1             16  kotlin.collections.EmptyIterator
7748:             1             16  kotlin.collections.EmptyIterator
7749:             1             16  kotlin.collections.EmptyList
7750:             1             16  kotlin.collections.EmptyList
7751:             1             16  kotlin.collections.EmptyList
7752:             1             16  kotlin.collections.EmptyList
7753:             1             16  kotlin.collections.EmptyList
7754:             1             16  kotlin.collections.EmptyList
7755:             1             16  kotlin.collections.EmptyMap
7756:             1             16  kotlin.collections.EmptySet
7757:             1             16  kotlin.coroutines.ContinuationInterceptor$Key
7758:             1             16  kotlin.coroutines.ContinuationInterceptor$Key
7759:             1             16  kotlin.coroutines.ContinuationInterceptor$Key
7760:             1             16  kotlin.coroutines.ContinuationInterceptor$Key
7761:             1             16  kotlin.coroutines.ContinuationInterceptor$Key
7762:             1             16  kotlin.coroutines.ContinuationInterceptor$Key
7763:             1             16  kotlin.coroutines.CoroutineContext$plus$1
7764:             1             16  kotlin.coroutines.CoroutineContext$plus$1
7765:             1             16  kotlin.coroutines.CoroutineContext$plus$1
7766:             1             16  kotlin.coroutines.CoroutineContext$plus$1
7767:             1             16  kotlin.coroutines.CoroutineContext$plus$1
7768:             1             16  kotlin.coroutines.CoroutineContext$plus$1
7769:             1             16  kotlin.coroutines.EmptyCoroutineContext
7770:             1             16  kotlin.coroutines.EmptyCoroutineContext
7771:             1             16  kotlin.coroutines.EmptyCoroutineContext
7772:             1             16  kotlin.coroutines.EmptyCoroutineContext
7773:             1             16  kotlin.coroutines.EmptyCoroutineContext
7774:             1             16  kotlin.coroutines.EmptyCoroutineContext
7775:             1             16  kotlin.coroutines.jvm.internal.CompletedContinuation
7776:             1             16  kotlin.internal.jdk8.JDK8PlatformImplementations
7777:             1             16  kotlin.internal.jdk8.JDK8PlatformImplementations$ReflectSdkVersion
7778:             1             16  kotlin.jvm.internal.ClassReference$Companion
7779:             1             16  kotlin.jvm.internal.ReflectionFactory
7780:             1             16  kotlin.random.Random$Default
7781:             1             16  kotlin.random.jdk8.PlatformThreadLocalRandom
7782:             1             16  kotlin.ranges.IntProgression$Companion
7783:             1             16  kotlin.ranges.IntProgression$Companion
7784:             1             16  kotlin.ranges.IntProgression$Companion
7785:             1             16  kotlin.ranges.IntRange$Companion
7786:             1             16  kotlin.ranges.IntRange$Companion
7787:             1             16  kotlin.ranges.IntRange$Companion
7788:             1             16  kotlin.text.Charsets
7789:             1             16  kotlin.text.Charsets
7790:             1             16  kotlin.text.Charsets
7791:             1             16  kotlin.text.Charsets
7792:             1             16  kotlinx.coroutines.CoroutineDispatcher$Key$1
7793:             1             16  kotlinx.coroutines.CoroutineDispatcher$Key$1
7794:             1             16  kotlinx.coroutines.CoroutineDispatcher$Key$1
7795:             1             16  kotlinx.coroutines.CoroutineDispatcher$Key$1
7796:             1             16  kotlinx.coroutines.CoroutineDispatcher$Key$1
7797:             1             16  kotlinx.coroutines.CoroutineExceptionHandler$Key
7798:             1             16  kotlinx.coroutines.CoroutineExceptionHandler$Key
7799:             1             16  kotlinx.coroutines.CoroutineExceptionHandler$Key
7800:             1             16  kotlinx.coroutines.CoroutineExceptionHandler$Key
7801:             1             16  kotlinx.coroutines.CoroutineExceptionHandler$Key
7802:             1             16  kotlinx.coroutines.CoroutineExceptionHandler$Key
7803:             1             16  kotlinx.coroutines.CoroutineName$Key
7804:             1             16  kotlinx.coroutines.CoroutineName$Key
7805:             1             16  kotlinx.coroutines.Dispatchers
7806:             1             16  kotlinx.coroutines.Dispatchers
7807:             1             16  kotlinx.coroutines.Dispatchers
7808:             1             16  kotlinx.coroutines.Dispatchers
7809:             1             16  kotlinx.coroutines.Dispatchers
7810:             1             16  kotlinx.coroutines.ExecutorCoroutineDispatcher$Key$1
7811:             1             16  kotlinx.coroutines.ExecutorCoroutineDispatcher$Key$1
7812:             1             16  kotlinx.coroutines.ExecutorCoroutineDispatcher$Key$1
7813:             1             16  kotlinx.coroutines.ExecutorCoroutineDispatcher$Key$1
7814:             1             16  kotlinx.coroutines.ExecutorCoroutineDispatcher$Key$1
7815:             1             16  kotlinx.coroutines.GlobalScope
7816:             1             16  kotlinx.coroutines.Job$Key
7817:             1             16  kotlinx.coroutines.Job$Key
7818:             1             16  kotlinx.coroutines.Job$Key
7819:             1             16  kotlinx.coroutines.Job$Key
7820:             1             16  kotlinx.coroutines.Job$Key
7821:             1             16  kotlinx.coroutines.Job$Key
7822:             1             16  kotlinx.coroutines.NonDisposableHandle
7823:             1             16  kotlinx.coroutines.NonDisposableHandle
7824:             1             16  kotlinx.coroutines.NonDisposableHandle
7825:             1             16  kotlinx.coroutines.NonDisposableHandle
7826:             1             16  kotlinx.coroutines.NonDisposableHandle
7827:             1             16  kotlinx.coroutines.NonDisposableHandle
7828:             1             16  kotlinx.coroutines.Unconfined
7829:             1             16  kotlinx.coroutines.Unconfined
7830:             1             16  kotlinx.coroutines.Unconfined
7831:             1             16  kotlinx.coroutines.Unconfined
7832:             1             16  kotlinx.coroutines.Unconfined
7833:             1             16  kotlinx.coroutines.internal.ContextScope
7834:             1             16  kotlinx.coroutines.internal.ContextScope
7835:             1             16  kotlinx.coroutines.internal.ContextScope
7836:             1             16  kotlinx.coroutines.internal.LockFreeTaskQueueCore$Companion
7837:             1             16  kotlinx.coroutines.internal.LockFreeTaskQueueCore$Companion
7838:             1             16  kotlinx.coroutines.internal.LockFreeTaskQueueCore$Companion
7839:             1             16  kotlinx.coroutines.internal.LockFreeTaskQueueCore$Companion
7840:             1             16  kotlinx.coroutines.internal.LockFreeTaskQueueCore$Companion
7841:             1             16  kotlinx.coroutines.internal.ThreadContextKt$countAll$1
7842:             1             16  kotlinx.coroutines.internal.ThreadContextKt$findOne$1
7843:             1             16  kotlinx.coroutines.internal.ThreadContextKt$restoreState$1
7844:             1             16  kotlinx.coroutines.internal.ThreadContextKt$updateState$1
7845:             1             16  kotlinx.coroutines.scheduling.CoroutineScheduler$Companion
7846:             1             16  kotlinx.coroutines.scheduling.CoroutineScheduler$Companion
7847:             1             16  kotlinx.coroutines.scheduling.CoroutineScheduler$Companion
7848:             1             16  kotlinx.coroutines.scheduling.CoroutineScheduler$Companion
7849:             1             16  kotlinx.coroutines.scheduling.CoroutineScheduler$Companion
7850:             1             16  kotlinx.coroutines.scheduling.GlobalQueue
7851:             1             16  kotlinx.coroutines.scheduling.NanoTimeSource
7852:             1             16  kotlinx.coroutines.scheduling.NanoTimeSource
7853:             1             16  kotlinx.coroutines.scheduling.NanoTimeSource
7854:             1             16  kotlinx.coroutines.scheduling.NanoTimeSource
7855:             1             16  kotlinx.coroutines.scheduling.NanoTimeSource
7856:             1             16  kotlinx.coroutines.scheduling.NonBlockingContext
7857:             1             16  org.apache.commons.pool2.impl.BaseGenericObjectPool$StatsStore$$Lambda/0x00007fcd289c0d68
7858:             1             16  org.apache.commons.pool2.impl.DefaultEvictionPolicy
7859:             1             16  org.apache.commons.pool2.impl.EvictionTimer$EvictorThreadFactory
7860:             1             16  org.apache.commons.pool2.impl.EvictionTimer$Reaper
7861:             1             16  org.apache.commons.pool2.impl.EvictionTimer$WeakRunner
7862:             1             16  org.apache.commons.pool2.impl.InterruptibleReentrantLock
7863:             1             16  org.apache.logging.log4j.LogBuilder$1
7864:             1             16  org.apache.logging.log4j.ThreadContext$EmptyIterator
7865:             1             16  org.apache.logging.log4j.ThreadContext$EmptyThreadContextStack
7866:             1             16  org.apache.logging.log4j.core.LoggerContext$$Lambda/0x00007fcd2819afb0
7867:             1             16  org.apache.logging.log4j.core.appender.ConsoleAppender$ConsoleManagerFactory
7868:             1             16  org.apache.logging.log4j.core.appender.FileManager$FileManagerFactory
7869:             1             16  org.apache.logging.log4j.core.appender.rolling.RollingFileManager$RollingFileManagerFactory
7870:             1             16  org.apache.logging.log4j.core.config.ConfigurationFactory$Factory
7871:             1             16  org.apache.logging.log4j.core.config.composite.DefaultMergeStrategy
7872:             1             16  org.apache.logging.log4j.core.config.plugins.convert.EnumConverter
7873:             1             16  org.apache.logging.log4j.core.config.plugins.convert.TypeConverterRegistry
7874:             1             16  org.apache.logging.log4j.core.config.plugins.convert.TypeConverters$BigDecimalConverter
7875:             1             16  org.apache.logging.log4j.core.config.plugins.convert.TypeConverters$BigIntegerConverter
7876:             1             16  org.apache.logging.log4j.core.config.plugins.convert.TypeConverters$BooleanConverter
7877:             1             16  org.apache.logging.log4j.core.config.plugins.convert.TypeConverters$ByteArrayConverter
7878:             1             16  org.apache.logging.log4j.core.config.plugins.convert.TypeConverters$ByteConverter
7879:             1             16  org.apache.logging.log4j.core.config.plugins.convert.TypeConverters$CharArrayConverter
7880:             1             16  org.apache.logging.log4j.core.config.plugins.convert.TypeConverters$CharacterConverter
7881:             1             16  org.apache.logging.log4j.core.config.plugins.convert.TypeConverters$CharsetConverter
7882:             1             16  org.apache.logging.log4j.core.config.plugins.convert.TypeConverters$ClassConverter
7883:             1             16  org.apache.logging.log4j.core.config.plugins.convert.TypeConverters$CronExpressionConverter
7884:             1             16  org.apache.logging.log4j.core.config.plugins.convert.TypeConverters$DoubleConverter
7885:             1             16  org.apache.logging.log4j.core.config.plugins.convert.TypeConverters$DurationConverter
7886:             1             16  org.apache.logging.log4j.core.config.plugins.convert.TypeConverters$FileConverter
7887:             1             16  org.apache.logging.log4j.core.config.plugins.convert.TypeConverters$FloatConverter
7888:             1             16  org.apache.logging.log4j.core.config.plugins.convert.TypeConverters$InetAddressConverter
7889:             1             16  org.apache.logging.log4j.core.config.plugins.convert.TypeConverters$IntegerConverter
7890:             1             16  org.apache.logging.log4j.core.config.plugins.convert.TypeConverters$LevelConverter
7891:             1             16  org.apache.logging.log4j.core.config.plugins.convert.TypeConverters$LongConverter
7892:             1             16  org.apache.logging.log4j.core.config.plugins.convert.TypeConverters$PathConverter
7893:             1             16  org.apache.logging.log4j.core.config.plugins.convert.TypeConverters$PatternConverter
7894:             1             16  org.apache.logging.log4j.core.config.plugins.convert.TypeConverters$SecurityProviderConverter
7895:             1             16  org.apache.logging.log4j.core.config.plugins.convert.TypeConverters$ShortConverter
7896:             1             16  org.apache.logging.log4j.core.config.plugins.convert.TypeConverters$StringConverter
7897:             1             16  org.apache.logging.log4j.core.config.plugins.convert.TypeConverters$UriConverter
7898:             1             16  org.apache.logging.log4j.core.config.plugins.convert.TypeConverters$UrlConverter
7899:             1             16  org.apache.logging.log4j.core.config.plugins.convert.TypeConverters$UuidConverter
7900:             1             16  org.apache.logging.log4j.core.config.plugins.processor.PluginCache$$Lambda/0x00007fcd2810c430
7901:             1             16  org.apache.logging.log4j.core.impl.ReusableLogEventFactory
7902:             1             16  org.apache.logging.log4j.core.impl.ThreadContextDataProvider
7903:             1             16  org.apache.logging.log4j.core.lookup.StrMatcher$NoMatcher
7904:             1             16  org.apache.logging.log4j.core.lookup.StrMatcher$TrimMatcher
7905:             1             16  org.apache.logging.log4j.core.net.JndiManager$JndiManagerFactory
7906:             1             16  org.apache.logging.log4j.core.pattern.NameAbbreviator$NOPAbbreviator
7907:             1             16  org.apache.logging.log4j.core.pattern.PlainTextRenderer
7908:             1             16  org.apache.logging.log4j.core.selector.ClassLoaderContextSelector
7909:             1             16  org.apache.logging.log4j.core.util.CloseShieldOutputStream
7910:             1             16  org.apache.logging.log4j.core.util.datetime.FastDateFormat$1
7911:             1             16  org.apache.logging.log4j.core.util.datetime.FastDateParser$$Lambda/0x00007fcd281ab908
7912:             1             16  org.apache.logging.log4j.core.util.datetime.FastDateParser$1
7913:             1             16  org.apache.logging.log4j.core.util.datetime.FastDateParser$2
7914:             1             16  org.apache.logging.log4j.core.util.datetime.FastDateParser$3
7915:             1             16  org.apache.logging.log4j.core.util.datetime.FastDateParser$4
7916:             1             16  org.apache.logging.log4j.core.util.datetime.FastDateParser$5
7917:             1             16  org.apache.logging.log4j.core.util.datetime.FastDatePrinter$TwoDigitMonthField
7918:             1             16  org.apache.logging.log4j.jul.LogManager$$Lambda/0x00007fcd281c2390
7919:             1             16  org.apache.logging.log4j.message.MessageFormatMessageFactory
7920:             1             16  org.apache.logging.log4j.message.ParameterizedMessage$$Lambda/0x00007fcd2819f510
7921:             1             16  org.apache.logging.log4j.message.ParameterizedNoReferenceMessageFactory
7922:             1             16  org.apache.logging.log4j.spi.AbstractLogger$$Lambda/0x00007fcd28013250
7923:             1             16  org.apache.logging.log4j.spi.CopyOnWriteSortedArrayThreadContextMap
7924:             1             16  org.apache.logging.log4j.spi.DefaultThreadContextStack
7925:             1             16  org.apache.logging.log4j.spi.LoggerRegistry$ConcurrentMapFactory
7926:             1             16  org.apache.logging.log4j.status.SimpleLoggerFactory
7927:             1             16  org.apache.logging.log4j.util.LoaderUtil$ThreadContextClassLoaderGetter
7928:             1             16  org.apache.logging.log4j.util.PropertiesUtil$Environment$$Lambda/0x00007fcd280108c8
7929:             1             16  org.apache.logging.log4j.util.PropertiesUtil$Environment$$Lambda/0x00007fcd28011a88
7930:             1             16  org.apache.logging.log4j.util.PropertiesUtil$Environment$$Lambda/0x00007fcd28011ef0
7931:             1             16  org.apache.logging.log4j.util.ProviderUtil
7932:             1             16  org.apache.logging.log4j.util.ProviderUtil$$Lambda/0x00007fcd2813fb70
7933:             1             16  org.apache.logging.log4j.util.SortedArrayStringMap$$Lambda/0x00007fcd2813e000
7934:             1             16  org.apache.logging.log4j.util.StackLocator
7935:             1             16  org.apache.logging.log4j.util.StackLocator$$Lambda/0x00007fcd28198b30
7936:             1             16  org.apache.logging.log4j.util.StackLocator$$Lambda/0x00007fcd281c6250
7937:             1             16  org.apache.logging.log4j.util.StackLocator$$Lambda/0x00007fcd2823f300
7938:             1             16  org.apache.logging.log4j.util.StackLocator$$Lambda/0x00007fcd288bfa90
7939:             1             16  org.apache.logging.log4j.util.Strings$$Lambda/0x00007fcd28005a40
7940:             1             16  org.apache.logging.slf4j.Log4jLoggerFactory$$Lambda/0x00007fcd28281a20
7941:             1             16  org.apache.logging.slf4j.Log4jLoggerFactory$$Lambda/0x00007fcd28ac7b98
7942:             1             16  org.apache.logging.slf4j.Log4jMarkerFactory
7943:             1             16  org.apache.logging.slf4j.Log4jMarkerFactory
7944:             1             16  org.apache.lucene.analysis.Analyzer$1
7945:             1             16  org.apache.lucene.analysis.Analyzer$2
7946:             1             16  org.apache.lucene.backward_codecs.compressing.CompressionMode$1
7947:             1             16  org.apache.lucene.backward_codecs.compressing.CompressionMode$2
7948:             1             16  org.apache.lucene.backward_codecs.compressing.CompressionMode$3
7949:             1             16  org.apache.lucene.backward_codecs.compressing.CompressionMode$4
7950:             1             16  org.apache.lucene.backward_codecs.lucene50.Lucene50PostingsFormat
7951:             1             16  org.apache.lucene.backward_codecs.lucene50.Lucene50StoredFieldsFormat$1
7952:             1             16  org.apache.lucene.backward_codecs.lucene50.Lucene50StoredFieldsFormat$2
7953:             1             16  org.apache.lucene.backward_codecs.lucene70.Lucene70DocValuesFormat
7954:             1             16  org.apache.lucene.backward_codecs.lucene70.Lucene70NormsFormat
7955:             1             16  org.apache.lucene.backward_codecs.lucene87.DeflateWithPresetDictCompressionMode
7956:             1             16  org.apache.lucene.backward_codecs.lucene87.LZ4WithPresetDictCompressionMode
7957:             1             16  org.apache.lucene.codecs.KnnVectorsFormat$1
7958:             1             16  org.apache.lucene.codecs.PointsFormat$1
7959:             1             16  org.apache.lucene.codecs.compressing.CompressionMode$1
7960:             1             16  org.apache.lucene.codecs.compressing.CompressionMode$2
7961:             1             16  org.apache.lucene.codecs.compressing.CompressionMode$3
7962:             1             16  org.apache.lucene.codecs.compressing.CompressionMode$4
7963:             1             16  org.apache.lucene.codecs.lucene90.DeflateWithPresetDictCompressionMode
7964:             1             16  org.apache.lucene.codecs.lucene90.LZ4WithPresetDictCompressionMode
7965:             1             16  org.apache.lucene.codecs.lucene90.Lucene90CompoundReader$$Lambda/0x00007fcd2850d598
7966:             1             16  org.apache.lucene.codecs.lucene90.Lucene90CompoundReader$$Lambda/0x00007fcd2850d7b0
7967:             1             16  org.apache.lucene.codecs.lucene99.Lucene99FlatVectorsFormat
7968:             1             16  org.apache.lucene.codecs.perfield.PerFieldPostingsFormat$FieldsWriter$$Lambda/0x00007fcd2939fbe8
7969:             1             16  org.apache.lucene.codecs.perfield.PerFieldPostingsFormat$FieldsWriter$$Lambda/0x00007fcd293a0000
7970:             1             16  org.apache.lucene.codecs.perfield.PerFieldPostingsFormat$FieldsWriter$$Lambda/0x00007fcd293a0238
7971:             1             16  org.apache.lucene.index.ConcurrentMergeScheduler$2
7972:             1             16  org.apache.lucene.index.DocumentsWriter$$Lambda/0x00007fcd290cda90
7973:             1             16  org.apache.lucene.index.DocumentsWriterDeleteQueue$$Lambda/0x00007fcd290c9be8
7974:             1             16  org.apache.lucene.index.FrozenBufferedUpdates$$Lambda/0x00007fcd290df9a0
7975:             1             16  org.apache.lucene.index.IndexWriter$$Lambda/0x00007fcd290e8a68
7976:             1             16  org.apache.lucene.index.IndexWriter$1$$Lambda/0x00007fcd290e3d58
7977:             1             16  org.apache.lucene.index.IndexWriter$4
7978:             1             16  org.apache.lucene.index.IndexWriter$5
7979:             1             16  org.apache.lucene.index.IndexWriterEventListener$1
7980:             1             16  org.apache.lucene.index.KeepOnlyLastCommitDeletionPolicy
7981:             1             16  org.apache.lucene.index.LockableConcurrentApproximatePriorityQueue$$Lambda/0x00007fcd290d2cc0
7982:             1             16  org.apache.lucene.index.MergePolicy$OneMerge$$Lambda/0x00007fcd29392c80
7983:             1             16  org.apache.lucene.index.MultiTermsEnum$1
7984:             1             16  org.apache.lucene.index.PrefixCodedTerms$$Lambda/0x00007fcd290dfbc8
7985:             1             16  org.apache.lucene.index.SegmentReader$3
7986:             1             16  org.apache.lucene.index.SerialMergeScheduler
7987:             1             16  org.apache.lucene.index.SlowCompositeCodecReaderWrapper$$Lambda/0x00007fcd2939a1e0
7988:             1             16  org.apache.lucene.index.SlowCompositeCodecReaderWrapper$$Lambda/0x00007fcd2939a3f8
7989:             1             16  org.apache.lucene.index.SlowImpactsEnum$1
7990:             1             16  org.apache.lucene.index.StandardDirectoryReader$$Lambda/0x00007fcd2851a3a0
7991:             1             16  org.apache.lucene.index.TermStates$1
7992:             1             16  org.apache.lucene.index.Terms$2
7993:             1             16  org.apache.lucene.index.TermsEnum$1
7994:             1             16  org.apache.lucene.index.TieredMergePolicy$$Lambda/0x00007fcd290e0c08
7995:             1             16  org.apache.lucene.index.TieredMergePolicy$$Lambda/0x00007fcd290e8430
7996:             1             16  org.apache.lucene.internal.tests.TestSecrets$$Lambda/0x00007fcd285052b0
7997:             1             16  org.apache.lucene.search.Boolean2ScorerSupplier$$Lambda/0x00007fcd293ce400
7998:             1             16  org.apache.lucene.search.Boolean2ScorerSupplier$$Lambda/0x00007fcd293ce618
7999:             1             16  org.apache.lucene.search.BooleanWeight$$Lambda/0x00007fcd293d8490
8000:             1             16  org.apache.lucene.search.BooleanWeight$$Lambda/0x00007fcd293d8b38
8001:             1             16  org.apache.lucene.search.BooleanWeight$$Lambda/0x00007fcd293d8d80
8002:             1             16  org.apache.lucene.search.BooleanWeight$$Lambda/0x00007fcd293d9408
8003:             1             16  org.apache.lucene.search.ConjunctionDISI$$Lambda/0x00007fcd293da7c8
8004:             1             16  org.apache.lucene.search.ConjunctionDISI$ConjunctionTwoPhaseIterator$$Lambda/0x00007fcd293dc8d0
8005:             1             16  org.apache.lucene.search.DocValuesRewriteMethod
8006:             1             16  org.apache.lucene.search.DoubleValues$2
8007:             1             16  org.apache.lucene.search.HitsThresholdChecker$1
8008:             1             16  org.apache.lucene.search.IndexSearcher$$Lambda/0x00007fcd29047bd0
8009:             1             16  org.apache.lucene.search.IndexSearcher$$Lambda/0x00007fcd290841f0
8010:             1             16  org.apache.lucene.search.IndexSearcher$LeafSlice$$Lambda/0x00007fcd29362380
8011:             1             16  org.apache.lucene.search.MultiTermQuery$1
8012:             1             16  org.apache.lucene.search.MultiTermQuery$2
8013:             1             16  org.apache.lucene.search.QueryVisitor$2
8014:             1             16  org.apache.lucene.search.ScorerUtil$$Lambda/0x00007fcd293cf120
8015:             1             16  org.apache.lucene.search.ScoringRewrite$1
8016:             1             16  org.apache.lucene.search.ScoringRewrite$2
8017:             1             16  org.apache.lucene.search.SortField$1
8018:             1             16  org.apache.lucene.search.SortField$2
8019:             1             16  org.apache.lucene.search.TaskExecutor$$Lambda/0x00007fcd288facc0
8020:             1             16  org.apache.lucene.search.TopDocs$$Lambda/0x00007fcd2872a150
8021:             1             16  org.apache.lucene.search.TopDocs$$Lambda/0x00007fcd2872a368
8022:             1             16  org.apache.lucene.search.similarities.AfterEffectB
8023:             1             16  org.apache.lucene.search.similarities.AfterEffectL
8024:             1             16  org.apache.lucene.search.similarities.BasicModelG
8025:             1             16  org.apache.lucene.search.similarities.BasicModelIF
8026:             1             16  org.apache.lucene.search.similarities.BasicModelIn
8027:             1             16  org.apache.lucene.search.similarities.BasicModelIne
8028:             1             16  org.apache.lucene.search.similarities.DistributionLL
8029:             1             16  org.apache.lucene.search.similarities.DistributionSPL
8030:             1             16  org.apache.lucene.search.similarities.IndependenceChiSquared
8031:             1             16  org.apache.lucene.search.similarities.IndependenceSaturated
8032:             1             16  org.apache.lucene.search.similarities.IndependenceStandardized
8033:             1             16  org.apache.lucene.search.similarities.LambdaDF
8034:             1             16  org.apache.lucene.search.similarities.LambdaTTF
8035:             1             16  org.apache.lucene.store.ByteBuffersDataInput$$Lambda/0x00007fcd290dcd70
8036:             1             16  org.apache.lucene.store.ByteBuffersDataOutput$$Lambda/0x00007fcd285137d0
8037:             1             16  org.apache.lucene.store.ByteBuffersDataOutput$$Lambda/0x00007fcd285139e8
8038:             1             16  org.apache.lucene.store.MMapDirectory$$Lambda/0x00007fcd284a6268
8039:             1             16  org.apache.lucene.store.MMapDirectory$$Lambda/0x00007fcd284a64b0
8040:             1             16  org.apache.lucene.store.MMapDirectory$$Lambda/0x00007fcd284a66f8
8041:             1             16  org.apache.lucene.store.MMapDirectory$$Lambda/0x00007fcd284a6940
8042:             1             16  org.apache.lucene.store.MMapDirectory$$Lambda/0x00007fcd284a6b58
8043:             1             16  org.apache.lucene.store.MemorySegmentIndexInputProvider
8044:             1             16  org.apache.lucene.store.NativeFSLockFactory
8045:             1             16  org.apache.lucene.util.Accountable$$Lambda/0x00007fcd28504c08
8046:             1             16  org.apache.lucene.util.ArrayUtil$$Lambda/0x00007fcd29315a78
8047:             1             16  org.apache.lucene.util.ArrayUtil$$Lambda/0x00007fcd2931d2d8
8048:             1             16  org.apache.lucene.util.AttributeFactory$DefaultAttributeFactory
8049:             1             16  org.apache.lucene.util.BytesRefComparator$1
8050:             1             16  org.apache.lucene.util.CharsRef$UTF16SortedAsUTF8Comparator
8051:             1             16  org.apache.lucene.util.Constants$$Lambda/0x00007fcd280c5800
8052:             1             16  org.apache.lucene.util.Constants$$Lambda/0x00007fcd280c5c58
8053:             1             16  org.apache.lucene.util.Constants$$Lambda/0x00007fcd280c5e90
8054:             1             16  org.apache.lucene.util.Constants$$Lambda/0x00007fcd280c60c8
8055:             1             16  org.apache.lucene.util.FileDeleter$$Lambda/0x00007fcd290cef50
8056:             1             16  org.apache.lucene.util.FileDeleter$$Lambda/0x00007fcd290cf400
8057:             1             16  org.apache.lucene.util.HotspotVMOptions$$Lambda/0x00007fcd280c5388
8058:             1             16  org.apache.lucene.util.IOUtils$$Lambda/0x00007fcd2851a5b8
8059:             1             16  org.apache.lucene.util.InfoStream$NoOutput
8060:             1             16  org.apache.lucene.util.LongValues$1
8061:             1             16  org.apache.lucene.util.LongValues$2
8062:             1             16  org.apache.lucene.util.PriorityQueue$$Lambda/0x00007fcd290e3520
8063:             1             16  org.apache.lucene.util.RamUsageEstimator$$Lambda/0x00007fcd281da9e0
8064:             1             16  org.apache.lucene.util.RamUsageEstimator$$Lambda/0x00007fcd281dac18
8065:             1             16  org.apache.lucene.util.UnicodeUtil$$Lambda/0x00007fcd280a08c0
8066:             1             16  org.apache.lucene.util.fst.ByteSequenceOutputs
8067:             1             16  org.apache.lucene.util.fst.FSTCompiler$NullFSTReader
8068:             1             16  org.bouncycastle.asn1.DERNull
8069:             1             16  org.bouncycastle.crypto.CryptoServicesRegistrar$1
8070:             1             16  org.bouncycastle.crypto.CryptoServicesRegistrar$ThreadLocalSecureRandomProvider
8071:             1             16  org.bouncycastle.jcajce.provider.asymmetric.COMPOSITE$CompositeKeyInfoConverter
8072:             1             16  org.bouncycastle.jcajce.provider.asymmetric.EXTERNAL$ExternalKeyInfoConverter
8073:             1             16  org.bouncycastle.jcajce.provider.asymmetric.dsa.KeyFactorySpi
8074:             1             16  org.bouncycastle.jcajce.provider.asymmetric.elgamal.KeyFactorySpi
8075:             1             16  org.bouncycastle.jcajce.provider.asymmetric.gost.KeyFactorySpi
8076:             1             16  org.bouncycastle.jcajce.provider.asymmetric.rsa.KeyFactorySpi
8077:             1             16  org.bouncycastle.jcajce.provider.drbg.EntropyDaemon
8078:             1             16  org.bouncycastle.pqc.jcajce.provider.lms.LMSKeyFactorySpi
8079:             1             16  org.bouncycastle.pqc.jcajce.provider.newhope.NHKeyFactorySpi
8080:             1             16  org.bouncycastle.pqc.jcajce.provider.picnic.PicnicKeyFactorySpi
8081:             1             16  org.bouncycastle.pqc.jcajce.provider.sphincs.Sphincs256KeyFactorySpi
8082:             1             16  org.greenrobot.eventbus.Logger$SystemOutLogger
8083:             1             16  org.jcodings.ObjPtr
8084:             1             16  org.joda.time.UTCDateTimeZone
8085:             1             16  org.joda.time.format.DateTimeFormatterBuilder$StringLiteral
8086:             1             16  org.joni.MatcherFactory$1
8087:             1             16  org.joni.Search$1
8088:             1             16  org.joni.Search$10
8089:             1             16  org.joni.Search$11
8090:             1             16  org.joni.Search$12
8091:             1             16  org.joni.Search$13
8092:             1             16  org.joni.Search$14
8093:             1             16  org.joni.Search$15
8094:             1             16  org.joni.Search$16
8095:             1             16  org.joni.Search$17
8096:             1             16  org.joni.Search$2
8097:             1             16  org.joni.Search$3
8098:             1             16  org.joni.Search$4
8099:             1             16  org.joni.Search$5
8100:             1             16  org.joni.Search$6
8101:             1             16  org.joni.Search$7
8102:             1             16  org.joni.Search$8
8103:             1             16  org.joni.Search$9
8104:             1             16  org.joni.WarnCallback$1
8105:             1             16  org.joni.WarnCallback$2
8106:             1             16  org.locationtech.jts.geom.impl.CoordinateArraySequenceFactory
8107:             1             16  org.locationtech.spatial4j.io.BinaryCodec
8108:             1             16  org.locationtech.spatial4j.io.GeoJSONWriter
8109:             1             16  org.locationtech.spatial4j.io.PolyshapeWriter
8110:             1             16  org.locationtech.spatial4j.io.WKTWriter
8111:             1             16  org.locationtech.spatial4j.io.jts.JtsGeoJSONWriter
8112:             1             16  org.locationtech.spatial4j.io.jts.JtsPolyshapeWriter
8113:             1             16  org.locationtech.spatial4j.io.jts.JtsWKTWriter
8114:             1             16  org.opensearch.OpenSearchException$$Lambda/0x00007fcd28712208
8115:             1             16  org.opensearch.OpenSearchException$$Lambda/0x00007fcd28712620
8116:             1             16  org.opensearch.OpenSearchException$$Lambda/0x00007fcd28712838
8117:             1             16  org.opensearch.OpenSearchException$$Lambda/0x00007fcd28712a50
8118:             1             16  org.opensearch.OpenSearchException$$Lambda/0x00007fcd28712ea8
8119:             1             16  org.opensearch.OpenSearchException$$Lambda/0x00007fcd287130c0
8120:             1             16  org.opensearch.OpenSearchException$$Lambda/0x00007fcd293e8d50
8121:             1             16  org.opensearch.OpenSearchException$$Lambda/0x00007fcd293e9398
8122:             1             16  org.opensearch.OpenSearchException$$Lambda/0x00007fcd293e99e0
8123:             1             16  org.opensearch.OpenSearchException$$Lambda/0x00007fcd293ea028
8124:             1             16  org.opensearch.OpenSearchException$$Lambda/0x00007fcd293eacd0
8125:             1             16  org.opensearch.OpenSearchException$$Lambda/0x00007fcd293eb318
8126:             1             16  org.opensearch.OpenSearchServerException$$Lambda/0x00007fcd28cbb328
8127:             1             16  org.opensearch.OpenSearchServerException$$Lambda/0x00007fcd28cbb540
8128:             1             16  org.opensearch.OpenSearchServerException$$Lambda/0x00007fcd28cbbae8
8129:             1             16  org.opensearch.OpenSearchServerException$$Lambda/0x00007fcd28cbbd00
8130:             1             16  org.opensearch.OpenSearchServerException$$Lambda/0x00007fcd28cbbf18
8131:             1             16  org.opensearch.OpenSearchServerException$$Lambda/0x00007fcd28cbc130
8132:             1             16  org.opensearch.OpenSearchServerException$$Lambda/0x00007fcd28cbc348
8133:             1             16  org.opensearch.OpenSearchServerException$$Lambda/0x00007fcd28cbc900
8134:             1             16  org.opensearch.OpenSearchServerException$$Lambda/0x00007fcd28cbcb18
8135:             1             16  org.opensearch.OpenSearchServerException$$Lambda/0x00007fcd28cbd0c0
8136:             1             16  org.opensearch.OpenSearchServerException$$Lambda/0x00007fcd28cbd2d8
8137:             1             16  org.opensearch.OpenSearchServerException$$Lambda/0x00007fcd28cbd4f0
8138:             1             16  org.opensearch.OpenSearchServerException$$Lambda/0x00007fcd28cbda98
8139:             1             16  org.opensearch.OpenSearchServerException$$Lambda/0x00007fcd28cbdcb0
8140:             1             16  org.opensearch.OpenSearchServerException$$Lambda/0x00007fcd28cbdec8
8141:             1             16  org.opensearch.OpenSearchServerException$$Lambda/0x00007fcd28cbe0e0
8142:             1             16  org.opensearch.OpenSearchServerException$$Lambda/0x00007fcd28cbea20
8143:             1             16  org.opensearch.OpenSearchServerException$$Lambda/0x00007fcd28cbefe0
8144:             1             16  org.opensearch.OpenSearchServerException$$Lambda/0x00007fcd28cbf1f8
8145:             1             16  org.opensearch.OpenSearchServerException$$Lambda/0x00007fcd28cbf410
8146:             1             16  org.opensearch.OpenSearchServerException$$Lambda/0x00007fcd28cbf628
8147:             1             16  org.opensearch.OpenSearchServerException$$Lambda/0x00007fcd28cbfbd8
8148:             1             16  org.opensearch.OpenSearchServerException$$Lambda/0x00007fcd28cc0000
8149:             1             16  org.opensearch.OpenSearchServerException$$Lambda/0x00007fcd28cc0218
8150:             1             16  org.opensearch.OpenSearchServerException$$Lambda/0x00007fcd28cc0430
8151:             1             16  org.opensearch.OpenSearchServerException$$Lambda/0x00007fcd28cc0648
8152:             1             16  org.opensearch.OpenSearchServerException$$Lambda/0x00007fcd28cc0860
8153:             1             16  org.opensearch.OpenSearchServerException$$Lambda/0x00007fcd28cc0a78
8154:             1             16  org.opensearch.OpenSearchServerException$$Lambda/0x00007fcd28cc0c90
8155:             1             16  org.opensearch.OpenSearchServerException$$Lambda/0x00007fcd28cc1238
8156:             1             16  org.opensearch.OpenSearchServerException$$Lambda/0x00007fcd28cc1450
8157:             1             16  org.opensearch.OpenSearchServerException$$Lambda/0x00007fcd28cc1668
8158:             1             16  org.opensearch.OpenSearchServerException$$Lambda/0x00007fcd28cc1880
8159:             1             16  org.opensearch.OpenSearchServerException$$Lambda/0x00007fcd28cc1a98
8160:             1             16  org.opensearch.OpenSearchServerException$$Lambda/0x00007fcd28cc2050
8161:             1             16  org.opensearch.OpenSearchServerException$$Lambda/0x00007fcd28cc2600
8162:             1             16  org.opensearch.OpenSearchServerException$$Lambda/0x00007fcd28cc2bd8
8163:             1             16  org.opensearch.OpenSearchServerException$$Lambda/0x00007fcd28cc2df0
8164:             1             16  org.opensearch.OpenSearchServerException$$Lambda/0x00007fcd28cc3728
8165:             1             16  org.opensearch.OpenSearchServerException$$Lambda/0x00007fcd28cc3cd8
8166:             1             16  org.opensearch.OpenSearchServerException$$Lambda/0x00007fcd28cc4298
8167:             1             16  org.opensearch.OpenSearchServerException$$Lambda/0x00007fcd28cc44b0
8168:             1             16  org.opensearch.OpenSearchServerException$$Lambda/0x00007fcd28cc46c8
8169:             1             16  org.opensearch.OpenSearchServerException$$Lambda/0x00007fcd28cc4c90
8170:             1             16  org.opensearch.OpenSearchServerException$$Lambda/0x00007fcd28cc4ea8
8171:             1             16  org.opensearch.OpenSearchServerException$$Lambda/0x00007fcd28cc50c0
8172:             1             16  org.opensearch.OpenSearchServerException$$Lambda/0x00007fcd28cc5a08
8173:             1             16  org.opensearch.OpenSearchServerException$$Lambda/0x00007fcd28cc5c20
8174:             1             16  org.opensearch.OpenSearchServerException$$Lambda/0x00007fcd28cc61d0
8175:             1             16  org.opensearch.OpenSearchServerException$$Lambda/0x00007fcd28cc67a0
8176:             1             16  org.opensearch.OpenSearchServerException$$Lambda/0x00007fcd28cc6d48
8177:             1             16  org.opensearch.OpenSearchServerException$$Lambda/0x00007fcd28cc72f0
8178:             1             16  org.opensearch.OpenSearchServerException$$Lambda/0x00007fcd28cc78a0
8179:             1             16  org.opensearch.OpenSearchServerException$$Lambda/0x00007fcd28cc7ab8
8180:             1             16  org.opensearch.OpenSearchServerException$$Lambda/0x00007fcd28cc7cd0
8181:             1             16  org.opensearch.OpenSearchServerException$$Lambda/0x00007fcd28cc8000
8182:             1             16  org.opensearch.OpenSearchServerException$$Lambda/0x00007fcd28cc85a8
8183:             1             16  org.opensearch.OpenSearchServerException$$Lambda/0x00007fcd28cc8b80
8184:             1             16  org.opensearch.OpenSearchServerException$$Lambda/0x00007fcd28cc8d98
8185:             1             16  org.opensearch.OpenSearchServerException$$Lambda/0x00007fcd28cc8fb0
8186:             1             16  org.opensearch.OpenSearchServerException$$Lambda/0x00007fcd28cc91c8
8187:             1             16  org.opensearch.OpenSearchServerException$$Lambda/0x00007fcd28cc9770
8188:             1             16  org.opensearch.OpenSearchServerException$$Lambda/0x00007fcd28cc9d20
8189:             1             16  org.opensearch.OpenSearchServerException$$Lambda/0x00007fcd28cc9f38
8190:             1             16  org.opensearch.OpenSearchServerException$$Lambda/0x00007fcd28cca4e8
8191:             1             16  org.opensearch.OpenSearchServerException$$Lambda/0x00007fcd28cca700
8192:             1             16  org.opensearch.OpenSearchServerException$$Lambda/0x00007fcd28cca918
8193:             1             16  org.opensearch.OpenSearchServerException$$Lambda/0x00007fcd28ccab30
8194:             1             16  org.opensearch.OpenSearchServerException$$Lambda/0x00007fcd28ccb0e8
8195:             1             16  org.opensearch.OpenSearchServerException$$Lambda/0x00007fcd28ccb6a8
8196:             1             16  org.opensearch.OpenSearchServerException$$Lambda/0x00007fcd28ccb8c0
8197:             1             16  org.opensearch.OpenSearchServerException$$Lambda/0x00007fcd28ccbe70
8198:             1             16  org.opensearch.OpenSearchServerException$$Lambda/0x00007fcd28ccc418
8199:             1             16  org.opensearch.OpenSearchServerException$$Lambda/0x00007fcd28ccc630
8200:             1             16  org.opensearch.OpenSearchServerException$$Lambda/0x00007fcd28cccbd8
8201:             1             16  org.opensearch.OpenSearchServerException$$Lambda/0x00007fcd28ccd180
8202:             1             16  org.opensearch.OpenSearchServerException$$Lambda/0x00007fcd28ccd398
8203:             1             16  org.opensearch.OpenSearchServerException$$Lambda/0x00007fcd28ccd5b0
8204:             1             16  org.opensearch.OpenSearchServerException$$Lambda/0x00007fcd28ccd7c8
8205:             1             16  org.opensearch.OpenSearchServerException$$Lambda/0x00007fcd28ccdd78
8206:             1             16  org.opensearch.OpenSearchServerException$$Lambda/0x00007fcd28ccdf90
8207:             1             16  org.opensearch.OpenSearchServerException$$Lambda/0x00007fcd28cce1a8
8208:             1             16  org.opensearch.OpenSearchServerException$$Lambda/0x00007fcd28cce3c0
8209:             1             16  org.opensearch.OpenSearchServerException$$Lambda/0x00007fcd28cce5d8
8210:             1             16  org.opensearch.OpenSearchServerException$$Lambda/0x00007fcd28cceb80
8211:             1             16  org.opensearch.OpenSearchServerException$$Lambda/0x00007fcd28cced98
8212:             1             16  org.opensearch.OpenSearchServerException$$Lambda/0x00007fcd28ccf340
8213:             1             16  org.opensearch.OpenSearchServerException$$Lambda/0x00007fcd28ccf558
8214:             1             16  org.opensearch.OpenSearchServerException$$Lambda/0x00007fcd28ccfb00
8215:             1             16  org.opensearch.OpenSearchServerException$$Lambda/0x00007fcd28ccfd18
8216:             1             16  org.opensearch.OpenSearchServerException$$Lambda/0x00007fcd28cd0390
8217:             1             16  org.opensearch.OpenSearchServerException$$Lambda/0x00007fcd28cd0938
8218:             1             16  org.opensearch.OpenSearchServerException$$Lambda/0x00007fcd28cd0ee8
8219:             1             16  org.opensearch.OpenSearchServerException$$Lambda/0x00007fcd28cd1100
8220:             1             16  org.opensearch.OpenSearchServerException$$Lambda/0x00007fcd28cd1318
8221:             1             16  org.opensearch.OpenSearchServerException$$Lambda/0x00007fcd28cd18c0
8222:             1             16  org.opensearch.OpenSearchServerException$$Lambda/0x00007fcd28cd1ad8
8223:             1             16  org.opensearch.OpenSearchServerException$$Lambda/0x00007fcd28cd1cf0
8224:             1             16  org.opensearch.OpenSearchServerException$$Lambda/0x00007fcd28cd1f08
8225:             1             16  org.opensearch.OpenSearchServerException$$Lambda/0x00007fcd28cd2120
8226:             1             16  org.opensearch.OpenSearchServerException$$Lambda/0x00007fcd28cd2338
8227:             1             16  org.opensearch.OpenSearchServerException$$Lambda/0x00007fcd28cd2550
8228:             1             16  org.opensearch.OpenSearchServerException$$Lambda/0x00007fcd28cd2768
8229:             1             16  org.opensearch.OpenSearchServerException$$Lambda/0x00007fcd28cd2d10
8230:             1             16  org.opensearch.OpenSearchServerException$$Lambda/0x00007fcd28cd32b8
8231:             1             16  org.opensearch.OpenSearchServerException$$Lambda/0x00007fcd28cd3860
8232:             1             16  org.opensearch.OpenSearchServerException$$Lambda/0x00007fcd28cd3e08
8233:             1             16  org.opensearch.OpenSearchServerException$$Lambda/0x00007fcd28cd4020
8234:             1             16  org.opensearch.OpenSearchServerException$$Lambda/0x00007fcd28cd45c8
8235:             1             16  org.opensearch.OpenSearchServerException$$Lambda/0x00007fcd28cd4b70
8236:             1             16  org.opensearch.OpenSearchServerException$$Lambda/0x00007fcd28cd5118
8237:             1             16  org.opensearch.OpenSearchServerException$$Lambda/0x00007fcd28cd5330
8238:             1             16  org.opensearch.OpenSearchServerException$$Lambda/0x00007fcd28cd5548
8239:             1             16  org.opensearch.OpenSearchServerException$$Lambda/0x00007fcd28cd5af0
8240:             1             16  org.opensearch.OpenSearchServerException$$Lambda/0x00007fcd28cd5d08
8241:             1             16  org.opensearch.OpenSearchServerException$$Lambda/0x00007fcd28cd5f20
8242:             1             16  org.opensearch.OpenSearchServerException$$Lambda/0x00007fcd28cd6138
8243:             1             16  org.opensearch.OpenSearchServerException$$Lambda/0x00007fcd28cd6350
8244:             1             16  org.opensearch.OpenSearchServerException$$Lambda/0x00007fcd28cd6568
8245:             1             16  org.opensearch.OpenSearchServerException$$Lambda/0x00007fcd28cd6780
8246:             1             16  org.opensearch.OpenSearchServerException$$Lambda/0x00007fcd28cd6998
8247:             1             16  org.opensearch.OpenSearchServerException$$Lambda/0x00007fcd28cd6bb0
8248:             1             16  org.opensearch.OpenSearchServerException$$Lambda/0x00007fcd28cd7158
8249:             1             16  org.opensearch.OpenSearchServerException$$Lambda/0x00007fcd28cd7700
8250:             1             16  org.opensearch.OpenSearchServerException$$Lambda/0x00007fcd28cd7cb0
8251:             1             16  org.opensearch.OpenSearchServerException$$Lambda/0x00007fcd28cd8390
8252:             1             16  org.opensearch.OpenSearchServerException$$Lambda/0x00007fcd28cd8950
8253:             1             16  org.opensearch.OpenSearchServerException$$Lambda/0x00007fcd28cd8ef8
8254:             1             16  org.opensearch.OpenSearchServerException$$Lambda/0x00007fcd28cd9110
8255:             1             16  org.opensearch.OpenSearchServerException$$Lambda/0x00007fcd28cd9328
8256:             1             16  org.opensearch.OpenSearchServerException$$Lambda/0x00007fcd28cd9540
8257:             1             16  org.opensearch.OpenSearchServerException$$Lambda/0x00007fcd28cd9af0
8258:             1             16  org.opensearch.OpenSearchServerException$$Lambda/0x00007fcd28cda0a0
8259:             1             16  org.opensearch.OpenSearchServerException$$Lambda/0x00007fcd28cda648
8260:             1             16  org.opensearch.OpenSearchServerException$$Lambda/0x00007fcd28cda860
8261:             1             16  org.opensearch.OpenSearchServerException$$Lambda/0x00007fcd28cdae18
8262:             1             16  org.opensearch.OpenSearchServerException$$Lambda/0x00007fcd28cdb3c0
8263:             1             16  org.opensearch.OpenSearchServerException$$Lambda/0x00007fcd28cdb5d8
8264:             1             16  org.opensearch.OpenSearchServerException$$Lambda/0x00007fcd28cdbb80
8265:             1             16  org.opensearch.OpenSearchServerException$$Lambda/0x00007fcd28cdc140
8266:             1             16  org.opensearch.OpenSearchServerException$$Lambda/0x00007fcd28cdc6f8
8267:             1             16  org.opensearch.OpenSearchServerException$$Lambda/0x00007fcd28cdccb0
8268:             1             16  org.opensearch.action.ActionModule$$Lambda/0x00007fcd28bfb960
8269:             1             16  org.opensearch.action.ActionModule$$Lambda/0x00007fcd28c97570
8270:             1             16  org.opensearch.action.ActionModule$$Lambda/0x00007fcd28c98230
8271:             1             16  org.opensearch.action.ActionModule$$Lambda/0x00007fcd28c98880
8272:             1             16  org.opensearch.action.ActionModule$$Lambda/0x00007fcd28c98ab8
8273:             1             16  org.opensearch.action.ActionRunnable$$Lambda/0x00007fcd291c21a8
8274:             1             16  org.opensearch.action.admin.cluster.allocation.ClusterAllocationExplainAction$$Lambda/0x00007fcd28bd2818
8275:             1             16  org.opensearch.action.admin.cluster.allocation.TransportClusterAllocationExplainAction$$Lambda/0x00007fcd28f7d920
8276:             1             16  org.opensearch.action.admin.cluster.configuration.AddVotingConfigExclusionsAction$$Lambda/0x00007fcd28bd1c98
8277:             1             16  org.opensearch.action.admin.cluster.configuration.ClearVotingConfigExclusionsAction$$Lambda/0x00007fcd28bd2138
8278:             1             16  org.opensearch.action.admin.cluster.configuration.TransportAddVotingConfigExclusionsAction$$Lambda/0x00007fcd28e77080
8279:             1             16  org.opensearch.action.admin.cluster.configuration.TransportAddVotingConfigExclusionsAction$$Lambda/0x00007fcd28e77298
8280:             1             16  org.opensearch.action.admin.cluster.configuration.TransportClearVotingConfigExclusionsAction$$Lambda/0x00007fcd28f7cea8
8281:             1             16  org.opensearch.action.admin.cluster.decommission.awareness.delete.DeleteDecommissionStateAction$$Lambda/0x00007fcd28c95e20
8282:             1             16  org.opensearch.action.admin.cluster.decommission.awareness.delete.TransportDeleteDecommissionStateAction$$Lambda/0x00007fcd28efe3b0
8283:             1             16  org.opensearch.action.admin.cluster.decommission.awareness.get.GetDecommissionStateAction$$Lambda/0x00007fcd28c956f8
8284:             1             16  org.opensearch.action.admin.cluster.decommission.awareness.get.TransportGetDecommissionStateAction$$Lambda/0x00007fcd28e0d970
8285:             1             16  org.opensearch.action.admin.cluster.decommission.awareness.put.DecommissionAction$$Lambda/0x00007fcd28c94fc0
8286:             1             16  org.opensearch.action.admin.cluster.decommission.awareness.put.TransportDecommissionAction$$Lambda/0x00007fcd28e22258
8287:             1             16  org.opensearch.action.admin.cluster.health.ClusterHealthAction$$Lambda/0x00007fcd28bd4790
8288:             1             16  org.opensearch.action.admin.cluster.health.TransportClusterHealthAction$$Lambda/0x00007fcd28edc240
8289:             1             16  org.opensearch.action.admin.cluster.node.hotthreads.NodesHotThreadsAction$$Lambda/0x00007fcd28bc9c60
8290:             1             16  org.opensearch.action.admin.cluster.node.hotthreads.TransportNodesHotThreadsAction$$Lambda/0x00007fcd28f7c860
8291:             1             16  org.opensearch.action.admin.cluster.node.hotthreads.TransportNodesHotThreadsAction$$Lambda/0x00007fcd28f7ca78
8292:             1             16  org.opensearch.action.admin.cluster.node.info.NodeInfo$$Lambda/0x00007fcd291b9000
8293:             1             16  org.opensearch.action.admin.cluster.node.info.NodeInfo$$Lambda/0x00007fcd291b9218
8294:             1             16  org.opensearch.action.admin.cluster.node.info.NodeInfo$$Lambda/0x00007fcd291b9430
8295:             1             16  org.opensearch.action.admin.cluster.node.info.NodeInfo$$Lambda/0x00007fcd291b9648
8296:             1             16  org.opensearch.action.admin.cluster.node.info.NodeInfo$$Lambda/0x00007fcd291b9860
8297:             1             16  org.opensearch.action.admin.cluster.node.info.NodeInfo$$Lambda/0x00007fcd291b9a78
8298:             1             16  org.opensearch.action.admin.cluster.node.info.NodeInfo$$Lambda/0x00007fcd291b9c90
8299:             1             16  org.opensearch.action.admin.cluster.node.info.NodeInfo$$Lambda/0x00007fcd291c0a78
8300:             1             16  org.opensearch.action.admin.cluster.node.info.NodeInfo$$Lambda/0x00007fcd291c10c0
8301:             1             16  org.opensearch.action.admin.cluster.node.info.NodeInfo$$Lambda/0x00007fcd291c1708
8302:             1             16  org.opensearch.action.admin.cluster.node.info.NodesInfoAction$$Lambda/0x00007fcd28bca000
8303:             1             16  org.opensearch.action.admin.cluster.node.info.NodesInfoRequest$Metric$$Lambda/0x00007fcd28fc4ee0
8304:             1             16  org.opensearch.action.admin.cluster.node.info.PluginsAndModules$$Lambda/0x00007fcd2845e1f0
8305:             1             16  org.opensearch.action.admin.cluster.node.info.PluginsAndModules$$Lambda/0x00007fcd2845e660
8306:             1             16  org.opensearch.action.admin.cluster.node.info.PluginsAndModules$$Lambda/0x00007fcd291c0218
8307:             1             16  org.opensearch.action.admin.cluster.node.info.PluginsAndModules$$Lambda/0x00007fcd291c0430
8308:             1             16  org.opensearch.action.admin.cluster.node.info.TransportNodesInfoAction$$Lambda/0x00007fcd28efcc90
8309:             1             16  org.opensearch.action.admin.cluster.node.info.TransportNodesInfoAction$$Lambda/0x00007fcd28efcea8
8310:             1             16  org.opensearch.action.admin.cluster.node.liveness.TransportLivenessAction
8311:             1             16  org.opensearch.action.admin.cluster.node.liveness.TransportLivenessAction$$Lambda/0x00007fcd28ddca58
8312:             1             16  org.opensearch.action.admin.cluster.node.reload.NodesReloadSecureSettingsAction$$Lambda/0x00007fcd28bf6e38
8313:             1             16  org.opensearch.action.admin.cluster.node.reload.TransportNodesReloadSecureSettingsAction$$Lambda/0x00007fcd28f7d0c0
8314:             1             16  org.opensearch.action.admin.cluster.node.reload.TransportNodesReloadSecureSettingsAction$$Lambda/0x00007fcd28f7d2d8
8315:             1             16  org.opensearch.action.admin.cluster.node.stats.NodesStatsAction$$Lambda/0x00007fcd28bcb050
8316:             1             16  org.opensearch.action.admin.cluster.node.stats.TransportNodesStatsAction$$Lambda/0x00007fcd28ede488
8317:             1             16  org.opensearch.action.admin.cluster.node.stats.TransportNodesStatsAction$$Lambda/0x00007fcd28ede6a0
8318:             1             16  org.opensearch.action.admin.cluster.node.tasks.cancel.CancelTasksAction$$Lambda/0x00007fcd28bd1820
8319:             1             16  org.opensearch.action.admin.cluster.node.tasks.cancel.TransportCancelTasksAction$$Lambda/0x00007fcd28f2cea8
8320:             1             16  org.opensearch.action.admin.cluster.node.tasks.cancel.TransportCancelTasksAction$$Lambda/0x00007fcd28f2d0c0
8321:             1             16  org.opensearch.action.admin.cluster.node.tasks.cancel.TransportCancelTasksAction$$Lambda/0x00007fcd28f2d2d8
8322:             1             16  org.opensearch.action.admin.cluster.node.tasks.get.GetTaskAction$$Lambda/0x00007fcd28bd10f8
8323:             1             16  org.opensearch.action.admin.cluster.node.tasks.get.TransportGetTaskAction$$Lambda/0x00007fcd28f5f9a0
8324:             1             16  org.opensearch.action.admin.cluster.node.tasks.list.ListTasksAction$$Lambda/0x00007fcd28bd07a8
8325:             1             16  org.opensearch.action.admin.cluster.node.tasks.list.TransportListTasksAction$$Lambda/0x00007fcd28edfbb0
8326:             1             16  org.opensearch.action.admin.cluster.node.tasks.list.TransportListTasksAction$$Lambda/0x00007fcd28edfdc8
8327:             1             16  org.opensearch.action.admin.cluster.node.tasks.list.TransportListTasksAction$$Lambda/0x00007fcd28efc000
8328:             1             16  org.opensearch.action.admin.cluster.node.usage.NodesUsageAction$$Lambda/0x00007fcd28bc9558
8329:             1             16  org.opensearch.action.admin.cluster.node.usage.TransportNodesUsageAction$$Lambda/0x00007fcd28f2ef48
8330:             1             16  org.opensearch.action.admin.cluster.node.usage.TransportNodesUsageAction$$Lambda/0x00007fcd28f2f160
8331:             1             16  org.opensearch.action.admin.cluster.remote.RemoteInfoAction$$Lambda/0x00007fcd28bca968
8332:             1             16  org.opensearch.action.admin.cluster.remote.TransportRemoteInfoAction$$Lambda/0x00007fcd28efc430
8333:             1             16  org.opensearch.action.admin.cluster.remotestore.restore.RestoreRemoteStoreAction$$Lambda/0x00007fcd28c92e98
8334:             1             16  org.opensearch.action.admin.cluster.remotestore.restore.TransportRestoreRemoteStoreAction$$Lambda/0x00007fcd28f5f788
8335:             1             16  org.opensearch.action.admin.cluster.remotestore.stats.RemoteStoreStatsAction$$Lambda/0x00007fcd28bcba70
8336:             1             16  org.opensearch.action.admin.cluster.remotestore.stats.TransportRemoteStoreStatsAction$$Lambda/0x00007fcd28edf998
8337:             1             16  org.opensearch.action.admin.cluster.repositories.cleanup.CleanupRepositoryAction$$Lambda/0x00007fcd28bd8508
8338:             1             16  org.opensearch.action.admin.cluster.repositories.cleanup.TransportCleanupRepositoryAction$$Lambda/0x00007fcd28f7e398
8339:             1             16  org.opensearch.action.admin.cluster.repositories.cleanup.TransportCleanupRepositoryAction$$Lambda/0x00007fcd28f7e5b0
8340:             1             16  org.opensearch.action.admin.cluster.repositories.delete.DeleteRepositoryAction$$Lambda/0x00007fcd28bd7540
8341:             1             16  org.opensearch.action.admin.cluster.repositories.delete.TransportDeleteRepositoryAction$$Lambda/0x00007fcd28f2cc90
8342:             1             16  org.opensearch.action.admin.cluster.repositories.get.GetRepositoriesAction$$Lambda/0x00007fcd28bd70a0
8343:             1             16  org.opensearch.action.admin.cluster.repositories.get.TransportGetRepositoriesAction$$Lambda/0x00007fcd28e74ec0
8344:             1             16  org.opensearch.action.admin.cluster.repositories.put.PutRepositoryAction$$Lambda/0x00007fcd28bd6970
8345:             1             16  org.opensearch.action.admin.cluster.repositories.put.TransportPutRepositoryAction$$Lambda/0x00007fcd28e23bb0
8346:             1             16  org.opensearch.action.admin.cluster.repositories.verify.TransportVerifyRepositoryAction$$Lambda/0x00007fcd28e76a38
8347:             1             16  org.opensearch.action.admin.cluster.repositories.verify.VerifyRepositoryAction$$Lambda/0x00007fcd28bd7c78
8348:             1             16  org.opensearch.action.admin.cluster.reroute.ClusterRerouteAction$$Lambda/0x00007fcd28bd5618
8349:             1             16  org.opensearch.action.admin.cluster.reroute.TransportClusterRerouteAction$$Lambda/0x00007fcd28f5eaf8
8350:             1             16  org.opensearch.action.admin.cluster.settings.ClusterUpdateSettingsAction$$Lambda/0x00007fcd28bd4ed0
8351:             1             16  org.opensearch.action.admin.cluster.settings.TransportClusterUpdateSettingsAction$$Lambda/0x00007fcd28edd3c8
8352:             1             16  org.opensearch.action.admin.cluster.shards.ClusterSearchShardsAction$$Lambda/0x00007fcd28bd5d58
8353:             1             16  org.opensearch.action.admin.cluster.shards.TransportClusterSearchShardsAction$$Lambda/0x00007fcd28f5ed10
8354:             1             16  org.opensearch.action.admin.cluster.shards.routing.weighted.delete.ClusterDeleteWeightedRoutingAction$$Lambda/0x00007fcd28bdc088
8355:             1             16  org.opensearch.action.admin.cluster.shards.routing.weighted.delete.TransportDeleteWeightedRoutingAction$$Lambda/0x00007fcd28e23350
8356:             1             16  org.opensearch.action.admin.cluster.shards.routing.weighted.get.ClusterGetWeightedRoutingAction$$Lambda/0x00007fcd28bdb960
8357:             1             16  org.opensearch.action.admin.cluster.shards.routing.weighted.get.TransportGetWeightedRoutingAction$$Lambda/0x00007fcd28efd2d8
8358:             1             16  org.opensearch.action.admin.cluster.shards.routing.weighted.put.ClusterAddWeightedRoutingAction$$Lambda/0x00007fcd28bdb210
8359:             1             16  org.opensearch.action.admin.cluster.shards.routing.weighted.put.TransportAddWeightedRoutingAction$$Lambda/0x00007fcd28e774c8
8360:             1             16  org.opensearch.action.admin.cluster.snapshots.clone.CloneSnapshotAction$$Lambda/0x00007fcd28bd9c98
8361:             1             16  org.opensearch.action.admin.cluster.snapshots.clone.TransportCloneSnapshotAction$$Lambda/0x00007fcd28f2d4f0
8362:             1             16  org.opensearch.action.admin.cluster.snapshots.create.CreateSnapshotAction$$Lambda/0x00007fcd28bd97f8
8363:             1             16  org.opensearch.action.admin.cluster.snapshots.create.TransportCreateSnapshotAction$$Lambda/0x00007fcd28e0cac0
8364:             1             16  org.opensearch.action.admin.cluster.snapshots.delete.DeleteSnapshotAction$$Lambda/0x00007fcd28bd90c0
8365:             1             16  org.opensearch.action.admin.cluster.snapshots.delete.TransportDeleteSnapshotAction$$Lambda/0x00007fcd28ddf170
8366:             1             16  org.opensearch.action.admin.cluster.snapshots.get.GetSnapshotsAction$$Lambda/0x00007fcd28bd8c20
8367:             1             16  org.opensearch.action.admin.cluster.snapshots.get.TransportGetSnapshotsAction$$Lambda/0x00007fcd28f5ef28
8368:             1             16  org.opensearch.action.admin.cluster.snapshots.restore.RestoreSnapshotAction$$Lambda/0x00007fcd28bda3b8
8369:             1             16  org.opensearch.action.admin.cluster.snapshots.restore.TransportRestoreSnapshotAction$$Lambda/0x00007fcd28e75530
8370:             1             16  org.opensearch.action.admin.cluster.snapshots.status.SnapshotsStatusAction$$Lambda/0x00007fcd28bdaae8
8371:             1             16  org.opensearch.action.admin.cluster.snapshots.status.TransportNodesSnapshotsStatus$$Lambda/0x00007fcd28cf28e0
8372:             1             16  org.opensearch.action.admin.cluster.snapshots.status.TransportNodesSnapshotsStatus$$Lambda/0x00007fcd28cf2dc0
8373:             1             16  org.opensearch.action.admin.cluster.snapshots.status.TransportNodesSnapshotsStatus$$Lambda/0x00007fcd28cf2fd8
8374:             1             16  org.opensearch.action.admin.cluster.snapshots.status.TransportSnapshotsStatusAction$$Lambda/0x00007fcd28e74878
8375:             1             16  org.opensearch.action.admin.cluster.state.ClusterStateAction$$Lambda/0x00007fcd28bd3438
8376:             1             16  org.opensearch.action.admin.cluster.state.ClusterStateResponse$$Lambda/0x00007fcd291d0d48
8377:             1             16  org.opensearch.action.admin.cluster.state.TransportClusterStateAction$$Lambda/0x00007fcd28e21360
8378:             1             16  org.opensearch.action.admin.cluster.stats.ClusterStatsAction$$Lambda/0x00007fcd28bd2fa8
8379:             1             16  org.opensearch.action.admin.cluster.stats.TransportClusterStatsAction$$Lambda/0x00007fcd28e0d110
8380:             1             16  org.opensearch.action.admin.cluster.stats.TransportClusterStatsAction$$Lambda/0x00007fcd28e0d328
8381:             1             16  org.opensearch.action.admin.cluster.storedscripts.DeleteStoredScriptAction$$Lambda/0x00007fcd28bf84a0
8382:             1             16  org.opensearch.action.admin.cluster.storedscripts.GetScriptContextAction$$Lambda/0x00007fcd28bf8bf0
8383:             1             16  org.opensearch.action.admin.cluster.storedscripts.GetScriptLanguageAction$$Lambda/0x00007fcd28bf92d0
8384:             1             16  org.opensearch.action.admin.cluster.storedscripts.GetStoredScriptAction$$Lambda/0x00007fcd28bf8000
8385:             1             16  org.opensearch.action.admin.cluster.storedscripts.PutStoredScriptAction$$Lambda/0x00007fcd28bf7758
8386:             1             16  org.opensearch.action.admin.cluster.storedscripts.TransportDeleteStoredScriptAction$$Lambda/0x00007fcd28f2c648
8387:             1             16  org.opensearch.action.admin.cluster.storedscripts.TransportGetScriptContextAction$$Lambda/0x00007fcd28dde430
8388:             1             16  org.opensearch.action.admin.cluster.storedscripts.TransportGetScriptLanguageAction$$Lambda/0x00007fcd28edf780
8389:             1             16  org.opensearch.action.admin.cluster.storedscripts.TransportGetStoredScriptAction$$Lambda/0x00007fcd28edd7f8
8390:             1             16  org.opensearch.action.admin.cluster.storedscripts.TransportPutStoredScriptAction$$Lambda/0x00007fcd28e77d28
8391:             1             16  org.opensearch.action.admin.cluster.tasks.PendingClusterTasksAction$$Lambda/0x00007fcd28bd64d0
8392:             1             16  org.opensearch.action.admin.cluster.tasks.TransportPendingClusterTasksAction$$Lambda/0x00007fcd28edcf98
8393:             1             16  org.opensearch.action.admin.indices.alias.IndicesAliasesAction$$Lambda/0x00007fcd28be3448
8394:             1             16  org.opensearch.action.admin.indices.alias.TransportIndicesAliasesAction$$Lambda/0x00007fcd28edde40
8395:             1             16  org.opensearch.action.admin.indices.alias.get.GetAliasesAction$$Lambda/0x00007fcd28bec1b8
8396:             1             16  org.opensearch.action.admin.indices.alias.get.TransportGetAliasesAction$$Lambda/0x00007fcd28ede270
8397:             1             16  org.opensearch.action.admin.indices.analyze.AnalyzeAction$$Lambda/0x00007fcd28be4020
8398:             1             16  org.opensearch.action.admin.indices.analyze.TransportAnalyzeAction$$Lambda/0x00007fcd28e21790
8399:             1             16  org.opensearch.action.admin.indices.cache.clear.ClearIndicesCacheAction$$Lambda/0x00007fcd28bebac8
8400:             1             16  org.opensearch.action.admin.indices.cache.clear.TransportClearIndicesCacheAction$$Lambda/0x00007fcd28f2c430
8401:             1             16  org.opensearch.action.admin.indices.close.CloseIndexAction$$Lambda/0x00007fcd28be07c0
8402:             1             16  org.opensearch.action.admin.indices.close.TransportCloseIndexAction$$Lambda/0x00007fcd28f2f7a8
8403:             1             16  org.opensearch.action.admin.indices.close.TransportCloseIndexAction$$Lambda/0x00007fcd28f2f9c0
8404:             1             16  org.opensearch.action.admin.indices.close.TransportVerifyShardBeforeCloseAction$$Lambda/0x00007fcd28db7230
8405:             1             16  org.opensearch.action.admin.indices.close.TransportVerifyShardBeforeCloseAction$$Lambda/0x00007fcd28db7448
8406:             1             16  org.opensearch.action.admin.indices.create.AutoCreateAction$$Lambda/0x00007fcd28bf72d0
8407:             1             16  org.opensearch.action.admin.indices.create.AutoCreateAction$TransportAction$$Lambda/0x00007fcd28efc218
8408:             1             16  org.opensearch.action.admin.indices.create.CreateIndexAction$$Lambda/0x00007fcd28bdde28
8409:             1             16  org.opensearch.action.admin.indices.create.TransportCreateIndexAction$$Lambda/0x00007fcd28e76820
8410:             1             16  org.opensearch.action.admin.indices.dangling.delete.DeleteDanglingIndexAction$$Lambda/0x00007fcd28c92078
8411:             1             16  org.opensearch.action.admin.indices.dangling.delete.TransportDeleteDanglingIndexAction$$Lambda/0x00007fcd28f7db38
8412:             1             16  org.opensearch.action.admin.indices.dangling.find.FindDanglingIndexAction$$Lambda/0x00007fcd28c92788
8413:             1             16  org.opensearch.action.admin.indices.dangling.find.TransportFindDanglingIndexAction$$Lambda/0x00007fcd28e23568
8414:             1             16  org.opensearch.action.admin.indices.dangling.find.TransportFindDanglingIndexAction$$Lambda/0x00007fcd28e23780
8415:             1             16  org.opensearch.action.admin.indices.dangling.import_index.ImportDanglingIndexAction$$Lambda/0x00007fcd28c91c48
8416:             1             16  org.opensearch.action.admin.indices.dangling.import_index.TransportImportDanglingIndexAction$$Lambda/0x00007fcd28f2e6e8
8417:             1             16  org.opensearch.action.admin.indices.dangling.list.ListDanglingIndicesAction$$Lambda/0x00007fcd28c917b8
8418:             1             16  org.opensearch.action.admin.indices.dangling.list.TransportListDanglingIndicesAction$$Lambda/0x00007fcd28edda10
8419:             1             16  org.opensearch.action.admin.indices.dangling.list.TransportListDanglingIndicesAction$$Lambda/0x00007fcd28eddc28
8420:             1             16  org.opensearch.action.admin.indices.datastream.CreateDataStreamAction$$Lambda/0x00007fcd28bfcb78
8421:             1             16  org.opensearch.action.admin.indices.datastream.CreateDataStreamAction$TransportAction$$Lambda/0x00007fcd28e22cd8
8422:             1             16  org.opensearch.action.admin.indices.datastream.DataStreamsStatsAction$$Lambda/0x00007fcd28bfe5a0
8423:             1             16  org.opensearch.action.admin.indices.datastream.DataStreamsStatsAction$TransportAction$$Lambda/0x00007fcd28efd0c0
8424:             1             16  org.opensearch.action.admin.indices.datastream.DeleteDataStreamAction$$Lambda/0x00007fcd28bfd018
8425:             1             16  org.opensearch.action.admin.indices.datastream.DeleteDataStreamAction$TransportAction$$Lambda/0x00007fcd28dddba0
8426:             1             16  org.opensearch.action.admin.indices.datastream.GetDataStreamAction$$Lambda/0x00007fcd28bfd748
8427:             1             16  org.opensearch.action.admin.indices.datastream.GetDataStreamAction$TransportAction$$Lambda/0x00007fcd28f2f590
8428:             1             16  org.opensearch.action.admin.indices.delete.DeleteIndexAction$$Lambda/0x00007fcd28bdf158
8429:             1             16  org.opensearch.action.admin.indices.delete.TransportDeleteIndexAction$$Lambda/0x00007fcd28f7cc90
8430:             1             16  org.opensearch.action.admin.indices.exists.indices.IndicesExistsAction$$Lambda/0x00007fcd28be0c18
8431:             1             16  org.opensearch.action.admin.indices.exists.indices.TransportIndicesExistsAction$$Lambda/0x00007fcd28edd1b0
8432:             1             16  org.opensearch.action.admin.indices.flush.FlushAction$$Lambda/0x00007fcd28be9880
8433:             1             16  org.opensearch.action.admin.indices.flush.TransportFlushAction$$Lambda/0x00007fcd28ddd988
8434:             1             16  org.opensearch.action.admin.indices.flush.TransportShardFlushAction$$Lambda/0x00007fcd28ddce88
8435:             1             16  org.opensearch.action.admin.indices.flush.TransportShardFlushAction$$Lambda/0x00007fcd28ddd0a0
8436:             1             16  org.opensearch.action.admin.indices.flush.TransportShardFlushAction$$Lambda/0x00007fcd28ddd550
8437:             1             16  org.opensearch.action.admin.indices.flush.TransportShardFlushAction$PreSyncedFlushTransportHandler
8438:             1             16  org.opensearch.action.admin.indices.forcemerge.ForceMergeAction$$Lambda/0x00007fcd28be9fa8
8439:             1             16  org.opensearch.action.admin.indices.forcemerge.TransportForceMergeAction$$Lambda/0x00007fcd28e76c50
8440:             1             16  org.opensearch.action.admin.indices.get.GetIndexAction$$Lambda/0x00007fcd28bdf8e8
8441:             1             16  org.opensearch.action.admin.indices.get.TransportGetIndexAction$$Lambda/0x00007fcd28f2eb18
8442:             1             16  org.opensearch.action.admin.indices.mapping.get.GetFieldMappingsAction$$Lambda/0x00007fcd28be21f0
8443:             1             16  org.opensearch.action.admin.indices.mapping.get.GetMappingsAction$$Lambda/0x00007fcd28be1aa8
8444:             1             16  org.opensearch.action.admin.indices.mapping.get.TransportGetFieldMappingsAction$$Lambda/0x00007fcd28f7c218
8445:             1             16  org.opensearch.action.admin.indices.mapping.get.TransportGetFieldMappingsIndexAction$$Lambda/0x00007fcd28f7c000
8446:             1             16  org.opensearch.action.admin.indices.mapping.get.TransportGetFieldMappingsIndexAction$1
8447:             1             16  org.opensearch.action.admin.indices.mapping.get.TransportGetMappingsAction$$Lambda/0x00007fcd28e0c490
8448:             1             16  org.opensearch.action.admin.indices.mapping.put.AutoPutMappingAction$$Lambda/0x00007fcd28be2fa0
8449:             1             16  org.opensearch.action.admin.indices.mapping.put.PutMappingAction$$Lambda/0x00007fcd28be2b00
8450:             1             16  org.opensearch.action.admin.indices.mapping.put.TransportAutoPutMappingAction$$Lambda/0x00007fcd28e76608
8451:             1             16  org.opensearch.action.admin.indices.mapping.put.TransportPutMappingAction$$Lambda/0x00007fcd28ddcc70
8452:             1             16  org.opensearch.action.admin.indices.open.OpenIndexAction$$Lambda/0x00007fcd28bdfd88
8453:             1             16  org.opensearch.action.admin.indices.open.TransportOpenIndexAction$$Lambda/0x00007fcd28e21578
8454:             1             16  org.opensearch.action.admin.indices.readonly.AddIndexBlockAction$$Lambda/0x00007fcd28be1360
8455:             1             16  org.opensearch.action.admin.indices.readonly.TransportAddIndexBlockAction$$Lambda/0x00007fcd28e763f0
8456:             1             16  org.opensearch.action.admin.indices.readonly.TransportVerifyShardIndexBlockAction$$Lambda/0x00007fcd28dbc680
8457:             1             16  org.opensearch.action.admin.indices.readonly.TransportVerifyShardIndexBlockAction$$Lambda/0x00007fcd28dbc898
8458:             1             16  org.opensearch.action.admin.indices.readonly.TransportVerifyShardIndexBlockAction$$Lambda/0x00007fcd28dbcab0
8459:             1             16  org.opensearch.action.admin.indices.recovery.RecoveryAction$$Lambda/0x00007fcd28bf5f50
8460:             1             16  org.opensearch.action.admin.indices.recovery.TransportRecoveryAction$$Lambda/0x00007fcd28e0d540
8461:             1             16  org.opensearch.action.admin.indices.refresh.RefreshAction$$Lambda/0x00007fcd28be8f18
8462:             1             16  org.opensearch.action.admin.indices.refresh.TransportRefreshAction$$Lambda/0x00007fcd28efca78
8463:             1             16  org.opensearch.action.admin.indices.refresh.TransportShardRefreshAction$$Lambda/0x00007fcd28efc648
8464:             1             16  org.opensearch.action.admin.indices.refresh.TransportShardRefreshAction$$Lambda/0x00007fcd28efc860
8465:             1             16  org.opensearch.action.admin.indices.replication.SegmentReplicationStatsAction$$Lambda/0x00007fcd28bf66c8
8466:             1             16  org.opensearch.action.admin.indices.replication.TransportSegmentReplicationStatsAction$$Lambda/0x00007fcd28edef18
8467:             1             16  org.opensearch.action.admin.indices.resolve.ResolveIndexAction$$Lambda/0x00007fcd28bfde88
8468:             1             16  org.opensearch.action.admin.indices.resolve.ResolveIndexAction$TransportAction$$Lambda/0x00007fcd28edf348
8469:             1             16  org.opensearch.action.admin.indices.rollover.RolloverAction$$Lambda/0x00007fcd28bdecb0
8470:             1             16  org.opensearch.action.admin.indices.rollover.RolloverInfo$$Lambda/0x00007fcd29094e88
8471:             1             16  org.opensearch.action.admin.indices.rollover.RolloverInfo$$Lambda/0x00007fcd290952a8
8472:             1             16  org.opensearch.action.admin.indices.rollover.TransportRolloverAction$$Lambda/0x00007fcd28e21148
8473:             1             16  org.opensearch.action.admin.indices.segments.IndicesSegmentsAction$$Lambda/0x00007fcd28bdcf98
8474:             1             16  org.opensearch.action.admin.indices.segments.PitSegmentsAction$$Lambda/0x00007fcd28c94128
8475:             1             16  org.opensearch.action.admin.indices.segments.TransportIndicesSegmentsAction$$Lambda/0x00007fcd28f2e4d0
8476:             1             16  org.opensearch.action.admin.indices.segments.TransportPitSegmentsAction$$Lambda/0x00007fcd28e23998
8477:             1             16  org.opensearch.action.admin.indices.settings.get.GetSettingsAction$$Lambda/0x00007fcd28bec8f8
8478:             1             16  org.opensearch.action.admin.indices.settings.get.TransportGetSettingsAction$$Lambda/0x00007fcd28ede058
8479:             1             16  org.opensearch.action.admin.indices.settings.put.TransportUpdateSettingsAction$$Lambda/0x00007fcd28ddf388
8480:             1             16  org.opensearch.action.admin.indices.settings.put.UpdateSettingsAction$$Lambda/0x00007fcd28be38e8
8481:             1             16  org.opensearch.action.admin.indices.shards.IndicesShardStoresAction$$Lambda/0x00007fcd28bdd6e0
8482:             1             16  org.opensearch.action.admin.indices.shards.TransportIndicesShardStoresAction$$Lambda/0x00007fcd28e75b78
8483:             1             16  org.opensearch.action.admin.indices.shrink.ResizeAction$$Lambda/0x00007fcd28bde570
8484:             1             16  org.opensearch.action.admin.indices.shrink.TransportResizeAction$$Lambda/0x00007fcd28f2e2b8
8485:             1             16  org.opensearch.action.admin.indices.stats.IndicesStatsAction$$Lambda/0x00007fcd28bdc820
8486:             1             16  org.opensearch.action.admin.indices.stats.TransportIndicesStatsAction$$Lambda/0x00007fcd28e23dc8
8487:             1             16  org.opensearch.action.admin.indices.template.delete.DeleteComponentTemplateAction$$Lambda/0x00007fcd28be60f0
8488:             1             16  org.opensearch.action.admin.indices.template.delete.DeleteComposableIndexTemplateAction$$Lambda/0x00007fcd28be7160
8489:             1             16  org.opensearch.action.admin.indices.template.delete.DeleteIndexTemplateAction$$Lambda/0x00007fcd28be5080
8490:             1             16  org.opensearch.action.admin.indices.template.delete.TransportDeleteComponentTemplateAction$$Lambda/0x00007fcd28e75960
8491:             1             16  org.opensearch.action.admin.indices.template.delete.TransportDeleteComposableIndexTemplateAction$$Lambda/0x00007fcd28f2c218
8492:             1             16  org.opensearch.action.admin.indices.template.delete.TransportDeleteIndexTemplateAction$$Lambda/0x00007fcd28f5f358
8493:             1             16  org.opensearch.action.admin.indices.template.get.GetComponentTemplateAction$$Lambda/0x00007fcd28be5c50
8494:             1             16  org.opensearch.action.admin.indices.template.get.GetComposableIndexTemplateAction$$Lambda/0x00007fcd28be6cc0
8495:             1             16  org.opensearch.action.admin.indices.template.get.GetIndexTemplatesAction$$Lambda/0x00007fcd28be4be0
8496:             1             16  org.opensearch.action.admin.indices.template.get.TransportGetComponentTemplateAction$$Lambda/0x00007fcd28e750d8
8497:             1             16  org.opensearch.action.admin.indices.template.get.TransportGetComposableIndexTemplateAction$$Lambda/0x00007fcd28efd4f0
8498:             1             16  org.opensearch.action.admin.indices.template.get.TransportGetIndexTemplatesAction$$Lambda/0x00007fcd28f2de60
8499:             1             16  org.opensearch.action.admin.indices.template.post.SimulateIndexTemplateAction$$Lambda/0x00007fcd28be7888
8500:             1             16  org.opensearch.action.admin.indices.template.post.SimulateTemplateAction$$Lambda/0x00007fcd28be7d28
8501:             1             16  org.opensearch.action.admin.indices.template.post.TransportSimulateIndexTemplateAction$$Lambda/0x00007fcd28e74a90
8502:             1             16  org.opensearch.action.admin.indices.template.post.TransportSimulateTemplateAction$$Lambda/0x00007fcd28f5f140
8503:             1             16  org.opensearch.action.admin.indices.template.put.PutComponentTemplateAction$$Lambda/0x00007fcd28be5520
8504:             1             16  org.opensearch.action.admin.indices.template.put.PutComposableIndexTemplateAction$$Lambda/0x00007fcd28be6590
8505:             1             16  org.opensearch.action.admin.indices.template.put.PutIndexTemplateAction$$Lambda/0x00007fcd28be44b0
8506:             1             16  org.opensearch.action.admin.indices.template.put.TransportPutComponentTemplateAction$$Lambda/0x00007fcd28e0d758
8507:             1             16  org.opensearch.action.admin.indices.template.put.TransportPutComposableIndexTemplateAction$$Lambda/0x00007fcd28f2e900
8508:             1             16  org.opensearch.action.admin.indices.template.put.TransportPutIndexTemplateAction$$Lambda/0x00007fcd28efd708
8509:             1             16  org.opensearch.action.admin.indices.upgrade.get.TransportUpgradeStatusAction$$Lambda/0x00007fcd28efe5c8
8510:             1             16  org.opensearch.action.admin.indices.upgrade.get.UpgradeStatusAction$$Lambda/0x00007fcd28beaeb8
8511:             1             16  org.opensearch.action.admin.indices.upgrade.post.TransportUpgradeAction$$Lambda/0x00007fcd28eded00
8512:             1             16  org.opensearch.action.admin.indices.upgrade.post.TransportUpgradeSettingsAction$$Lambda/0x00007fcd28f2f378
8513:             1             16  org.opensearch.action.admin.indices.upgrade.post.UpgradeAction$$Lambda/0x00007fcd28bea720
8514:             1             16  org.opensearch.action.admin.indices.upgrade.post.UpgradeSettingsAction$$Lambda/0x00007fcd28beb368
8515:             1             16  org.opensearch.action.admin.indices.validate.query.TransportValidateQueryAction$$Lambda/0x00007fcd28e74218
8516:             1             16  org.opensearch.action.admin.indices.validate.query.TransportValidateQueryAction$$Lambda/0x00007fcd28e74430
8517:             1             16  org.opensearch.action.admin.indices.validate.query.ValidateQueryAction$$Lambda/0x00007fcd28be8560
8518:             1             16  org.opensearch.action.bulk.BackoffPolicy$NoBackoff
8519:             1             16  org.opensearch.action.bulk.BulkAction$$Lambda/0x00007fcd28bf25d8
8520:             1             16  org.opensearch.action.bulk.BulkRequest$$Lambda/0x00007fcd2922af78
8521:             1             16  org.opensearch.action.bulk.BulkShardRequest$$Lambda/0x00007fcd29236f10
8522:             1             16  org.opensearch.action.bulk.BulkShardResponse$$Lambda/0x00007fcd2937efd8
8523:             1             16  org.opensearch.action.bulk.TransportBulkAction$$Lambda/0x00007fcd28eff8d8
8524:             1             16  org.opensearch.action.bulk.TransportBulkAction$$Lambda/0x00007fcd28effaf0
8525:             1             16  org.opensearch.action.bulk.TransportBulkAction$$Lambda/0x00007fcd2922bcd8
8526:             1             16  org.opensearch.action.bulk.TransportBulkAction$$Lambda/0x00007fcd29234000
8527:             1             16  org.opensearch.action.bulk.TransportBulkAction$$Lambda/0x00007fcd29234238
8528:             1             16  org.opensearch.action.bulk.TransportBulkAction$$Lambda/0x00007fcd29234470
8529:             1             16  org.opensearch.action.bulk.TransportBulkAction$BulkOperation$$Lambda/0x00007fcd292355f0
8530:             1             16  org.opensearch.action.bulk.TransportShardBulkAction$$Lambda/0x00007fcd28efe9f8
8531:             1             16  org.opensearch.action.bulk.TransportShardBulkAction$$Lambda/0x00007fcd28efec30
8532:             1             16  org.opensearch.action.bulk.TransportShardBulkAction$$Lambda/0x00007fcd28efee48
8533:             1             16  org.opensearch.action.bulk.TransportShardBulkAction$$Lambda/0x00007fcd28eff4a0
8534:             1             16  org.opensearch.action.bulk.TransportShardBulkAction$$Lambda/0x00007fcd28eff6b8
8535:             1             16  org.opensearch.action.delete.DeleteAction$$Lambda/0x00007fcd28bf0828
8536:             1             16  org.opensearch.action.delete.TransportDeleteAction$$Lambda/0x00007fcd28f2c000
8537:             1             16  org.opensearch.action.explain.ExplainAction$$Lambda/0x00007fcd28bf50e0
8538:             1             16  org.opensearch.action.explain.TransportExplainAction$$Lambda/0x00007fcd28ddddb8
8539:             1             16  org.opensearch.action.fieldcaps.FieldCapabilitiesAction$$Lambda/0x00007fcd28bf99a8
8540:             1             16  org.opensearch.action.fieldcaps.TransportFieldCapabilitiesAction$$Lambda/0x00007fcd28efe198
8541:             1             16  org.opensearch.action.fieldcaps.TransportFieldCapabilitiesIndexAction$$Lambda/0x00007fcd28efd920
8542:             1             16  org.opensearch.action.fieldcaps.TransportFieldCapabilitiesIndexAction$$Lambda/0x00007fcd28efdb38
8543:             1             16  org.opensearch.action.fieldcaps.TransportFieldCapabilitiesIndexAction$$Lambda/0x00007fcd28efdd50
8544:             1             16  org.opensearch.action.fieldcaps.TransportFieldCapabilitiesIndexAction$ShardTransportHandler
8545:             1             16  org.opensearch.action.get.GetAction$$Lambda/0x00007fcd28bee698
8546:             1             16  org.opensearch.action.get.MultiGetAction$$Lambda/0x00007fcd28bf1be8
8547:             1             16  org.opensearch.action.get.TransportGetAction$$Lambda/0x00007fcd28edf130
8548:             1             16  org.opensearch.action.get.TransportMultiGetAction$$Lambda/0x00007fcd28f2ca78
8549:             1             16  org.opensearch.action.get.TransportShardMultiGetAction$$Lambda/0x00007fcd28f2c860
8550:             1             16  org.opensearch.action.get.TransportShardMultiGetAction$$Lambda/0x00007fcd291dd288
8551:             1             16  org.opensearch.action.index.IndexAction$$Lambda/0x00007fcd28bedd10
8552:             1             16  org.opensearch.action.index.TransportIndexAction$$Lambda/0x00007fcd28f2ed30
8553:             1             16  org.opensearch.action.ingest.DeletePipelineAction$$Lambda/0x00007fcd28bfabf0
8554:             1             16  org.opensearch.action.ingest.DeletePipelineTransportAction$$Lambda/0x00007fcd28e20ad8
8555:             1             16  org.opensearch.action.ingest.GetPipelineAction$$Lambda/0x00007fcd28bfa750
8556:             1             16  org.opensearch.action.ingest.GetPipelineTransportAction$$Lambda/0x00007fcd28f7df68
8557:             1             16  org.opensearch.action.ingest.PutPipelineAction$$Lambda/0x00007fcd28bf9ff0
8558:             1             16  org.opensearch.action.ingest.PutPipelineTransportAction$$Lambda/0x00007fcd28f7d4f0
8559:             1             16  org.opensearch.action.ingest.SimulateExecutionService
8560:             1             16  org.opensearch.action.ingest.SimulatePipelineAction$$Lambda/0x00007fcd28bfb530
8561:             1             16  org.opensearch.action.ingest.SimulatePipelineTransportAction$$Lambda/0x00007fcd28ddf5a0
8562:             1             16  org.opensearch.action.main.MainAction$$Lambda/0x00007fcd28bcf828
8563:             1             16  org.opensearch.action.main.TransportMainAction$$Lambda/0x00007fcd28ede8b8
8564:             1             16  org.opensearch.action.main.TransportMainAction$$Lambda/0x00007fcd28edead0
8565:             1             16  org.opensearch.action.resync.TransportResyncReplicationAction$$Lambda/0x00007fcd28dbe610
8566:             1             16  org.opensearch.action.resync.TransportResyncReplicationAction$$Lambda/0x00007fcd28dbe848
8567:             1             16  org.opensearch.action.resync.TransportResyncReplicationAction$$Lambda/0x00007fcd28dbea60
8568:             1             16  org.opensearch.action.resync.TransportResyncReplicationAction$$Lambda/0x00007fcd293e2e20
8569:             1             16  org.opensearch.action.search.ClearScrollAction$$Lambda/0x00007fcd28bf5850
8570:             1             16  org.opensearch.action.search.CreatePitAction$$Lambda/0x00007fcd28c93610
8571:             1             16  org.opensearch.action.search.DeletePitAction$$Lambda/0x00007fcd28c93cf8
8572:             1             16  org.opensearch.action.search.DeleteSearchPipelineAction$$Lambda/0x00007fcd28c96ec0
8573:             1             16  org.opensearch.action.search.DeleteSearchPipelineTransportAction$$Lambda/0x00007fcd28e75d90
8574:             1             16  org.opensearch.action.search.GetAllPitsAction$$Lambda/0x00007fcd28c948a8
8575:             1             16  org.opensearch.action.search.GetSearchPipelineAction$$Lambda/0x00007fcd28c96a20
8576:             1             16  org.opensearch.action.search.GetSearchPipelineTransportAction$$Lambda/0x00007fcd28e74ca8
8577:             1             16  org.opensearch.action.search.MultiSearchAction$$Lambda/0x00007fcd28bf49b0
8578:             1             16  org.opensearch.action.search.PutSearchPipelineAction$$Lambda/0x00007fcd28c962c0
8579:             1             16  org.opensearch.action.search.PutSearchPipelineTransportAction$$Lambda/0x00007fcd28e75748
8580:             1             16  org.opensearch.action.search.QueryPhaseResultConsumer$$Lambda/0x00007fcd29222a98
8581:             1             16  org.opensearch.action.search.QueryPhaseResultConsumer$PendingMerges$$Lambda/0x00007fcd29227738
8582:             1             16  org.opensearch.action.search.SearchAction$$Lambda/0x00007fcd28bf4088
8583:             1             16  org.opensearch.action.search.SearchExecutionStatsCollector$$Lambda/0x00007fcd28ce2248
8584:             1             16  org.opensearch.action.search.SearchPhaseController$$Lambda/0x00007fcd29227950
8585:             1             16  org.opensearch.action.search.SearchProgressListener$$Lambda/0x00007fcd29206fa0
8586:             1             16  org.opensearch.action.search.SearchProgressListener$$Lambda/0x00007fcd29225000
8587:             1             16  org.opensearch.action.search.SearchProgressListener$$Lambda/0x00007fcd29225238
8588:             1             16  org.opensearch.action.search.SearchProgressListener$$Lambda/0x00007fcd29227da0
8589:             1             16  org.opensearch.action.search.SearchProgressListener$1
8590:             1             16  org.opensearch.action.search.SearchRequestOperationsCompositeListenerFactory
8591:             1             16  org.opensearch.action.search.SearchRequestOperationsListener$1
8592:             1             16  org.opensearch.action.search.SearchRequestSlowLog$$Lambda/0x00007fcd28700000
8593:             1             16  org.opensearch.action.search.SearchRequestSlowLog$$Lambda/0x00007fcd288bfcc8
8594:             1             16  org.opensearch.action.search.SearchRequestSlowLog$$Lambda/0x00007fcd288c0000
8595:             1             16  org.opensearch.action.search.SearchRequestSlowLog$$Lambda/0x00007fcd288c0230
8596:             1             16  org.opensearch.action.search.SearchRequestSlowLog$$Lambda/0x00007fcd288c0460
8597:             1             16  org.opensearch.action.search.SearchRequestSlowLog$$Lambda/0x00007fcd288c0690
8598:             1             16  org.opensearch.action.search.SearchRequestStats$$Lambda/0x00007fcd288bf1e0
8599:             1             16  org.opensearch.action.search.SearchScrollAction$$Lambda/0x00007fcd28bf42a0
8600:             1             16  org.opensearch.action.search.SearchShardIterator$$Lambda/0x00007fcd291e2240
8601:             1             16  org.opensearch.action.search.SearchTransportService$$Lambda/0x00007fcd28e0dda0
8602:             1             16  org.opensearch.action.search.SearchTransportService$$Lambda/0x00007fcd28e0dfb8
8603:             1             16  org.opensearch.action.search.SearchTransportService$$Lambda/0x00007fcd28e0e1d8
8604:             1             16  org.opensearch.action.search.SearchTransportService$$Lambda/0x00007fcd28e0e3f0
8605:             1             16  org.opensearch.action.search.SearchTransportService$$Lambda/0x00007fcd28e0e608
8606:             1             16  org.opensearch.action.search.SearchTransportService$$Lambda/0x00007fcd28e0e828
8607:             1             16  org.opensearch.action.search.SearchTransportService$$Lambda/0x00007fcd28e0ea40
8608:             1             16  org.opensearch.action.search.SearchTransportService$$Lambda/0x00007fcd28e0ec58
8609:             1             16  org.opensearch.action.search.SearchTransportService$$Lambda/0x00007fcd28e0ee78
8610:             1             16  org.opensearch.action.search.SearchTransportService$$Lambda/0x00007fcd28e0f090
8611:             1             16  org.opensearch.action.search.SearchTransportService$$Lambda/0x00007fcd28e0f2a8
8612:             1             16  org.opensearch.action.search.SearchTransportService$$Lambda/0x00007fcd28e0f4c8
8613:             1             16  org.opensearch.action.search.SearchTransportService$$Lambda/0x00007fcd28e0f6e0
8614:             1             16  org.opensearch.action.search.SearchTransportService$$Lambda/0x00007fcd28e0f8f8
8615:             1             16  org.opensearch.action.search.SearchTransportService$$Lambda/0x00007fcd28e1c000
8616:             1             16  org.opensearch.action.search.SearchTransportService$$Lambda/0x00007fcd28e1c218
8617:             1             16  org.opensearch.action.search.SearchTransportService$$Lambda/0x00007fcd28e1c430
8618:             1             16  org.opensearch.action.search.SearchTransportService$$Lambda/0x00007fcd28e1c650
8619:             1             16  org.opensearch.action.search.SearchTransportService$$Lambda/0x00007fcd28e1caa8
8620:             1             16  org.opensearch.action.search.SearchTransportService$$Lambda/0x00007fcd28e1ccc0
8621:             1             16  org.opensearch.action.search.SearchTransportService$$Lambda/0x00007fcd28e1cee0
8622:             1             16  org.opensearch.action.search.SearchTransportService$$Lambda/0x00007fcd28e1d0f8
8623:             1             16  org.opensearch.action.search.SearchTransportService$$Lambda/0x00007fcd28e1d310
8624:             1             16  org.opensearch.action.search.SearchTransportService$$Lambda/0x00007fcd28e1d7c8
8625:             1             16  org.opensearch.action.search.SearchTransportService$$Lambda/0x00007fcd28e1d9e0
8626:             1             16  org.opensearch.action.search.SearchTransportService$$Lambda/0x00007fcd28e1dbf8
8627:             1             16  org.opensearch.action.search.SearchTransportService$$Lambda/0x00007fcd28e1e0b0
8628:             1             16  org.opensearch.action.search.SearchTransportService$$Lambda/0x00007fcd28e1e2c8
8629:             1             16  org.opensearch.action.search.SearchTransportService$$Lambda/0x00007fcd28e1e4e0
8630:             1             16  org.opensearch.action.search.SearchTransportService$$Lambda/0x00007fcd28e1e9a0
8631:             1             16  org.opensearch.action.search.SearchTransportService$$Lambda/0x00007fcd28e1ebb8
8632:             1             16  org.opensearch.action.search.SearchTransportService$$Lambda/0x00007fcd28e1edd0
8633:             1             16  org.opensearch.action.search.SearchTransportService$$Lambda/0x00007fcd28e1eff0
8634:             1             16  org.opensearch.action.search.SearchTransportService$$Lambda/0x00007fcd28e1f208
8635:             1             16  org.opensearch.action.search.SearchTransportService$$Lambda/0x00007fcd28e1f420
8636:             1             16  org.opensearch.action.search.SearchTransportService$$Lambda/0x00007fcd28e1f640
8637:             1             16  org.opensearch.action.search.SearchTransportService$$Lambda/0x00007fcd28e1f858
8638:             1             16  org.opensearch.action.search.SearchTransportService$$Lambda/0x00007fcd28e1fa70
8639:             1             16  org.opensearch.action.search.SearchTransportService$$Lambda/0x00007fcd28e1fc90
8640:             1             16  org.opensearch.action.search.SearchTransportService$$Lambda/0x00007fcd28e20000
8641:             1             16  org.opensearch.action.search.SearchTransportService$$Lambda/0x00007fcd28e20218
8642:             1             16  org.opensearch.action.search.SearchTransportService$$Lambda/0x00007fcd28e20690
8643:             1             16  org.opensearch.action.search.SearchTransportService$$Lambda/0x00007fcd29207838
8644:             1             16  org.opensearch.action.search.SearchTransportService$ConnectionCountingHandler$$Lambda/0x00007fcd29207ce8
8645:             1             16  org.opensearch.action.search.SearchTransportService$ConnectionCountingHandler$$Lambda/0x00007fcd29226000
8646:             1             16  org.opensearch.action.search.TransportClearScrollAction$$Lambda/0x00007fcd28f7dd50
8647:             1             16  org.opensearch.action.search.TransportCreatePitAction$$Lambda/0x00007fcd28e776e0
8648:             1             16  org.opensearch.action.search.TransportDeletePitAction$$Lambda/0x00007fcd28f7d708
8649:             1             16  org.opensearch.action.search.TransportGetAllPitsAction$$Lambda/0x00007fcd28f7c430
8650:             1             16  org.opensearch.action.search.TransportGetAllPitsAction$$Lambda/0x00007fcd28f7c648
8651:             1             16  org.opensearch.action.search.TransportMultiSearchAction$$Lambda/0x00007fcd28f2da30
8652:             1             16  org.opensearch.action.search.TransportMultiSearchAction$$Lambda/0x00007fcd28f2dc48
8653:             1             16  org.opensearch.action.search.TransportSearchAction$$Lambda/0x00007fcd28e0db88
8654:             1             16  org.opensearch.action.search.TransportSearchAction$$Lambda/0x00007fcd28e208a8
8655:             1             16  org.opensearch.action.search.TransportSearchAction$$Lambda/0x00007fcd291dba70
8656:             1             16  org.opensearch.action.search.TransportSearchAction$$Lambda/0x00007fcd291e75e0
8657:             1             16  org.opensearch.action.search.TransportSearchScrollAction$$Lambda/0x00007fcd28e76e68
8658:             1             16  org.opensearch.action.support.ActionFilters
8659:             1             16  org.opensearch.action.support.AutoCreateIndex$$Lambda/0x00007fcd286e8000
8660:             1             16  org.opensearch.action.support.AutoCreateIndex$$Lambda/0x00007fcd28c97c40
8661:             1             16  org.opensearch.action.support.DestructiveOperations
8662:             1             16  org.opensearch.action.support.DestructiveOperations$$Lambda/0x00007fcd28c98000
8663:             1             16  org.opensearch.action.support.TransportAction$$Lambda/0x00007fcd291be1f8
8664:             1             16  org.opensearch.action.support.broadcast.TransportBroadcastAction$ShardTransportHandler
8665:             1             16  org.opensearch.action.support.broadcast.node.TransportBroadcastByNodeAction$$Lambda/0x00007fcd29376630
8666:             1             16  org.opensearch.action.support.clustermanager.term.GetTermVersionAction$$Lambda/0x00007fcd28bd3d90
8667:             1             16  org.opensearch.action.support.clustermanager.term.TransportGetTermVersionAction$$Lambda/0x00007fcd28e74000
8668:             1             16  org.opensearch.action.support.master.AcknowledgedResponse$$Lambda/0x00007fcd293788a0
8669:             1             16  org.opensearch.action.support.master.AcknowledgedResponse$$Lambda/0x00007fcd29378ad8
8670:             1             16  org.opensearch.action.support.nodes.BaseNodesRequest$$Lambda/0x00007fcd291a53a0
8671:             1             16  org.opensearch.action.support.nodes.BaseNodesRequest$$Lambda/0x00007fcd291a55b8
8672:             1             16  org.opensearch.action.support.nodes.TransportNodesAction$$Lambda/0x00007fcd291beef0
8673:             1             16  org.opensearch.action.support.replication.PendingReplicationActions$$Lambda/0x00007fcd293761c8
8674:             1             16  org.opensearch.action.support.replication.ReplicationRequest$$Lambda/0x00007fcd2937a728
8675:             1             16  org.opensearch.action.support.replication.TransportReplicationAction$$Lambda/0x00007fcd28eff060
8676:             1             16  org.opensearch.action.support.replication.TransportReplicationAction$$Lambda/0x00007fcd28eff280
8677:             1             16  org.opensearch.action.support.replication.TransportReplicationAction$$Lambda/0x00007fcd2937a940
8678:             1             16  org.opensearch.action.support.replication.TransportReplicationAction$$Lambda/0x00007fcd293ae930
8679:             1             16  org.opensearch.action.support.replication.TransportReplicationAction$AsyncPrimaryAction$$Lambda/0x00007fcd293b21b0
8680:             1             16  org.opensearch.action.support.replication.TransportReplicationAction$ReplicasProxy$$Lambda/0x00007fcd293b5520
8681:             1             16  org.opensearch.action.support.single.instance.TransportInstanceSingleOperationAction$ShardTransportHandler
8682:             1             16  org.opensearch.action.support.single.shard.TransportSingleShardAction$AsyncSingleAction$$Lambda/0x00007fcd291dd070
8683:             1             16  org.opensearch.action.termvectors.MultiTermVectorsAction$$Lambda/0x00007fcd28befa70
8684:             1             16  org.opensearch.action.termvectors.TermVectorsAction$$Lambda/0x00007fcd28bef2f8
8685:             1             16  org.opensearch.action.termvectors.TransportMultiTermVectorsAction$$Lambda/0x00007fcd28e77b10
8686:             1             16  org.opensearch.action.termvectors.TransportShardMultiTermsVectorAction$$Lambda/0x00007fcd28e778f8
8687:             1             16  org.opensearch.action.termvectors.TransportTermVectorsAction$$Lambda/0x00007fcd28edc698
8688:             1             16  org.opensearch.action.update.TransportUpdateAction$$Lambda/0x00007fcd28e75fa8
8689:             1             16  org.opensearch.action.update.UpdateAction$$Lambda/0x00007fcd28bf1210
8690:             1             16  org.opensearch.action.update.UpdateHelper
8691:             1             16  org.opensearch.ad.caching.ADCacheProvider
8692:             1             16  org.opensearch.ad.indices.ADIndex$$Lambda/0x00007fcd289c7610
8693:             1             16  org.opensearch.ad.indices.ADIndex$$Lambda/0x00007fcd289c7828
8694:             1             16  org.opensearch.ad.indices.ADIndex$$Lambda/0x00007fcd289c7a40
8695:             1             16  org.opensearch.ad.indices.ADIndex$$Lambda/0x00007fcd289c7c58
8696:             1             16  org.opensearch.ad.indices.ADIndex$$Lambda/0x00007fcd289cc000
8697:             1             16  org.opensearch.ad.indices.ADIndex$$Lambda/0x00007fcd289cc218
8698:             1             16  org.opensearch.ad.indices.ADIndexManagement$$Lambda/0x00007fcd289cca08
8699:             1             16  org.opensearch.ad.indices.ADIndexManagement$$Lambda/0x00007fcd289ccc20
8700:             1             16  org.opensearch.ad.indices.ADIndexManagement$$Lambda/0x00007fcd289cce50
8701:             1             16  org.opensearch.ad.indices.ADIndexManagement$$Lambda/0x00007fcd289cd080
8702:             1             16  org.opensearch.ad.indices.ADIndexManagement$$Lambda/0x00007fcd289cd2b0
8703:             1             16  org.opensearch.ad.ml.ADModelManager$$Lambda/0x00007fcd28a154f8
8704:             1             16  org.opensearch.ad.ml.ADModelManager$$Lambda/0x00007fcd29016f28
8705:             1             16  org.opensearch.ad.model.AnomalyDetector$$Lambda/0x00007fcd2857a7f0
8706:             1             16  org.opensearch.ad.model.AnomalyResult$$Lambda/0x00007fcd2857b468
8707:             1             16  org.opensearch.ad.model.DetectorInternalState$$Lambda/0x00007fcd2857b8f8
8708:             1             16  org.opensearch.ad.ratelimit.ADCheckpointMaintainWorker$$Lambda/0x00007fcd28a12c28
8709:             1             16  org.opensearch.ad.ratelimit.ADCheckpointMaintainWorker$$Lambda/0x00007fcd28a12e58
8710:             1             16  org.opensearch.ad.ratelimit.ADResultWriteWorker$$Lambda/0x00007fcd28a17138
8711:             1             16  org.opensearch.ad.rest.AbstractADSearchAction$$Lambda/0x00007fcd2900f068
8712:             1             16  org.opensearch.ad.rest.RestAnomalyDetectorJobAction$$Lambda/0x00007fcd29010b20
8713:             1             16  org.opensearch.ad.rest.RestExecuteAnomalyDetectorAction$$Lambda/0x00007fcd2900fda0
8714:             1             16  org.opensearch.ad.stats.ADStats
8715:             1             16  org.opensearch.ad.stats.suppliers.ADModelsOnNodeSupplier$$Lambda/0x00007fcd28a27ba0
8716:             1             16  org.opensearch.ad.task.ADBatchTaskRunner$$Lambda/0x00007fcd28a372b0
8717:             1             16  org.opensearch.ad.task.ADBatchTaskRunner$$Lambda/0x00007fcd28a374e0
8718:             1             16  org.opensearch.ad.task.ADBatchTaskRunner$$Lambda/0x00007fcd28a37710
8719:             1             16  org.opensearch.ad.task.ADBatchTaskRunner$$Lambda/0x00007fcd28a37940
8720:             1             16  org.opensearch.ad.task.ADBatchTaskRunner$$Lambda/0x00007fcd28a37b70
8721:             1             16  org.opensearch.ad.task.ADTaskCacheManager$$Lambda/0x00007fcd28a2e2e8
8722:             1             16  org.opensearch.ad.task.ADTaskManager$$Lambda/0x00007fcd28a36548
8723:             1             16  org.opensearch.ad.task.ADTaskManager$$Lambda/0x00007fcd28a36778
8724:             1             16  org.opensearch.ad.task.ADTaskManager$$Lambda/0x00007fcd28a369a8
8725:             1             16  org.opensearch.ad.task.ADTaskManager$$Lambda/0x00007fcd28a36bd8
8726:             1             16  org.opensearch.ad.transport.ADBatchAnomalyResultAction$$Lambda/0x00007fcd28c20688
8727:             1             16  org.opensearch.ad.transport.ADBatchAnomalyResultTransportAction$$Lambda/0x00007fcd28e3c230
8728:             1             16  org.opensearch.ad.transport.ADBatchTaskRemoteExecutionAction$$Lambda/0x00007fcd28c20ab8
8729:             1             16  org.opensearch.ad.transport.ADBatchTaskRemoteExecutionTransportAction$$Lambda/0x00007fcd28f1e2d0
8730:             1             16  org.opensearch.ad.transport.ADCancelTaskAction$$Lambda/0x00007fcd28c21858
8731:             1             16  org.opensearch.ad.transport.ADCancelTaskTransportAction$$Lambda/0x00007fcd28e3d578
8732:             1             16  org.opensearch.ad.transport.ADCancelTaskTransportAction$$Lambda/0x00007fcd28e3d790
8733:             1             16  org.opensearch.ad.transport.ADEntityProfileAction$$Lambda/0x00007fcd28c1ed20
8734:             1             16  org.opensearch.ad.transport.ADProfileAction$$Lambda/0x00007fcd28a388c8
8735:             1             16  org.opensearch.ad.transport.ADResultBulkAction$$Lambda/0x00007fcd28c1dfc0
8736:             1             16  org.opensearch.ad.transport.ADResultBulkTransportAction$$Lambda/0x00007fcd28d9d6f8
8737:             1             16  org.opensearch.ad.transport.ADResultBulkTransportAction$$Lambda/0x00007fcd28d9d910
8738:             1             16  org.opensearch.ad.transport.ADResultBulkTransportAction$$Lambda/0x00007fcd28d9db40
8739:             1             16  org.opensearch.ad.transport.ADSingleStreamResultAction$$Lambda/0x00007fcd28c23550
8740:             1             16  org.opensearch.ad.transport.ADStatsNodesAction$$Lambda/0x00007fcd28c19500
8741:             1             16  org.opensearch.ad.transport.ADTaskProfileAction$$Lambda/0x00007fcd28c21158
8742:             1             16  org.opensearch.ad.transport.ADTaskProfileTransportAction$$Lambda/0x00007fcd28d9f0b8
8743:             1             16  org.opensearch.ad.transport.ADTaskProfileTransportAction$$Lambda/0x00007fcd28d9f2d0
8744:             1             16  org.opensearch.ad.transport.AnomalyDetectorJobAction$$Lambda/0x00007fcd28c1d730
8745:             1             16  org.opensearch.ad.transport.AnomalyResultAction$$Lambda/0x00007fcd28a399f0
8746:             1             16  org.opensearch.ad.transport.AnomalyResultTransportAction$$Lambda/0x00007fcd28d9f4e8
8747:             1             16  org.opensearch.ad.transport.CronAction$$Lambda/0x00007fcd28c18db0
8748:             1             16  org.opensearch.ad.transport.DeleteADModelAction$$Lambda/0x00007fcd28a430a8
8749:             1             16  org.opensearch.ad.transport.DeleteAnomalyDetectorAction$$Lambda/0x00007fcd28c1bdd0
8750:             1             16  org.opensearch.ad.transport.DeleteAnomalyResultsAction$$Lambda/0x00007fcd28c22118
8751:             1             16  org.opensearch.ad.transport.DeleteAnomalyResultsTransportAction$$Lambda/0x00007fcd28e3cac0
8752:             1             16  org.opensearch.ad.transport.DeleteAnomalyResultsTransportAction$$Lambda/0x00007fcd28e3ccd8
8753:             1             16  org.opensearch.ad.transport.EntityADResultAction$$Lambda/0x00007fcd28c1e640
8754:             1             16  org.opensearch.ad.transport.EntityADResultTransportAction$$Lambda/0x00007fcd28e3d9a8
8755:             1             16  org.opensearch.ad.transport.ForwardADTaskAction$$Lambda/0x00007fcd28c21ce8
8756:             1             16  org.opensearch.ad.transport.ForwardADTaskTransportAction$$Lambda/0x00007fcd28f1cf68
8757:             1             16  org.opensearch.ad.transport.GetAnomalyDetectorAction$$Lambda/0x00007fcd28c1c6d0
8758:             1             16  org.opensearch.ad.transport.IndexAnomalyDetectorAction$$Lambda/0x00007fcd28c1d068
8759:             1             16  org.opensearch.ad.transport.IndexAnomalyDetectorTransportAction$$Lambda/0x00007fcd28f1c690
8760:             1             16  org.opensearch.ad.transport.IndexAnomalyDetectorTransportAction$$Lambda/0x00007fcd28f1c8a8
8761:             1             16  org.opensearch.ad.transport.PreviewAnomalyDetectorAction$$Lambda/0x00007fcd28c20000
8762:             1             16  org.opensearch.ad.transport.PreviewAnomalyDetectorTransportAction$$Lambda/0x00007fcd28e3fd58
8763:             1             16  org.opensearch.ad.transport.PreviewAnomalyDetectorTransportAction$$Lambda/0x00007fcd28f1c000
8764:             1             16  org.opensearch.ad.transport.PreviewAnomalyDetectorTransportAction$$Lambda/0x00007fcd28f1c230
8765:             1             16  org.opensearch.ad.transport.PreviewAnomalyDetectorTransportAction$$Lambda/0x00007fcd28f1c460
8766:             1             16  org.opensearch.ad.transport.RCFPollingAction$$Lambda/0x00007fcd28c1a3a8
8767:             1             16  org.opensearch.ad.transport.RCFPollingTransportAction$$Lambda/0x00007fcd28f1e700
8768:             1             16  org.opensearch.ad.transport.RCFResultAction$$Lambda/0x00007fcd28a43ca0
8769:             1             16  org.opensearch.ad.transport.RCFResultTransportAction$$Lambda/0x00007fcd28d9e5e8
8770:             1             16  org.opensearch.ad.transport.SearchADTasksAction$$Lambda/0x00007fcd28c1b078
8771:             1             16  org.opensearch.ad.transport.SearchADTasksTransportAction$$Lambda/0x00007fcd28f1e0b8
8772:             1             16  org.opensearch.ad.transport.SearchAnomalyDetectorAction$$Lambda/0x00007fcd28c1a7d8
8773:             1             16  org.opensearch.ad.transport.SearchAnomalyDetectorInfoAction$$Lambda/0x00007fcd28c1f600
8774:             1             16  org.opensearch.ad.transport.SearchAnomalyDetectorTransportAction$$Lambda/0x00007fcd28e3f2c8
8775:             1             16  org.opensearch.ad.transport.SearchAnomalyResultAction$$Lambda/0x00007fcd28c1ac08
8776:             1             16  org.opensearch.ad.transport.SearchAnomalyResultTransportAction$$Lambda/0x00007fcd28f1cad8
8777:             1             16  org.opensearch.ad.transport.SearchTopAnomalyResultAction$$Lambda/0x00007fcd28c227e0
8778:             1             16  org.opensearch.ad.transport.SearchTopAnomalyResultTransportAction$$Lambda/0x00007fcd28e3e638
8779:             1             16  org.opensearch.ad.transport.StatsAnomalyDetectorAction$$Lambda/0x00007fcd28c1b738
8780:             1             16  org.opensearch.ad.transport.StopDetectorAction$$Lambda/0x00007fcd28a39e98
8781:             1             16  org.opensearch.ad.transport.StopDetectorTransportAction$$Lambda/0x00007fcd28e3f4e0
8782:             1             16  org.opensearch.ad.transport.ThresholdResultAction$$Lambda/0x00007fcd28c184b0
8783:             1             16  org.opensearch.ad.transport.ThresholdResultTransportAction$$Lambda/0x00007fcd28f1e4e8
8784:             1             16  org.opensearch.ad.transport.ValidateAnomalyDetectorAction$$Lambda/0x00007fcd28c22ea8
8785:             1             16  org.opensearch.agent.tools.PPLTool$Factory
8786:             1             16  org.opensearch.agent.tools.SearchAlertsTool$Factory
8787:             1             16  org.opensearch.agent.tools.SearchMonitorsTool$Factory
8788:             1             16  org.opensearch.alerting.AlertService$Companion
8789:             1             16  org.opensearch.alerting.AlertingPlugin$$Lambda/0x00007fcd286228c0
8790:             1             16  org.opensearch.alerting.AlertingPlugin$$Lambda/0x00007fcd28622ad8
8791:             1             16  org.opensearch.alerting.AlertingPlugin$Companion
8792:             1             16  org.opensearch.alerting.MonitorMetadataService
8793:             1             16  org.opensearch.alerting.MonitorMetadataService$$Lambda/0x00007fcd28a98420
8794:             1             16  org.opensearch.alerting.MonitorRunnerService$$Lambda/0x00007fcd28a8a600
8795:             1             16  org.opensearch.alerting.MonitorRunnerService$$Lambda/0x00007fcd28a8a828
8796:             1             16  org.opensearch.alerting.MonitorRunnerService$$Lambda/0x00007fcd28a8aa50
8797:             1             16  org.opensearch.alerting.MonitorRunnerService$$Lambda/0x00007fcd28a8ac78
8798:             1             16  org.opensearch.alerting.MonitorRunnerService$$Lambda/0x00007fcd28a8aea0
8799:             1             16  org.opensearch.alerting.MonitorRunnerService$$Lambda/0x00007fcd28a8b0c8
8800:             1             16  org.opensearch.alerting.MonitorRunnerService$$Lambda/0x00007fcd28a8b2f0
8801:             1             16  org.opensearch.alerting.MonitorRunnerService$$Lambda/0x00007fcd28a8b518
8802:             1             16  org.opensearch.alerting.MonitorRunnerService$$Lambda/0x00007fcd28a8b740
8803:             1             16  org.opensearch.alerting.MonitorRunnerService$$Lambda/0x00007fcd28a8b968
8804:             1             16  org.opensearch.alerting.MonitorRunnerService$$Lambda/0x00007fcd28a8bb90
8805:             1             16  org.opensearch.alerting.WorkflowMetadataService
8806:             1             16  org.opensearch.alerting.WorkflowMetadataService$$Lambda/0x00007fcd28a98868
8807:             1             16  org.opensearch.alerting.action.DocLevelMonitorFanOutAction$$Lambda/0x00007fcd28c35f10
8808:             1             16  org.opensearch.alerting.action.DocLevelMonitorFanOutAction$Companion
8809:             1             16  org.opensearch.alerting.action.ExecuteMonitorAction$$Lambda/0x00007fcd28c2ed10
8810:             1             16  org.opensearch.alerting.action.ExecuteMonitorAction$Companion
8811:             1             16  org.opensearch.alerting.action.ExecuteWorkflowAction$$Lambda/0x00007fcd28c34930
8812:             1             16  org.opensearch.alerting.action.ExecuteWorkflowAction$Companion
8813:             1             16  org.opensearch.alerting.action.GetDestinationsAction$$Lambda/0x00007fcd28c328b0
8814:             1             16  org.opensearch.alerting.action.GetDestinationsAction$Companion
8815:             1             16  org.opensearch.alerting.action.GetEmailAccountAction$$Lambda/0x00007fcd28c30288
8816:             1             16  org.opensearch.alerting.action.GetEmailAccountAction$Companion
8817:             1             16  org.opensearch.alerting.action.GetEmailGroupAction$$Lambda/0x00007fcd28c315a0
8818:             1             16  org.opensearch.alerting.action.GetEmailGroupAction$Companion
8819:             1             16  org.opensearch.alerting.action.GetRemoteIndexesAction$$Lambda/0x00007fcd28c353f8
8820:             1             16  org.opensearch.alerting.action.GetRemoteIndexesAction$Companion
8821:             1             16  org.opensearch.alerting.action.SearchEmailAccountAction$$Lambda/0x00007fcd28c30ad0
8822:             1             16  org.opensearch.alerting.action.SearchEmailAccountAction$Companion
8823:             1             16  org.opensearch.alerting.action.SearchEmailGroupAction$$Lambda/0x00007fcd28c31de8
8824:             1             16  org.opensearch.alerting.action.SearchEmailGroupAction$Companion
8825:             1             16  org.opensearch.alerting.alerts.AlertIndices$$Lambda/0x00007fcd288a30c8
8826:             1             16  org.opensearch.alerting.alerts.AlertIndices$$Lambda/0x00007fcd288a32f8
8827:             1             16  org.opensearch.alerting.alerts.AlertIndices$$Lambda/0x00007fcd288a3528
8828:             1             16  org.opensearch.alerting.alerts.AlertIndices$$Lambda/0x00007fcd288a3758
8829:             1             16  org.opensearch.alerting.alerts.AlertIndices$$Lambda/0x00007fcd288a3988
8830:             1             16  org.opensearch.alerting.alerts.AlertIndices$$Lambda/0x00007fcd288a3bb8
8831:             1             16  org.opensearch.alerting.alerts.AlertIndices$$Lambda/0x00007fcd28a88000
8832:             1             16  org.opensearch.alerting.alerts.AlertIndices$$Lambda/0x00007fcd28a88230
8833:             1             16  org.opensearch.alerting.alerts.AlertIndices$$Lambda/0x00007fcd28a88460
8834:             1             16  org.opensearch.alerting.alerts.AlertIndices$$Lambda/0x00007fcd28a88690
8835:             1             16  org.opensearch.alerting.alerts.AlertIndices$$Lambda/0x00007fcd28a888c0
8836:             1             16  org.opensearch.alerting.alerts.AlertIndices$Companion
8837:             1             16  org.opensearch.alerting.comments.CommentsIndices$$Lambda/0x00007fcd28a8c7e8
8838:             1             16  org.opensearch.alerting.comments.CommentsIndices$$Lambda/0x00007fcd28a8ca18
8839:             1             16  org.opensearch.alerting.comments.CommentsIndices$$Lambda/0x00007fcd28a8cc48
8840:             1             16  org.opensearch.alerting.comments.CommentsIndices$$Lambda/0x00007fcd28a8ce78
8841:             1             16  org.opensearch.alerting.comments.CommentsIndices$Companion
8842:             1             16  org.opensearch.alerting.core.JobSweeper$$Lambda/0x00007fcd28a8d568
8843:             1             16  org.opensearch.alerting.core.JobSweeper$$Lambda/0x00007fcd28a8d798
8844:             1             16  org.opensearch.alerting.core.JobSweeper$$Lambda/0x00007fcd28a8d9c8
8845:             1             16  org.opensearch.alerting.core.JobSweeper$$Lambda/0x00007fcd28a8dbf8
8846:             1             16  org.opensearch.alerting.core.JobSweeper$$Lambda/0x00007fcd28a8de28
8847:             1             16  org.opensearch.alerting.core.JobSweeper$$Lambda/0x00007fcd28a8e058
8848:             1             16  org.opensearch.alerting.core.JobSweeper$$Lambda/0x00007fcd29019560
8849:             1             16  org.opensearch.alerting.core.ScheduledJobIndices$Companion
8850:             1             16  org.opensearch.alerting.core.action.node.ScheduledJobsStatsAction$$Lambda/0x00007fcd28a99390
8851:             1             16  org.opensearch.alerting.core.action.node.ScheduledJobsStatsAction$Companion
8852:             1             16  org.opensearch.alerting.core.action.node.ScheduledJobsStatsTransportAction$$Lambda/0x00007fcd28dfc430
8853:             1             16  org.opensearch.alerting.core.action.node.ScheduledJobsStatsTransportAction$$Lambda/0x00007fcd28dfc648
8854:             1             16  org.opensearch.alerting.core.lock.LockService$Companion
8855:             1             16  org.opensearch.alerting.core.resthandler.RestScheduledJobStatsHandler$Companion
8856:             1             16  org.opensearch.alerting.core.resthandler.RestScheduledJobStatsHandler$Companion$METRICS$1
8857:             1             16  org.opensearch.alerting.core.resthandler.RestScheduledJobStatsHandler$Companion$METRICS$2
8858:             1             16  org.opensearch.alerting.core.settings.LegacyOpenDistroScheduledJobSettings$Companion
8859:             1             16  org.opensearch.alerting.core.settings.ScheduledJobSettings$Companion
8860:             1             16  org.opensearch.alerting.model.AlertContext$Companion
8861:             1             16  org.opensearch.alerting.resthandler.RestGetRemoteIndexesAction$Companion
8862:             1             16  org.opensearch.alerting.resthandler.RestSearchMonitorAction$$Lambda/0x00007fcd28f85208
8863:             1             16  org.opensearch.alerting.script.TriggerScript$Companion
8864:             1             16  org.opensearch.alerting.service.DeleteMonitorService
8865:             1             16  org.opensearch.alerting.settings.AlertingSettings$Companion
8866:             1             16  org.opensearch.alerting.settings.DestinationSettings$$Lambda/0x00007fcd2846acf0
8867:             1             16  org.opensearch.alerting.settings.DestinationSettings$$Lambda/0x00007fcd2846af28
8868:             1             16  org.opensearch.alerting.settings.DestinationSettings$Companion
8869:             1             16  org.opensearch.alerting.settings.LegacyOpenDistroAlertingSettings$Companion
8870:             1             16  org.opensearch.alerting.settings.LegacyOpenDistroDestinationSettings$$Lambda/0x00007fcd2846a880
8871:             1             16  org.opensearch.alerting.settings.LegacyOpenDistroDestinationSettings$$Lambda/0x00007fcd2846aab8
8872:             1             16  org.opensearch.alerting.settings.LegacyOpenDistroDestinationSettings$Companion
8873:             1             16  org.opensearch.alerting.transport.TransportAcknowledgeAlertAction$$Lambda/0x00007fcd28eed6d8
8874:             1             16  org.opensearch.alerting.transport.TransportAcknowledgeAlertAction$$Lambda/0x00007fcd28eed8f0
8875:             1             16  org.opensearch.alerting.transport.TransportAcknowledgeChainedAlertAction$$Lambda/0x00007fcd28dfe2b8
8876:             1             16  org.opensearch.alerting.transport.TransportAcknowledgeChainedAlertAction$$Lambda/0x00007fcd28dfe4d0
8877:             1             16  org.opensearch.alerting.transport.TransportDeleteAlertingCommentAction$$Lambda/0x00007fcd28eef888
8878:             1             16  org.opensearch.alerting.transport.TransportDeleteAlertingCommentAction$$Lambda/0x00007fcd28eefaa0
8879:             1             16  org.opensearch.alerting.transport.TransportDeleteMonitorAction$$Lambda/0x00007fcd28eef1b0
8880:             1             16  org.opensearch.alerting.transport.TransportDeleteWorkflowAction$$Lambda/0x00007fcd28eec6f0
8881:             1             16  org.opensearch.alerting.transport.TransportDocLevelMonitorFanOutAction$$Lambda/0x00007fcd28dfe918
8882:             1             16  org.opensearch.alerting.transport.TransportDocLevelMonitorFanOutAction$$Lambda/0x00007fcd28dfeb30
8883:             1             16  org.opensearch.alerting.transport.TransportDocLevelMonitorFanOutAction$$Lambda/0x00007fcd28dfed60
8884:             1             16  org.opensearch.alerting.transport.TransportDocLevelMonitorFanOutAction$$Lambda/0x00007fcd28dfef90
8885:             1             16  org.opensearch.alerting.transport.TransportDocLevelMonitorFanOutAction$$Lambda/0x00007fcd28dff1c0
8886:             1             16  org.opensearch.alerting.transport.TransportDocLevelMonitorFanOutAction$$Lambda/0x00007fcd28dff3f0
8887:             1             16  org.opensearch.alerting.transport.TransportDocLevelMonitorFanOutAction$$Lambda/0x00007fcd28dff620
8888:             1             16  org.opensearch.alerting.transport.TransportDocLevelMonitorFanOutAction$$Lambda/0x00007fcd28dff850
8889:             1             16  org.opensearch.alerting.transport.TransportDocLevelMonitorFanOutAction$$Lambda/0x00007fcd28dffa80
8890:             1             16  org.opensearch.alerting.transport.TransportExecuteMonitorAction$$Lambda/0x00007fcd28f84230
8891:             1             16  org.opensearch.alerting.transport.TransportExecuteWorkflowAction$$Lambda/0x00007fcd28eef3c8
8892:             1             16  org.opensearch.alerting.transport.TransportGetAlertsAction$$Lambda/0x00007fcd28dfcca8
8893:             1             16  org.opensearch.alerting.transport.TransportGetDestinationsAction$$Lambda/0x00007fcd28dfe700
8894:             1             16  org.opensearch.alerting.transport.TransportGetEmailAccountAction$$Lambda/0x00007fcd28d86d68
8895:             1             16  org.opensearch.alerting.transport.TransportGetEmailAccountAction$$Lambda/0x00007fcd28d86f80
8896:             1             16  org.opensearch.alerting.transport.TransportGetEmailGroupAction$$Lambda/0x00007fcd28eecb20
8897:             1             16  org.opensearch.alerting.transport.TransportGetEmailGroupAction$$Lambda/0x00007fcd28eecd38
8898:             1             16  org.opensearch.alerting.transport.TransportGetFindingsSearchAction$$Lambda/0x00007fcd28eec908
8899:             1             16  org.opensearch.alerting.transport.TransportGetMonitorAction$$Lambda/0x00007fcd28eed218
8900:             1             16  org.opensearch.alerting.transport.TransportGetRemoteIndexesAction$$Lambda/0x00007fcd28eedb20
8901:             1             16  org.opensearch.alerting.transport.TransportGetRemoteIndexesAction$$Lambda/0x00007fcd28eedd38
8902:             1             16  org.opensearch.alerting.transport.TransportGetWorkflowAction$$Lambda/0x00007fcd28eedf68
8903:             1             16  org.opensearch.alerting.transport.TransportGetWorkflowAlertsAction$$Lambda/0x00007fcd28dffcb0
8904:             1             16  org.opensearch.alerting.transport.TransportGetWorkflowAlertsAction$$Lambda/0x00007fcd28eec000
8905:             1             16  org.opensearch.alerting.transport.TransportIndexAlertingCommentAction$$Lambda/0x00007fcd28eee430
8906:             1             16  org.opensearch.alerting.transport.TransportIndexAlertingCommentAction$$Lambda/0x00007fcd28eee648
8907:             1             16  org.opensearch.alerting.transport.TransportIndexAlertingCommentAction$$Lambda/0x00007fcd28eee878
8908:             1             16  org.opensearch.alerting.transport.TransportIndexAlertingCommentAction$$Lambda/0x00007fcd28eeeaa8
8909:             1             16  org.opensearch.alerting.transport.TransportIndexAlertingCommentAction$$Lambda/0x00007fcd28eeecd8
8910:             1             16  org.opensearch.alerting.transport.TransportIndexMonitorAction$$Lambda/0x00007fcd28dfd308
8911:             1             16  org.opensearch.alerting.transport.TransportIndexMonitorAction$$Lambda/0x00007fcd28dfd520
8912:             1             16  org.opensearch.alerting.transport.TransportIndexMonitorAction$$Lambda/0x00007fcd28dfd750
8913:             1             16  org.opensearch.alerting.transport.TransportIndexMonitorAction$$Lambda/0x00007fcd28dfd980
8914:             1             16  org.opensearch.alerting.transport.TransportIndexMonitorAction$$Lambda/0x00007fcd28dfdbb0
8915:             1             16  org.opensearch.alerting.transport.TransportIndexMonitorAction$$Lambda/0x00007fcd28dfdde0
8916:             1             16  org.opensearch.alerting.transport.TransportIndexWorkflowAction$$Lambda/0x00007fcd28d871b0
8917:             1             16  org.opensearch.alerting.transport.TransportIndexWorkflowAction$$Lambda/0x00007fcd28d873c8
8918:             1             16  org.opensearch.alerting.transport.TransportIndexWorkflowAction$$Lambda/0x00007fcd28d875f8
8919:             1             16  org.opensearch.alerting.transport.TransportIndexWorkflowAction$$Lambda/0x00007fcd28d87828
8920:             1             16  org.opensearch.alerting.transport.TransportIndexWorkflowAction$$Lambda/0x00007fcd28d87a58
8921:             1             16  org.opensearch.alerting.transport.TransportIndexWorkflowAction$$Lambda/0x00007fcd28d87c88
8922:             1             16  org.opensearch.alerting.transport.TransportSearchAlertingCommentAction$$Lambda/0x00007fcd28dfcec0
8923:             1             16  org.opensearch.alerting.transport.TransportSearchAlertingCommentAction$$Lambda/0x00007fcd28dfd0d8
8924:             1             16  org.opensearch.alerting.transport.TransportSearchEmailAccountAction$$Lambda/0x00007fcd28eefcd0
8925:             1             16  org.opensearch.alerting.transport.TransportSearchEmailAccountAction$$Lambda/0x00007fcd28f84000
8926:             1             16  org.opensearch.alerting.transport.TransportSearchEmailGroupAction$$Lambda/0x00007fcd28dfc860
8927:             1             16  org.opensearch.alerting.transport.TransportSearchEmailGroupAction$$Lambda/0x00007fcd28dfca78
8928:             1             16  org.opensearch.alerting.transport.TransportSearchMonitorAction$$Lambda/0x00007fcd28eec230
8929:             1             16  org.opensearch.alerting.util.DocLevelMonitorQueries$Companion
8930:             1             16  org.opensearch.alerting.util.destinationmigration.DestinationMigrationUtilService$Companion
8931:             1             16  org.opensearch.analysis.common.CommonAnalysisPlugin
8932:             1             16  org.opensearch.analysis.common.CommonAnalysisPlugin$$Lambda/0x00007fcd2845a8c8
8933:             1             16  org.opensearch.analysis.common.CommonAnalysisPlugin$$Lambda/0x00007fcd2845ada8
8934:             1             16  org.opensearch.analysis.common.CommonAnalysisPlugin$$Lambda/0x00007fcd28658400
8935:             1             16  org.opensearch.analysis.common.CommonAnalysisPlugin$$Lambda/0x00007fcd28658ab0
8936:             1             16  org.opensearch.analysis.common.CommonAnalysisPlugin$$Lambda/0x00007fcd286592b0
8937:             1             16  org.opensearch.analysis.common.CommonAnalysisPlugin$$Lambda/0x00007fcd28659798
8938:             1             16  org.opensearch.analysis.common.CommonAnalysisPlugin$$Lambda/0x00007fcd28659ca8
8939:             1             16  org.opensearch.analysis.common.CommonAnalysisPlugin$$Lambda/0x00007fcd2865a298
8940:             1             16  org.opensearch.analysis.common.CommonAnalysisPlugin$$Lambda/0x00007fcd2865a780
8941:             1             16  org.opensearch.analysis.common.CommonAnalysisPlugin$$Lambda/0x00007fcd2865ac90
8942:             1             16  org.opensearch.analysis.common.CommonAnalysisPlugin$$Lambda/0x00007fcd2865b178
8943:             1             16  org.opensearch.analysis.common.CommonAnalysisPlugin$$Lambda/0x00007fcd2865b688
8944:             1             16  org.opensearch.analysis.common.CommonAnalysisPlugin$$Lambda/0x00007fcd2865bb98
8945:             1             16  org.opensearch.analysis.common.CommonAnalysisPlugin$$Lambda/0x00007fcd286602b8
8946:             1             16  org.opensearch.analysis.common.CommonAnalysisPlugin$$Lambda/0x00007fcd286607a8
8947:             1             16  org.opensearch.analysis.common.CommonAnalysisPlugin$$Lambda/0x00007fcd286609e0
8948:             1             16  org.opensearch.analysis.common.CommonAnalysisPlugin$$Lambda/0x00007fcd28660ef8
8949:             1             16  org.opensearch.analysis.common.CommonAnalysisPlugin$$Lambda/0x00007fcd286613e8
8950:             1             16  org.opensearch.analysis.common.CommonAnalysisPlugin$$Lambda/0x00007fcd286618d0
8951:             1             16  org.opensearch.analysis.common.CommonAnalysisPlugin$$Lambda/0x00007fcd28662078
8952:             1             16  org.opensearch.analysis.common.CommonAnalysisPlugin$$Lambda/0x00007fcd28662560
8953:             1             16  org.opensearch.analysis.common.CommonAnalysisPlugin$$Lambda/0x00007fcd28662a48
8954:             1             16  org.opensearch.analysis.common.CommonAnalysisPlugin$$Lambda/0x00007fcd28662c80
8955:             1             16  org.opensearch.analysis.common.CommonAnalysisPlugin$$Lambda/0x00007fcd28663190
8956:             1             16  org.opensearch.analysis.common.CommonAnalysisPlugin$$Lambda/0x00007fcd28663678
8957:             1             16  org.opensearch.analysis.common.CommonAnalysisPlugin$$Lambda/0x00007fcd28663b60
8958:             1             16  org.opensearch.analysis.common.CommonAnalysisPlugin$$Lambda/0x00007fcd28663d98
8959:             1             16  org.opensearch.analysis.common.CommonAnalysisPlugin$$Lambda/0x00007fcd28668588
8960:             1             16  org.opensearch.analysis.common.CommonAnalysisPlugin$$Lambda/0x00007fcd28668a70
8961:             1             16  org.opensearch.analysis.common.CommonAnalysisPlugin$$Lambda/0x00007fcd28668f80
8962:             1             16  org.opensearch.analysis.common.CommonAnalysisPlugin$$Lambda/0x00007fcd28669470
8963:             1             16  org.opensearch.analysis.common.CommonAnalysisPlugin$$Lambda/0x00007fcd28669980
8964:             1             16  org.opensearch.analysis.common.CommonAnalysisPlugin$$Lambda/0x00007fcd28669e68
8965:             1             16  org.opensearch.analysis.common.CommonAnalysisPlugin$$Lambda/0x00007fcd2866a350
8966:             1             16  org.opensearch.analysis.common.CommonAnalysisPlugin$$Lambda/0x00007fcd2866a838
8967:             1             16  org.opensearch.analysis.common.CommonAnalysisPlugin$$Lambda/0x00007fcd2866ad20
8968:             1             16  org.opensearch.analysis.common.CommonAnalysisPlugin$$Lambda/0x00007fcd2866b208
8969:             1             16  org.opensearch.analysis.common.CommonAnalysisPlugin$$Lambda/0x00007fcd2866b6f0
8970:             1             16  org.opensearch.analysis.common.CommonAnalysisPlugin$$Lambda/0x00007fcd2866bc00
8971:             1             16  org.opensearch.analysis.common.CommonAnalysisPlugin$$Lambda/0x00007fcd2866c0e8
8972:             1             16  org.opensearch.analysis.common.CommonAnalysisPlugin$$Lambda/0x00007fcd2866c5d8
8973:             1             16  org.opensearch.analysis.common.CommonAnalysisPlugin$$Lambda/0x00007fcd2866cac0
8974:             1             16  org.opensearch.analysis.common.CommonAnalysisPlugin$$Lambda/0x00007fcd2866ccf8
8975:             1             16  org.opensearch.analysis.common.CommonAnalysisPlugin$$Lambda/0x00007fcd2866d1f0
8976:             1             16  org.opensearch.analysis.common.CommonAnalysisPlugin$$Lambda/0x00007fcd2866d6e0
8977:             1             16  org.opensearch.analysis.common.CommonAnalysisPlugin$$Lambda/0x00007fcd2866dbf0
8978:             1             16  org.opensearch.analysis.common.CommonAnalysisPlugin$$Lambda/0x00007fcd2866e0d8
8979:             1             16  org.opensearch.analysis.common.CommonAnalysisPlugin$$Lambda/0x00007fcd2866e310
8980:             1             16  org.opensearch.analysis.common.CommonAnalysisPlugin$$Lambda/0x00007fcd2866e800
8981:             1             16  org.opensearch.analysis.common.CommonAnalysisPlugin$$Lambda/0x00007fcd2866ece8
8982:             1             16  org.opensearch.analysis.common.CommonAnalysisPlugin$$Lambda/0x00007fcd2866f1d0
8983:             1             16  org.opensearch.analysis.common.CommonAnalysisPlugin$$Lambda/0x00007fcd2866f6e0
8984:             1             16  org.opensearch.analysis.common.CommonAnalysisPlugin$$Lambda/0x00007fcd2866fbf0
8985:             1             16  org.opensearch.analysis.common.CommonAnalysisPlugin$$Lambda/0x00007fcd286702d8
8986:             1             16  org.opensearch.analysis.common.CommonAnalysisPlugin$$Lambda/0x00007fcd286707c0
8987:             1             16  org.opensearch.analysis.common.CommonAnalysisPlugin$$Lambda/0x00007fcd28670cd0
8988:             1             16  org.opensearch.analysis.common.CommonAnalysisPlugin$$Lambda/0x00007fcd286711b8
8989:             1             16  org.opensearch.analysis.common.CommonAnalysisPlugin$$Lambda/0x00007fcd28671920
8990:             1             16  org.opensearch.analysis.common.CommonAnalysisPlugin$$Lambda/0x00007fcd28672050
8991:             1             16  org.opensearch.analysis.common.CommonAnalysisPlugin$$Lambda/0x00007fcd28672558
8992:             1             16  org.opensearch.analysis.common.CommonAnalysisPlugin$$Lambda/0x00007fcd28672a68
8993:             1             16  org.opensearch.analysis.common.CommonAnalysisPlugin$$Lambda/0x00007fcd28672f50
8994:             1             16  org.opensearch.analysis.common.CommonAnalysisPlugin$$Lambda/0x00007fcd286736c0
8995:             1             16  org.opensearch.analysis.common.CommonAnalysisPlugin$$Lambda/0x00007fcd28673bd0
8996:             1             16  org.opensearch.analysis.common.CommonAnalysisPlugin$$Lambda/0x00007fcd286802b8
8997:             1             16  org.opensearch.analysis.common.CommonAnalysisPlugin$$Lambda/0x00007fcd286807b0
8998:             1             16  org.opensearch.analysis.common.CommonAnalysisPlugin$$Lambda/0x00007fcd28680c48
8999:             1             16  org.opensearch.analysis.common.CommonAnalysisPlugin$$Lambda/0x00007fcd286810e0
9000:             1             16  org.opensearch.analysis.common.CommonAnalysisPlugin$$Lambda/0x00007fcd28681578
9001:             1             16  org.opensearch.analysis.common.CommonAnalysisPlugin$$Lambda/0x00007fcd286817b0
9002:             1             16  org.opensearch.analysis.common.CommonAnalysisPlugin$$Lambda/0x00007fcd28681ec0
9003:             1             16  org.opensearch.analysis.common.CommonAnalysisPlugin$$Lambda/0x00007fcd286820f8
9004:             1             16  org.opensearch.analysis.common.CommonAnalysisPlugin$$Lambda/0x00007fcd28682808
9005:             1             16  org.opensearch.analysis.common.CommonAnalysisPlugin$$Lambda/0x00007fcd28682f18
9006:             1             16  org.opensearch.analysis.common.CommonAnalysisPlugin$$Lambda/0x00007fcd286833b0
9007:             1             16  org.opensearch.analysis.common.CommonAnalysisPlugin$$Lambda/0x00007fcd28683848
9008:             1             16  org.opensearch.analysis.common.CommonAnalysisPlugin$$Lambda/0x00007fcd28683f48
9009:             1             16  org.opensearch.analysis.common.CommonAnalysisPlugin$$Lambda/0x00007fcd286843e0
9010:             1             16  org.opensearch.analysis.common.CommonAnalysisPlugin$$Lambda/0x00007fcd28684618
9011:             1             16  org.opensearch.analysis.common.CommonAnalysisPlugin$$Lambda/0x00007fcd28684ab8
9012:             1             16  org.opensearch.analysis.common.CommonAnalysisPlugin$$Lambda/0x00007fcd28684f50
9013:             1             16  org.opensearch.analysis.common.CommonAnalysisPlugin$$Lambda/0x00007fcd286853e8
9014:             1             16  org.opensearch.analysis.common.CommonAnalysisPlugin$$Lambda/0x00007fcd28685880
9015:             1             16  org.opensearch.analysis.common.CommonAnalysisPlugin$$Lambda/0x00007fcd28685fc8
9016:             1             16  org.opensearch.analysis.common.CommonAnalysisPlugin$$Lambda/0x00007fcd28686490
9017:             1             16  org.opensearch.analysis.common.CommonAnalysisPlugin$$Lambda/0x00007fcd28686958
9018:             1             16  org.opensearch.analysis.common.CommonAnalysisPlugin$$Lambda/0x00007fcd28686e20
9019:             1             16  org.opensearch.analysis.common.CommonAnalysisPlugin$$Lambda/0x00007fcd286872e8
9020:             1             16  org.opensearch.analysis.common.CommonAnalysisPlugin$$Lambda/0x00007fcd286877b0
9021:             1             16  org.opensearch.analysis.common.CommonAnalysisPlugin$$Lambda/0x00007fcd28687c78
9022:             1             16  org.opensearch.analysis.common.CommonAnalysisPlugin$$Lambda/0x00007fcd2868c290
9023:             1             16  org.opensearch.analysis.common.CommonAnalysisPlugin$$Lambda/0x00007fcd2868c758
9024:             1             16  org.opensearch.analysis.common.CommonAnalysisPlugin$$Lambda/0x00007fcd2868cc20
9025:             1             16  org.opensearch.analysis.common.CommonAnalysisPlugin$$Lambda/0x00007fcd2868d0e8
9026:             1             16  org.opensearch.analysis.common.CommonAnalysisPlugin$$Lambda/0x00007fcd2868d5b0
9027:             1             16  org.opensearch.analysis.common.CommonAnalysisPlugin$$Lambda/0x00007fcd2868da78
9028:             1             16  org.opensearch.analysis.common.CommonAnalysisPlugin$$Lambda/0x00007fcd2868df40
9029:             1             16  org.opensearch.analysis.common.CommonAnalysisPlugin$$Lambda/0x00007fcd2868e408
9030:             1             16  org.opensearch.analysis.common.CommonAnalysisPlugin$$Lambda/0x00007fcd2868e8d0
9031:             1             16  org.opensearch.analysis.common.CommonAnalysisPlugin$$Lambda/0x00007fcd2868ed98
9032:             1             16  org.opensearch.analysis.common.CommonAnalysisPlugin$$Lambda/0x00007fcd2868f260
9033:             1             16  org.opensearch.analysis.common.CommonAnalysisPlugin$$Lambda/0x00007fcd2868f728
9034:             1             16  org.opensearch.analysis.common.CommonAnalysisPlugin$$Lambda/0x00007fcd2868fbf0
9035:             1             16  org.opensearch.analysis.common.CommonAnalysisPlugin$$Lambda/0x00007fcd28694290
9036:             1             16  org.opensearch.analysis.common.CommonAnalysisPlugin$$Lambda/0x00007fcd28694758
9037:             1             16  org.opensearch.analysis.common.CommonAnalysisPlugin$$Lambda/0x00007fcd28694c20
9038:             1             16  org.opensearch.analysis.common.CommonAnalysisPlugin$$Lambda/0x00007fcd286950e8
9039:             1             16  org.opensearch.analysis.common.CommonAnalysisPlugin$$Lambda/0x00007fcd286955b0
9040:             1             16  org.opensearch.analysis.common.CommonAnalysisPlugin$$Lambda/0x00007fcd28695a78
9041:             1             16  org.opensearch.analysis.common.CommonAnalysisPlugin$$Lambda/0x00007fcd28695f40
9042:             1             16  org.opensearch.analysis.common.CommonAnalysisPlugin$$Lambda/0x00007fcd28696408
9043:             1             16  org.opensearch.analysis.common.CommonAnalysisPlugin$$Lambda/0x00007fcd286968d0
9044:             1             16  org.opensearch.analysis.common.CommonAnalysisPlugin$$Lambda/0x00007fcd28696d98
9045:             1             16  org.opensearch.analysis.common.CommonAnalysisPlugin$$Lambda/0x00007fcd28697260
9046:             1             16  org.opensearch.analysis.common.CommonAnalysisPlugin$$Lambda/0x00007fcd28697728
9047:             1             16  org.opensearch.analysis.common.CommonAnalysisPlugin$$Lambda/0x00007fcd28697bf0
9048:             1             16  org.opensearch.analysis.common.CommonAnalysisPlugin$$Lambda/0x00007fcd28698290
9049:             1             16  org.opensearch.analysis.common.CommonAnalysisPlugin$$Lambda/0x00007fcd28698758
9050:             1             16  org.opensearch.analysis.common.CommonAnalysisPlugin$$Lambda/0x00007fcd28698c20
9051:             1             16  org.opensearch.analysis.common.CommonAnalysisPlugin$$Lambda/0x00007fcd286990e8
9052:             1             16  org.opensearch.analysis.common.CommonAnalysisPlugin$$Lambda/0x00007fcd286995b0
9053:             1             16  org.opensearch.analysis.common.CommonAnalysisPlugin$$Lambda/0x00007fcd28699a78
9054:             1             16  org.opensearch.analysis.common.CommonAnalysisPlugin$$Lambda/0x00007fcd28699cb0
9055:             1             16  org.opensearch.analysis.common.CommonAnalysisPlugin$$Lambda/0x00007fcd28699ee8
9056:             1             16  org.opensearch.analysis.common.CommonAnalysisPlugin$$Lambda/0x00007fcd2869a120
9057:             1             16  org.opensearch.analysis.common.CommonAnalysisPlugin$$Lambda/0x00007fcd2869a358
9058:             1             16  org.opensearch.analysis.common.CommonAnalysisPlugin$$Lambda/0x00007fcd2869a590
9059:             1             16  org.opensearch.analysis.common.CommonAnalysisPlugin$$Lambda/0x00007fcd2869a7c8
9060:             1             16  org.opensearch.analysis.common.CommonAnalysisPlugin$$Lambda/0x00007fcd2869aa00
9061:             1             16  org.opensearch.analysis.common.CommonAnalysisPlugin$$Lambda/0x00007fcd2869ac38
9062:             1             16  org.opensearch.analysis.common.CommonAnalysisPlugin$$Lambda/0x00007fcd2869ae70
9063:             1             16  org.opensearch.analysis.common.CommonAnalysisPlugin$$Lambda/0x00007fcd2869b0a8
9064:             1             16  org.opensearch.analysis.common.CommonAnalysisPlugin$$Lambda/0x00007fcd2869b2e0
9065:             1             16  org.opensearch.analysis.common.CommonAnalysisPlugin$$Lambda/0x00007fcd2869b518
9066:             1             16  org.opensearch.analysis.common.CommonAnalysisPlugin$$Lambda/0x00007fcd2869b750
9067:             1             16  org.opensearch.analysis.common.CommonAnalysisPlugin$$Lambda/0x00007fcd2869b988
9068:             1             16  org.opensearch.analysis.common.CommonAnalysisPlugin$$Lambda/0x00007fcd2869bbc0
9069:             1             16  org.opensearch.analysis.common.CommonAnalysisPlugin$$Lambda/0x00007fcd286a0000
9070:             1             16  org.opensearch.analysis.common.CommonAnalysisPlugin$$Lambda/0x00007fcd286a0238
9071:             1             16  org.opensearch.analysis.common.CommonAnalysisPlugin$$Lambda/0x00007fcd286a0470
9072:             1             16  org.opensearch.analysis.common.CommonAnalysisPlugin$$Lambda/0x00007fcd286a0698
9073:             1             16  org.opensearch.analysis.common.CommonAnalysisPlugin$$Lambda/0x00007fcd286a08d0
9074:             1             16  org.opensearch.analysis.common.CommonAnalysisPlugin$$Lambda/0x00007fcd286a0b08
9075:             1             16  org.opensearch.analysis.common.CommonAnalysisPlugin$$Lambda/0x00007fcd286a0d40
9076:             1             16  org.opensearch.analysis.common.CommonAnalysisPlugin$$Lambda/0x00007fcd286a0f78
9077:             1             16  org.opensearch.analysis.common.CommonAnalysisPlugin$$Lambda/0x00007fcd286a11b0
9078:             1             16  org.opensearch.analysis.common.CommonAnalysisPlugin$$Lambda/0x00007fcd286a13e8
9079:             1             16  org.opensearch.analysis.common.CommonAnalysisPlugin$$Lambda/0x00007fcd286a1620
9080:             1             16  org.opensearch.analysis.common.CommonAnalysisPlugin$$Lambda/0x00007fcd286a1858
9081:             1             16  org.opensearch.analysis.common.CommonAnalysisPlugin$$Lambda/0x00007fcd286a1a90
9082:             1             16  org.opensearch.analysis.common.CommonAnalysisPlugin$$Lambda/0x00007fcd286a1cc8
9083:             1             16  org.opensearch.analysis.common.CommonAnalysisPlugin$$Lambda/0x00007fcd286a1f00
9084:             1             16  org.opensearch.analysis.common.CommonAnalysisPlugin$$Lambda/0x00007fcd286a2128
9085:             1             16  org.opensearch.analysis.common.CommonAnalysisPlugin$$Lambda/0x00007fcd286a2360
9086:             1             16  org.opensearch.analysis.common.CommonAnalysisPlugin$$Lambda/0x00007fcd286a2598
9087:             1             16  org.opensearch.analysis.common.CommonAnalysisPlugin$$Lambda/0x00007fcd286a27d0
9088:             1             16  org.opensearch.analysis.common.CommonAnalysisPlugin$$Lambda/0x00007fcd286a2a08
9089:             1             16  org.opensearch.analysis.common.CommonAnalysisPlugin$$Lambda/0x00007fcd286a2c40
9090:             1             16  org.opensearch.analysis.common.CommonAnalysisPlugin$$Lambda/0x00007fcd286a2e78
9091:             1             16  org.opensearch.analysis.common.CommonAnalysisPlugin$$Lambda/0x00007fcd286a30b0
9092:             1             16  org.opensearch.analysis.common.CommonAnalysisPlugin$$Lambda/0x00007fcd286a32e8
9093:             1             16  org.opensearch.analysis.common.CommonAnalysisPlugin$$Lambda/0x00007fcd286a3520
9094:             1             16  org.opensearch.analysis.common.CommonAnalysisPlugin$$Lambda/0x00007fcd286a3758
9095:             1             16  org.opensearch.analysis.common.CommonAnalysisPlugin$$Lambda/0x00007fcd286a3990
9096:             1             16  org.opensearch.analysis.common.CommonAnalysisPlugin$$Lambda/0x00007fcd286a3bc8
9097:             1             16  org.opensearch.analysis.common.CommonAnalysisPlugin$$Lambda/0x00007fcd286a3e00
9098:             1             16  org.opensearch.analysis.common.CommonAnalysisPlugin$$Lambda/0x00007fcd286a4038
9099:             1             16  org.opensearch.analysis.common.CommonAnalysisPlugin$$Lambda/0x00007fcd286a4270
9100:             1             16  org.opensearch.analysis.common.CommonAnalysisPlugin$$Lambda/0x00007fcd286a44a8
9101:             1             16  org.opensearch.analysis.common.CommonAnalysisPlugin$$Lambda/0x00007fcd286a46e0
9102:             1             16  org.opensearch.analysis.common.CommonAnalysisPlugin$$Lambda/0x00007fcd286a4908
9103:             1             16  org.opensearch.analysis.common.CommonAnalysisPlugin$$Lambda/0x00007fcd286a4b20
9104:             1             16  org.opensearch.analysis.common.CommonAnalysisPlugin$$Lambda/0x00007fcd286a4d38
9105:             1             16  org.opensearch.analysis.common.CommonAnalysisPlugin$$Lambda/0x00007fcd286a4f50
9106:             1             16  org.opensearch.analysis.common.CommonAnalysisPlugin$$Lambda/0x00007fcd286a5168
9107:             1             16  org.opensearch.analysis.common.CommonAnalysisPlugin$$Lambda/0x00007fcd286a5380
9108:             1             16  org.opensearch.analysis.common.CommonAnalysisPlugin$$Lambda/0x00007fcd286a5598
9109:             1             16  org.opensearch.analysis.common.CommonAnalysisPlugin$$Lambda/0x00007fcd286a57b0
9110:             1             16  org.opensearch.analysis.common.CommonAnalysisPlugin$$Lambda/0x00007fcd286a59e8
9111:             1             16  org.opensearch.analysis.common.CommonAnalysisPlugin$$Lambda/0x00007fcd286a5c00
9112:             1             16  org.opensearch.analysis.common.CommonAnalysisPlugin$$Lambda/0x00007fcd286a5e18
9113:             1             16  org.opensearch.analysis.common.CommonAnalysisPlugin$$Lambda/0x00007fcd286a6030
9114:             1             16  org.opensearch.analysis.common.CommonAnalysisPlugin$$Lambda/0x00007fcd286a6268
9115:             1             16  org.opensearch.analysis.common.CommonAnalysisPlugin$$Lambda/0x00007fcd286a64a0
9116:             1             16  org.opensearch.analysis.common.CommonAnalysisPlugin$$Lambda/0x00007fcd286a66b8
9117:             1             16  org.opensearch.analysis.common.CommonAnalysisPlugin$$Lambda/0x00007fcd286a68d0
9118:             1             16  org.opensearch.analysis.common.CommonAnalysisPlugin$$Lambda/0x00007fcd286a6ae8
9119:             1             16  org.opensearch.analysis.common.CommonAnalysisPlugin$$Lambda/0x00007fcd286a6d00
9120:             1             16  org.opensearch.analysis.common.CommonAnalysisPlugin$$Lambda/0x00007fcd286a6f18
9121:             1             16  org.opensearch.analysis.common.CommonAnalysisPlugin$$Lambda/0x00007fcd286a7130
9122:             1             16  org.opensearch.analysis.common.CommonAnalysisPlugin$$Lambda/0x00007fcd286a7348
9123:             1             16  org.opensearch.analysis.common.CommonAnalysisPlugin$$Lambda/0x00007fcd286a7560
9124:             1             16  org.opensearch.analysis.common.CommonAnalysisPlugin$$Lambda/0x00007fcd286a7778
9125:             1             16  org.opensearch.analysis.common.CommonAnalysisPlugin$$Lambda/0x00007fcd286a7990
9126:             1             16  org.opensearch.analysis.common.CommonAnalysisPlugin$$Lambda/0x00007fcd286a7ba8
9127:             1             16  org.opensearch.analysis.common.CommonAnalysisPlugin$$Lambda/0x00007fcd286a7dc0
9128:             1             16  org.opensearch.analysis.common.CommonAnalysisPlugin$$Lambda/0x00007fcd286b0000
9129:             1             16  org.opensearch.analysis.common.CommonAnalysisPlugin$$Lambda/0x00007fcd286b0218
9130:             1             16  org.opensearch.analysis.common.CommonAnalysisPlugin$$Lambda/0x00007fcd286b0430
9131:             1             16  org.opensearch.analysis.common.CommonAnalysisPlugin$$Lambda/0x00007fcd286b0648
9132:             1             16  org.opensearch.analysis.common.CommonAnalysisPlugin$$Lambda/0x00007fcd286b0860
9133:             1             16  org.opensearch.analysis.common.CommonAnalysisPlugin$$Lambda/0x00007fcd286b0a78
9134:             1             16  org.opensearch.analysis.common.CommonAnalysisPlugin$$Lambda/0x00007fcd286b0c90
9135:             1             16  org.opensearch.analysis.common.CommonAnalysisPlugin$$Lambda/0x00007fcd286b0ea8
9136:             1             16  org.opensearch.analysis.common.CommonAnalysisPlugin$$Lambda/0x00007fcd286b10c0
9137:             1             16  org.opensearch.analysis.common.CommonAnalysisPlugin$$Lambda/0x00007fcd286b12d8
9138:             1             16  org.opensearch.analysis.common.CommonAnalysisPlugin$$Lambda/0x00007fcd286b14f0
9139:             1             16  org.opensearch.analysis.common.CommonAnalysisPlugin$$Lambda/0x00007fcd286b1708
9140:             1             16  org.opensearch.analysis.common.CommonAnalysisPlugin$$Lambda/0x00007fcd286b1920
9141:             1             16  org.opensearch.analysis.common.CommonAnalysisPlugin$$Lambda/0x00007fcd286b1b38
9142:             1             16  org.opensearch.analysis.common.CommonAnalysisPlugin$$Lambda/0x00007fcd286b1d50
9143:             1             16  org.opensearch.analysis.common.CommonAnalysisPlugin$$Lambda/0x00007fcd286b1f68
9144:             1             16  org.opensearch.analysis.common.CommonAnalysisPlugin$$Lambda/0x00007fcd286b2180
9145:             1             16  org.opensearch.analysis.common.CommonAnalysisPlugin$$Lambda/0x00007fcd286b2398
9146:             1             16  org.opensearch.analysis.common.CommonAnalysisPlugin$$Lambda/0x00007fcd286b25b0
9147:             1             16  org.opensearch.analysis.common.CommonAnalysisPlugin$$Lambda/0x00007fcd286b27c8
9148:             1             16  org.opensearch.analysis.common.CommonAnalysisPlugin$$Lambda/0x00007fcd286b29e0
9149:             1             16  org.opensearch.analysis.common.CommonAnalysisPlugin$$Lambda/0x00007fcd286b2bf8
9150:             1             16  org.opensearch.analysis.common.CommonAnalysisPlugin$$Lambda/0x00007fcd286b2e10
9151:             1             16  org.opensearch.analysis.common.CommonAnalysisPlugin$$Lambda/0x00007fcd286b3028
9152:             1             16  org.opensearch.analysis.common.CommonAnalysisPlugin$$Lambda/0x00007fcd286b3240
9153:             1             16  org.opensearch.analysis.common.CommonAnalysisPlugin$$Lambda/0x00007fcd286b3458
9154:             1             16  org.opensearch.bootstrap.$Proxy17
9155:             1             16  org.opensearch.bootstrap.Bootstrap$$Lambda/0x00007fcd280d6e98
9156:             1             16  org.opensearch.bootstrap.Bootstrap$1
9157:             1             16  org.opensearch.bootstrap.BootstrapCheck$BootstrapCheckResult
9158:             1             16  org.opensearch.bootstrap.BootstrapChecks$$Lambda/0x00007fcd290ecca8
9159:             1             16  org.opensearch.bootstrap.BootstrapChecks$JavaVersionCheck$$Lambda/0x00007fcd290eeda8
9160:             1             16  org.opensearch.bootstrap.BootstrapInfo$1
9161:             1             16  org.opensearch.bootstrap.JNAKernel32Library
9162:             1             16  org.opensearch.bootstrap.OpenSearch$$Lambda/0x00007fcd28013c70
9163:             1             16  org.opensearch.bootstrap.OpenSearch$1
9164:             1             16  org.opensearch.bootstrap.OpenSearchPolicy$$Lambda/0x00007fcd281dfa20
9165:             1             16  org.opensearch.bootstrap.OpenSearchPolicy$$Lambda/0x00007fcd281dfc68
9166:             1             16  org.opensearch.bootstrap.OpenSearchUncaughtExceptionHandler
9167:             1             16  org.opensearch.bootstrap.jvm.DenyJvmVersionsParser$$Lambda/0x00007fcd290ed4f0
9168:             1             16  org.opensearch.bootstrap.jvm.DenyJvmVersionsParser$$Lambda/0x00007fcd290ed728
9169:             1             16  org.opensearch.bootstrap.jvm.DenyJvmVersionsParser$$Lambda/0x00007fcd290ed970
9170:             1             16  org.opensearch.bootstrap.jvm.DenyJvmVersionsParser$$Lambda/0x00007fcd290edbb8
9171:             1             16  org.opensearch.bootstrap.jvm.DenyJvmVersionsParser$$Lambda/0x00007fcd290eddf0
9172:             1             16  org.opensearch.bootstrap.jvm.DenyJvmVersionsParser$$Lambda/0x00007fcd290ee028
9173:             1             16  org.opensearch.bootstrap.jvm.DenyJvmVersionsParser$$Lambda/0x00007fcd290ee240
9174:             1             16  org.opensearch.bootstrap.jvm.DenyJvmVersionsParser$$Lambda/0x00007fcd290ee478
9175:             1             16  org.opensearch.cache.common.tier.TieredSpilloverCache$TieredSpilloverCacheFactory
9176:             1             16  org.opensearch.cache.common.tier.TieredSpilloverCachePlugin
9177:             1             16  org.opensearch.cache.common.tier.TieredSpilloverCacheSettings$$Lambda/0x00007fcd28219cf8
9178:             1             16  org.opensearch.cache.common.tier.TieredSpilloverCacheSettings$$Lambda/0x00007fcd28541c00
9179:             1             16  org.opensearch.cache.common.tier.TieredSpilloverCacheSettings$$Lambda/0x00007fcd2854a000
9180:             1             16  org.opensearch.cache.common.tier.TieredSpilloverCacheSettings$$Lambda/0x00007fcd2854a238
9181:             1             16  org.opensearch.cli.EnvironmentAwareCommand$$Lambda/0x00007fcd28025a40
9182:             1             16  org.opensearch.client.Client$$Lambda/0x00007fcd281ea6a0
9183:             1             16  org.opensearch.cluster.AbstractDiffable$CompleteDiff
9184:             1             16  org.opensearch.cluster.ClusterChangedEvent$$Lambda/0x00007fcd291bd938
9185:             1             16  org.opensearch.cluster.ClusterModule$$Lambda/0x00007fcd28880400
9186:             1             16  org.opensearch.cluster.ClusterModule$$Lambda/0x00007fcd28880800
9187:             1             16  org.opensearch.cluster.ClusterModule$$Lambda/0x00007fcd28880a18
9188:             1             16  org.opensearch.cluster.ClusterModule$$Lambda/0x00007fcd28881000
9189:             1             16  org.opensearch.cluster.ClusterModule$$Lambda/0x00007fcd28881218
9190:             1             16  org.opensearch.cluster.ClusterModule$$Lambda/0x00007fcd28881788
9191:             1             16  org.opensearch.cluster.ClusterModule$$Lambda/0x00007fcd288819a0
9192:             1             16  org.opensearch.cluster.ClusterModule$$Lambda/0x00007fcd28882e68
9193:             1             16  org.opensearch.cluster.ClusterModule$$Lambda/0x00007fcd28883080
9194:             1             16  org.opensearch.cluster.ClusterModule$$Lambda/0x00007fcd28883658
9195:             1             16  org.opensearch.cluster.ClusterModule$$Lambda/0x00007fcd28883870
9196:             1             16  org.opensearch.cluster.ClusterModule$$Lambda/0x00007fcd28888000
9197:             1             16  org.opensearch.cluster.ClusterModule$$Lambda/0x00007fcd28888580
9198:             1             16  org.opensearch.cluster.ClusterModule$$Lambda/0x00007fcd28888798
9199:             1             16  org.opensearch.cluster.ClusterModule$$Lambda/0x00007fcd28888cd8
9200:             1             16  org.opensearch.cluster.ClusterModule$$Lambda/0x00007fcd28888ef0
9201:             1             16  org.opensearch.cluster.ClusterModule$$Lambda/0x00007fcd28889108
9202:             1             16  org.opensearch.cluster.ClusterModule$$Lambda/0x00007fcd28889320
9203:             1             16  org.opensearch.cluster.ClusterModule$$Lambda/0x00007fcd28889888
9204:             1             16  org.opensearch.cluster.ClusterModule$$Lambda/0x00007fcd28889aa0
9205:             1             16  org.opensearch.cluster.ClusterModule$$Lambda/0x00007fcd2888a020
9206:             1             16  org.opensearch.cluster.ClusterModule$$Lambda/0x00007fcd2888a238
9207:             1             16  org.opensearch.cluster.ClusterModule$$Lambda/0x00007fcd2888a7b8
9208:             1             16  org.opensearch.cluster.ClusterModule$$Lambda/0x00007fcd2888a9d0
9209:             1             16  org.opensearch.cluster.ClusterModule$$Lambda/0x00007fcd2888af50
9210:             1             16  org.opensearch.cluster.ClusterModule$$Lambda/0x00007fcd2888b168
9211:             1             16  org.opensearch.cluster.ClusterModule$$Lambda/0x00007fcd2888b700
9212:             1             16  org.opensearch.cluster.ClusterModule$$Lambda/0x00007fcd2888b918
9213:             1             16  org.opensearch.cluster.ClusterModule$$Lambda/0x00007fcd2888beb8
9214:             1             16  org.opensearch.cluster.ClusterModule$$Lambda/0x00007fcd2888c0d0
9215:             1             16  org.opensearch.cluster.ClusterModule$$Lambda/0x00007fcd2888c5a8
9216:             1             16  org.opensearch.cluster.ClusterModule$$Lambda/0x00007fcd2888de50
9217:             1             16  org.opensearch.cluster.ClusterModule$$Lambda/0x00007fcd2888e068
9218:             1             16  org.opensearch.cluster.ClusterModule$$Lambda/0x00007fcd2888e280
9219:             1             16  org.opensearch.cluster.ClusterModule$$Lambda/0x00007fcd2888e498
9220:             1             16  org.opensearch.cluster.ClusterModule$$Lambda/0x00007fcd2888e6b0
9221:             1             16  org.opensearch.cluster.ClusterModule$$Lambda/0x00007fcd2888e8c8
9222:             1             16  org.opensearch.cluster.ClusterModule$$Lambda/0x00007fcd2888eae0
9223:             1             16  org.opensearch.cluster.ClusterModule$$Lambda/0x00007fcd2888ecf8
9224:             1             16  org.opensearch.cluster.ClusterModule$$Lambda/0x00007fcd2888ef10
9225:             1             16  org.opensearch.cluster.ClusterModule$$Lambda/0x00007fcd2888f128
9226:             1             16  org.opensearch.cluster.ClusterModule$$Lambda/0x00007fcd2888f340
9227:             1             16  org.opensearch.cluster.ClusterName$$Lambda/0x00007fcd280b7670
9228:             1             16  org.opensearch.cluster.ClusterState$Builder$$Lambda/0x00007fcd29222cb0
9229:             1             16  org.opensearch.cluster.ClusterStateObserver$$Lambda/0x00007fcd290f2e30
9230:             1             16  org.opensearch.cluster.DiffableUtils$DiffableValueSerializer$1
9231:             1             16  org.opensearch.cluster.DiffableUtils$NonDiffableValueSerializer$1
9232:             1             16  org.opensearch.cluster.DiffableUtils$StringKeySerializer
9233:             1             16  org.opensearch.cluster.DiffableUtils$StringSetValueSerializer
9234:             1             16  org.opensearch.cluster.InternalClusterInfoService$$Lambda/0x00007fcd2870f400
9235:             1             16  org.opensearch.cluster.InternalClusterInfoService$$Lambda/0x00007fcd2870f630
9236:             1             16  org.opensearch.cluster.InternalClusterInfoService$$Lambda/0x00007fcd2870f860
9237:             1             16  org.opensearch.cluster.NodeConnectionsService$$Lambda/0x00007fcd291b6000
9238:             1             16  org.opensearch.cluster.NodeConnectionsService$$Lambda/0x00007fcd291bdfd0
9239:             1             16  org.opensearch.cluster.NodeConnectionsService$$Lambda/0x00007fcd293a5878
9240:             1             16  org.opensearch.cluster.NodeConnectionsService$ConnectionChecker
9241:             1             16  org.opensearch.cluster.RepositoryCleanupInProgress
9242:             1             16  org.opensearch.cluster.SnapshotDeletionsInProgress
9243:             1             16  org.opensearch.cluster.SnapshotsInProgress
9244:             1             16  org.opensearch.cluster.action.index.MappingUpdatedAction$$Lambda/0x00007fcd28dbd890
9245:             1             16  org.opensearch.cluster.action.index.MappingUpdatedAction$$Lambda/0x00007fcd28dbdac0
9246:             1             16  org.opensearch.cluster.action.index.NodeMappingRefreshAction$$Lambda/0x00007fcd28dbd1b8
9247:             1             16  org.opensearch.cluster.action.index.NodeMappingRefreshAction$NodeMappingRefreshTransportHandler
9248:             1             16  org.opensearch.cluster.action.shard.ShardStateAction$$Lambda/0x00007fcd286d1b68
9249:             1             16  org.opensearch.cluster.action.shard.ShardStateAction$$Lambda/0x00007fcd28da7dd8
9250:             1             16  org.opensearch.cluster.action.shard.ShardStateAction$$Lambda/0x00007fcd28db6000
9251:             1             16  org.opensearch.cluster.action.shard.ShardStateAction$$Lambda/0x00007fcd28db6728
9252:             1             16  org.opensearch.cluster.action.shard.ShardStateAction$$Lambda/0x00007fcd28db6948
9253:             1             16  org.opensearch.cluster.action.shard.ShardStateAction$$Lambda/0x00007fcd28db7010
9254:             1             16  org.opensearch.cluster.block.ClusterBlocks$$Lambda/0x00007fcd291a4030
9255:             1             16  org.opensearch.cluster.block.ClusterBlocks$$Lambda/0x00007fcd291a4248
9256:             1             16  org.opensearch.cluster.block.ClusterBlocks$$Lambda/0x00007fcd291a4460
9257:             1             16  org.opensearch.cluster.block.ClusterBlocks$$Lambda/0x00007fcd29219ad8
9258:             1             16  org.opensearch.cluster.coordination.CoordinationMetadata$$Lambda/0x00007fcd284b65f8
9259:             1             16  org.opensearch.cluster.coordination.CoordinationMetadata$$Lambda/0x00007fcd2919a960
9260:             1             16  org.opensearch.cluster.coordination.CoordinationMetadata$VotingConfigExclusion$$Lambda/0x00007fcd284b7bb0
9261:             1             16  org.opensearch.cluster.coordination.Coordinator$$Lambda/0x00007fcd28cf61d8
9262:             1             16  org.opensearch.cluster.coordination.Coordinator$$Lambda/0x00007fcd28cf63f8
9263:             1             16  org.opensearch.cluster.coordination.Coordinator$$Lambda/0x00007fcd28cf6618
9264:             1             16  org.opensearch.cluster.coordination.Coordinator$$Lambda/0x00007fcd28cf6aa8
9265:             1             16  org.opensearch.cluster.coordination.Coordinator$$Lambda/0x00007fcd28cf6ce8
9266:             1             16  org.opensearch.cluster.coordination.Coordinator$$Lambda/0x00007fcd28cf8af8
9267:             1             16  org.opensearch.cluster.coordination.Coordinator$$Lambda/0x00007fcd28cf8d18
9268:             1             16  org.opensearch.cluster.coordination.Coordinator$$Lambda/0x00007fcd28cfa7c0
9269:             1             16  org.opensearch.cluster.coordination.Coordinator$$Lambda/0x00007fcd28cfaf60
9270:             1             16  org.opensearch.cluster.coordination.Coordinator$$Lambda/0x00007fcd28cfc108
9271:             1             16  org.opensearch.cluster.coordination.Coordinator$$Lambda/0x00007fcd28cfd140
9272:             1             16  org.opensearch.cluster.coordination.Coordinator$$Lambda/0x00007fcd28cfd370
9273:             1             16  org.opensearch.cluster.coordination.Coordinator$$Lambda/0x00007fcd28cfe770
9274:             1             16  org.opensearch.cluster.coordination.Coordinator$$Lambda/0x00007fcd28cfebc0
9275:             1             16  org.opensearch.cluster.coordination.Coordinator$$Lambda/0x00007fcd28cfede0
9276:             1             16  org.opensearch.cluster.coordination.Coordinator$$Lambda/0x00007fcd28cff000
9277:             1             16  org.opensearch.cluster.coordination.Coordinator$$Lambda/0x00007fcd28cff480
9278:             1             16  org.opensearch.cluster.coordination.Coordinator$$Lambda/0x00007fcd28cff6b0
9279:             1             16  org.opensearch.cluster.coordination.Coordinator$$Lambda/0x00007fcd28cffae8
9280:             1             16  org.opensearch.cluster.coordination.Coordinator$$Lambda/0x00007fcd28cffd08
9281:             1             16  org.opensearch.cluster.coordination.ElectionStrategy$1
9282:             1             16  org.opensearch.cluster.coordination.FollowersChecker$$Lambda/0x00007fcd28cfd5a0
9283:             1             16  org.opensearch.cluster.coordination.FollowersChecker$$Lambda/0x00007fcd28cfde08
9284:             1             16  org.opensearch.cluster.coordination.FollowersChecker$$Lambda/0x00007fcd28cfe020
9285:             1             16  org.opensearch.cluster.coordination.FollowersChecker$1
9286:             1             16  org.opensearch.cluster.coordination.JoinHelper$$Lambda/0x00007fcd28cf7138
9287:             1             16  org.opensearch.cluster.coordination.JoinHelper$$Lambda/0x00007fcd28cf7570
9288:             1             16  org.opensearch.cluster.coordination.JoinHelper$$Lambda/0x00007fcd28cf79a8
9289:             1             16  org.opensearch.cluster.coordination.JoinHelper$$Lambda/0x00007fcd28cf7de0
9290:             1             16  org.opensearch.cluster.coordination.JoinHelper$$Lambda/0x00007fcd29196be8
9291:             1             16  org.opensearch.cluster.coordination.JoinHelper$CandidateJoinAccumulator$$Lambda/0x00007fcd291a60d0
9292:             1             16  org.opensearch.cluster.coordination.JoinHelper$FollowerJoinAccumulator
9293:             1             16  org.opensearch.cluster.coordination.JoinTaskExecutor$$Lambda/0x00007fcd28cf5fb0
9294:             1             16  org.opensearch.cluster.coordination.JoinTaskExecutor$$Lambda/0x00007fcd291a48a8
9295:             1             16  org.opensearch.cluster.coordination.LeaderChecker$$Lambda/0x00007fcd28cfc338
9296:             1             16  org.opensearch.cluster.coordination.LeaderChecker$$Lambda/0x00007fcd28cfc808
9297:             1             16  org.opensearch.cluster.coordination.LeaderChecker$$Lambda/0x00007fcd28cfca20
9298:             1             16  org.opensearch.cluster.coordination.LeaderChecker$1
9299:             1             16  org.opensearch.cluster.coordination.LeaderChecker$CheckScheduler$3
9300:             1             16  org.opensearch.cluster.coordination.NoClusterManagerBlockService
9301:             1             16  org.opensearch.cluster.coordination.NoClusterManagerBlockService$$Lambda/0x00007fcd286d3550
9302:             1             16  org.opensearch.cluster.coordination.NoClusterManagerBlockService$$Lambda/0x00007fcd286d3788
9303:             1             16  org.opensearch.cluster.coordination.NoClusterManagerBlockService$$Lambda/0x00007fcd28cf8220
9304:             1             16  org.opensearch.cluster.coordination.PeersResponse$$Lambda/0x00007fcd29195cd0
9305:             1             16  org.opensearch.cluster.coordination.PeersResponse$$Lambda/0x00007fcd29195ee8
9306:             1             16  org.opensearch.cluster.coordination.PersistedStateRegistry
9307:             1             16  org.opensearch.cluster.coordination.PreVoteCollector$$Lambda/0x00007fcd28cf91f0
9308:             1             16  org.opensearch.cluster.coordination.PreVoteCollector$$Lambda/0x00007fcd28cf9408
9309:             1             16  org.opensearch.cluster.coordination.PublicationTransportHandler$$Lambda/0x00007fcd28cfb190
9310:             1             16  org.opensearch.cluster.coordination.PublicationTransportHandler$$Lambda/0x00007fcd28cfb3a8
9311:             1             16  org.opensearch.cluster.coordination.PublicationTransportHandler$$Lambda/0x00007fcd28cfb898
9312:             1             16  org.opensearch.cluster.coordination.PublicationTransportHandler$$Lambda/0x00007fcd28cfbab0
9313:             1             16  org.opensearch.cluster.coordination.PublicationTransportHandler$$Lambda/0x00007fcd28cfbcd0
9314:             1             16  org.opensearch.cluster.coordination.Reconfigurator
9315:             1             16  org.opensearch.cluster.coordination.Reconfigurator$$Lambda/0x00007fcd28cfe990
9316:             1             16  org.opensearch.cluster.metadata.AutoExpandReplicas$$Lambda/0x00007fcd2862f028
9317:             1             16  org.opensearch.cluster.metadata.ClusterNameExpressionResolver
9318:             1             16  org.opensearch.cluster.metadata.ClusterNameExpressionResolver$WildcardExpressionResolver
9319:             1             16  org.opensearch.cluster.metadata.ComponentTemplate$$Lambda/0x00007fcd29090218
9320:             1             16  org.opensearch.cluster.metadata.ComponentTemplate$$Lambda/0x00007fcd29090ed8
9321:             1             16  org.opensearch.cluster.metadata.ComponentTemplateMetadata
9322:             1             16  org.opensearch.cluster.metadata.ComponentTemplateMetadata$$Lambda/0x00007fcd2908fc70
9323:             1             16  org.opensearch.cluster.metadata.ComponentTemplateMetadata$$Lambda/0x00007fcd29090000
9324:             1             16  org.opensearch.cluster.metadata.ComponentTemplateMetadata$$Lambda/0x00007fcd2919b2c0
9325:             1             16  org.opensearch.cluster.metadata.ComponentTemplateMetadata$$Lambda/0x00007fcd2919b4d8
9326:             1             16  org.opensearch.cluster.metadata.ComposableIndexTemplate$$Lambda/0x00007fcd29091fc0
9327:             1             16  org.opensearch.cluster.metadata.ComposableIndexTemplate$$Lambda/0x00007fcd290921f8
9328:             1             16  org.opensearch.cluster.metadata.ComposableIndexTemplate$$Lambda/0x00007fcd291a0000
9329:             1             16  org.opensearch.cluster.metadata.ComposableIndexTemplate$DataStreamTemplate$$Lambda/0x00007fcd29092698
9330:             1             16  org.opensearch.cluster.metadata.ComposableIndexTemplate$DataStreamTemplate$$Lambda/0x00007fcd291a0218
9331:             1             16  org.opensearch.cluster.metadata.ComposableIndexTemplateMetadata
9332:             1             16  org.opensearch.cluster.metadata.ComposableIndexTemplateMetadata$$Lambda/0x00007fcd29091b70
9333:             1             16  org.opensearch.cluster.metadata.ComposableIndexTemplateMetadata$$Lambda/0x00007fcd29091da8
9334:             1             16  org.opensearch.cluster.metadata.ComposableIndexTemplateMetadata$$Lambda/0x00007fcd2919d218
9335:             1             16  org.opensearch.cluster.metadata.ComposableIndexTemplateMetadata$$Lambda/0x00007fcd2919d430
9336:             1             16  org.opensearch.cluster.metadata.DataStream$TimestampField$$Lambda/0x00007fcd29092dd8
9337:             1             16  org.opensearch.cluster.metadata.DataStreamMetadata
9338:             1             16  org.opensearch.cluster.metadata.DataStreamMetadata$$Lambda/0x00007fcd29091720
9339:             1             16  org.opensearch.cluster.metadata.DataStreamMetadata$$Lambda/0x00007fcd29091958
9340:             1             16  org.opensearch.cluster.metadata.DataStreamMetadata$$Lambda/0x00007fcd2919bd68
9341:             1             16  org.opensearch.cluster.metadata.DataStreamMetadata$$Lambda/0x00007fcd2919d000
9342:             1             16  org.opensearch.cluster.metadata.DiffableStringMap$DiffableStringMapDiff$$Lambda/0x00007fcd29219490
9343:             1             16  org.opensearch.cluster.metadata.DiffableStringMap$DiffableStringMapDiff$$Lambda/0x00007fcd292198c0
9344:             1             16  org.opensearch.cluster.metadata.IndexGraveyard$$Lambda/0x00007fcd284bc928
9345:             1             16  org.opensearch.cluster.metadata.IndexGraveyard$$Lambda/0x00007fcd284bcd80
9346:             1             16  org.opensearch.cluster.metadata.IndexGraveyard$$Lambda/0x00007fcd291a0430
9347:             1             16  org.opensearch.cluster.metadata.IndexGraveyard$Tombstone$$Lambda/0x00007fcd284bd418
9348:             1             16  org.opensearch.cluster.metadata.IndexGraveyard$Tombstone$$Lambda/0x00007fcd284bd8b8
9349:             1             16  org.opensearch.cluster.metadata.IndexGraveyard$Tombstone$$Lambda/0x00007fcd284bdae0
9350:             1             16  org.opensearch.cluster.metadata.IndexGraveyard$Tombstone$$Lambda/0x00007fcd284bdf18
9351:             1             16  org.opensearch.cluster.metadata.IndexGraveyard$Tombstone$$Lambda/0x00007fcd284be140
9352:             1             16  org.opensearch.cluster.metadata.IndexGraveyard$Tombstone$$Lambda/0x00007fcd284be7e8
9353:             1             16  org.opensearch.cluster.metadata.IndexMetadata$$Lambda/0x00007fcd2862b000
9354:             1             16  org.opensearch.cluster.metadata.IndexMetadata$$Lambda/0x00007fcd2862b488
9355:             1             16  org.opensearch.cluster.metadata.IndexMetadata$$Lambda/0x00007fcd2862b910
9356:             1             16  org.opensearch.cluster.metadata.IndexMetadata$$Lambda/0x00007fcd2862bd60
9357:             1             16  org.opensearch.cluster.metadata.IndexMetadata$$Lambda/0x00007fcd2862e038
9358:             1             16  org.opensearch.cluster.metadata.IndexMetadata$$Lambda/0x00007fcd2862fb20
9359:             1             16  org.opensearch.cluster.metadata.IndexMetadata$1
9360:             1             16  org.opensearch.cluster.metadata.IndexMetadata$2
9361:             1             16  org.opensearch.cluster.metadata.IndexMetadata$3
9362:             1             16  org.opensearch.cluster.metadata.IndexMetadata$4
9363:             1             16  org.opensearch.cluster.metadata.IndexMetadata$5
9364:             1             16  org.opensearch.cluster.metadata.IndexMetadata$Builder$$Lambda/0x00007fcd29093d50
9365:             1             16  org.opensearch.cluster.metadata.IndexMetadata$IndexMetadataDiff$$Lambda/0x00007fcd29237378
9366:             1             16  org.opensearch.cluster.metadata.IndexMetadata$IndexMetadataDiff$$Lambda/0x00007fcd29237590
9367:             1             16  org.opensearch.cluster.metadata.IndexMetadata$IndexMetadataDiff$$Lambda/0x00007fcd292377a8
9368:             1             16  org.opensearch.cluster.metadata.IndexMetadata$IndexMetadataDiff$$Lambda/0x00007fcd292379c0
9369:             1             16  org.opensearch.cluster.metadata.IndexMetadata$IndexMetadataDiff$$Lambda/0x00007fcd29237bd8
9370:             1             16  org.opensearch.cluster.metadata.IndexMetadata$IndexMetadataDiff$$Lambda/0x00007fcd2923e000
9371:             1             16  org.opensearch.cluster.metadata.IndexMetadata$IndexMetadataDiff$$Lambda/0x00007fcd2923e218
9372:             1             16  org.opensearch.cluster.metadata.IndexMetadata$IndexMetadataDiff$$Lambda/0x00007fcd2923e430
9373:             1             16  org.opensearch.cluster.metadata.IndexNameExpressionResolver$$Lambda/0x00007fcd291e2890
9374:             1             16  org.opensearch.cluster.metadata.Manifest$$Lambda/0x00007fcd288b0268
9375:             1             16  org.opensearch.cluster.metadata.Manifest$$Lambda/0x00007fcd290e95a8
9376:             1             16  org.opensearch.cluster.metadata.Manifest$IndexEntry$$Lambda/0x00007fcd288b06f0
9377:             1             16  org.opensearch.cluster.metadata.Manifest$IndexEntry$$Lambda/0x00007fcd288b0928
9378:             1             16  org.opensearch.cluster.metadata.Metadata$$Lambda/0x00007fcd291d3a08
9379:             1             16  org.opensearch.cluster.metadata.Metadata$Builder$$Lambda/0x00007fcd284bec08
9380:             1             16  org.opensearch.cluster.metadata.Metadata$Builder$$Lambda/0x00007fcd284bee50
9381:             1             16  org.opensearch.cluster.metadata.Metadata$Builder$$Lambda/0x00007fcd29218400
9382:             1             16  org.opensearch.cluster.metadata.Metadata$MetadataDiff$$Lambda/0x00007fcd2921b3b0
9383:             1             16  org.opensearch.cluster.metadata.Metadata$MetadataDiff$$Lambda/0x00007fcd2921b5c8
9384:             1             16  org.opensearch.cluster.metadata.Metadata$MetadataDiff$$Lambda/0x00007fcd2921b7e0
9385:             1             16  org.opensearch.cluster.metadata.Metadata$MetadataDiff$$Lambda/0x00007fcd2921b9f8
9386:             1             16  org.opensearch.cluster.metadata.MetadataIndexUpgradeService$$Lambda/0x00007fcd290a1028
9387:             1             16  org.opensearch.cluster.metadata.MetadataIndexUpgradeService$$Lambda/0x00007fcd290a1240
9388:             1             16  org.opensearch.cluster.metadata.MetadataMappingService$PutMappingExecutor
9389:             1             16  org.opensearch.cluster.metadata.MetadataMappingService$RefreshTaskExecutor
9390:             1             16  org.opensearch.cluster.metadata.RepositoriesMetadata
9391:             1             16  org.opensearch.cluster.metadata.RepositoriesMetadata$$Lambda/0x00007fcd2919b6f0
9392:             1             16  org.opensearch.cluster.metadata.RepositoryMetadata$$Lambda/0x00007fcd2919bb50
9393:             1             16  org.opensearch.cluster.metadata.Template$$Lambda/0x00007fcd29090450
9394:             1             16  org.opensearch.cluster.metadata.Template$$Lambda/0x00007fcd29090688
9395:             1             16  org.opensearch.cluster.metadata.Template$$Lambda/0x00007fcd29090aa8
9396:             1             16  org.opensearch.cluster.metadata.Template$$Lambda/0x00007fcd29090cc0
9397:             1             16  org.opensearch.cluster.metadata.Template$$Lambda/0x00007fcd2919d860
9398:             1             16  org.opensearch.cluster.metadata.Template$$Lambda/0x00007fcd2919da78
9399:             1             16  org.opensearch.cluster.node.DiscoveryNode$$Lambda/0x00007fcd284a44f8
9400:             1             16  org.opensearch.cluster.node.DiscoveryNode$$Lambda/0x00007fcd284a4730
9401:             1             16  org.opensearch.cluster.node.DiscoveryNode$$Lambda/0x00007fcd284b0b40
9402:             1             16  org.opensearch.cluster.node.DiscoveryNode$$Lambda/0x00007fcd29046a98
9403:             1             16  org.opensearch.cluster.node.DiscoveryNode$$Lambda/0x00007fcd290c3ba0
9404:             1             16  org.opensearch.cluster.node.DiscoveryNode$$Lambda/0x00007fcd2918ec88
9405:             1             16  org.opensearch.cluster.node.DiscoveryNode$$Lambda/0x00007fcd2918f0f0
9406:             1             16  org.opensearch.cluster.node.DiscoveryNode$$Lambda/0x00007fcd2918f338
9407:             1             16  org.opensearch.cluster.node.DiscoveryNode$$Lambda/0x00007fcd2918f570
9408:             1             16  org.opensearch.cluster.node.DiscoveryNode$$Lambda/0x00007fcd291a4d10
9409:             1             16  org.opensearch.cluster.node.DiscoveryNodeFilters$$Lambda/0x00007fcd28716050
9410:             1             16  org.opensearch.cluster.node.DiscoveryNodes$$Lambda/0x00007fcd290f1ed8
9411:             1             16  org.opensearch.cluster.node.DiscoveryNodes$$Lambda/0x00007fcd290f2348
9412:             1             16  org.opensearch.cluster.node.DiscoveryNodes$$Lambda/0x00007fcd291c2818
9413:             1             16  org.opensearch.cluster.node.DiscoveryNodes$$Lambda/0x00007fcd291c2a50
9414:             1             16  org.opensearch.cluster.node.DiscoveryNodes$Delta$$Lambda/0x00007fcd291b4898
9415:             1             16  org.opensearch.cluster.routing.AllocationId$$Lambda/0x00007fcd291a2d20
9416:             1             16  org.opensearch.cluster.routing.AllocationId$$Lambda/0x00007fcd291a2f48
9417:             1             16  org.opensearch.cluster.routing.FailAwareWeightedRouting
9418:             1             16  org.opensearch.cluster.routing.IndexRoutingTable$$Lambda/0x00007fcd2921ab00
9419:             1             16  org.opensearch.cluster.routing.OperationRouting$$Lambda/0x00007fcd2870dbe0
9420:             1             16  org.opensearch.cluster.routing.OperationRouting$$Lambda/0x00007fcd2870de10
9421:             1             16  org.opensearch.cluster.routing.OperationRouting$$Lambda/0x00007fcd2870e040
9422:             1             16  org.opensearch.cluster.routing.OperationRouting$$Lambda/0x00007fcd2870e270
9423:             1             16  org.opensearch.cluster.routing.OperationRouting$$Lambda/0x00007fcd2870e4a0
9424:             1             16  org.opensearch.cluster.routing.OperationRouting$$Lambda/0x00007fcd2870e6d0
9425:             1             16  org.opensearch.cluster.routing.OperationRouting$$Lambda/0x00007fcd2870e900
9426:             1             16  org.opensearch.cluster.routing.RecoverySource$PeerRecoverySource
9427:             1             16  org.opensearch.cluster.routing.RoutingNode$$Lambda/0x00007fcd291bd4c8
9428:             1             16  org.opensearch.cluster.routing.RoutingNodes$$Lambda/0x00007fcd291bd700
9429:             1             16  org.opensearch.cluster.routing.RoutingTable$$Lambda/0x00007fcd29097660
9430:             1             16  org.opensearch.cluster.routing.RoutingTable$$Lambda/0x00007fcd290978a8
9431:             1             16  org.opensearch.cluster.routing.RoutingTable$RoutingTableDiff$$Lambda/0x00007fcd292178f0
9432:             1             16  org.opensearch.cluster.routing.RoutingTable$RoutingTableDiff$$Lambda/0x00007fcd29217b08
9433:             1             16  org.opensearch.cluster.routing.ShardRouting$$Lambda/0x00007fcd291a2448
9434:             1             16  org.opensearch.cluster.routing.ShardRouting$$Lambda/0x00007fcd291a28e8
9435:             1             16  org.opensearch.cluster.routing.UnassignedInfo$$Lambda/0x00007fcd291a3e18
9436:             1             16  org.opensearch.cluster.routing.UnassignedInfo$$Lambda/0x00007fcd293774e0
9437:             1             16  org.opensearch.cluster.routing.allocation.AllocationConstraints
9438:             1             16  org.opensearch.cluster.routing.allocation.AwarenessReplicaBalance$$Lambda/0x00007fcd288cb868
9439:             1             16  org.opensearch.cluster.routing.allocation.AwarenessReplicaBalance$$Lambda/0x00007fcd288cba98
9440:             1             16  org.opensearch.cluster.routing.allocation.AwarenessReplicaBalance$$Lambda/0x00007fcd288cbcc8
9441:             1             16  org.opensearch.cluster.routing.allocation.ConstraintTypes$$Lambda/0x00007fcd2871a800
9442:             1             16  org.opensearch.cluster.routing.allocation.ConstraintTypes$$Lambda/0x00007fcd2871aa48
9443:             1             16  org.opensearch.cluster.routing.allocation.DiskThresholdSettings$$Lambda/0x00007fcd286d0000
9444:             1             16  org.opensearch.cluster.routing.allocation.DiskThresholdSettings$$Lambda/0x00007fcd286d0470
9445:             1             16  org.opensearch.cluster.routing.allocation.DiskThresholdSettings$$Lambda/0x00007fcd286d08e0
9446:             1             16  org.opensearch.cluster.routing.allocation.DiskThresholdSettings$FloodStageValidator
9447:             1             16  org.opensearch.cluster.routing.allocation.DiskThresholdSettings$HighDiskWatermarkValidator
9448:             1             16  org.opensearch.cluster.routing.allocation.DiskThresholdSettings$LowDiskWatermarkValidator
9449:             1             16  org.opensearch.cluster.routing.allocation.RebalanceConstraints
9450:             1             16  org.opensearch.cluster.routing.allocation.allocator.BalancedShardsAllocator$$Lambda/0x00007fcd286c9238
9451:             1             16  org.opensearch.cluster.routing.allocation.allocator.BalancedShardsAllocator$$Lambda/0x00007fcd2871b0f0
9452:             1             16  org.opensearch.cluster.routing.allocation.allocator.BalancedShardsAllocator$$Lambda/0x00007fcd2871b320
9453:             1             16  org.opensearch.cluster.routing.allocation.allocator.BalancedShardsAllocator$$Lambda/0x00007fcd2871b550
9454:             1             16  org.opensearch.cluster.routing.allocation.allocator.BalancedShardsAllocator$$Lambda/0x00007fcd2871b780
9455:             1             16  org.opensearch.cluster.routing.allocation.allocator.BalancedShardsAllocator$$Lambda/0x00007fcd2871b9b0
9456:             1             16  org.opensearch.cluster.routing.allocation.allocator.BalancedShardsAllocator$$Lambda/0x00007fcd2871bbe0
9457:             1             16  org.opensearch.cluster.routing.allocation.allocator.BalancedShardsAllocator$$Lambda/0x00007fcd2871e000
9458:             1             16  org.opensearch.cluster.routing.allocation.allocator.BalancedShardsAllocator$$Lambda/0x00007fcd2871e230
9459:             1             16  org.opensearch.cluster.routing.allocation.command.AbstractAllocateAllocationCommand$$Lambda/0x00007fcd28483000
9460:             1             16  org.opensearch.cluster.routing.allocation.command.AbstractAllocateAllocationCommand$$Lambda/0x00007fcd28486a10
9461:             1             16  org.opensearch.cluster.routing.allocation.command.AbstractAllocateAllocationCommand$$Lambda/0x00007fcd28487ac8
9462:             1             16  org.opensearch.cluster.routing.allocation.command.BasePrimaryAllocationCommand$$Lambda/0x00007fcd28482c58
9463:             1             16  org.opensearch.cluster.routing.allocation.decider.AllocationDeciders
9464:             1             16  org.opensearch.cluster.routing.allocation.decider.AwarenessAllocationDecider$$Lambda/0x00007fcd28710a30
9465:             1             16  org.opensearch.cluster.routing.allocation.decider.AwarenessAllocationDecider$$Lambda/0x00007fcd28710c60
9466:             1             16  org.opensearch.cluster.routing.allocation.decider.ClusterRebalanceAllocationDecider
9467:             1             16  org.opensearch.cluster.routing.allocation.decider.ClusterRebalanceAllocationDecider$$Lambda/0x00007fcd286caa78
9468:             1             16  org.opensearch.cluster.routing.allocation.decider.ClusterRebalanceAllocationDecider$$Lambda/0x00007fcd28714f20
9469:             1             16  org.opensearch.cluster.routing.allocation.decider.ConcurrentRebalanceAllocationDecider
9470:             1             16  org.opensearch.cluster.routing.allocation.decider.ConcurrentRebalanceAllocationDecider$$Lambda/0x00007fcd28715150
9471:             1             16  org.opensearch.cluster.routing.allocation.decider.ConcurrentRecoveriesAllocationDecider
9472:             1             16  org.opensearch.cluster.routing.allocation.decider.ConcurrentRecoveriesAllocationDecider$$Lambda/0x00007fcd28715380
9473:             1             16  org.opensearch.cluster.routing.allocation.decider.EnableAllocationDecider$$Lambda/0x00007fcd286408f8
9474:             1             16  org.opensearch.cluster.routing.allocation.decider.EnableAllocationDecider$$Lambda/0x00007fcd28640b30
9475:             1             16  org.opensearch.cluster.routing.allocation.decider.EnableAllocationDecider$$Lambda/0x00007fcd28641198
9476:             1             16  org.opensearch.cluster.routing.allocation.decider.EnableAllocationDecider$$Lambda/0x00007fcd286413d0
9477:             1             16  org.opensearch.cluster.routing.allocation.decider.EnableAllocationDecider$$Lambda/0x00007fcd287155b0
9478:             1             16  org.opensearch.cluster.routing.allocation.decider.EnableAllocationDecider$$Lambda/0x00007fcd287157e0
9479:             1             16  org.opensearch.cluster.routing.allocation.decider.FilterAllocationDecider$$Lambda/0x00007fcd286cb630
9480:             1             16  org.opensearch.cluster.routing.allocation.decider.FilterAllocationDecider$$Lambda/0x00007fcd286cbab8
9481:             1             16  org.opensearch.cluster.routing.allocation.decider.FilterAllocationDecider$$Lambda/0x00007fcd286cbf40
9482:             1             16  org.opensearch.cluster.routing.allocation.decider.FilterAllocationDecider$$Lambda/0x00007fcd28716278
9483:             1             16  org.opensearch.cluster.routing.allocation.decider.FilterAllocationDecider$$Lambda/0x00007fcd287164a8
9484:             1             16  org.opensearch.cluster.routing.allocation.decider.FilterAllocationDecider$$Lambda/0x00007fcd28716948
9485:             1             16  org.opensearch.cluster.routing.allocation.decider.FilterAllocationDecider$$Lambda/0x00007fcd28716b78
9486:             1             16  org.opensearch.cluster.routing.allocation.decider.FilterAllocationDecider$$Lambda/0x00007fcd28716da0
9487:             1             16  org.opensearch.cluster.routing.allocation.decider.FilterAllocationDecider$$Lambda/0x00007fcd28716fd0
9488:             1             16  org.opensearch.cluster.routing.allocation.decider.FilterAllocationDecider$$Lambda/0x00007fcd287171f8
9489:             1             16  org.opensearch.cluster.routing.allocation.decider.FilterAllocationDecider$$Lambda/0x00007fcd28717428
9490:             1             16  org.opensearch.cluster.routing.allocation.decider.MaxRetryAllocationDecider
9491:             1             16  org.opensearch.cluster.routing.allocation.decider.NodeLoadAwareAllocationDecider$$Lambda/0x00007fcd28710400
9492:             1             16  org.opensearch.cluster.routing.allocation.decider.NodeLoadAwareAllocationDecider$$Lambda/0x00007fcd28718000
9493:             1             16  org.opensearch.cluster.routing.allocation.decider.NodeLoadAwareAllocationDecider$$Lambda/0x00007fcd28718230
9494:             1             16  org.opensearch.cluster.routing.allocation.decider.NodeLoadAwareAllocationDecider$$Lambda/0x00007fcd28718460
9495:             1             16  org.opensearch.cluster.routing.allocation.decider.NodeVersionAllocationDecider
9496:             1             16  org.opensearch.cluster.routing.allocation.decider.RebalanceOnlyWhenActiveAllocationDecider
9497:             1             16  org.opensearch.cluster.routing.allocation.decider.RemoteStoreMigrationAllocationDecider$$Lambda/0x00007fcd28718690
9498:             1             16  org.opensearch.cluster.routing.allocation.decider.RemoteStoreMigrationAllocationDecider$$Lambda/0x00007fcd287188c0
9499:             1             16  org.opensearch.cluster.routing.allocation.decider.ReplicaAfterPrimaryActiveAllocationDecider
9500:             1             16  org.opensearch.cluster.routing.allocation.decider.ResizeAllocationDecider
9501:             1             16  org.opensearch.cluster.routing.allocation.decider.RestoreInProgressAllocationDecider
9502:             1             16  org.opensearch.cluster.routing.allocation.decider.SameShardAllocationDecider
9503:             1             16  org.opensearch.cluster.routing.allocation.decider.SameShardAllocationDecider$$Lambda/0x00007fcd28717658
9504:             1             16  org.opensearch.cluster.routing.allocation.decider.ShardsLimitAllocationDecider$$Lambda/0x00007fcd28710800
9505:             1             16  org.opensearch.cluster.routing.allocation.decider.SnapshotInProgressAllocationDecider
9506:             1             16  org.opensearch.cluster.routing.allocation.decider.TargetPoolAllocationDecider
9507:             1             16  org.opensearch.cluster.routing.allocation.decider.ThrottlingAllocationDecider$$Lambda/0x00007fcd286cf2f8
9508:             1             16  org.opensearch.cluster.routing.allocation.decider.ThrottlingAllocationDecider$$Lambda/0x00007fcd286cf530
9509:             1             16  org.opensearch.cluster.routing.allocation.decider.ThrottlingAllocationDecider$$Lambda/0x00007fcd286cf768
9510:             1             16  org.opensearch.cluster.routing.allocation.decider.ThrottlingAllocationDecider$$Lambda/0x00007fcd28711690
9511:             1             16  org.opensearch.cluster.routing.allocation.decider.ThrottlingAllocationDecider$$Lambda/0x00007fcd287118c0
9512:             1             16  org.opensearch.cluster.routing.allocation.decider.ThrottlingAllocationDecider$$Lambda/0x00007fcd28711af0
9513:             1             16  org.opensearch.cluster.routing.allocation.decider.ThrottlingAllocationDecider$$Lambda/0x00007fcd28711d20
9514:             1             16  org.opensearch.cluster.routing.remote.InternalRemoteRoutingTableService$$Lambda/0x00007fcd28703e48
9515:             1             16  org.opensearch.cluster.routing.remote.InternalRemoteRoutingTableService$$Lambda/0x00007fcd28704960
9516:             1             16  org.opensearch.cluster.service.ClusterApplierService$$Lambda/0x00007fcd2870d9b0
9517:             1             16  org.opensearch.cluster.service.ClusterManagerTaskThrottler$$Lambda/0x00007fcd2870cbc0
9518:             1             16  org.opensearch.cluster.service.ClusterManagerTaskThrottler$$Lambda/0x00007fcd2870cdf0
9519:             1             16  org.opensearch.cluster.service.ClusterManagerTaskThrottler$$Lambda/0x00007fcd2870d298
9520:             1             16  org.opensearch.cluster.service.ClusterManagerTaskThrottler$$Lambda/0x00007fcd2870d4c8
9521:             1             16  org.opensearch.cluster.service.ClusterManagerThrottlingStats
9522:             1             16  org.opensearch.cluster.service.ClusterService$$Lambda/0x00007fcd286d7448
9523:             1             16  org.opensearch.cluster.service.ClusterService$$Lambda/0x00007fcd2870eb30
9524:             1             16  org.opensearch.cluster.service.ClusterService$$Lambda/0x00007fcd2870ed58
9525:             1             16  org.opensearch.cluster.service.MasterService$$Lambda/0x00007fcd2870c4c8
9526:             1             16  org.opensearch.cluster.service.MasterService$$Lambda/0x00007fcd2870c9a0
9527:             1             16  org.opensearch.common.RandomBasedUUIDGenerator
9528:             1             16  org.opensearch.common.bytes.ReleasableBytesReference$$Lambda/0x00007fcd29134570
9529:             1             16  org.opensearch.common.cache.Cache$$Lambda/0x00007fcd28627cc0
9530:             1             16  org.opensearch.common.cache.Cache$$Lambda/0x00007fcd2862c220
9531:             1             16  org.opensearch.common.cache.settings.CacheSettings$$Lambda/0x00007fcd28706a80
9532:             1             16  org.opensearch.common.cache.stats.NoopCacheStatsHolder
9533:             1             16  org.opensearch.common.cache.store.OpenSearchOnHeapCache$OpenSearchOnHeapCacheFactory
9534:             1             16  org.opensearch.common.cache.store.settings.OpenSearchOnHeapCacheSettings$$Lambda/0x00007fcd28706eb8
9535:             1             16  org.opensearch.common.cache.store.settings.OpenSearchOnHeapCacheSettings$$Lambda/0x00007fcd287070f0
9536:             1             16  org.opensearch.common.compress.DeflateCompressor
9537:             1             16  org.opensearch.common.compress.DeflateCompressor$$Lambda/0x00007fcd28530250
9538:             1             16  org.opensearch.common.compress.DeflateCompressor$$Lambda/0x00007fcd28530468
9539:             1             16  org.opensearch.common.compress.DeflateCompressor$$Lambda/0x00007fcd28530a10
9540:             1             16  org.opensearch.common.compress.DeflateCompressor$$Lambda/0x00007fcd28530c28
9541:             1             16  org.opensearch.common.compress.DeflateCompressor$$Lambda/0x00007fcd28530e40
9542:             1             16  org.opensearch.common.geo.GeoShapeType$$Lambda/0x00007fcd28868de8
9543:             1             16  org.opensearch.common.geo.GeoShapeType$$Lambda/0x00007fcd28869000
9544:             1             16  org.opensearch.common.geo.GeoShapeType$$Lambda/0x00007fcd28869218
9545:             1             16  org.opensearch.common.geo.GeoShapeType$$Lambda/0x00007fcd28869430
9546:             1             16  org.opensearch.common.geo.GeoShapeType$$Lambda/0x00007fcd28869648
9547:             1             16  org.opensearch.common.geo.GeoShapeType$$Lambda/0x00007fcd28869860
9548:             1             16  org.opensearch.common.geo.GeoShapeType$$Lambda/0x00007fcd28869e58
9549:             1             16  org.opensearch.common.geo.GeoShapeType$$Lambda/0x00007fcd2886a070
9550:             1             16  org.opensearch.common.geo.GeoShapeType$$Lambda/0x00007fcd2886a5e8
9551:             1             16  org.opensearch.common.geo.builders.ShapeBuilder$IntersectionOrder
9552:             1             16  org.opensearch.common.inject.InjectorImpl$ProviderBindingImpl$1
9553:             1             16  org.opensearch.common.inject.MembersInjectorImpl$$Lambda/0x00007fcd28b8f570
9554:             1             16  org.opensearch.common.inject.Scopes$1
9555:             1             16  org.opensearch.common.inject.Scopes$2
9556:             1             16  org.opensearch.common.inject.State$1
9557:             1             16  org.opensearch.common.inject.internal.Errors$2
9558:             1             16  org.opensearch.common.inject.internal.Errors$3
9559:             1             16  org.opensearch.common.inject.internal.Errors$4
9560:             1             16  org.opensearch.common.inject.internal.Scoping$1
9561:             1             16  org.opensearch.common.inject.internal.Scoping$2
9562:             1             16  org.opensearch.common.inject.internal.Scoping$3
9563:             1             16  org.opensearch.common.inject.internal.Scoping$4
9564:             1             16  org.opensearch.common.inject.internal.SourceProvider
9565:             1             16  org.opensearch.common.inject.matcher.Matchers$Any
9566:             1             16  org.opensearch.common.inject.spi.InjectionPoint$Factory$1
9567:             1             16  org.opensearch.common.inject.spi.InjectionPoint$Factory$2
9568:             1             16  org.opensearch.common.inject.util.Modules$1
9569:             1             16  org.opensearch.common.io.DiskIoBufferPool$$Lambda/0x00007fcd29347a98
9570:             1             16  org.opensearch.common.io.Streams$1
9571:             1             16  org.opensearch.common.io.stream.Streamables$$Lambda/0x00007fcd28cba100
9572:             1             16  org.opensearch.common.io.stream.Streamables$$Lambda/0x00007fcd28cba518
9573:             1             16  org.opensearch.common.io.stream.Streamables$$Lambda/0x00007fcd28cba730
9574:             1             16  org.opensearch.common.io.stream.Streamables$$Lambda/0x00007fcd28cba948
9575:             1             16  org.opensearch.common.io.stream.Streamables$$Lambda/0x00007fcd28cbab60
9576:             1             16  org.opensearch.common.joda.Joda$$Lambda/0x00007fcd290bd778
9577:             1             16  org.opensearch.common.joda.Joda$1
9578:             1             16  org.opensearch.common.joda.Joda$2
9579:             1             16  org.opensearch.common.lease.Releasables$$Lambda/0x00007fcd292dd430
9580:             1             16  org.opensearch.common.logging.HeaderWarning$$Lambda/0x00007fcd28394000
9581:             1             16  org.opensearch.common.logging.HeaderWarning$$Lambda/0x00007fcd28394248
9582:             1             16  org.opensearch.common.logging.LogConfigurator$$Lambda/0x00007fcd281b67a8
9583:             1             16  org.opensearch.common.logging.Loggers$$Lambda/0x00007fcd281b5a30
9584:             1             16  org.opensearch.common.logging.Loggers$$Lambda/0x00007fcd281b5c68
9585:             1             16  org.opensearch.common.logging.Loggers$$Lambda/0x00007fcd281b5ea0
9586:             1             16  org.opensearch.common.logging.NodeAndClusterIdStateListener$$Lambda/0x00007fcd290f3940
9587:             1             16  org.opensearch.common.lucene.search.Queries$$Lambda/0x00007fcd29349460
9588:             1             16  org.opensearch.common.network.NetworkModule$$Lambda/0x00007fcd2845f920
9589:             1             16  org.opensearch.common.network.NetworkModule$$Lambda/0x00007fcd2845fb38
9590:             1             16  org.opensearch.common.network.NetworkModule$$Lambda/0x00007fcd28482800
9591:             1             16  org.opensearch.common.network.NetworkModule$$Lambda/0x00007fcd28483db8
9592:             1             16  org.opensearch.common.network.NetworkModule$$Lambda/0x00007fcd28484940
9593:             1             16  org.opensearch.common.network.NetworkModule$$Lambda/0x00007fcd28484b58
9594:             1             16  org.opensearch.common.network.NetworkModule$$Lambda/0x00007fcd28485770
9595:             1             16  org.opensearch.common.network.NetworkModule$$Lambda/0x00007fcd28485988
9596:             1             16  org.opensearch.common.network.NetworkModule$$Lambda/0x00007fcd2848c7e0
9597:             1             16  org.opensearch.common.network.NetworkModule$$Lambda/0x00007fcd2848c9f8
9598:             1             16  org.opensearch.common.network.NetworkModule$$Lambda/0x00007fcd2848d0c8
9599:             1             16  org.opensearch.common.network.NetworkModule$$Lambda/0x00007fcd2848d5a8
9600:             1             16  org.opensearch.common.network.NetworkModule$$Lambda/0x00007fcd2848da80
9601:             1             16  org.opensearch.common.network.NetworkModule$$Lambda/0x00007fcd28c9f2d8
9602:             1             16  org.opensearch.common.network.NetworkModule$$Lambda/0x00007fcd28c9f718
9603:             1             16  org.opensearch.common.network.NetworkModule$$Lambda/0x00007fcd28c9fb90
9604:             1             16  org.opensearch.common.network.NetworkModule$$Lambda/0x00007fcd28ca0000
9605:             1             16  org.opensearch.common.network.NetworkModule$CompositeTransportInterceptor
9606:             1             16  org.opensearch.common.network.NetworkService
9607:             1             16  org.opensearch.common.settings.AbstractScopedSettings$$Lambda/0x00007fcd28646678
9608:             1             16  org.opensearch.common.settings.AbstractScopedSettings$$Lambda/0x00007fcd2864bfd0
9609:             1             16  org.opensearch.common.settings.AbstractScopedSettings$$Lambda/0x00007fcd2864e0b8
9610:             1             16  org.opensearch.common.settings.AbstractScopedSettings$$Lambda/0x00007fcd28872480
9611:             1             16  org.opensearch.common.settings.AbstractScopedSettings$$Lambda/0x00007fcd288726a8
9612:             1             16  org.opensearch.common.settings.AbstractScopedSettings$$Lambda/0x00007fcd288728d0
9613:             1             16  org.opensearch.common.settings.AbstractScopedSettings$$Lambda/0x00007fcd28872af8
9614:             1             16  org.opensearch.common.settings.AbstractScopedSettings$$Lambda/0x00007fcd28cdf9c8
9615:             1             16  org.opensearch.common.settings.AbstractScopedSettings$$Lambda/0x00007fcd28cdfbf0
9616:             1             16  org.opensearch.common.settings.AbstractScopedSettings$SettingUpdater$$Lambda/0x00007fcd291b2ab8
9617:             1             16  org.opensearch.common.settings.ClusterSettings$LoggingSettingUpdater$$Lambda/0x00007fcd28707cb0
9618:             1             16  org.opensearch.common.settings.IndexScopedSettings$$Lambda/0x00007fcd286372a8
9619:             1             16  org.opensearch.common.settings.IndexScopedSettings$$Lambda/0x00007fcd286374f0
9620:             1             16  org.opensearch.common.settings.IndexScopedSettings$$Lambda/0x00007fcd28646258
9621:             1             16  org.opensearch.common.settings.SecureSetting$InsecureStringSetting$$Lambda/0x00007fcd285344b0
9622:             1             16  org.opensearch.common.settings.Setting$$Lambda/0x00007fcd2802af28
9623:             1             16  org.opensearch.common.settings.Setting$$Lambda/0x00007fcd2802b580
9624:             1             16  org.opensearch.common.settings.Setting$$Lambda/0x00007fcd2802ba08
9625:             1             16  org.opensearch.common.settings.Setting$$Lambda/0x00007fcd2802c778
9626:             1             16  org.opensearch.common.settings.Setting$$Lambda/0x00007fcd280bf770
9627:             1             16  org.opensearch.common.settings.Setting$$Lambda/0x00007fcd280c3800
9628:             1             16  org.opensearch.common.settings.Setting$$Lambda/0x00007fcd280c8b18
9629:             1             16  org.opensearch.common.settings.Setting$$Lambda/0x00007fcd280ca5d8
9630:             1             16  org.opensearch.common.settings.Setting$$Lambda/0x00007fcd280ca818
9631:             1             16  org.opensearch.common.settings.Setting$$Lambda/0x00007fcd280cac80
9632:             1             16  org.opensearch.common.settings.Setting$$Lambda/0x00007fcd28216c58
9633:             1             16  org.opensearch.common.settings.Setting$$Lambda/0x00007fcd28396a08
9634:             1             16  org.opensearch.common.settings.Setting$$Lambda/0x00007fcd2848e0d0
9635:             1             16  org.opensearch.common.settings.Setting$$Lambda/0x00007fcd2854dad0
9636:             1             16  org.opensearch.common.settings.Setting$$Lambda/0x00007fcd2854dd18
9637:             1             16  org.opensearch.common.settings.Setting$$Lambda/0x00007fcd2854e3e8
9638:             1             16  org.opensearch.common.settings.Setting$$Lambda/0x00007fcd2862e990
9639:             1             16  org.opensearch.common.settings.Setting$$Lambda/0x00007fcd2862f6a8
9640:             1             16  org.opensearch.common.settings.Setting$$Lambda/0x00007fcd2862f8e8
9641:             1             16  org.opensearch.common.settings.Setting$$Lambda/0x00007fcd2864e2e0
9642:             1             16  org.opensearch.common.settings.Setting$$Lambda/0x00007fcd286e5068
9643:             1             16  org.opensearch.common.settings.Setting$$Lambda/0x00007fcd28708cc0
9644:             1             16  org.opensearch.common.settings.Setting$GroupSetting$$Lambda/0x00007fcd280c3c50
9645:             1             16  org.opensearch.common.settings.Setting$GroupSetting$$Lambda/0x00007fcd280c8000
9646:             1             16  org.opensearch.common.settings.Settings$$Lambda/0x00007fcd281e9010
9647:             1             16  org.opensearch.common.settings.Settings$Builder$$Lambda/0x00007fcd28028ca0
9648:             1             16  org.opensearch.common.settings.SettingsModule$$Lambda/0x00007fcd28707610
9649:             1             16  org.opensearch.common.ssl.DefaultJdkTrustConfig$$Lambda/0x00007fcd288fe8c0
9650:             1             16  org.opensearch.common.ssl.EmptyKeyConfig
9651:             1             16  org.opensearch.common.ssl.SslConfigurationLoader$$Lambda/0x00007fcd288fd440
9652:             1             16  org.opensearch.common.ssl.SslConfigurationLoader$$Lambda/0x00007fcd288fd678
9653:             1             16  org.opensearch.common.ssl.TrustEverythingConfig
9654:             1             16  org.opensearch.common.ssl.TrustEverythingConfig$1
9655:             1             16  org.opensearch.common.time.DateFormatter$$Lambda/0x00007fcd2808c708
9656:             1             16  org.opensearch.common.time.DateFormatters$$Lambda/0x00007fcd2808cd40
9657:             1             16  org.opensearch.common.time.DateFormatters$1
9658:             1             16  org.opensearch.common.time.EpochTime$$Lambda/0x00007fcd286186c8
9659:             1             16  org.opensearch.common.time.EpochTime$$Lambda/0x00007fcd286188f0
9660:             1             16  org.opensearch.common.time.FormatNames$$Lambda/0x00007fcd2808fa90
9661:             1             16  org.opensearch.common.time.IsoCalendarDataProvider
9662:             1             16  org.opensearch.common.time.JavaDateFormatter$$Lambda/0x00007fcd2808dba8
9663:             1             16  org.opensearch.common.time.JavaDateFormatter$$Lambda/0x00007fcd2808e080
9664:             1             16  org.opensearch.common.time.JavaDateFormatter$$Lambda/0x00007fcd2808e698
9665:             1             16  org.opensearch.common.time.JavaDateFormatter$$Lambda/0x00007fcd2808e8b0
9666:             1             16  org.opensearch.common.time.JavaDateFormatter$$Lambda/0x00007fcd2808eae8
9667:             1             16  org.opensearch.common.time.JavaDateFormatter$$Lambda/0x00007fcd2808ef50
9668:             1             16  org.opensearch.common.transport.PortsRange
9669:             1             16  org.opensearch.common.transport.PortsRange$$Lambda/0x00007fcd281dea38
9670:             1             16  org.opensearch.common.util.LazyInitializable$$Lambda/0x00007fcd2808cf58
9671:             1             16  org.opensearch.common.util.LazyInitializable$$Lambda/0x00007fcd2808d180
9672:             1             16  org.opensearch.common.util.PageCacheRecycler$$Lambda/0x00007fcd286ec2c0
9673:             1             16  org.opensearch.common.util.concurrent.OpenSearchExecutors$$Lambda/0x00007fcd2828a0f0
9674:             1             16  org.opensearch.common.util.concurrent.OpenSearchExecutors$DirectExecutorService
9675:             1             16  org.opensearch.common.util.concurrent.PrioritizedRunnable$$Lambda/0x00007fcd290f4940
9676:             1             16  org.opensearch.common.util.concurrent.ThreadContext$$Lambda/0x00007fcd28536f88
9677:             1             16  org.opensearch.common.util.concurrent.ThreadContext$$Lambda/0x00007fcd29131000
9678:             1             16  org.opensearch.common.util.concurrent.ThreadContext$$Lambda/0x00007fcd29131c90
9679:             1             16  org.opensearch.common.util.concurrent.ThreadContext$$Lambda/0x00007fcd291368d0
9680:             1             16  org.opensearch.common.util.concurrent.ThreadContext$$Lambda/0x00007fcd29137348
9681:             1             16  org.opensearch.common.util.concurrent.ThreadContext$$Lambda/0x00007fcd293dbb38
9682:             1             16  org.opensearch.common.util.concurrent.ThreadContext$LinkedHashSetCollector
9683:             1             16  org.opensearch.common.util.concurrent.ThreadContext$ThreadContextStruct$$Lambda/0x00007fcd2911c230
9684:             1             16  org.opensearch.common.util.concurrent.ThreadContext$ThreadContextStruct$$Lambda/0x00007fcd2911cec0
9685:             1             16  org.opensearch.common.util.io.Streams$$Lambda/0x00007fcd28a33848
9686:             1             16  org.opensearch.common.util.iterable.Iterables$FlattenedIterables$$Lambda/0x00007fcd290dd3d0
9687:             1             16  org.opensearch.common.xcontent.LoggingDeprecationHandler
9688:             1             16  org.opensearch.common.xcontent.XContentOpenSearchExtension$$Lambda/0x00007fcd28090878
9689:             1             16  org.opensearch.common.xcontent.XContentOpenSearchExtension$$Lambda/0x00007fcd28090a90
9690:             1             16  org.opensearch.common.xcontent.XContentOpenSearchExtension$$Lambda/0x00007fcd28090f48
9691:             1             16  org.opensearch.common.xcontent.XContentOpenSearchExtension$$Lambda/0x00007fcd28091160
9692:             1             16  org.opensearch.common.xcontent.XContentOpenSearchExtension$$Lambda/0x00007fcd28092ef8
9693:             1             16  org.opensearch.common.xcontent.XContentOpenSearchExtension$$Lambda/0x00007fcd28093610
9694:             1             16  org.opensearch.common.xcontent.XContentOpenSearchExtension$$Lambda/0x00007fcd28093b48
9695:             1             16  org.opensearch.common.xcontent.XContentOpenSearchExtension$$Lambda/0x00007fcd28093d60
9696:             1             16  org.opensearch.common.xcontent.XContentOpenSearchExtension$$Lambda/0x00007fcd28093f78
9697:             1             16  org.opensearch.common.xcontent.XContentOpenSearchExtension$$Lambda/0x00007fcd28094190
9698:             1             16  org.opensearch.common.xcontent.XContentOpenSearchExtension$$Lambda/0x00007fcd280943a8
9699:             1             16  org.opensearch.common.xcontent.XContentOpenSearchExtension$$Lambda/0x00007fcd280945c0
9700:             1             16  org.opensearch.common.xcontent.XContentOpenSearchExtension$$Lambda/0x00007fcd280947d8
9701:             1             16  org.opensearch.common.xcontent.XContentOpenSearchExtension$$Lambda/0x00007fcd280949f0
9702:             1             16  org.opensearch.common.xcontent.XContentOpenSearchExtension$$Lambda/0x00007fcd28094c08
9703:             1             16  org.opensearch.common.xcontent.XContentOpenSearchExtension$$Lambda/0x00007fcd28094e20
9704:             1             16  org.opensearch.common.xcontent.XContentOpenSearchExtension$$Lambda/0x00007fcd28095038
9705:             1             16  org.opensearch.common.xcontent.XContentOpenSearchExtension$$Lambda/0x00007fcd28095250
9706:             1             16  org.opensearch.common.xcontent.XContentOpenSearchExtension$$Lambda/0x00007fcd28095468
9707:             1             16  org.opensearch.common.xcontent.XContentOpenSearchExtension$$Lambda/0x00007fcd28095680
9708:             1             16  org.opensearch.common.xcontent.XContentOpenSearchExtension$$Lambda/0x00007fcd28095fe8
9709:             1             16  org.opensearch.common.xcontent.XContentOpenSearchExtension$$Lambda/0x00007fcd280963f8
9710:             1             16  org.opensearch.common.xcontent.XContentOpenSearchExtension$$Lambda/0x00007fcd28096830
9711:             1             16  org.opensearch.common.xcontent.XContentOpenSearchExtension$$Lambda/0x00007fcd28096c40
9712:             1             16  org.opensearch.common.xcontent.XContentOpenSearchExtension$$Lambda/0x00007fcd28097170
9713:             1             16  org.opensearch.common.xcontent.XContentOpenSearchExtension$$Lambda/0x00007fcd28097388
9714:             1             16  org.opensearch.common.xcontent.XContentOpenSearchExtension$$Lambda/0x00007fcd280975c0
9715:             1             16  org.opensearch.common.xcontent.XContentOpenSearchExtension$$Lambda/0x00007fcd280977f8
9716:             1             16  org.opensearch.common.xcontent.XContentOpenSearchExtension$$Lambda/0x00007fcd28097a30
9717:             1             16  org.opensearch.common.xcontent.XContentOpenSearchExtension$$Lambda/0x00007fcd28097c68
9718:             1             16  org.opensearch.common.xcontent.XContentOpenSearchExtension$$Lambda/0x00007fcd2809c000
9719:             1             16  org.opensearch.common.xcontent.XContentOpenSearchExtension$$Lambda/0x00007fcd2809c238
9720:             1             16  org.opensearch.common.xcontent.XContentOpenSearchExtension$$Lambda/0x00007fcd2809c7d8
9721:             1             16  org.opensearch.common.xcontent.XContentOpenSearchExtension$$Lambda/0x00007fcd2809ca10
9722:             1             16  org.opensearch.common.xcontent.XContentOpenSearchExtension$$Lambda/0x00007fcd2809cc48
9723:             1             16  org.opensearch.common.xcontent.XContentOpenSearchExtension$$Lambda/0x00007fcd2809ce80
9724:             1             16  org.opensearch.common.xcontent.XContentOpenSearchExtension$$Lambda/0x00007fcd2809d0b8
9725:             1             16  org.opensearch.common.xcontent.XContentOpenSearchExtension$$Lambda/0x00007fcd2809d2f0
9726:             1             16  org.opensearch.common.xcontent.XContentOpenSearchExtension$$Lambda/0x00007fcd2809d528
9727:             1             16  org.opensearch.common.xcontent.XContentOpenSearchExtension$$Lambda/0x00007fcd2809d760
9728:             1             16  org.opensearch.common.xcontent.XContentOpenSearchExtension$$Lambda/0x00007fcd2809d998
9729:             1             16  org.opensearch.common.xcontent.json.JsonXContent
9730:             1             16  org.opensearch.common.xcontent.smile.SmileXContent
9731:             1             16  org.opensearch.common.xcontent.yaml.YamlXContent
9732:             1             16  org.opensearch.commons.alerting.action.AlertingActions
9733:             1             16  org.opensearch.commons.alerting.action.AlertingActions
9734:             1             16  org.opensearch.commons.alerting.action.AlertingActions$$Lambda/0x00007fcd28a99f28
9735:             1             16  org.opensearch.commons.alerting.action.AlertingActions$$Lambda/0x00007fcd28a9a3d8
9736:             1             16  org.opensearch.commons.alerting.action.AlertingActions$$Lambda/0x00007fcd28a9a880
9737:             1             16  org.opensearch.commons.alerting.action.AlertingActions$$Lambda/0x00007fcd28a9ad28
9738:             1             16  org.opensearch.commons.alerting.action.AlertingActions$$Lambda/0x00007fcd28a9b1d8
9739:             1             16  org.opensearch.commons.alerting.action.AlertingActions$$Lambda/0x00007fcd28a9b688
9740:             1             16  org.opensearch.commons.alerting.action.AlertingActions$$Lambda/0x00007fcd28a9bb38
9741:             1             16  org.opensearch.commons.alerting.action.AlertingActions$$Lambda/0x00007fcd28c2c000
9742:             1             16  org.opensearch.commons.alerting.action.AlertingActions$$Lambda/0x00007fcd28c2c4a8
9743:             1             16  org.opensearch.commons.alerting.action.AlertingActions$$Lambda/0x00007fcd28c2c950
9744:             1             16  org.opensearch.commons.alerting.action.AlertingActions$$Lambda/0x00007fcd28c2cb68
9745:             1             16  org.opensearch.commons.alerting.action.AlertingActions$$Lambda/0x00007fcd28c2d018
9746:             1             16  org.opensearch.commons.alerting.action.AlertingActions$$Lambda/0x00007fcd28c2d230
9747:             1             16  org.opensearch.commons.alerting.action.AlertingActions$$Lambda/0x00007fcd28c2d6e0
9748:             1             16  org.opensearch.commons.alerting.action.AlertingActions$$Lambda/0x00007fcd28c2d8f8
9749:             1             16  org.opensearch.commons.alerting.action.AlertingActions$$Lambda/0x00007fcd28c2dda0
9750:             1             16  org.opensearch.commons.alerting.action.AlertingActions$$Lambda/0x00007fcd28c738f8
9751:             1             16  org.opensearch.commons.alerting.action.AlertingActions$$Lambda/0x00007fcd28c73da8
9752:             1             16  org.opensearch.commons.alerting.action.AlertingActions$$Lambda/0x00007fcd28c74250
9753:             1             16  org.opensearch.commons.alerting.action.AlertingActions$$Lambda/0x00007fcd28c746f8
9754:             1             16  org.opensearch.commons.alerting.action.AlertingActions$$Lambda/0x00007fcd28c74ba8
9755:             1             16  org.opensearch.commons.alerting.action.AlertingActions$$Lambda/0x00007fcd28c75058
9756:             1             16  org.opensearch.commons.alerting.action.AlertingActions$$Lambda/0x00007fcd28c75508
9757:             1             16  org.opensearch.commons.alerting.action.AlertingActions$$Lambda/0x00007fcd28c759b0
9758:             1             16  org.opensearch.commons.alerting.action.AlertingActions$$Lambda/0x00007fcd28c75e58
9759:             1             16  org.opensearch.commons.alerting.action.AlertingActions$$Lambda/0x00007fcd28c76300
9760:             1             16  org.opensearch.commons.alerting.action.AlertingActions$$Lambda/0x00007fcd28c76518
9761:             1             16  org.opensearch.commons.alerting.action.AlertingActions$$Lambda/0x00007fcd28c769c8
9762:             1             16  org.opensearch.commons.alerting.action.AlertingActions$$Lambda/0x00007fcd28c76be0
9763:             1             16  org.opensearch.commons.alerting.action.AlertingActions$$Lambda/0x00007fcd28c77090
9764:             1             16  org.opensearch.commons.alerting.action.AlertingActions$$Lambda/0x00007fcd28c772a8
9765:             1             16  org.opensearch.commons.alerting.action.AlertingActions$$Lambda/0x00007fcd28c77750
9766:             1             16  org.opensearch.commons.alerting.aggregation.bucketselectorext.BucketSelectorExtAggregationBuilder$Companion
9767:             1             16  org.opensearch.commons.alerting.model.Alert$Companion
9768:             1             16  org.opensearch.commons.alerting.model.BucketLevelTrigger$$Lambda/0x00007fcd288a08e8
9769:             1             16  org.opensearch.commons.alerting.model.BucketLevelTrigger$Companion
9770:             1             16  org.opensearch.commons.alerting.model.ChainedAlertTrigger$$Lambda/0x00007fcd288a1d80
9771:             1             16  org.opensearch.commons.alerting.model.ChainedAlertTrigger$Companion
9772:             1             16  org.opensearch.commons.alerting.model.ClusterMetricsInput$$Lambda/0x00007fcd288a0fb0
9773:             1             16  org.opensearch.commons.alerting.model.ClusterMetricsInput$Companion
9774:             1             16  org.opensearch.commons.alerting.model.DocLevelMonitorInput$$Lambda/0x00007fcd288a0200
9775:             1             16  org.opensearch.commons.alerting.model.DocLevelMonitorInput$Companion
9776:             1             16  org.opensearch.commons.alerting.model.DocumentLevelTrigger$$Lambda/0x00007fcd288a1698
9777:             1             16  org.opensearch.commons.alerting.model.DocumentLevelTrigger$Companion
9778:             1             16  org.opensearch.commons.alerting.model.Monitor$$Lambda/0x00007fcd2861d200
9779:             1             16  org.opensearch.commons.alerting.model.Monitor$Companion
9780:             1             16  org.opensearch.commons.alerting.model.QueryLevelTrigger$$Lambda/0x00007fcd2861dae0
9781:             1             16  org.opensearch.commons.alerting.model.QueryLevelTrigger$Companion
9782:             1             16  org.opensearch.commons.alerting.model.SearchInput$$Lambda/0x00007fcd28623a00
9783:             1             16  org.opensearch.commons.alerting.model.SearchInput$Companion
9784:             1             16  org.opensearch.commons.alerting.model.Workflow$$Lambda/0x00007fcd288a2490
9785:             1             16  org.opensearch.commons.alerting.model.Workflow$Companion
9786:             1             16  org.opensearch.commons.notifications.action.NotificationsActions
9787:             1             16  org.opensearch.commons.notifications.action.NotificationsActions$$Lambda/0x00007fcd28c88720
9788:             1             16  org.opensearch.commons.notifications.action.NotificationsActions$$Lambda/0x00007fcd28c88bc8
9789:             1             16  org.opensearch.commons.notifications.action.NotificationsActions$$Lambda/0x00007fcd28c89070
9790:             1             16  org.opensearch.commons.notifications.action.NotificationsActions$$Lambda/0x00007fcd28c89518
9791:             1             16  org.opensearch.commons.notifications.action.NotificationsActions$$Lambda/0x00007fcd28c899c0
9792:             1             16  org.opensearch.commons.notifications.action.NotificationsActions$$Lambda/0x00007fcd28c89e68
9793:             1             16  org.opensearch.commons.notifications.action.NotificationsActions$$Lambda/0x00007fcd28c8a080
9794:             1             16  org.opensearch.commons.notifications.action.NotificationsActions$$Lambda/0x00007fcd28c8a528
9795:             1             16  org.opensearch.compress.ZstdCompressor
9796:             1             16  org.opensearch.core.ParseField$$Lambda/0x00007fcd2908fa58
9797:             1             16  org.opensearch.core.common.Strings$$Lambda/0x00007fcd29093f68
9798:             1             16  org.opensearch.core.common.io.stream.NamedWriteableRegistry
9799:             1             16  org.opensearch.core.common.io.stream.NamedWriteableRegistry$$Lambda/0x00007fcd2888d340
9800:             1             16  org.opensearch.core.common.io.stream.StreamInput$$Lambda/0x00007fcd28cb5b50
9801:             1             16  org.opensearch.core.common.io.stream.StreamInput$$Lambda/0x00007fcd28cb5d68
9802:             1             16  org.opensearch.core.common.io.stream.StreamInput$$Lambda/0x00007fcd29196100
9803:             1             16  org.opensearch.core.common.io.stream.StreamInput$$Lambda/0x00007fcd2919ab78
9804:             1             16  org.opensearch.core.common.io.stream.StreamInput$$Lambda/0x00007fcd2919d648
9805:             1             16  org.opensearch.core.common.io.stream.StreamInput$$Lambda/0x00007fcd2919dc90
9806:             1             16  org.opensearch.core.common.io.stream.StreamOutput$$Lambda/0x00007fcd28cb17f0
9807:             1             16  org.opensearch.core.common.io.stream.StreamOutput$$Lambda/0x00007fcd28cb1a08
9808:             1             16  org.opensearch.core.common.io.stream.StreamOutput$$Lambda/0x00007fcd28cb1c20
9809:             1             16  org.opensearch.core.common.io.stream.StreamOutput$$Lambda/0x00007fcd28cb1e38
9810:             1             16  org.opensearch.core.common.io.stream.StreamOutput$$Lambda/0x00007fcd28cb2050
9811:             1             16  org.opensearch.core.common.io.stream.StreamOutput$$Lambda/0x00007fcd28cb2268
9812:             1             16  org.opensearch.core.common.io.stream.StreamOutput$$Lambda/0x00007fcd28cb2480
9813:             1             16  org.opensearch.core.common.io.stream.StreamOutput$$Lambda/0x00007fcd28cb2698
9814:             1             16  org.opensearch.core.common.io.stream.StreamOutput$$Lambda/0x00007fcd28cb28b0
9815:             1             16  org.opensearch.core.common.io.stream.StreamOutput$$Lambda/0x00007fcd28cb2ac8
9816:             1             16  org.opensearch.core.common.io.stream.StreamOutput$$Lambda/0x00007fcd28cb2ce0
9817:             1             16  org.opensearch.core.common.io.stream.StreamOutput$$Lambda/0x00007fcd28cb2ef8
9818:             1             16  org.opensearch.core.common.io.stream.StreamOutput$$Lambda/0x00007fcd28cb3110
9819:             1             16  org.opensearch.core.common.io.stream.StreamOutput$$Lambda/0x00007fcd28cb3328
9820:             1             16  org.opensearch.core.common.io.stream.StreamOutput$$Lambda/0x00007fcd28cb37a8
9821:             1             16  org.opensearch.core.common.io.stream.StreamOutput$$Lambda/0x00007fcd28cb39c0
9822:             1             16  org.opensearch.core.common.io.stream.StreamOutput$$Lambda/0x00007fcd28cb3bd8
9823:             1             16  org.opensearch.core.common.io.stream.StreamOutput$$Lambda/0x00007fcd28cb6000
9824:             1             16  org.opensearch.core.common.io.stream.StreamOutput$$Lambda/0x00007fcd28cb6218
9825:             1             16  org.opensearch.core.common.io.stream.StreamOutput$$Lambda/0x00007fcd28cb6430
9826:             1             16  org.opensearch.core.common.io.stream.StreamOutput$$Lambda/0x00007fcd28cb6648
9827:             1             16  org.opensearch.core.common.io.stream.StreamOutput$$Lambda/0x00007fcd28cb6860
9828:             1             16  org.opensearch.core.common.io.stream.StreamOutput$$Lambda/0x00007fcd28cb6a78
9829:             1             16  org.opensearch.core.common.io.stream.StreamOutput$$Lambda/0x00007fcd28cb6c90
9830:             1             16  org.opensearch.core.common.io.stream.StreamOutput$$Lambda/0x00007fcd28cb6ea8
9831:             1             16  org.opensearch.core.common.io.stream.StreamOutput$$Lambda/0x00007fcd29195ab8
9832:             1             16  org.opensearch.core.common.io.stream.StreamOutput$$Lambda/0x00007fcd291a5a40
9833:             1             16  org.opensearch.core.common.io.stream.StreamOutput$$Lambda/0x00007fcd291bf888
9834:             1             16  org.opensearch.core.common.io.stream.StreamOutput$$Lambda/0x00007fcd293ba218
9835:             1             16  org.opensearch.core.compress.CompressorRegistry$$Lambda/0x00007fcd2892ca50
9836:             1             16  org.opensearch.core.compress.CompressorRegistry$$Lambda/0x00007fcd2892cc88
9837:             1             16  org.opensearch.core.compress.CompressorRegistry$$Lambda/0x00007fcd2892cec0
9838:             1             16  org.opensearch.core.compress.NoneCompressor
9839:             1             16  org.opensearch.core.index.Index$$Lambda/0x00007fcd28630828
9840:             1             16  org.opensearch.core.index.Index$$Lambda/0x00007fcd28630a40
9841:             1             16  org.opensearch.core.index.Index$$Lambda/0x00007fcd28630c68
9842:             1             16  org.opensearch.core.tasks.resourcetracker.ResourceUsageInfo
9843:             1             16  org.opensearch.core.tasks.resourcetracker.TaskResourceInfo$$Lambda/0x00007fcd293db900
9844:             1             16  org.opensearch.core.tasks.resourcetracker.TaskResourceUsage$$Lambda/0x00007fcd29235aa8
9845:             1             16  org.opensearch.core.transport.TransportResponse$Empty
9846:             1             16  org.opensearch.core.xcontent.AbstractObjectParser$$Lambda/0x00007fcd28486c38
9847:             1             16  org.opensearch.core.xcontent.AbstractObjectParser$$Lambda/0x00007fcd28487cf0
9848:             1             16  org.opensearch.core.xcontent.AbstractObjectParser$$Lambda/0x00007fcd2848c000
9849:             1             16  org.opensearch.core.xcontent.AbstractObjectParser$$Lambda/0x00007fcd284b6ca0
9850:             1             16  org.opensearch.core.xcontent.AbstractObjectParser$$Lambda/0x00007fcd284b74f0
9851:             1             16  org.opensearch.core.xcontent.AbstractObjectParser$$Lambda/0x00007fcd287b7048
9852:             1             16  org.opensearch.core.xcontent.AbstractObjectParser$$Lambda/0x00007fcd287b8a30
9853:             1             16  org.opensearch.core.xcontent.AbstractObjectParser$$Lambda/0x00007fcd2880a938
9854:             1             16  org.opensearch.core.xcontent.AbstractObjectParser$$Lambda/0x00007fcd291dfb60
9855:             1             16  org.opensearch.core.xcontent.AbstractXContentParser$$Lambda/0x00007fcd280a1e88
9856:             1             16  org.opensearch.core.xcontent.AbstractXContentParser$$Lambda/0x00007fcd280a20a0
9857:             1             16  org.opensearch.core.xcontent.ConstructingObjectParser$$Lambda/0x00007fcd284b61a8
9858:             1             16  org.opensearch.core.xcontent.ConstructingObjectParser$$Lambda/0x00007fcd284b63d0
9859:             1             16  org.opensearch.core.xcontent.ConstructingObjectParser$$Lambda/0x00007fcd290954c0
9860:             1             16  org.opensearch.core.xcontent.DeprecationHandler$1
9861:             1             16  org.opensearch.core.xcontent.DeprecationHandler$2
9862:             1             16  org.opensearch.core.xcontent.MediaTypeRegistry$$Lambda/0x00007fcd2802f2d8
9863:             1             16  org.opensearch.core.xcontent.MediaTypeRegistry$$Lambda/0x00007fcd2802f510
9864:             1             16  org.opensearch.core.xcontent.MediaTypeRegistry$$Lambda/0x00007fcd2802f748
9865:             1             16  org.opensearch.core.xcontent.NamedXContentRegistry$$Lambda/0x00007fcd2888f750
9866:             1             16  org.opensearch.core.xcontent.ObjectParser$$Lambda/0x00007fcd284865c0
9867:             1             16  org.opensearch.core.xcontent.ObjectParser$$Lambda/0x00007fcd287efa30
9868:             1             16  org.opensearch.core.xcontent.ObjectParser$$Lambda/0x00007fcd28d0b7b8
9869:             1             16  org.opensearch.core.xcontent.ObjectParser$$Lambda/0x00007fcd290956e8
9870:             1             16  org.opensearch.core.xcontent.ObjectParser$$Lambda/0x00007fcd29214468
9871:             1             16  org.opensearch.core.xcontent.ObjectParser$$Lambda/0x00007fcd29214688
9872:             1             16  org.opensearch.core.xcontent.ObjectParserHelper$$Lambda/0x00007fcd2924cf50
9873:             1             16  org.opensearch.core.xcontent.ToXContent$1
9874:             1             16  org.opensearch.core.xcontent.XContentBuilder$$Lambda/0x00007fcd28082438
9875:             1             16  org.opensearch.core.xcontent.XContentBuilder$$Lambda/0x00007fcd28082650
9876:             1             16  org.opensearch.core.xcontent.XContentBuilder$$Lambda/0x00007fcd28082868
9877:             1             16  org.opensearch.core.xcontent.XContentBuilder$$Lambda/0x00007fcd28082a80
9878:             1             16  org.opensearch.core.xcontent.XContentBuilder$$Lambda/0x00007fcd28082c98
9879:             1             16  org.opensearch.core.xcontent.XContentBuilder$$Lambda/0x00007fcd28082eb0
9880:             1             16  org.opensearch.core.xcontent.XContentBuilder$$Lambda/0x00007fcd280830c8
9881:             1             16  org.opensearch.core.xcontent.XContentBuilder$$Lambda/0x00007fcd280832e0
9882:             1             16  org.opensearch.core.xcontent.XContentBuilder$$Lambda/0x00007fcd280834f8
9883:             1             16  org.opensearch.core.xcontent.XContentBuilder$$Lambda/0x00007fcd28083710
9884:             1             16  org.opensearch.core.xcontent.XContentBuilder$$Lambda/0x00007fcd28083928
9885:             1             16  org.opensearch.core.xcontent.XContentBuilder$$Lambda/0x00007fcd28083b40
9886:             1             16  org.opensearch.core.xcontent.XContentBuilder$$Lambda/0x00007fcd28083d58
9887:             1             16  org.opensearch.core.xcontent.XContentBuilder$$Lambda/0x00007fcd28086000
9888:             1             16  org.opensearch.core.xcontent.XContentBuilder$$Lambda/0x00007fcd28086218
9889:             1             16  org.opensearch.core.xcontent.XContentBuilder$$Lambda/0x00007fcd28086430
9890:             1             16  org.opensearch.core.xcontent.XContentBuilder$$Lambda/0x00007fcd28086648
9891:             1             16  org.opensearch.core.xcontent.XContentBuilder$$Lambda/0x00007fcd28086860
9892:             1             16  org.opensearch.core.xcontent.XContentBuilder$$Lambda/0x00007fcd28086a78
9893:             1             16  org.opensearch.core.xcontent.XContentBuilder$$Lambda/0x00007fcd28086c90
9894:             1             16  org.opensearch.core.xcontent.XContentBuilder$$Lambda/0x00007fcd28086ea8
9895:             1             16  org.opensearch.core.xcontent.XContentBuilder$$Lambda/0x00007fcd280870c0
9896:             1             16  org.opensearch.core.xcontent.XContentBuilder$$Lambda/0x00007fcd280872d8
9897:             1             16  org.opensearch.core.xcontent.XContentBuilder$$Lambda/0x00007fcd2809dbd0
9898:             1             16  org.opensearch.core.xcontent.XContentBuilder$$Lambda/0x00007fcd2809ddf8
9899:             1             16  org.opensearch.core.xcontent.XContentBuilder$$Lambda/0x00007fcd2809e020
9900:             1             16  org.opensearch.dashboards.OpenSearchDashboardsPlugin
9901:             1             16  org.opensearch.dashboards.OpenSearchDashboardsPlugin$$Lambda/0x00007fcd282385c8
9902:             1             16  org.opensearch.dashboards.OpenSearchDashboardsPlugin$OpenSearchDashboardsWrappedRestHandler$$Lambda/0x00007fcd28fe44b0
9903:             1             16  org.opensearch.discovery.DiscoveryModule$$Lambda/0x00007fcd28cf5540
9904:             1             16  org.opensearch.discovery.DiscoveryModule$$Lambda/0x00007fcd28cf5970
9905:             1             16  org.opensearch.discovery.DiscoveryModule$$Lambda/0x00007fcd28cf5b90
9906:             1             16  org.opensearch.discovery.PeerFinder$$Lambda/0x00007fcd28cf9d00
9907:             1             16  org.opensearch.discovery.PeerFinder$$Lambda/0x00007fcd28cf9f18
9908:             1             16  org.opensearch.discovery.PeerFinder$$Lambda/0x00007fcd290f0000
9909:             1             16  org.opensearch.discovery.PeerFinder$$Lambda/0x00007fcd290f0908
9910:             1             16  org.opensearch.discovery.PeerFinder$$Lambda/0x00007fcd290f0b40
9911:             1             16  org.opensearch.discovery.PeerFinder$Peer$2$$Lambda/0x00007fcd29196318
9912:             1             16  org.opensearch.discovery.PeerFinder$Peer$2$$Lambda/0x00007fcd29196780
9913:             1             16  org.opensearch.discovery.SettingsBasedSeedHostsProvider
9914:             1             16  org.opensearch.env.Environment$$Lambda/0x00007fcd280cb9e0
9915:             1             16  org.opensearch.env.NodeEnvironment$$Lambda/0x00007fcd284a7840
9916:             1             16  org.opensearch.env.NodeEnvironment$$Lambda/0x00007fcd284a7a88
9917:             1             16  org.opensearch.env.NodeEnvironment$$Lambda/0x00007fcd284b0d88
9918:             1             16  org.opensearch.env.NodeEnvironment$$Lambda/0x00007fcd284b0fc0
9919:             1             16  org.opensearch.env.NodeEnvironment$IndexStoreListener$1
9920:             1             16  org.opensearch.env.NodeMetadata$NodeMetadataStateFormat$$Lambda/0x00007fcd2851bfd8
9921:             1             16  org.opensearch.env.NodeMetadata$NodeMetadataStateFormat$$Lambda/0x00007fcd2851c1f0
9922:             1             16  org.opensearch.env.NodeMetadata$NodeMetadataStateFormat$$Lambda/0x00007fcd2851c418
9923:             1             16  org.opensearch.flowframework.FlowFrameworkPlugin
9924:             1             16  org.opensearch.flowframework.common.FlowFrameworkSettings$$Lambda/0x00007fcd283c1ab0
9925:             1             16  org.opensearch.flowframework.common.FlowFrameworkSettings$$Lambda/0x00007fcd283c1ce0
9926:             1             16  org.opensearch.flowframework.common.FlowFrameworkSettings$$Lambda/0x00007fcd28a45000
9927:             1             16  org.opensearch.flowframework.common.FlowFrameworkSettings$$Lambda/0x00007fcd28a45230
9928:             1             16  org.opensearch.flowframework.common.FlowFrameworkSettings$$Lambda/0x00007fcd28a45460
9929:             1             16  org.opensearch.flowframework.indices.FlowFrameworkIndex$$Lambda/0x00007fcd28a4c300
9930:             1             16  org.opensearch.flowframework.indices.FlowFrameworkIndex$$Lambda/0x00007fcd28a4cf68
9931:             1             16  org.opensearch.flowframework.indices.FlowFrameworkIndex$$Lambda/0x00007fcd28a4d180
9932:             1             16  org.opensearch.flowframework.transport.CreateWorkflowAction$$Lambda/0x00007fcd28a50b20
9933:             1             16  org.opensearch.flowframework.transport.CreateWorkflowTransportAction$$Lambda/0x00007fcd28d39710
9934:             1             16  org.opensearch.flowframework.transport.DeleteWorkflowAction$$Lambda/0x00007fcd28a50f58
9935:             1             16  org.opensearch.flowframework.transport.DeleteWorkflowTransportAction$$Lambda/0x00007fcd28d38eb0
9936:             1             16  org.opensearch.flowframework.transport.DeprovisionWorkflowAction$$Lambda/0x00007fcd28a517b8
9937:             1             16  org.opensearch.flowframework.transport.DeprovisionWorkflowTransportAction$$Lambda/0x00007fcd28d38a80
9938:             1             16  org.opensearch.flowframework.transport.GetWorkflowAction$$Lambda/0x00007fcd28a52978
9939:             1             16  org.opensearch.flowframework.transport.GetWorkflowStateAction$$Lambda/0x00007fcd28a522b8
9940:             1             16  org.opensearch.flowframework.transport.GetWorkflowStateTransportAction$$Lambda/0x00007fcd28d390c8
9941:             1             16  org.opensearch.flowframework.transport.GetWorkflowStepAction$$Lambda/0x00007fcd28a53030
9942:             1             16  org.opensearch.flowframework.transport.GetWorkflowStepTransportAction$$Lambda/0x00007fcd28d394f8
9943:             1             16  org.opensearch.flowframework.transport.GetWorkflowTransportAction$$Lambda/0x00007fcd28d39928
9944:             1             16  org.opensearch.flowframework.transport.ProvisionWorkflowAction$$Lambda/0x00007fcd28a51388
9945:             1             16  org.opensearch.flowframework.transport.ProvisionWorkflowTransportAction$$Lambda/0x00007fcd28d38c98
9946:             1             16  org.opensearch.flowframework.transport.SearchWorkflowAction$$Lambda/0x00007fcd28a51be8
9947:             1             16  org.opensearch.flowframework.transport.SearchWorkflowStateAction$$Lambda/0x00007fcd28a53460
9948:             1             16  org.opensearch.flowframework.transport.SearchWorkflowStateTransportAction$$Lambda/0x00007fcd28d38868
9949:             1             16  org.opensearch.flowframework.transport.SearchWorkflowTransportAction$$Lambda/0x00007fcd28d392e0
9950:             1             16  org.opensearch.flowframework.workflow.WorkflowStepFactory
9951:             1             16  org.opensearch.flowframework.workflow.WorkflowStepFactory$$Lambda/0x00007fcd28a4dc98
9952:             1             16  org.opensearch.flowframework.workflow.WorkflowStepFactory$$Lambda/0x00007fcd28a4eb70
9953:             1             16  org.opensearch.flowframework.workflow.WorkflowStepFactory$$Lambda/0x00007fcd28a4efb0
9954:             1             16  org.opensearch.flowframework.workflow.WorkflowStepFactory$$Lambda/0x00007fcd28a4f3f0
9955:             1             16  org.opensearch.flowframework.workflow.WorkflowStepFactory$$Lambda/0x00007fcd28a4fa68
9956:             1             16  org.opensearch.flowframework.workflow.WorkflowStepFactory$$Lambda/0x00007fcd28a50000
9957:             1             16  org.opensearch.forecast.ForecastTaskProfileRunner
9958:             1             16  org.opensearch.forecast.caching.ForecastCacheProvider
9959:             1             16  org.opensearch.forecast.indices.ForecastIndex$$Lambda/0x00007fcd28a3a2d0
9960:             1             16  org.opensearch.forecast.indices.ForecastIndex$$Lambda/0x00007fcd28a3a4e8
9961:             1             16  org.opensearch.forecast.indices.ForecastIndex$$Lambda/0x00007fcd28a3a700
9962:             1             16  org.opensearch.forecast.indices.ForecastIndex$$Lambda/0x00007fcd28a3a918
9963:             1             16  org.opensearch.forecast.indices.ForecastIndex$$Lambda/0x00007fcd28a3ab30
9964:             1             16  org.opensearch.forecast.indices.ForecastIndex$$Lambda/0x00007fcd28a3ad48
9965:             1             16  org.opensearch.forecast.indices.ForecastIndexManagement$$Lambda/0x00007fcd28a3b150
9966:             1             16  org.opensearch.forecast.indices.ForecastIndexManagement$$Lambda/0x00007fcd28a3b368
9967:             1             16  org.opensearch.forecast.indices.ForecastIndexManagement$$Lambda/0x00007fcd28a3b598
9968:             1             16  org.opensearch.forecast.indices.ForecastIndexManagement$$Lambda/0x00007fcd28a3b7c8
9969:             1             16  org.opensearch.forecast.indices.ForecastIndexManagement$$Lambda/0x00007fcd28a3b9f8
9970:             1             16  org.opensearch.forecast.model.Forecaster$$Lambda/0x00007fcd2889c698
9971:             1             16  org.opensearch.forecast.ratelimit.ForecastCheckpointMaintainWorker$$Lambda/0x00007fcd28a3ce80
9972:             1             16  org.opensearch.forecast.ratelimit.ForecastCheckpointMaintainWorker$$Lambda/0x00007fcd28a3d0b0
9973:             1             16  org.opensearch.forecast.ratelimit.ForecastResultWriteWorker$$Lambda/0x00007fcd28a3f4d8
9974:             1             16  org.opensearch.forecast.rest.AbstractForecastSearchAction$$Lambda/0x00007fcd29013dc0
9975:             1             16  org.opensearch.forecast.rest.RestForecasterSuggestAction$$Lambda/0x00007fcd29015330
9976:             1             16  org.opensearch.forecast.stats.ForecastModelsOnNodeSupplier$$Lambda/0x00007fcd28a40000
9977:             1             16  org.opensearch.forecast.stats.ForecastStats
9978:             1             16  org.opensearch.forecast.stats.suppliers.ForecastModelsOnNodeCountSupplier
9979:             1             16  org.opensearch.forecast.transport.DeleteForecastModelAction$$Lambda/0x00007fcd28c257b0
9980:             1             16  org.opensearch.forecast.transport.DeleteForecasterAction$$Lambda/0x00007fcd28c26398
9981:             1             16  org.opensearch.forecast.transport.EntityForecastResultAction$$Lambda/0x00007fcd28c244a8
9982:             1             16  org.opensearch.forecast.transport.EntityForecastResultTransportAction$$Lambda/0x00007fcd28f1f998
9983:             1             16  org.opensearch.forecast.transport.ForecastEntityProfileAction$$Lambda/0x00007fcd28c276f0
9984:             1             16  org.opensearch.forecast.transport.ForecastProfileAction$$Lambda/0x00007fcd28a41460
9985:             1             16  org.opensearch.forecast.transport.ForecastResultAction$$Lambda/0x00007fcd28a41c58
9986:             1             16  org.opensearch.forecast.transport.ForecastResultBulkAction$$Lambda/0x00007fcd28c248d8
9987:             1             16  org.opensearch.forecast.transport.ForecastResultBulkTransportAction$$Lambda/0x00007fcd28e3c448
9988:             1             16  org.opensearch.forecast.transport.ForecastResultBulkTransportAction$$Lambda/0x00007fcd28e3c660
9989:             1             16  org.opensearch.forecast.transport.ForecastResultBulkTransportAction$$Lambda/0x00007fcd28e3c890
9990:             1             16  org.opensearch.forecast.transport.ForecastResultTransportAction$$Lambda/0x00007fcd28f77460
9991:             1             16  org.opensearch.forecast.transport.ForecastRunOnceAction$$Lambda/0x00007fcd28c28b08
9992:             1             16  org.opensearch.forecast.transport.ForecastRunOnceProfileAction$$Lambda/0x00007fcd28c29200
9993:             1             16  org.opensearch.forecast.transport.ForecastRunOnceProfileTransportAction$$Lambda/0x00007fcd28f1f568
9994:             1             16  org.opensearch.forecast.transport.ForecastRunOnceProfileTransportAction$$Lambda/0x00007fcd28f1f780
9995:             1             16  org.opensearch.forecast.transport.ForecastRunOnceTransportAction$$Lambda/0x00007fcd28f1fbb0
9996:             1             16  org.opensearch.forecast.transport.ForecastRunOnceTransportAction$$Lambda/0x00007fcd28f1fdc8
9997:             1             16  org.opensearch.forecast.transport.ForecastRunOnceTransportAction$$Lambda/0x00007fcd28f77000
9998:             1             16  org.opensearch.forecast.transport.ForecastRunOnceTransportAction$$Lambda/0x00007fcd28f77230
9999:             1             16  org.opensearch.forecast.transport.ForecastSingleStreamResultAction$$Lambda/0x00007fcd28c24d28
10000:             1             16  org.opensearch.forecast.transport.ForecastStatsNodesAction$$Lambda/0x00007fcd28c28670
10001:             1             16  org.opensearch.forecast.transport.ForecasterJobAction$$Lambda/0x00007fcd28c25170
10002:             1             16  org.opensearch.forecast.transport.GetForecasterAction$$Lambda/0x00007fcd28c25f00
10003:             1             16  org.opensearch.forecast.transport.IndexForecasterAction$$Lambda/0x00007fcd28c23e58
10004:             1             16  org.opensearch.forecast.transport.IndexForecasterTransportAction$$Lambda/0x00007fcd28f1d180
10005:             1             16  org.opensearch.forecast.transport.IndexForecasterTransportAction$$Lambda/0x00007fcd28f1d398
10006:             1             16  org.opensearch.forecast.transport.SearchForecastTasksAction$$Lambda/0x00007fcd28c27da0
10007:             1             16  org.opensearch.forecast.transport.SearchForecastTasksTransportAction$$Lambda/0x00007fcd28f1d5c8
10008:             1             16  org.opensearch.forecast.transport.SearchForecasterAction$$Lambda/0x00007fcd28c267c8
10009:             1             16  org.opensearch.forecast.transport.SearchForecasterInfoAction$$Lambda/0x00007fcd28c26bf8
10010:             1             16  org.opensearch.forecast.transport.SearchForecasterTransportAction$$Lambda/0x00007fcd28d9df88
10011:             1             16  org.opensearch.forecast.transport.SearchTopForecastResultAction$$Lambda/0x00007fcd28c272b8
10012:             1             16  org.opensearch.forecast.transport.SearchTopForecastResultTransportAction$$Lambda/0x00007fcd28f1dea0
10013:             1             16  org.opensearch.forecast.transport.StatsForecasterAction$$Lambda/0x00007fcd28c28218
10014:             1             16  org.opensearch.forecast.transport.StopForecasterAction$$Lambda/0x00007fcd28a41e70
10015:             1             16  org.opensearch.forecast.transport.StopForecasterTransportAction$$Lambda/0x00007fcd28e3dff0
10016:             1             16  org.opensearch.forecast.transport.SuggestForecasterParamAction$$Lambda/0x00007fcd28c29db8
10017:             1             16  org.opensearch.forecast.transport.ValidateForecasterAction$$Lambda/0x00007fcd28c29690
10018:             1             16  org.opensearch.gateway.ClusterStateUpdaters$$Lambda/0x00007fcd290c3de8
10019:             1             16  org.opensearch.gateway.ClusterStateUpdaters$$Lambda/0x00007fcd290c4010
10020:             1             16  org.opensearch.gateway.ClusterStateUpdaters$$Lambda/0x00007fcd290c4238
10021:             1             16  org.opensearch.gateway.ClusterStateUpdaters$$Lambda/0x00007fcd290c4460
10022:             1             16  org.opensearch.gateway.GatewayMetaState
10023:             1             16  org.opensearch.gateway.GatewayMetaState$$Lambda/0x00007fcd290c3048
10024:             1             16  org.opensearch.gateway.GatewayMetaState$$Lambda/0x00007fcd290c3700
10025:             1             16  org.opensearch.gateway.LocalAllocateDangledIndices$$Lambda/0x00007fcd28dcf5f8
10026:             1             16  org.opensearch.gateway.LocalAllocateDangledIndices$AllocateDangledRequestHandler
10027:             1             16  org.opensearch.gateway.PersistedClusterStateService$$Lambda/0x00007fcd288b0d60
10028:             1             16  org.opensearch.gateway.PersistedClusterStateService$$Lambda/0x00007fcd29089b90
10029:             1             16  org.opensearch.gateway.PersistedClusterStateService$$Lambda/0x00007fcd290cd000
10030:             1             16  org.opensearch.gateway.PersistedClusterStateService$Writer$$Lambda/0x00007fcd290e8ef0
10031:             1             16  org.opensearch.gateway.PersistedClusterStateService$Writer$$Lambda/0x00007fcd290e9128
10032:             1             16  org.opensearch.gateway.PrimaryShardAllocator$$Lambda/0x00007fcd28da68a0
10033:             1             16  org.opensearch.gateway.PrimaryShardAllocator$$Lambda/0x00007fcd28da6ad8
10034:             1             16  org.opensearch.gateway.PrimaryShardAllocator$$Lambda/0x00007fcd28da6d10
10035:             1             16  org.opensearch.gateway.TransportNodesListGatewayMetaState$$Lambda/0x00007fcd28ddc1f0
10036:             1             16  org.opensearch.gateway.TransportNodesListGatewayMetaState$$Lambda/0x00007fcd28ddc408
10037:             1             16  org.opensearch.gateway.TransportNodesListGatewayMetaState$$Lambda/0x00007fcd28ddc620
10038:             1             16  org.opensearch.gateway.TransportNodesListGatewayStartedShards$$Lambda/0x00007fcd28da5298
10039:             1             16  org.opensearch.gateway.TransportNodesListGatewayStartedShards$$Lambda/0x00007fcd28da54b0
10040:             1             16  org.opensearch.gateway.TransportNodesListGatewayStartedShards$$Lambda/0x00007fcd28da56c8
10041:             1             16  org.opensearch.gateway.TransportNodesListGatewayStartedShardsBatch$$Lambda/0x00007fcd28da6f48
10042:             1             16  org.opensearch.gateway.TransportNodesListGatewayStartedShardsBatch$$Lambda/0x00007fcd28da7160
10043:             1             16  org.opensearch.gateway.TransportNodesListGatewayStartedShardsBatch$$Lambda/0x00007fcd28da7378
10044:             1             16  org.opensearch.geo.GeoModulePlugin
10045:             1             16  org.opensearch.geo.GeoModulePlugin$$Lambda/0x00007fcd28825320
10046:             1             16  org.opensearch.geo.GeoModulePlugin$$Lambda/0x00007fcd28825b80
10047:             1             16  org.opensearch.geo.GeoModulePlugin$$Lambda/0x00007fcd28825d98
10048:             1             16  org.opensearch.geo.GeoModulePlugin$$Lambda/0x00007fcd2882a8a8
10049:             1             16  org.opensearch.geo.GeoModulePlugin$$Lambda/0x00007fcd2882b4a0
10050:             1             16  org.opensearch.geo.GeoModulePlugin$$Lambda/0x00007fcd2882b6b8
10051:             1             16  org.opensearch.geo.GeoModulePlugin$$Lambda/0x00007fcd28836480
10052:             1             16  org.opensearch.geo.GeoModulePlugin$$Lambda/0x00007fcd28838a90
10053:             1             16  org.opensearch.geo.GeoModulePlugin$$Lambda/0x00007fcd28838ca8
10054:             1             16  org.opensearch.geo.GeoModulePlugin$$Lambda/0x00007fcd288395a8
10055:             1             16  org.opensearch.geo.GeoModulePlugin$$Lambda/0x00007fcd2883a368
10056:             1             16  org.opensearch.geo.GeoModulePlugin$$Lambda/0x00007fcd2883a580
10057:             1             16  org.opensearch.geo.search.aggregations.bucket.composite.GeoTileGridValuesSourceBuilder$$Lambda/0x00007fcd28825740
10058:             1             16  org.opensearch.geo.search.aggregations.bucket.composite.GeoTileGridValuesSourceBuilder$$Lambda/0x00007fcd28825968
10059:             1             16  org.opensearch.geo.search.aggregations.bucket.composite.GeoTileGridValuesSourceBuilder$$Lambda/0x00007fcd2882a000
10060:             1             16  org.opensearch.geo.search.aggregations.bucket.geogrid.GeoGridAggregationBuilder$$Lambda/0x00007fcd288370f8
10061:             1             16  org.opensearch.geo.search.aggregations.bucket.geogrid.GeoGridAggregationBuilder$$Lambda/0x00007fcd28837320
10062:             1             16  org.opensearch.geo.search.aggregations.bucket.geogrid.GeoGridAggregationBuilder$$Lambda/0x00007fcd28837548
10063:             1             16  org.opensearch.geo.search.aggregations.bucket.geogrid.GeoGridAggregationBuilder$$Lambda/0x00007fcd2883cc50
10064:             1             16  org.opensearch.geo.search.aggregations.bucket.geogrid.GeoGridAggregationBuilder$$Lambda/0x00007fcd28840000
10065:             1             16  org.opensearch.geo.search.aggregations.bucket.geogrid.GeoGridAggregationBuilder$$Lambda/0x00007fcd28840228
10066:             1             16  org.opensearch.geo.search.aggregations.bucket.geogrid.GeoGridAggregationBuilder$$Lambda/0x00007fcd28840450
10067:             1             16  org.opensearch.geo.search.aggregations.bucket.geogrid.GeoHashGridAggregationBuilder$$Lambda/0x00007fcd28836a88
10068:             1             16  org.opensearch.geo.search.aggregations.bucket.geogrid.GeoHashGridAggregationBuilder$$Lambda/0x00007fcd28836ca0
10069:             1             16  org.opensearch.geo.search.aggregations.bucket.geogrid.GeoHashGridAggregatorFactory$$Lambda/0x00007fcd2883e950
10070:             1             16  org.opensearch.geo.search.aggregations.bucket.geogrid.GeoHashGridAggregatorFactory$$Lambda/0x00007fcd2883eb68
10071:             1             16  org.opensearch.geo.search.aggregations.bucket.geogrid.GeoTileGridAggregationBuilder$$Lambda/0x00007fcd288397c0
10072:             1             16  org.opensearch.geo.search.aggregations.bucket.geogrid.GeoTileGridAggregationBuilder$$Lambda/0x00007fcd288399d8
10073:             1             16  org.opensearch.geo.search.aggregations.bucket.geogrid.GeoTileGridAggregatorFactory$$Lambda/0x00007fcd2883f450
10074:             1             16  org.opensearch.geo.search.aggregations.bucket.geogrid.GeoTileGridAggregatorFactory$$Lambda/0x00007fcd2883f668
10075:             1             16  org.opensearch.geo.search.aggregations.metrics.GeoBoundsAggregationBuilder$$Lambda/0x00007fcd2882aac0
10076:             1             16  org.opensearch.geo.search.aggregations.metrics.GeoBoundsAggregationBuilder$$Lambda/0x00007fcd2882acf8
10077:             1             16  org.opensearch.geo.search.aggregations.metrics.GeoBoundsAggregatorFactory$$Lambda/0x00007fcd2883b0d0
10078:             1             16  org.opensearch.geo.search.aggregations.metrics.GeoBoundsAggregatorFactory$$Lambda/0x00007fcd2883b8b0
10079:             1             16  org.opensearch.geospatial.action.upload.geojson.UploadGeoJSONAction$$Lambda/0x00007fcd28ae8950
10080:             1             16  org.opensearch.geospatial.action.upload.geojson.UploadGeoJSONTransportAction$$Lambda/0x00007fcd28d65c48
10081:             1             16  org.opensearch.geospatial.index.mapper.xypoint.XYPointFieldTypeParser
10082:             1             16  org.opensearch.geospatial.index.mapper.xyshape.XYShapeFieldTypeParser
10083:             1             16  org.opensearch.geospatial.ip2geo.action.DeleteDatasourceAction$$Lambda/0x00007fcd28aea420
10084:             1             16  org.opensearch.geospatial.ip2geo.action.DeleteDatasourceTransportAction$$Lambda/0x00007fcd28d65e60
10085:             1             16  org.opensearch.geospatial.ip2geo.action.GetDatasourceAction$$Lambda/0x00007fcd28ae9bb8
10086:             1             16  org.opensearch.geospatial.ip2geo.action.GetDatasourceTransportAction$$Lambda/0x00007fcd28d666c0
10087:             1             16  org.opensearch.geospatial.ip2geo.action.PutDatasourceAction$$Lambda/0x00007fcd28ae94d0
10088:             1             16  org.opensearch.geospatial.ip2geo.action.PutDatasourceTransportAction$$Lambda/0x00007fcd28d668d8
10089:             1             16  org.opensearch.geospatial.ip2geo.action.UpdateDatasourceAction$$Lambda/0x00007fcd28ae9ff0
10090:             1             16  org.opensearch.geospatial.ip2geo.action.UpdateDatasourceTransportAction$$Lambda/0x00007fcd28d664a8
10091:             1             16  org.opensearch.geospatial.ip2geo.common.Ip2GeoExecutor
10092:             1             16  org.opensearch.geospatial.ip2geo.common.Ip2GeoSettings$DatasourceEndpointValidator
10093:             1             16  org.opensearch.geospatial.ip2geo.common.ParameterValidator
10094:             1             16  org.opensearch.geospatial.ip2geo.common.URLDenyListChecker
10095:             1             16  org.opensearch.geospatial.ip2geo.dao.Ip2GeoCachedDao$$Lambda/0x00007fcd28843728
10096:             1             16  org.opensearch.geospatial.ip2geo.dao.Ip2GeoCachedDao$GeoDataCache
10097:             1             16  org.opensearch.geospatial.ip2geo.dao.Ip2GeoProcessorDao
10098:             1             16  org.opensearch.geospatial.ip2geo.jobscheduler.DatasourceExtension$$Lambda/0x00007fcd28449470
10099:             1             16  org.opensearch.geospatial.plugin.GeospatialPlugin$$Lambda/0x00007fcd28752b98
10100:             1             16  org.opensearch.geospatial.plugin.GeospatialPlugin$$Lambda/0x00007fcd28752db0
10101:             1             16  org.opensearch.geospatial.plugin.GeospatialPlugin$$Lambda/0x00007fcd28753b20
10102:             1             16  org.opensearch.geospatial.plugin.GeospatialPlugin$$Lambda/0x00007fcd288418c8
10103:             1             16  org.opensearch.geospatial.plugin.GeospatialPlugin$$Lambda/0x00007fcd28841ae0
10104:             1             16  org.opensearch.geospatial.processor.FeatureProcessor$Factory
10105:             1             16  org.opensearch.geospatial.search.aggregations.bucket.geogrid.GeoHexGridAggregationBuilder$$Lambda/0x00007fcd2883c800
10106:             1             16  org.opensearch.geospatial.search.aggregations.bucket.geogrid.GeoHexGridAggregationBuilder$$Lambda/0x00007fcd2883ca18
10107:             1             16  org.opensearch.geospatial.search.aggregations.bucket.geogrid.GeoHexGridAggregatorFactory$$Lambda/0x00007fcd288429a0
10108:             1             16  org.opensearch.geospatial.stats.upload.UploadStatsAction$$Lambda/0x00007fcd28ae9040
10109:             1             16  org.opensearch.geospatial.stats.upload.UploadStatsTransportAction$$Lambda/0x00007fcd28d66078
10110:             1             16  org.opensearch.geospatial.stats.upload.UploadStatsTransportAction$$Lambda/0x00007fcd28d66290
10111:             1             16  org.opensearch.http.AbstractHttpServerTransport$$Lambda/0x00007fcd28290258
10112:             1             16  org.opensearch.http.CorsHandler
10113:             1             16  org.opensearch.http.CorsHandler$Config$$Lambda/0x00007fcd28ca0d18
10114:             1             16  org.opensearch.http.HttpTracer$$Lambda/0x00007fcd28ca1170
10115:             1             16  org.opensearch.http.HttpTracer$$Lambda/0x00007fcd28ca13a0
10116:             1             16  org.opensearch.http.HttpTransportSettings$$Lambda/0x00007fcd281e4400
10117:             1             16  org.opensearch.http.HttpTransportSettings$$Lambda/0x00007fcd281e4638
10118:             1             16  org.opensearch.http.HttpTransportSettings$$Lambda/0x00007fcd281e4870
10119:             1             16  org.opensearch.http.HttpTransportSettings$$Lambda/0x00007fcd281e4aa8
10120:             1             16  org.opensearch.http.HttpTransportSettings$$Lambda/0x00007fcd281e4ce0
10121:             1             16  org.opensearch.http.HttpTransportSettings$$Lambda/0x00007fcd281e4f18
10122:             1             16  org.opensearch.http.netty4.Netty4HttpServerTransport$$Lambda/0x00007fcd2828e9d8
10123:             1             16  org.opensearch.http.netty4.Netty4HttpServerTransport$$Lambda/0x00007fcd2828ec10
10124:             1             16  org.opensearch.http.netty4.Netty4HttpServerTransport$$Lambda/0x00007fcd28550630
10125:             1             16  org.opensearch.http.netty4.Netty4HttpServerTransport$$Lambda/0x00007fcd28550868
10126:             1             16  org.opensearch.http.netty4.ssl.SecureNetty4HttpServerTransport$$Lambda/0x00007fcd28ca92b0
10127:             1             16  org.opensearch.http.netty4.ssl.SecureNetty4HttpServerTransport$$Lambda/0x00007fcd28ca9738
10128:             1             16  org.opensearch.http.netty4.ssl.SecureNetty4HttpServerTransport$$Lambda/0x00007fcd28ca9980
10129:             1             16  org.opensearch.http.netty4.ssl.SecureNetty4HttpServerTransport$$Lambda/0x00007fcd28cabb78
10130:             1             16  org.opensearch.http.netty4.ssl.SecureNetty4HttpServerTransport$$Lambda/0x00007fcd28cabdc0
10131:             1             16  org.opensearch.index.IndexModule$$Lambda/0x00007fcd284a0600
10132:             1             16  org.opensearch.index.IndexModule$1
10133:             1             16  org.opensearch.index.IndexModule$2
10134:             1             16  org.opensearch.index.IndexService$$Lambda/0x00007fcd2926abc0
10135:             1             16  org.opensearch.index.IndexService$$Lambda/0x00007fcd292f7000
10136:             1             16  org.opensearch.index.IndexService$$Lambda/0x00007fcd293a5f08
10137:             1             16  org.opensearch.index.IndexService$$Lambda/0x00007fcd293a6130
10138:             1             16  org.opensearch.index.IndexSettings$$Lambda/0x00007fcd28631af8
10139:             1             16  org.opensearch.index.IndexSettings$$Lambda/0x00007fcd28631d30
10140:             1             16  org.opensearch.index.IndexSettings$$Lambda/0x00007fcd28635fa8
10141:             1             16  org.opensearch.index.IndexSettings$$Lambda/0x00007fcd286361e0
10142:             1             16  org.opensearch.index.IndexSettings$$Lambda/0x00007fcd28636658
10143:             1             16  org.opensearch.index.IndexSettings$$Lambda/0x00007fcd28636a90
10144:             1             16  org.opensearch.index.IndexSortConfig$$Lambda/0x00007fcd2863a4e0
10145:             1             16  org.opensearch.index.IndexSortConfig$$Lambda/0x00007fcd2863a9f8
10146:             1             16  org.opensearch.index.IndexSortConfig$$Lambda/0x00007fcd2863ac30
10147:             1             16  org.opensearch.index.IndexSortConfig$$Lambda/0x00007fcd286475b8
10148:             1             16  org.opensearch.index.IndexSortConfig$$Lambda/0x00007fcd286479e0
10149:             1             16  org.opensearch.index.IndexingPressureService
10150:             1             16  org.opensearch.index.IndexingPressureService$$Lambda/0x00007fcd29236380
10151:             1             16  org.opensearch.index.IndexingSlowLog$$Lambda/0x00007fcd286392b8
10152:             1             16  org.opensearch.index.IndexingSlowLog$$Lambda/0x00007fcd286394f0
10153:             1             16  org.opensearch.index.LogByteSizeMergePolicyProvider$$Lambda/0x00007fcd28646020
10154:             1             16  org.opensearch.index.MergeSchedulerConfig$$Lambda/0x00007fcd28638000
10155:             1             16  org.opensearch.index.MergeSchedulerConfig$$Lambda/0x00007fcd28638238
10156:             1             16  org.opensearch.index.MergeSchedulerConfig$$Lambda/0x00007fcd28638470
10157:             1             16  org.opensearch.index.MergeSchedulerConfig$$Lambda/0x00007fcd286386a8
10158:             1             16  org.opensearch.index.SearchSlowLog$$Lambda/0x00007fcd28638e10
10159:             1             16  org.opensearch.index.SegmentReplicationPressureService$$Lambda/0x00007fcd28dcd520
10160:             1             16  org.opensearch.index.SegmentReplicationPressureService$$Lambda/0x00007fcd28dcd750
10161:             1             16  org.opensearch.index.SegmentReplicationPressureService$$Lambda/0x00007fcd28dcd980
10162:             1             16  org.opensearch.index.SegmentReplicationPressureService$$Lambda/0x00007fcd28dcdbb0
10163:             1             16  org.opensearch.index.SegmentReplicationPressureService$$Lambda/0x00007fcd28dcdde0
10164:             1             16  org.opensearch.index.ShardIndexingPressureMemoryManager$$Lambda/0x00007fcd28ce2f68
10165:             1             16  org.opensearch.index.ShardIndexingPressureMemoryManager$$Lambda/0x00007fcd28ce3198
10166:             1             16  org.opensearch.index.ShardIndexingPressureMemoryManager$$Lambda/0x00007fcd28ce33c8
10167:             1             16  org.opensearch.index.ShardIndexingPressureMemoryManager$$Lambda/0x00007fcd28ce35f8
10168:             1             16  org.opensearch.index.ShardIndexingPressureMemoryManager$$Lambda/0x00007fcd28ce3828
10169:             1             16  org.opensearch.index.ShardIndexingPressureMemoryManager$$Lambda/0x00007fcd28ce3a58
10170:             1             16  org.opensearch.index.ShardIndexingPressureMemoryManager$$Lambda/0x00007fcd28ce3c88
10171:             1             16  org.opensearch.index.ShardIndexingPressureSettings$$Lambda/0x00007fcd28ce2478
10172:             1             16  org.opensearch.index.ShardIndexingPressureSettings$$Lambda/0x00007fcd28ce26a8
10173:             1             16  org.opensearch.index.ShardIndexingPressureSettings$$Lambda/0x00007fcd28ce28d8
10174:             1             16  org.opensearch.index.ShardIndexingPressureSettings$$Lambda/0x00007fcd28ce2b08
10175:             1             16  org.opensearch.index.ShardIndexingPressureStore$$Lambda/0x00007fcd28ce2d38
10176:             1             16  org.opensearch.index.TieredMergePolicyProvider$$Lambda/0x00007fcd28639bf0
10177:             1             16  org.opensearch.index.analysis.Analysis$$Lambda/0x00007fcd29258680
10178:             1             16  org.opensearch.index.analysis.AnalysisRegistry$$Lambda/0x00007fcd2926a0e0
10179:             1             16  org.opensearch.index.analysis.AnalysisRegistry$$Lambda/0x00007fcd2926a580
10180:             1             16  org.opensearch.index.analysis.IndexAnalyzers$$Lambda/0x00007fcd290bb098
10181:             1             16  org.opensearch.index.analysis.IndexAnalyzers$$Lambda/0x00007fcd290bb2d0
10182:             1             16  org.opensearch.index.analysis.NamedAnalyzer$1
10183:             1             16  org.opensearch.index.analysis.PreConfiguredCharFilter$$Lambda/0x00007fcd2869ce48
10184:             1             16  org.opensearch.index.analysis.TokenFilterFactory$1
10185:             1             16  org.opensearch.index.codec.customcodecs.CustomCodecPlugin
10186:             1             16  org.opensearch.index.codec.customcodecs.Lucene99QatCodec$$Lambda/0x00007fcd2839ca28
10187:             1             16  org.opensearch.index.codec.customcodecs.Lucene99QatStoredFieldsFormat$$Lambda/0x00007fcd2839d4a0
10188:             1             16  org.opensearch.index.codec.fuzzy.FuzzySet$SetType$$Lambda/0x00007fcd29272e90
10189:             1             16  org.opensearch.index.engine.CombinedDeletionPolicy$$Lambda/0x00007fcd29378cf0
10190:             1             16  org.opensearch.index.engine.CombinedDeletionPolicy$$Lambda/0x00007fcd2937a070
10191:             1             16  org.opensearch.index.engine.Engine$1$$Lambda/0x00007fcd2935c790
10192:             1             16  org.opensearch.index.engine.Engine$NoOpLock
10193:             1             16  org.opensearch.index.engine.EngineConfig$$Lambda/0x00007fcd28395918
10194:             1             16  org.opensearch.index.engine.EngineConfigFactory$$Lambda/0x00007fcd2924e860
10195:             1             16  org.opensearch.index.engine.InternalEngine$$Lambda/0x00007fcd292c3358
10196:             1             16  org.opensearch.index.engine.SegmentsStats$$Lambda/0x00007fcd293ba000
10197:             1             16  org.opensearch.index.engine.SegmentsStats$$Lambda/0x00007fcd293bfdd8
10198:             1             16  org.opensearch.index.engine.SoftDeletesPolicy$$Lambda/0x00007fcd293738b8
10199:             1             16  org.opensearch.index.fielddata.IndexFieldDataService$$Lambda/0x00007fcd28641a88
10200:             1             16  org.opensearch.index.fielddata.IndexFieldDataService$$Lambda/0x00007fcd28641cc0
10201:             1             16  org.opensearch.index.fielddata.IndexFieldDataService$1
10202:             1             16  org.opensearch.index.fielddata.plain.AbstractLeafOrdinalsFieldData$$Lambda/0x00007fcd29202240
10203:             1             16  org.opensearch.index.fielddata.plain.AbstractLeafOrdinalsFieldData$$Lambda/0x00007fcd29202478
10204:             1             16  org.opensearch.index.mapper.BinaryFieldMapper$$Lambda/0x00007fcd2873e8a0
10205:             1             16  org.opensearch.index.mapper.BooleanFieldMapper$$Lambda/0x00007fcd2873e100
10206:             1             16  org.opensearch.index.mapper.BooleanFieldMapper$Builder$$Lambda/0x00007fcd290befa0
10207:             1             16  org.opensearch.index.mapper.BooleanFieldMapper$Builder$$Lambda/0x00007fcd290bf1d8
10208:             1             16  org.opensearch.index.mapper.BooleanFieldMapper$Builder$$Lambda/0x00007fcd290bf410
10209:             1             16  org.opensearch.index.mapper.BooleanFieldMapper$Builder$$Lambda/0x00007fcd290bf648
10210:             1             16  org.opensearch.index.mapper.BooleanFieldMapper$Builder$$Lambda/0x00007fcd290bf860
10211:             1             16  org.opensearch.index.mapper.BooleanFieldMapper$Builder$$Lambda/0x00007fcd290bfa78
10212:             1             16  org.opensearch.index.mapper.CompletionFieldMapper$$Lambda/0x00007fcd28743d88
10213:             1             16  org.opensearch.index.mapper.ConstantKeywordFieldMapper$TypeParser
10214:             1             16  org.opensearch.index.mapper.DataStreamFieldMapper$$Lambda/0x00007fcd28723c08
10215:             1             16  org.opensearch.index.mapper.DataStreamFieldMapper$$Lambda/0x00007fcd28723e40
10216:             1             16  org.opensearch.index.mapper.DataStreamFieldMapper$Builder$$Lambda/0x00007fcd290b66d8
10217:             1             16  org.opensearch.index.mapper.DataStreamFieldMapper$Builder$$Lambda/0x00007fcd290b6910
10218:             1             16  org.opensearch.index.mapper.DataStreamFieldMapper$Builder$$Lambda/0x00007fcd290b6b28
10219:             1             16  org.opensearch.index.mapper.DataStreamFieldMapper$Builder$$Lambda/0x00007fcd290b6d40
10220:             1             16  org.opensearch.index.mapper.DateFieldMapper$$Lambda/0x00007fcd286191a0
10221:             1             16  org.opensearch.index.mapper.DateFieldMapper$$Lambda/0x00007fcd286193c8
10222:             1             16  org.opensearch.index.mapper.DateFieldMapper$Builder$$Lambda/0x00007fcd290bb708
10223:             1             16  org.opensearch.index.mapper.DateFieldMapper$Builder$$Lambda/0x00007fcd290bb940
10224:             1             16  org.opensearch.index.mapper.DateFieldMapper$Builder$$Lambda/0x00007fcd290bbb78
10225:             1             16  org.opensearch.index.mapper.DateFieldMapper$Builder$$Lambda/0x00007fcd290bbdb0
10226:             1             16  org.opensearch.index.mapper.DateFieldMapper$Builder$$Lambda/0x00007fcd290bbfe8
10227:             1             16  org.opensearch.index.mapper.DateFieldMapper$Builder$$Lambda/0x00007fcd290bc220
10228:             1             16  org.opensearch.index.mapper.DateFieldMapper$Builder$$Lambda/0x00007fcd290bc438
10229:             1             16  org.opensearch.index.mapper.DateFieldMapper$Builder$$Lambda/0x00007fcd290bc650
10230:             1             16  org.opensearch.index.mapper.DateFieldMapper$Builder$$Lambda/0x00007fcd290bc888
10231:             1             16  org.opensearch.index.mapper.DateFieldMapper$Builder$$Lambda/0x00007fcd290bcac0
10232:             1             16  org.opensearch.index.mapper.DerivedFieldMapper$$Lambda/0x00007fcd28748000
10233:             1             16  org.opensearch.index.mapper.DocCountFieldMapper$$Lambda/0x00007fcd28731718
10234:             1             16  org.opensearch.index.mapper.DocCountFieldMapper$$Lambda/0x00007fcd28731950
10235:             1             16  org.opensearch.index.mapper.DocumentMapper$$Lambda/0x00007fcd290baa18
10236:             1             16  org.opensearch.index.mapper.DocumentMapper$$Lambda/0x00007fcd290bae80
10237:             1             16  org.opensearch.index.mapper.DynamicKeyFieldTypeLookup$$Lambda/0x00007fcd29352db0
10238:             1             16  org.opensearch.index.mapper.FieldAliasMapper$TypeParser
10239:             1             16  org.opensearch.index.mapper.FieldMapper$CopyTo
10240:             1             16  org.opensearch.index.mapper.FieldMapper$MultiFields$$Lambda/0x00007fcd290b5ba0
10241:             1             16  org.opensearch.index.mapper.FieldNamesFieldMapper$$Lambda/0x00007fcd28732488
10242:             1             16  org.opensearch.index.mapper.FieldNamesFieldMapper$$Lambda/0x00007fcd287326c0
10243:             1             16  org.opensearch.index.mapper.FieldNamesFieldMapper$Builder$$Lambda/0x00007fcd290b6f78
10244:             1             16  org.opensearch.index.mapper.FlatObjectFieldMapper$$Lambda/0x00007fcd28746d68
10245:             1             16  org.opensearch.index.mapper.FlatObjectFieldMapper$TypeParser
10246:             1             16  org.opensearch.index.mapper.GeoPointFieldMapper$TypeParser
10247:             1             16  org.opensearch.index.mapper.GeoShapeFieldMapper$TypeParser
10248:             1             16  org.opensearch.index.mapper.IdFieldMapper$$Lambda/0x00007fcd287214e0
10249:             1             16  org.opensearch.index.mapper.IgnoredFieldMapper$$Lambda/0x00007fcd28720a08
10250:             1             16  org.opensearch.index.mapper.IndexFieldMapper$$Lambda/0x00007fcd287230e8
10251:             1             16  org.opensearch.index.mapper.IpFieldMapper$$Lambda/0x00007fcd2873f670
10252:             1             16  org.opensearch.index.mapper.KeywordFieldMapper$$Lambda/0x00007fcd28742e00
10253:             1             16  org.opensearch.index.mapper.KeywordFieldMapper$Builder$$Lambda/0x00007fcd290a9000
10254:             1             16  org.opensearch.index.mapper.KeywordFieldMapper$Builder$$Lambda/0x00007fcd290a9238
10255:             1             16  org.opensearch.index.mapper.KeywordFieldMapper$Builder$$Lambda/0x00007fcd290a9470
10256:             1             16  org.opensearch.index.mapper.KeywordFieldMapper$Builder$$Lambda/0x00007fcd290a96a8
10257:             1             16  org.opensearch.index.mapper.KeywordFieldMapper$Builder$$Lambda/0x00007fcd290aaec8
10258:             1             16  org.opensearch.index.mapper.KeywordFieldMapper$Builder$$Lambda/0x00007fcd290ab100
10259:             1             16  org.opensearch.index.mapper.KeywordFieldMapper$Builder$$Lambda/0x00007fcd290ab338
10260:             1             16  org.opensearch.index.mapper.KeywordFieldMapper$Builder$$Lambda/0x00007fcd290ab570
10261:             1             16  org.opensearch.index.mapper.KeywordFieldMapper$Builder$$Lambda/0x00007fcd290ab7a8
10262:             1             16  org.opensearch.index.mapper.KeywordFieldMapper$Builder$$Lambda/0x00007fcd290ab9e0
10263:             1             16  org.opensearch.index.mapper.KeywordFieldMapper$Builder$$Lambda/0x00007fcd290abc18
10264:             1             16  org.opensearch.index.mapper.MapperExtrasPlugin
10265:             1             16  org.opensearch.index.mapper.MapperExtrasPlugin$$Lambda/0x00007fcd28751958
10266:             1             16  org.opensearch.index.mapper.MapperExtrasPlugin$$Lambda/0x00007fcd28751b70
10267:             1             16  org.opensearch.index.mapper.MapperService$$Lambda/0x00007fcd28644368
10268:             1             16  org.opensearch.index.mapper.MapperService$$Lambda/0x00007fcd286445b0
10269:             1             16  org.opensearch.index.mapper.MapperService$$Lambda/0x00007fcd290a1b10
10270:             1             16  org.opensearch.index.mapper.MapperService$$Lambda/0x00007fcd290a1d48
10271:             1             16  org.opensearch.index.mapper.MapperService$$Lambda/0x00007fcd290a1f80
10272:             1             16  org.opensearch.index.mapper.MatchOnlyTextFieldMapper$$Lambda/0x00007fcd287422c0
10273:             1             16  org.opensearch.index.mapper.MetadataFieldMapper$$Lambda/0x00007fcd290b73d0
10274:             1             16  org.opensearch.index.mapper.MetadataFieldMapper$$Lambda/0x00007fcd290b75e8
10275:             1             16  org.opensearch.index.mapper.MetadataFieldMapper$$Lambda/0x00007fcd290b7800
10276:             1             16  org.opensearch.index.mapper.NestedPathFieldMapper$$Lambda/0x00007fcd2872ca60
10277:             1             16  org.opensearch.index.mapper.NumberFieldMapper$Builder$$Lambda/0x00007fcd290a8c00
10278:             1             16  org.opensearch.index.mapper.NumberFieldMapper$Builder$$Lambda/0x00007fcd290a9ae0
10279:             1             16  org.opensearch.index.mapper.NumberFieldMapper$Builder$$Lambda/0x00007fcd290a9d18
10280:             1             16  org.opensearch.index.mapper.NumberFieldMapper$Builder$$Lambda/0x00007fcd290b0000
10281:             1             16  org.opensearch.index.mapper.NumberFieldMapper$Builder$$Lambda/0x00007fcd290b0ac0
10282:             1             16  org.opensearch.index.mapper.NumberFieldMapper$Builder$$Lambda/0x00007fcd290b0cf8
10283:             1             16  org.opensearch.index.mapper.NumberFieldMapper$Builder$$Lambda/0x00007fcd290b1130
10284:             1             16  org.opensearch.index.mapper.ObjectMapper$$Lambda/0x00007fcd290b8f50
10285:             1             16  org.opensearch.index.mapper.ObjectMapper$$Lambda/0x00007fcd290b9198
10286:             1             16  org.opensearch.index.mapper.ObjectMapper$$Lambda/0x00007fcd290b9658
10287:             1             16  org.opensearch.index.mapper.ObjectMapper$$Lambda/0x00007fcd290b98a0
10288:             1             16  org.opensearch.index.mapper.ParametrizedFieldMapper$Parameter$$Lambda/0x00007fcd290a4f48
10289:             1             16  org.opensearch.index.mapper.ParametrizedFieldMapper$Parameter$$Lambda/0x00007fcd290a5358
10290:             1             16  org.opensearch.index.mapper.ParametrizedFieldMapper$Parameter$$Lambda/0x00007fcd290a5768
10291:             1             16  org.opensearch.index.mapper.ParametrizedFieldMapper$Parameter$$Lambda/0x00007fcd290a5980
10292:             1             16  org.opensearch.index.mapper.ParametrizedFieldMapper$Parameter$$Lambda/0x00007fcd290a7148
10293:             1             16  org.opensearch.index.mapper.ParametrizedFieldMapper$Parameter$$Lambda/0x00007fcd290ac218
10294:             1             16  org.opensearch.index.mapper.ParametrizedFieldMapper$Parameter$$Lambda/0x00007fcd290ad9d0
10295:             1             16  org.opensearch.index.mapper.ParametrizedFieldMapper$Parameter$$Lambda/0x00007fcd290ade20
10296:             1             16  org.opensearch.index.mapper.ParametrizedFieldMapper$Parameter$$Lambda/0x00007fcd290ae038
10297:             1             16  org.opensearch.index.mapper.ParametrizedFieldMapper$Parameter$$Lambda/0x00007fcd290ae250
10298:             1             16  org.opensearch.index.mapper.ParametrizedFieldMapper$Parameter$$Lambda/0x00007fcd290ae468
10299:             1             16  org.opensearch.index.mapper.ParametrizedFieldMapper$Parameter$$Lambda/0x00007fcd290aed00
10300:             1             16  org.opensearch.index.mapper.ParametrizedFieldMapper$Parameter$$Lambda/0x00007fcd290aef18
10301:             1             16  org.opensearch.index.mapper.ParametrizedFieldMapper$Parameter$$Lambda/0x00007fcd290af130
10302:             1             16  org.opensearch.index.mapper.ParametrizedFieldMapper$Parameter$$Lambda/0x00007fcd290b0458
10303:             1             16  org.opensearch.index.mapper.ParametrizedFieldMapper$Parameter$$Lambda/0x00007fcd290b0670
10304:             1             16  org.opensearch.index.mapper.ParametrizedFieldMapper$Parameter$$Lambda/0x00007fcd290b0888
10305:             1             16  org.opensearch.index.mapper.ParametrizedFieldMapper$Parameter$$Lambda/0x00007fcd290b8458
10306:             1             16  org.opensearch.index.mapper.RankFeatureFieldMapper$$Lambda/0x00007fcd2874e8d8
10307:             1             16  org.opensearch.index.mapper.RankFeatureMetaFieldMapper$$Lambda/0x00007fcd287508c0
10308:             1             16  org.opensearch.index.mapper.RankFeaturesFieldMapper$$Lambda/0x00007fcd2874f3d8
10309:             1             16  org.opensearch.index.mapper.RoutingFieldMapper$$Lambda/0x00007fcd28722280
10310:             1             16  org.opensearch.index.mapper.RoutingFieldMapper$$Lambda/0x00007fcd287224b8
10311:             1             16  org.opensearch.index.mapper.RoutingFieldMapper$Builder$$Lambda/0x00007fcd290b7a38
10312:             1             16  org.opensearch.index.mapper.ScaledFloatFieldMapper$$Lambda/0x00007fcd2874d5a8
10313:             1             16  org.opensearch.index.mapper.SearchAsYouTypeFieldMapper$$Lambda/0x00007fcd28750000
10314:             1             16  org.opensearch.index.mapper.SeqNoFieldMapper$$Lambda/0x00007fcd28730bf0
10315:             1             16  org.opensearch.index.mapper.SourceFieldMapper$$Lambda/0x00007fcd28724980
10316:             1             16  org.opensearch.index.mapper.SourceFieldMapper$$Lambda/0x00007fcd28724bb8
10317:             1             16  org.opensearch.index.mapper.SourceFieldMapper$Builder$$Lambda/0x00007fcd290b7c70
10318:             1             16  org.opensearch.index.mapper.SourceFieldMapper$Builder$$Lambda/0x00007fcd290b8000
10319:             1             16  org.opensearch.index.mapper.SourceFieldMapper$Builder$$Lambda/0x00007fcd290b8670
10320:             1             16  org.opensearch.index.mapper.SourceFieldMapper$Builder$$Lambda/0x00007fcd290b88a8
10321:             1             16  org.opensearch.index.mapper.SourceFieldMapper$Builder$$Lambda/0x00007fcd290b8ae0
10322:             1             16  org.opensearch.index.mapper.SourceFieldMapper$Builder$$Lambda/0x00007fcd290b8d18
10323:             1             16  org.opensearch.index.mapper.TextFieldMapper$$Lambda/0x00007fcd287416f8
10324:             1             16  org.opensearch.index.mapper.TextFieldMapper$Builder$$Lambda/0x00007fcd290a48d8
10325:             1             16  org.opensearch.index.mapper.TextFieldMapper$Builder$$Lambda/0x00007fcd290a5e00
10326:             1             16  org.opensearch.index.mapper.TextFieldMapper$Builder$$Lambda/0x00007fcd290a6038
10327:             1             16  org.opensearch.index.mapper.TextFieldMapper$Builder$$Lambda/0x00007fcd290a6cf0
10328:             1             16  org.opensearch.index.mapper.TextFieldMapper$Builder$$Lambda/0x00007fcd290a7590
10329:             1             16  org.opensearch.index.mapper.TextFieldMapper$Builder$$Lambda/0x00007fcd290a7a10
10330:             1             16  org.opensearch.index.mapper.TextFieldMapper$Builder$$Lambda/0x00007fcd290a7c48
10331:             1             16  org.opensearch.index.mapper.TextFieldMapper$Builder$$Lambda/0x00007fcd290ac430
10332:             1             16  org.opensearch.index.mapper.TextFieldMapper$Builder$$Lambda/0x00007fcd290ac668
10333:             1             16  org.opensearch.index.mapper.TextFieldMapper$Builder$$Lambda/0x00007fcd290ac880
10334:             1             16  org.opensearch.index.mapper.TextFieldMapper$Builder$$Lambda/0x00007fcd290aca98
10335:             1             16  org.opensearch.index.mapper.TextFieldMapper$Builder$$Lambda/0x00007fcd290accd0
10336:             1             16  org.opensearch.index.mapper.TextFieldMapper$Builder$$Lambda/0x00007fcd290acf08
10337:             1             16  org.opensearch.index.mapper.TextFieldMapper$Builder$$Lambda/0x00007fcd290ad368
10338:             1             16  org.opensearch.index.mapper.TextFieldMapper$Builder$$Lambda/0x00007fcd290ad580
10339:             1             16  org.opensearch.index.mapper.TextFieldMapper$Builder$$Lambda/0x00007fcd290ad798
10340:             1             16  org.opensearch.index.mapper.TextFieldMapper$Builder$$Lambda/0x00007fcd290ba0d0
10341:             1             16  org.opensearch.index.mapper.TextParams$$Lambda/0x00007fcd290a6470
10342:             1             16  org.opensearch.index.mapper.TextParams$$Lambda/0x00007fcd290a6688
10343:             1             16  org.opensearch.index.mapper.TextParams$$Lambda/0x00007fcd290a68a0
10344:             1             16  org.opensearch.index.mapper.TextParams$$Lambda/0x00007fcd290a6ab8
10345:             1             16  org.opensearch.index.mapper.TextParams$$Lambda/0x00007fcd290a77c8
10346:             1             16  org.opensearch.index.mapper.TextParams$Analyzers$$Lambda/0x00007fcd290aa000
10347:             1             16  org.opensearch.index.mapper.TextParams$Analyzers$$Lambda/0x00007fcd290aa228
10348:             1             16  org.opensearch.index.mapper.TextParams$Analyzers$$Lambda/0x00007fcd290aa680
10349:             1             16  org.opensearch.index.mapper.TextParams$Analyzers$$Lambda/0x00007fcd290ae8a8
10350:             1             16  org.opensearch.index.mapper.TextParams$Analyzers$$Lambda/0x00007fcd290af588
10351:             1             16  org.opensearch.index.mapper.TextParams$Analyzers$$Lambda/0x00007fcd290af7b0
10352:             1             16  org.opensearch.index.mapper.TokenCountFieldMapper$$Lambda/0x00007fcd2874dd60
10353:             1             16  org.opensearch.index.mapper.VersionFieldMapper$$Lambda/0x00007fcd28730318
10354:             1             16  org.opensearch.index.mapper.WildcardFieldMapper$$Lambda/0x00007fcd28748d88
10355:             1             16  org.opensearch.index.query.BoolQueryBuilder$$Lambda/0x00007fcd291dd940
10356:             1             16  org.opensearch.index.query.BoolQueryBuilder$$Lambda/0x00007fcd291ddb58
10357:             1             16  org.opensearch.index.query.BoolQueryBuilder$$Lambda/0x00007fcd291ddd80
10358:             1             16  org.opensearch.index.query.BoolQueryBuilder$$Lambda/0x00007fcd291de3e8
10359:             1             16  org.opensearch.index.query.BoolQueryBuilder$$Lambda/0x00007fcd291de610
10360:             1             16  org.opensearch.index.query.BoolQueryBuilder$$Lambda/0x00007fcd291de828
10361:             1             16  org.opensearch.index.query.BoolQueryBuilder$$Lambda/0x00007fcd291dea50
10362:             1             16  org.opensearch.index.query.BoolQueryBuilder$$Lambda/0x00007fcd291dec68
10363:             1             16  org.opensearch.index.query.BoolQueryBuilder$$Lambda/0x00007fcd291dee90
10364:             1             16  org.opensearch.index.query.BoolQueryBuilder$$Lambda/0x00007fcd291df0a8
10365:             1             16  org.opensearch.index.query.BoolQueryBuilder$$Lambda/0x00007fcd291df2d0
10366:             1             16  org.opensearch.index.query.BoolQueryBuilder$$Lambda/0x00007fcd291df4f8
10367:             1             16  org.opensearch.index.query.BoolQueryBuilder$$Lambda/0x00007fcd291df710
10368:             1             16  org.opensearch.index.query.BoolQueryBuilder$$Lambda/0x00007fcd291df938
10369:             1             16  org.opensearch.index.query.BoolQueryBuilder$$Lambda/0x00007fcd291e6f40
10370:             1             16  org.opensearch.index.query.functionscore.ExponentialDecayFunctionBuilder$$Lambda/0x00007fcd28763000
10371:             1             16  org.opensearch.index.query.functionscore.ExponentialDecayFunctionBuilder$ExponentialDecayScoreFunction
10372:             1             16  org.opensearch.index.query.functionscore.GaussDecayFunctionBuilder$$Lambda/0x00007fcd28761d40
10373:             1             16  org.opensearch.index.query.functionscore.GaussDecayFunctionBuilder$GaussScoreFunction
10374:             1             16  org.opensearch.index.query.functionscore.LinearDecayFunctionBuilder$$Lambda/0x00007fcd287626a0
10375:             1             16  org.opensearch.index.query.functionscore.LinearDecayFunctionBuilder$LinearDecayScoreFunction
10376:             1             16  org.opensearch.index.rankeval.RankEvalAction$$Lambda/0x00007fcd28896f38
10377:             1             16  org.opensearch.index.rankeval.RankEvalNamedXContentProvider$$Lambda/0x00007fcd28893780
10378:             1             16  org.opensearch.index.rankeval.RankEvalNamedXContentProvider$$Lambda/0x00007fcd28893998
10379:             1             16  org.opensearch.index.rankeval.RankEvalNamedXContentProvider$$Lambda/0x00007fcd28893bb0
10380:             1             16  org.opensearch.index.rankeval.RankEvalNamedXContentProvider$$Lambda/0x00007fcd28893dc8
10381:             1             16  org.opensearch.index.rankeval.RankEvalNamedXContentProvider$$Lambda/0x00007fcd28896000
10382:             1             16  org.opensearch.index.rankeval.RankEvalNamedXContentProvider$$Lambda/0x00007fcd28896218
10383:             1             16  org.opensearch.index.rankeval.RankEvalNamedXContentProvider$$Lambda/0x00007fcd28896430
10384:             1             16  org.opensearch.index.rankeval.RankEvalNamedXContentProvider$$Lambda/0x00007fcd28896648
10385:             1             16  org.opensearch.index.rankeval.RankEvalNamedXContentProvider$$Lambda/0x00007fcd28896860
10386:             1             16  org.opensearch.index.rankeval.RankEvalNamedXContentProvider$$Lambda/0x00007fcd28896a78
10387:             1             16  org.opensearch.index.rankeval.RankEvalPlugin
10388:             1             16  org.opensearch.index.rankeval.RankEvalPlugin$$Lambda/0x00007fcd288904f8
10389:             1             16  org.opensearch.index.rankeval.RankEvalPlugin$$Lambda/0x00007fcd28890a08
10390:             1             16  org.opensearch.index.rankeval.RankEvalPlugin$$Lambda/0x00007fcd28890f18
10391:             1             16  org.opensearch.index.rankeval.RankEvalPlugin$$Lambda/0x00007fcd28891438
10392:             1             16  org.opensearch.index.rankeval.RankEvalPlugin$$Lambda/0x00007fcd28891960
10393:             1             16  org.opensearch.index.rankeval.RankEvalPlugin$$Lambda/0x00007fcd28892000
10394:             1             16  org.opensearch.index.rankeval.RankEvalPlugin$$Lambda/0x00007fcd288924d8
10395:             1             16  org.opensearch.index.rankeval.RankEvalPlugin$$Lambda/0x00007fcd288929a8
10396:             1             16  org.opensearch.index.rankeval.RankEvalPlugin$$Lambda/0x00007fcd28892e78
10397:             1             16  org.opensearch.index.rankeval.RankEvalPlugin$$Lambda/0x00007fcd28893348
10398:             1             16  org.opensearch.index.rankeval.TransportRankEvalAction$$Lambda/0x00007fcd288976b0
10399:             1             16  org.opensearch.index.reindex.DeleteByQueryAction$$Lambda/0x00007fcd28bfc6f0
10400:             1             16  org.opensearch.index.reindex.ReindexAction$$Lambda/0x00007fcd28bfc2c0
10401:             1             16  org.opensearch.index.reindex.ReindexPlugin
10402:             1             16  org.opensearch.index.reindex.ReindexPlugin$$Lambda/0x00007fcd28549ad8
10403:             1             16  org.opensearch.index.reindex.RethrottleAction$$Lambda/0x00007fcd289006b8
10404:             1             16  org.opensearch.index.reindex.TransportDeleteByQueryAction$$Lambda/0x00007fcd28900e10
10405:             1             16  org.opensearch.index.reindex.TransportReindexAction$$Lambda/0x00007fcd28901888
10406:             1             16  org.opensearch.index.reindex.TransportRethrottleAction$$Lambda/0x00007fcd28901028
10407:             1             16  org.opensearch.index.reindex.TransportRethrottleAction$$Lambda/0x00007fcd28901240
10408:             1             16  org.opensearch.index.reindex.TransportRethrottleAction$$Lambda/0x00007fcd28901458
10409:             1             16  org.opensearch.index.reindex.TransportUpdateByQueryAction$$Lambda/0x00007fcd28901670
10410:             1             16  org.opensearch.index.reindex.UpdateByQueryAction$$Lambda/0x00007fcd28bfc4d8
10411:             1             16  org.opensearch.index.remote.RemoteStorePressureService$BytesLagValidator
10412:             1             16  org.opensearch.index.remote.RemoteStorePressureService$ConsecutiveFailureValidator
10413:             1             16  org.opensearch.index.remote.RemoteStorePressureService$TimeLagValidator
10414:             1             16  org.opensearch.index.remote.RemoteStorePressureSettings$$Lambda/0x00007fcd28dce2b0
10415:             1             16  org.opensearch.index.remote.RemoteStorePressureSettings$$Lambda/0x00007fcd28dce4e0
10416:             1             16  org.opensearch.index.remote.RemoteStorePressureSettings$$Lambda/0x00007fcd28dce710
10417:             1             16  org.opensearch.index.remote.RemoteStorePressureSettings$$Lambda/0x00007fcd28dce940
10418:             1             16  org.opensearch.index.remote.RemoteStoreStatsTrackerFactory$$Lambda/0x00007fcd288c08c0
10419:             1             16  org.opensearch.index.search.QueryParserHelper$$Lambda/0x00007fcd292e0830
10420:             1             16  org.opensearch.index.search.stats.SearchStats$Stats$$Lambda/0x00007fcd293bf9a8
10421:             1             16  org.opensearch.index.search.stats.SearchStats$Stats$$Lambda/0x00007fcd293bfbc0
10422:             1             16  org.opensearch.index.seqno.GlobalCheckpointSyncAction$$Lambda/0x00007fcd28dbec78
10423:             1             16  org.opensearch.index.seqno.GlobalCheckpointSyncAction$$Lambda/0x00007fcd28dbee90
10424:             1             16  org.opensearch.index.seqno.GlobalCheckpointSyncAction$$Lambda/0x00007fcd293ae4e8
10425:             1             16  org.opensearch.index.seqno.LocalCheckpointTracker$$Lambda/0x00007fcd292c2228
10426:             1             16  org.opensearch.index.seqno.LocalCheckpointTracker$$Lambda/0x00007fcd292c2860
10427:             1             16  org.opensearch.index.seqno.ReplicationTracker$$Lambda/0x00007fcd293746f0
10428:             1             16  org.opensearch.index.seqno.ReplicationTracker$$Lambda/0x00007fcd29374928
10429:             1             16  org.opensearch.index.seqno.ReplicationTracker$$Lambda/0x00007fcd29375238
10430:             1             16  org.opensearch.index.seqno.ReplicationTracker$$Lambda/0x00007fcd29375480
10431:             1             16  org.opensearch.index.seqno.ReplicationTracker$$Lambda/0x00007fcd293756b8
10432:             1             16  org.opensearch.index.seqno.ReplicationTracker$$Lambda/0x00007fcd29375900
10433:             1             16  org.opensearch.index.seqno.ReplicationTracker$$Lambda/0x00007fcd2937a298
10434:             1             16  org.opensearch.index.seqno.ReplicationTracker$$Lambda/0x00007fcd293a7238
10435:             1             16  org.opensearch.index.seqno.ReplicationTracker$$Lambda/0x00007fcd293a76d0
10436:             1             16  org.opensearch.index.seqno.ReplicationTracker$$Lambda/0x00007fcd293a7b48
10437:             1             16  org.opensearch.index.seqno.RetentionLease$$Lambda/0x00007fcd2927fda0
10438:             1             16  org.opensearch.index.seqno.RetentionLeaseActions$Add$$Lambda/0x00007fcd28c90438
10439:             1             16  org.opensearch.index.seqno.RetentionLeaseActions$Add$TransportAction$$Lambda/0x00007fcd28e20cf0
10440:             1             16  org.opensearch.index.seqno.RetentionLeaseActions$Remove$$Lambda/0x00007fcd28c91020
10441:             1             16  org.opensearch.index.seqno.RetentionLeaseActions$Remove$TransportAction$$Lambda/0x00007fcd28f5f570
10442:             1             16  org.opensearch.index.seqno.RetentionLeaseActions$Renew$$Lambda/0x00007fcd28c90b70
10443:             1             16  org.opensearch.index.seqno.RetentionLeaseActions$Renew$TransportAction$$Lambda/0x00007fcd28efe7e0
10444:             1             16  org.opensearch.index.seqno.RetentionLeaseBackgroundSyncAction$$Lambda/0x00007fcd28dbf710
10445:             1             16  org.opensearch.index.seqno.RetentionLeaseBackgroundSyncAction$$Lambda/0x00007fcd28dbf928
10446:             1             16  org.opensearch.index.seqno.RetentionLeaseSyncAction$$Lambda/0x00007fcd28dbf0a8
10447:             1             16  org.opensearch.index.seqno.RetentionLeaseSyncAction$$Lambda/0x00007fcd28dbf2c0
10448:             1             16  org.opensearch.index.seqno.RetentionLeaseSyncAction$$Lambda/0x00007fcd28dbf4d8
10449:             1             16  org.opensearch.index.seqno.RetentionLeaseSyncer$$Lambda/0x00007fcd28dbfb40
10450:             1             16  org.opensearch.index.seqno.RetentionLeaseSyncer$$Lambda/0x00007fcd28dbfd58
10451:             1             16  org.opensearch.index.seqno.RetentionLeaseSyncer$$Lambda/0x00007fcd28dcc000
10452:             1             16  org.opensearch.index.seqno.RetentionLeaseSyncer$$Lambda/0x00007fcd28dcc220
10453:             1             16  org.opensearch.index.seqno.RetentionLeases$$Lambda/0x00007fcd29276788
10454:             1             16  org.opensearch.index.seqno.RetentionLeases$$Lambda/0x00007fcd292769c0
10455:             1             16  org.opensearch.index.seqno.RetentionLeases$$Lambda/0x00007fcd29276c00
10456:             1             16  org.opensearch.index.seqno.RetentionLeases$$Lambda/0x00007fcd29276e18
10457:             1             16  org.opensearch.index.seqno.RetentionLeases$$Lambda/0x00007fcd29277050
10458:             1             16  org.opensearch.index.seqno.RetentionLeases$$Lambda/0x00007fcd2932aba8
10459:             1             16  org.opensearch.index.shard.IndexShard$$Lambda/0x00007fcd29205be0
10460:             1             16  org.opensearch.index.shard.IndexShard$$Lambda/0x00007fcd293e15e0
10461:             1             16  org.opensearch.index.shard.IndexingStats
10462:             1             16  org.opensearch.index.shard.IndexingStats$Stats$DocStatusStats
10463:             1             16  org.opensearch.index.shard.IndexingStats$Stats$DocStatusStats$$Lambda/0x00007fcd293bf790
10464:             1             16  org.opensearch.index.similarity.ScriptedSimilarityProvider
10465:             1             16  org.opensearch.index.similarity.SimilarityService$$Lambda/0x00007fcd2909a000
10466:             1             16  org.opensearch.index.similarity.SimilarityService$$Lambda/0x00007fcd2909a218
10467:             1             16  org.opensearch.index.similarity.SimilarityService$$Lambda/0x00007fcd2909ec10
10468:             1             16  org.opensearch.index.similarity.SimilarityService$$Lambda/0x00007fcd2909ee48
10469:             1             16  org.opensearch.index.similarity.SimilarityService$$Lambda/0x00007fcd2909f080
10470:             1             16  org.opensearch.index.similarity.SimilarityService$$Lambda/0x00007fcd2909f2b8
10471:             1             16  org.opensearch.index.similarity.SimilarityService$$Lambda/0x00007fcd2909f4d0
10472:             1             16  org.opensearch.index.similarity.SimilarityService$$Lambda/0x00007fcd2909f6e8
10473:             1             16  org.opensearch.index.similarity.SimilarityService$$Lambda/0x00007fcd2909f900
10474:             1             16  org.opensearch.index.similarity.SimilarityService$$Lambda/0x00007fcd2909fb18
10475:             1             16  org.opensearch.index.similarity.SimilarityService$$Lambda/0x00007fcd2909fd30
10476:             1             16  org.opensearch.index.similarity.SimilarityService$$Lambda/0x00007fcd290a0640
10477:             1             16  org.opensearch.index.store.FsDirectoryFactory
10478:             1             16  org.opensearch.index.store.FsDirectoryFactory$$Lambda/0x00007fcd2848fcc8
10479:             1             16  org.opensearch.index.store.Store$$Lambda/0x00007fcd29379c10
10480:             1             16  org.opensearch.index.translog.BufferedChecksumStreamInput$$Lambda/0x00007fcd2927d228
10481:             1             16  org.opensearch.index.translog.MultiSnapshot$$Lambda/0x00007fcd2932bca0
10482:             1             16  org.opensearch.index.translog.ReplicationTranslogDeletionPolicy$Companion
10483:             1             16  org.opensearch.index.translog.Translog$$Lambda/0x00007fcd292cb1e0
10484:             1             16  org.opensearch.index.translog.Translog$$Lambda/0x00007fcd29328b28
10485:             1             16  org.opensearch.index.translog.Translog$$Lambda/0x00007fcd2932afd8
10486:             1             16  org.opensearch.index.translog.Translog$$Lambda/0x00007fcd2932b5f0
10487:             1             16  org.opensearch.index.translog.Translog$$Lambda/0x00007fcd2932b808
10488:             1             16  org.opensearch.index.translog.Translog$$Lambda/0x00007fcd29345e08
10489:             1             16  org.opensearch.index.translog.Translog$$Lambda/0x00007fcd293bef68
10490:             1             16  org.opensearch.index.translog.TranslogDeletionPolicy$$Lambda/0x00007fcd29346d70
10491:             1             16  org.opensearch.index.translog.listener.TranslogEventListener$1
10492:             1             16  org.opensearch.indexmanagement.GuiceHolder
10493:             1             16  org.opensearch.indexmanagement.GuiceHolder$Companion
10494:             1             16  org.opensearch.indexmanagement.IndexManagementIndices$$Lambda/0x00007fcd28aaa9a8
10495:             1             16  org.opensearch.indexmanagement.IndexManagementIndices$$Lambda/0x00007fcd28aaabd8
10496:             1             16  org.opensearch.indexmanagement.IndexManagementIndices$Companion
10497:             1             16  org.opensearch.indexmanagement.IndexManagementPlugin$$Lambda/0x00007fcd2847c800
10498:             1             16  org.opensearch.indexmanagement.IndexManagementPlugin$Companion
10499:             1             16  org.opensearch.indexmanagement.IndexManagementRunner
10500:             1             16  org.opensearch.indexmanagement.controlcenter.notification.ControlCenterIndices$Companion
10501:             1             16  org.opensearch.indexmanagement.controlcenter.notification.action.delete.DeleteLRONConfigAction$$Lambda/0x00007fcd28c4aea8
10502:             1             16  org.opensearch.indexmanagement.controlcenter.notification.action.delete.DeleteLRONConfigAction$Companion
10503:             1             16  org.opensearch.indexmanagement.controlcenter.notification.action.delete.TransportDeleteLRONConfigAction$$Lambda/0x00007fcd28dab5d0
10504:             1             16  org.opensearch.indexmanagement.controlcenter.notification.action.get.GetLRONConfigAction$$Lambda/0x00007fcd28c4a660
10505:             1             16  org.opensearch.indexmanagement.controlcenter.notification.action.get.GetLRONConfigAction$Companion
10506:             1             16  org.opensearch.indexmanagement.controlcenter.notification.action.get.TransportGetLRONConfigAction$$Lambda/0x00007fcd28ef7218
10507:             1             16  org.opensearch.indexmanagement.controlcenter.notification.action.index.IndexLRONConfigAction$$Lambda/0x00007fcd28c49b90
10508:             1             16  org.opensearch.indexmanagement.controlcenter.notification.action.index.IndexLRONConfigAction$Companion
10509:             1             16  org.opensearch.indexmanagement.controlcenter.notification.action.index.TransportIndexLRONConfigAction$$Lambda/0x00007fcd28da8b18
10510:             1             16  org.opensearch.indexmanagement.indexstatemanagement.DefaultIndexMetadataService
10511:             1             16  org.opensearch.indexmanagement.indexstatemanagement.DefaultIndexMetadataService$Companion
10512:             1             16  org.opensearch.indexmanagement.indexstatemanagement.ISMActionsParser$Companion
10513:             1             16  org.opensearch.indexmanagement.indexstatemanagement.ISMActionsParser$Companion$instance$2
10514:             1             16  org.opensearch.indexmanagement.indexstatemanagement.ISMActionsParser$HOLDER
10515:             1             16  org.opensearch.indexmanagement.indexstatemanagement.IndexMetadataProvider$$Lambda/0x00007fcd28aae218
10516:             1             16  org.opensearch.indexmanagement.indexstatemanagement.IndexMetadataProvider$Companion
10517:             1             16  org.opensearch.indexmanagement.indexstatemanagement.IndexStateManagementHistory$$Lambda/0x00007fcd28aab6a0
10518:             1             16  org.opensearch.indexmanagement.indexstatemanagement.IndexStateManagementHistory$$Lambda/0x00007fcd28aab8d0
10519:             1             16  org.opensearch.indexmanagement.indexstatemanagement.IndexStateManagementHistory$$Lambda/0x00007fcd28aabb00
10520:             1             16  org.opensearch.indexmanagement.indexstatemanagement.IndexStateManagementHistory$$Lambda/0x00007fcd28aabd30
10521:             1             16  org.opensearch.indexmanagement.indexstatemanagement.IndexStateManagementHistory$$Lambda/0x00007fcd28aabf60
10522:             1             16  org.opensearch.indexmanagement.indexstatemanagement.IndexStateManagementHistory$$Lambda/0x00007fcd28aac190
10523:             1             16  org.opensearch.indexmanagement.indexstatemanagement.IndexStateManagementHistory$$Lambda/0x00007fcd28aac3c0
10524:             1             16  org.opensearch.indexmanagement.indexstatemanagement.ManagedIndexCoordinator$$Lambda/0x00007fcd28aafc88
10525:             1             16  org.opensearch.indexmanagement.indexstatemanagement.ManagedIndexCoordinator$$Lambda/0x00007fcd28ab0000
10526:             1             16  org.opensearch.indexmanagement.indexstatemanagement.ManagedIndexCoordinator$$Lambda/0x00007fcd28ab0230
10527:             1             16  org.opensearch.indexmanagement.indexstatemanagement.ManagedIndexCoordinator$$Lambda/0x00007fcd28ab0460
10528:             1             16  org.opensearch.indexmanagement.indexstatemanagement.ManagedIndexCoordinator$$Lambda/0x00007fcd28ab0690
10529:             1             16  org.opensearch.indexmanagement.indexstatemanagement.ManagedIndexCoordinator$$Lambda/0x00007fcd28ab08c0
10530:             1             16  org.opensearch.indexmanagement.indexstatemanagement.ManagedIndexCoordinator$$Lambda/0x00007fcd28ab0af0
10531:             1             16  org.opensearch.indexmanagement.indexstatemanagement.ManagedIndexCoordinator$Companion
10532:             1             16  org.opensearch.indexmanagement.indexstatemanagement.ManagedIndexRunner
10533:             1             16  org.opensearch.indexmanagement.indexstatemanagement.ManagedIndexRunner$$Lambda/0x00007fcd28aae888
10534:             1             16  org.opensearch.indexmanagement.indexstatemanagement.ManagedIndexRunner$$Lambda/0x00007fcd28aaeab0
10535:             1             16  org.opensearch.indexmanagement.indexstatemanagement.ManagedIndexRunner$$Lambda/0x00007fcd28aaecd8
10536:             1             16  org.opensearch.indexmanagement.indexstatemanagement.ManagedIndexRunner$$Lambda/0x00007fcd28aaef00
10537:             1             16  org.opensearch.indexmanagement.indexstatemanagement.PluginVersionSweepCoordinator$$Lambda/0x00007fcd28ab11c0
10538:             1             16  org.opensearch.indexmanagement.indexstatemanagement.PluginVersionSweepCoordinator$$Lambda/0x00007fcd29022100
10539:             1             16  org.opensearch.indexmanagement.indexstatemanagement.action.AllocationActionParser
10540:             1             16  org.opensearch.indexmanagement.indexstatemanagement.action.CloseActionParser
10541:             1             16  org.opensearch.indexmanagement.indexstatemanagement.action.DeleteActionParser
10542:             1             16  org.opensearch.indexmanagement.indexstatemanagement.action.ForceMergeActionParser
10543:             1             16  org.opensearch.indexmanagement.indexstatemanagement.action.IndexPriorityActionParser
10544:             1             16  org.opensearch.indexmanagement.indexstatemanagement.action.NotificationActionParser
10545:             1             16  org.opensearch.indexmanagement.indexstatemanagement.action.OpenActionParser
10546:             1             16  org.opensearch.indexmanagement.indexstatemanagement.action.ReadOnlyActionParser
10547:             1             16  org.opensearch.indexmanagement.indexstatemanagement.action.ReadWriteActionParser
10548:             1             16  org.opensearch.indexmanagement.indexstatemanagement.action.ReplicaCountActionParser
10549:             1             16  org.opensearch.indexmanagement.indexstatemanagement.action.RolloverActionParser
10550:             1             16  org.opensearch.indexmanagement.indexstatemanagement.action.RollupActionParser
10551:             1             16  org.opensearch.indexmanagement.indexstatemanagement.action.ShrinkActionParser
10552:             1             16  org.opensearch.indexmanagement.indexstatemanagement.action.SnapshotActionParser
10553:             1             16  org.opensearch.indexmanagement.indexstatemanagement.action.TransformActionParser
10554:             1             16  org.opensearch.indexmanagement.indexstatemanagement.resthandler.RestAddPolicyAction$Companion
10555:             1             16  org.opensearch.indexmanagement.indexstatemanagement.resthandler.RestChangePolicyAction$Companion
10556:             1             16  org.opensearch.indexmanagement.indexstatemanagement.resthandler.RestExplainAction$Companion
10557:             1             16  org.opensearch.indexmanagement.indexstatemanagement.resthandler.RestIndexPolicyAction$$Lambda/0x00007fcd28fb5dc8
10558:             1             16  org.opensearch.indexmanagement.indexstatemanagement.resthandler.RestRemovePolicyAction$Companion
10559:             1             16  org.opensearch.indexmanagement.indexstatemanagement.resthandler.RestRetryFailedManagedIndexAction$Companion
10560:             1             16  org.opensearch.indexmanagement.indexstatemanagement.settings.LegacyOpenDistroManagedIndexSettings$Companion
10561:             1             16  org.opensearch.indexmanagement.indexstatemanagement.settings.ManagedIndexSettings$Companion
10562:             1             16  org.opensearch.indexmanagement.indexstatemanagement.transport.action.addpolicy.AddPolicyAction$$Lambda/0x00007fcd28ab3b10
10563:             1             16  org.opensearch.indexmanagement.indexstatemanagement.transport.action.addpolicy.AddPolicyAction$Companion
10564:             1             16  org.opensearch.indexmanagement.indexstatemanagement.transport.action.addpolicy.TransportAddPolicyAction$$Lambda/0x00007fcd28da95c0
10565:             1             16  org.opensearch.indexmanagement.indexstatemanagement.transport.action.addpolicy.TransportAddPolicyAction$$Lambda/0x00007fcd28da97d8
10566:             1             16  org.opensearch.indexmanagement.indexstatemanagement.transport.action.addpolicy.TransportAddPolicyAction$$Lambda/0x00007fcd28da9a08
10567:             1             16  org.opensearch.indexmanagement.indexstatemanagement.transport.action.addpolicy.TransportAddPolicyAction$$Lambda/0x00007fcd28da9c38
10568:             1             16  org.opensearch.indexmanagement.indexstatemanagement.transport.action.addpolicy.TransportAddPolicyAction$Companion
10569:             1             16  org.opensearch.indexmanagement.indexstatemanagement.transport.action.changepolicy.ChangePolicyAction$$Lambda/0x00007fcd28c38c68
10570:             1             16  org.opensearch.indexmanagement.indexstatemanagement.transport.action.changepolicy.ChangePolicyAction$Companion
10571:             1             16  org.opensearch.indexmanagement.indexstatemanagement.transport.action.changepolicy.TransportChangePolicyAction$$Lambda/0x00007fcd28daba00
10572:             1             16  org.opensearch.indexmanagement.indexstatemanagement.transport.action.changepolicy.TransportChangePolicyAction$$Lambda/0x00007fcd28dabc18
10573:             1             16  org.opensearch.indexmanagement.indexstatemanagement.transport.action.deletepolicy.DeletePolicyAction$$Lambda/0x00007fcd28c3aa58
10574:             1             16  org.opensearch.indexmanagement.indexstatemanagement.transport.action.deletepolicy.DeletePolicyAction$Companion
10575:             1             16  org.opensearch.indexmanagement.indexstatemanagement.transport.action.deletepolicy.TransportDeletePolicyAction$$Lambda/0x00007fcd28f07b98
10576:             1             16  org.opensearch.indexmanagement.indexstatemanagement.transport.action.deletepolicy.TransportDeletePolicyAction$$Lambda/0x00007fcd28f07db0
10577:             1             16  org.opensearch.indexmanagement.indexstatemanagement.transport.action.explain.ExplainAction$$Lambda/0x00007fcd28c3a210
10578:             1             16  org.opensearch.indexmanagement.indexstatemanagement.transport.action.explain.ExplainAction$Companion
10579:             1             16  org.opensearch.indexmanagement.indexstatemanagement.transport.action.explain.TransportExplainAction$$Lambda/0x00007fcd28f07768
10580:             1             16  org.opensearch.indexmanagement.indexstatemanagement.transport.action.explain.TransportExplainAction$Companion
10581:             1             16  org.opensearch.indexmanagement.indexstatemanagement.transport.action.getpolicy.GetPoliciesAction$$Lambda/0x00007fcd28c3bff8
10582:             1             16  org.opensearch.indexmanagement.indexstatemanagement.transport.action.getpolicy.GetPoliciesAction$Companion
10583:             1             16  org.opensearch.indexmanagement.indexstatemanagement.transport.action.getpolicy.GetPolicyAction$$Lambda/0x00007fcd28c3b528
10584:             1             16  org.opensearch.indexmanagement.indexstatemanagement.transport.action.getpolicy.GetPolicyAction$Companion
10585:             1             16  org.opensearch.indexmanagement.indexstatemanagement.transport.action.getpolicy.TransportGetPoliciesAction$$Lambda/0x00007fcd28daa2b0
10586:             1             16  org.opensearch.indexmanagement.indexstatemanagement.transport.action.getpolicy.TransportGetPoliciesAction$$Lambda/0x00007fcd28daa4c8
10587:             1             16  org.opensearch.indexmanagement.indexstatemanagement.transport.action.getpolicy.TransportGetPolicyAction$$Lambda/0x00007fcd28f06ef0
10588:             1             16  org.opensearch.indexmanagement.indexstatemanagement.transport.action.getpolicy.TransportGetPolicyAction$$Lambda/0x00007fcd28f07108
10589:             1             16  org.opensearch.indexmanagement.indexstatemanagement.transport.action.indexpolicy.IndexPolicyAction$$Lambda/0x00007fcd28c39738
10590:             1             16  org.opensearch.indexmanagement.indexstatemanagement.transport.action.indexpolicy.IndexPolicyAction$Companion
10591:             1             16  org.opensearch.indexmanagement.indexstatemanagement.transport.action.indexpolicy.TransportIndexPolicyAction$$Lambda/0x00007fcd28f548d0
10592:             1             16  org.opensearch.indexmanagement.indexstatemanagement.transport.action.indexpolicy.TransportIndexPolicyAction$$Lambda/0x00007fcd28f54ae8
10593:             1             16  org.opensearch.indexmanagement.indexstatemanagement.transport.action.managedIndex.ManagedIndexAction$$Lambda/0x00007fcd28c46448
10594:             1             16  org.opensearch.indexmanagement.indexstatemanagement.transport.action.managedIndex.ManagedIndexAction$Companion
10595:             1             16  org.opensearch.indexmanagement.indexstatemanagement.transport.action.managedIndex.TransportManagedIndexAction$$Lambda/0x00007fcd28f06230
10596:             1             16  org.opensearch.indexmanagement.indexstatemanagement.transport.action.removepolicy.RemovePolicyAction$$Lambda/0x00007fcd28ab2770
10597:             1             16  org.opensearch.indexmanagement.indexstatemanagement.transport.action.removepolicy.RemovePolicyAction$Companion
10598:             1             16  org.opensearch.indexmanagement.indexstatemanagement.transport.action.removepolicy.TransportRemovePolicyAction$$Lambda/0x00007fcd28f06448
10599:             1             16  org.opensearch.indexmanagement.indexstatemanagement.transport.action.retryfailedmanagedindex.RetryFailedManagedIndexAction$$Lambda/0x00007fcd28c38420
10600:             1             16  org.opensearch.indexmanagement.indexstatemanagement.transport.action.retryfailedmanagedindex.RetryFailedManagedIndexAction$Companion
10601:             1             16  org.opensearch.indexmanagement.indexstatemanagement.transport.action.retryfailedmanagedindex.TransportRetryFailedManagedIndexAction$$Lambda/0x00007fcd28f55e38
10602:             1             16  org.opensearch.indexmanagement.indexstatemanagement.transport.action.updateindexmetadata.TransportUpdateManagedIndexMetaDataAction$$Lambda/0x00007fcd28f54000
10603:             1             16  org.opensearch.indexmanagement.indexstatemanagement.transport.action.updateindexmetadata.TransportUpdateManagedIndexMetaDataAction$Companion
10604:             1             16  org.opensearch.indexmanagement.indexstatemanagement.transport.action.updateindexmetadata.TransportUpdateManagedIndexMetaDataAction$ManagedIndexMetaDataExecutor
10605:             1             16  org.opensearch.indexmanagement.indexstatemanagement.transport.action.updateindexmetadata.UpdateManagedIndexMetaDataAction$$Lambda/0x00007fcd28ab1c38
10606:             1             16  org.opensearch.indexmanagement.indexstatemanagement.transport.action.updateindexmetadata.UpdateManagedIndexMetaDataAction$Companion
10607:             1             16  org.opensearch.indexmanagement.refreshanalyzer.RefreshSearchAnalyzerAction$$Lambda/0x00007fcd28ab3278
10608:             1             16  org.opensearch.indexmanagement.refreshanalyzer.RefreshSearchAnalyzerAction$Companion
10609:             1             16  org.opensearch.indexmanagement.refreshanalyzer.RestRefreshSearchAnalyzerAction$Companion
10610:             1             16  org.opensearch.indexmanagement.refreshanalyzer.TransportRefreshSearchAnalyzerAction$$Lambda/0x00007fcd28dab7e8
10611:             1             16  org.opensearch.indexmanagement.rollup.RollupIndexer$$Lambda/0x00007fcd28aa92c8
10612:             1             16  org.opensearch.indexmanagement.rollup.RollupMapperService$Companion
10613:             1             16  org.opensearch.indexmanagement.rollup.RollupRunner
10614:             1             16  org.opensearch.indexmanagement.rollup.RollupSearchService$$Lambda/0x00007fcd28aa9700
10615:             1             16  org.opensearch.indexmanagement.rollup.RollupSearchService$$Lambda/0x00007fcd28aa9930
10616:             1             16  org.opensearch.indexmanagement.rollup.action.delete.DeleteRollupAction$$Lambda/0x00007fcd28c3c840
10617:             1             16  org.opensearch.indexmanagement.rollup.action.delete.DeleteRollupAction$Companion
10618:             1             16  org.opensearch.indexmanagement.rollup.action.delete.TransportDeleteRollupAction$$Lambda/0x00007fcd28f56498
10619:             1             16  org.opensearch.indexmanagement.rollup.action.delete.TransportDeleteRollupAction$$Lambda/0x00007fcd28f566b0
10620:             1             16  org.opensearch.indexmanagement.rollup.action.explain.ExplainRollupAction$$Lambda/0x00007fcd28c40480
10621:             1             16  org.opensearch.indexmanagement.rollup.action.explain.ExplainRollupAction$Companion
10622:             1             16  org.opensearch.indexmanagement.rollup.action.explain.TransportExplainRollupAction$$Lambda/0x00007fcd28da86d0
10623:             1             16  org.opensearch.indexmanagement.rollup.action.explain.TransportExplainRollupAction$$Lambda/0x00007fcd28da88e8
10624:             1             16  org.opensearch.indexmanagement.rollup.action.get.GetRollupAction$$Lambda/0x00007fcd28c3d310
10625:             1             16  org.opensearch.indexmanagement.rollup.action.get.GetRollupAction$Companion
10626:             1             16  org.opensearch.indexmanagement.rollup.action.get.GetRollupsAction$$Lambda/0x00007fcd28c3dde0
10627:             1             16  org.opensearch.indexmanagement.rollup.action.get.GetRollupsAction$Companion
10628:             1             16  org.opensearch.indexmanagement.rollup.action.get.TransportGetRollupAction$$Lambda/0x00007fcd28ef7cc0
10629:             1             16  org.opensearch.indexmanagement.rollup.action.get.TransportGetRollupAction$$Lambda/0x00007fcd28f06000
10630:             1             16  org.opensearch.indexmanagement.rollup.action.get.TransportGetRollupsAction$$Lambda/0x00007fcd28daad40
10631:             1             16  org.opensearch.indexmanagement.rollup.action.get.TransportGetRollupsAction$$Lambda/0x00007fcd28daaf58
10632:             1             16  org.opensearch.indexmanagement.rollup.action.index.IndexRollupAction$$Lambda/0x00007fcd28c3e8b0
10633:             1             16  org.opensearch.indexmanagement.rollup.action.index.IndexRollupAction$Companion
10634:             1             16  org.opensearch.indexmanagement.rollup.action.index.TransportIndexRollupAction$$Lambda/0x00007fcd28f55160
10635:             1             16  org.opensearch.indexmanagement.rollup.action.index.TransportIndexRollupAction$$Lambda/0x00007fcd28f55378
10636:             1             16  org.opensearch.indexmanagement.rollup.action.mapping.TransportUpdateRollupMappingAction$$Lambda/0x00007fcd28f07980
10637:             1             16  org.opensearch.indexmanagement.rollup.action.mapping.UpdateRollupMappingAction$$Lambda/0x00007fcd28c40cc8
10638:             1             16  org.opensearch.indexmanagement.rollup.action.mapping.UpdateRollupMappingAction$Companion
10639:             1             16  org.opensearch.indexmanagement.rollup.action.start.StartRollupAction$$Lambda/0x00007fcd28c3f0f8
10640:             1             16  org.opensearch.indexmanagement.rollup.action.start.StartRollupAction$Companion
10641:             1             16  org.opensearch.indexmanagement.rollup.action.start.TransportStartRollupAction$$Lambda/0x00007fcd28f56d28
10642:             1             16  org.opensearch.indexmanagement.rollup.action.start.TransportStartRollupAction$$Lambda/0x00007fcd28f56f40
10643:             1             16  org.opensearch.indexmanagement.rollup.action.stop.StopRollupAction$$Lambda/0x00007fcd28c3f940
10644:             1             16  org.opensearch.indexmanagement.rollup.action.stop.StopRollupAction$Companion
10645:             1             16  org.opensearch.indexmanagement.rollup.action.stop.TransportStopRollupAction$$Lambda/0x00007fcd28da9e68
10646:             1             16  org.opensearch.indexmanagement.rollup.action.stop.TransportStopRollupAction$$Lambda/0x00007fcd28daa080
10647:             1             16  org.opensearch.indexmanagement.rollup.actionfilter.FieldCapsFilter$$Lambda/0x00007fcd28aa7630
10648:             1             16  org.opensearch.indexmanagement.rollup.interceptor.RollupInterceptor$$Lambda/0x00007fcd28585e40
10649:             1             16  org.opensearch.indexmanagement.rollup.interceptor.RollupInterceptor$$Lambda/0x00007fcd28586070
10650:             1             16  org.opensearch.indexmanagement.rollup.settings.LegacyOpenDistroRollupSettings$Companion
10651:             1             16  org.opensearch.indexmanagement.rollup.settings.RollupSettings$Companion
10652:             1             16  org.opensearch.indexmanagement.rollup.util.QueryShardContextFactory
10653:             1             16  org.opensearch.indexmanagement.rollup.util.RollupFieldValueExpressionResolver
10654:             1             16  org.opensearch.indexmanagement.rollup.util.RollupFieldValueExpressionResolver$IndexAliasUtils
10655:             1             16  org.opensearch.indexmanagement.settings.IndexManagementSettings$Companion
10656:             1             16  org.opensearch.indexmanagement.snapshotmanagement.SMRunner
10657:             1             16  org.opensearch.indexmanagement.snapshotmanagement.api.transport.SMActions
10658:             1             16  org.opensearch.indexmanagement.snapshotmanagement.api.transport.SMActions$$Lambda/0x00007fcd28c46cf8
10659:             1             16  org.opensearch.indexmanagement.snapshotmanagement.api.transport.SMActions$$Lambda/0x00007fcd28c47198
10660:             1             16  org.opensearch.indexmanagement.snapshotmanagement.api.transport.SMActions$$Lambda/0x00007fcd28c47638
10661:             1             16  org.opensearch.indexmanagement.snapshotmanagement.api.transport.SMActions$$Lambda/0x00007fcd28c47850
10662:             1             16  org.opensearch.indexmanagement.snapshotmanagement.api.transport.SMActions$$Lambda/0x00007fcd28c47ce8
10663:             1             16  org.opensearch.indexmanagement.snapshotmanagement.api.transport.SMActions$$Lambda/0x00007fcd28c48000
10664:             1             16  org.opensearch.indexmanagement.snapshotmanagement.api.transport.SMActions$$Lambda/0x00007fcd28c48218
10665:             1             16  org.opensearch.indexmanagement.snapshotmanagement.api.transport.delete.TransportDeleteSMPolicyAction$$Lambda/0x00007fcd28f06660
10666:             1             16  org.opensearch.indexmanagement.snapshotmanagement.api.transport.delete.TransportDeleteSMPolicyAction$$Lambda/0x00007fcd28f06878
10667:             1             16  org.opensearch.indexmanagement.snapshotmanagement.api.transport.delete.TransportDeleteSMPolicyAction$Companion
10668:             1             16  org.opensearch.indexmanagement.snapshotmanagement.api.transport.explain.TransportExplainSMAction$$Lambda/0x00007fcd28f54488
10669:             1             16  org.opensearch.indexmanagement.snapshotmanagement.api.transport.explain.TransportExplainSMAction$$Lambda/0x00007fcd28f546a0
10670:             1             16  org.opensearch.indexmanagement.snapshotmanagement.api.transport.get.TransportGetSMPoliciesAction$$Lambda/0x00007fcd28f54d18
10671:             1             16  org.opensearch.indexmanagement.snapshotmanagement.api.transport.get.TransportGetSMPoliciesAction$$Lambda/0x00007fcd28f54f30
10672:             1             16  org.opensearch.indexmanagement.snapshotmanagement.api.transport.get.TransportGetSMPolicyAction$$Lambda/0x00007fcd28f06aa8
10673:             1             16  org.opensearch.indexmanagement.snapshotmanagement.api.transport.get.TransportGetSMPolicyAction$$Lambda/0x00007fcd28f06cc0
10674:             1             16  org.opensearch.indexmanagement.snapshotmanagement.api.transport.index.TransportIndexSMPolicyAction$$Lambda/0x00007fcd28daa6f8
10675:             1             16  org.opensearch.indexmanagement.snapshotmanagement.api.transport.index.TransportIndexSMPolicyAction$$Lambda/0x00007fcd28daab10
10676:             1             16  org.opensearch.indexmanagement.snapshotmanagement.api.transport.start.TransportStartSMAction$$Lambda/0x00007fcd28ef7878
10677:             1             16  org.opensearch.indexmanagement.snapshotmanagement.api.transport.start.TransportStartSMAction$$Lambda/0x00007fcd28ef7a90
10678:             1             16  org.opensearch.indexmanagement.snapshotmanagement.api.transport.start.TransportStartSMAction$Companion
10679:             1             16  org.opensearch.indexmanagement.snapshotmanagement.api.transport.stop.TransportStopSMAction$$Lambda/0x00007fcd28ef7430
10680:             1             16  org.opensearch.indexmanagement.snapshotmanagement.api.transport.stop.TransportStopSMAction$$Lambda/0x00007fcd28ef7648
10681:             1             16  org.opensearch.indexmanagement.snapshotmanagement.api.transport.stop.TransportStopSMAction$Companion
10682:             1             16  org.opensearch.indexmanagement.snapshotmanagement.settings.SnapshotManagementSettings$Companion
10683:             1             16  org.opensearch.indexmanagement.transform.TargetIndexMappingService
10684:             1             16  org.opensearch.indexmanagement.transform.TransformIndexer$$Lambda/0x00007fcd28aa6718
10685:             1             16  org.opensearch.indexmanagement.transform.TransformRunner
10686:             1             16  org.opensearch.indexmanagement.transform.TransformSearchService$$Lambda/0x00007fcd28aa59f8
10687:             1             16  org.opensearch.indexmanagement.transform.TransformSearchService$$Lambda/0x00007fcd28aa5c28
10688:             1             16  org.opensearch.indexmanagement.transform.TransformSearchService$Companion
10689:             1             16  org.opensearch.indexmanagement.transform.TransformValidator$$Lambda/0x00007fcd28aa6fa8
10690:             1             16  org.opensearch.indexmanagement.transform.TransformValidator$$Lambda/0x00007fcd28aa71d8
10691:             1             16  org.opensearch.indexmanagement.transform.TransformValidator$Companion
10692:             1             16  org.opensearch.indexmanagement.transform.action.delete.DeleteTransformsAction$$Lambda/0x00007fcd28c440a8
10693:             1             16  org.opensearch.indexmanagement.transform.action.delete.DeleteTransformsAction$Companion
10694:             1             16  org.opensearch.indexmanagement.transform.action.delete.TransportDeleteTransformsAction$$Lambda/0x00007fcd28dab188
10695:             1             16  org.opensearch.indexmanagement.transform.action.delete.TransportDeleteTransformsAction$$Lambda/0x00007fcd28dab3a0
10696:             1             16  org.opensearch.indexmanagement.transform.action.explain.ExplainTransformAction$$Lambda/0x00007fcd28c44b70
10697:             1             16  org.opensearch.indexmanagement.transform.action.explain.ExplainTransformAction$Companion
10698:             1             16  org.opensearch.indexmanagement.transform.action.explain.TransportExplainTransformAction$$Lambda/0x00007fcd28f568e0
10699:             1             16  org.opensearch.indexmanagement.transform.action.explain.TransportExplainTransformAction$$Lambda/0x00007fcd28f56af8
10700:             1             16  org.opensearch.indexmanagement.transform.action.get.GetTransformAction$$Lambda/0x00007fcd28c422c8
10701:             1             16  org.opensearch.indexmanagement.transform.action.get.GetTransformAction$Companion
10702:             1             16  org.opensearch.indexmanagement.transform.action.get.GetTransformsAction$$Lambda/0x00007fcd28c42d98
10703:             1             16  org.opensearch.indexmanagement.transform.action.get.GetTransformsAction$Companion
10704:             1             16  org.opensearch.indexmanagement.transform.action.get.TransportGetTransformAction$$Lambda/0x00007fcd28f56050
10705:             1             16  org.opensearch.indexmanagement.transform.action.get.TransportGetTransformAction$$Lambda/0x00007fcd28f56268
10706:             1             16  org.opensearch.indexmanagement.transform.action.get.TransportGetTransformsAction$$Lambda/0x00007fcd28da9178
10707:             1             16  org.opensearch.indexmanagement.transform.action.get.TransportGetTransformsAction$$Lambda/0x00007fcd28da9390
10708:             1             16  org.opensearch.indexmanagement.transform.action.index.IndexTransformAction$$Lambda/0x00007fcd28c417f8
10709:             1             16  org.opensearch.indexmanagement.transform.action.index.IndexTransformAction$Companion
10710:             1             16  org.opensearch.indexmanagement.transform.action.index.TransportIndexTransformAction$$Lambda/0x00007fcd28f555a8
10711:             1             16  org.opensearch.indexmanagement.transform.action.index.TransportIndexTransformAction$$Lambda/0x00007fcd28f557c0
10712:             1             16  org.opensearch.indexmanagement.transform.action.preview.PreviewTransformAction$$Lambda/0x00007fcd28c43860
10713:             1             16  org.opensearch.indexmanagement.transform.action.preview.PreviewTransformAction$Companion
10714:             1             16  org.opensearch.indexmanagement.transform.action.preview.TransportPreviewTransformAction$$Lambda/0x00007fcd28ef7000
10715:             1             16  org.opensearch.indexmanagement.transform.action.start.StartTransformAction$$Lambda/0x00007fcd28c453b8
10716:             1             16  org.opensearch.indexmanagement.transform.action.start.StartTransformAction$Companion
10717:             1             16  org.opensearch.indexmanagement.transform.action.start.TransportStartTransformAction$$Lambda/0x00007fcd28f559f0
10718:             1             16  org.opensearch.indexmanagement.transform.action.start.TransportStartTransformAction$$Lambda/0x00007fcd28f55c08
10719:             1             16  org.opensearch.indexmanagement.transform.action.stop.StopTransformAction$$Lambda/0x00007fcd28c45c00
10720:             1             16  org.opensearch.indexmanagement.transform.action.stop.StopTransformAction$Companion
10721:             1             16  org.opensearch.indexmanagement.transform.action.stop.TransportStopTransformAction$$Lambda/0x00007fcd28da8d30
10722:             1             16  org.opensearch.indexmanagement.transform.action.stop.TransportStopTransformAction$$Lambda/0x00007fcd28da8f48
10723:             1             16  org.opensearch.indexmanagement.transform.settings.TransformSettings$Companion
10724:             1             16  org.opensearch.indices.IndicesModule$$Lambda/0x00007fcd2874a0e8
10725:             1             16  org.opensearch.indices.IndicesModule$$Lambda/0x00007fcd2874a300
10726:             1             16  org.opensearch.indices.IndicesModule$$Lambda/0x00007fcd2874a518
10727:             1             16  org.opensearch.indices.IndicesModule$$Lambda/0x00007fcd2888d5d0
10728:             1             16  org.opensearch.indices.IndicesModule$$Lambda/0x00007fcd2888d7e8
10729:             1             16  org.opensearch.indices.IndicesModule$$Lambda/0x00007fcd2888da00
10730:             1             16  org.opensearch.indices.IndicesRequestCache$$Lambda/0x00007fcd2863ca38
10731:             1             16  org.opensearch.indices.IndicesRequestCache$$Lambda/0x00007fcd288c4140
10732:             1             16  org.opensearch.indices.IndicesRequestCache$$Lambda/0x00007fcd288c4838
10733:             1             16  org.opensearch.indices.IndicesRequestCache$$Lambda/0x00007fcd288c4f08
10734:             1             16  org.opensearch.indices.IndicesRequestCache$IndicesRequestCacheCleanupManager$$Lambda/0x00007fcd293d8900
10735:             1             16  org.opensearch.indices.IndicesRequestCache$IndicesRequestCacheCleanupManager$$Lambda/0x00007fcd293d8fb8
10736:             1             16  org.opensearch.indices.IndicesService$$Lambda/0x00007fcd2863d920
10737:             1             16  org.opensearch.indices.IndicesService$$Lambda/0x00007fcd288c38a8
10738:             1             16  org.opensearch.indices.IndicesService$$Lambda/0x00007fcd288c3ac8
10739:             1             16  org.opensearch.indices.IndicesService$$Lambda/0x00007fcd288c3ce0
10740:             1             16  org.opensearch.indices.IndicesService$$Lambda/0x00007fcd288c7868
10741:             1             16  org.opensearch.indices.IndicesService$$Lambda/0x00007fcd288c7cc8
10742:             1             16  org.opensearch.indices.IndicesService$$Lambda/0x00007fcd288c84a0
10743:             1             16  org.opensearch.indices.IndicesService$$Lambda/0x00007fcd288c8900
10744:             1             16  org.opensearch.indices.IndicesService$$Lambda/0x00007fcd2924c470
10745:             1             16  org.opensearch.indices.IndicesService$$Lambda/0x00007fcd292f8800
10746:             1             16  org.opensearch.indices.IndicesService$ClusterDefaultRefreshIntervalValidator
10747:             1             16  org.opensearch.indices.IndicesService$ClusterMinimumRefreshIntervalValidator
10748:             1             16  org.opensearch.indices.RemoteStoreSettings$$Lambda/0x00007fcd28705d50
10749:             1             16  org.opensearch.indices.RemoteStoreSettings$$Lambda/0x00007fcd28705f98
10750:             1             16  org.opensearch.indices.RemoteStoreSettings$$Lambda/0x00007fcd287061d0
10751:             1             16  org.opensearch.indices.RemoteStoreSettings$$Lambda/0x00007fcd28706408
10752:             1             16  org.opensearch.indices.RemoteStoreSettings$$Lambda/0x00007fcd288bcea8
10753:             1             16  org.opensearch.indices.RemoteStoreSettings$$Lambda/0x00007fcd288bd0d8
10754:             1             16  org.opensearch.indices.RemoteStoreSettings$$Lambda/0x00007fcd288bd308
10755:             1             16  org.opensearch.indices.RemoteStoreSettings$$Lambda/0x00007fcd288bd7a8
10756:             1             16  org.opensearch.indices.RemoteStoreSettings$$Lambda/0x00007fcd288bd9d8
10757:             1             16  org.opensearch.indices.RemoteStoreSettings$$Lambda/0x00007fcd288bdc08
10758:             1             16  org.opensearch.indices.RemoteStoreSettings$$Lambda/0x00007fcd288bde38
10759:             1             16  org.opensearch.indices.RemoteStoreSettings$$Lambda/0x00007fcd288be068
10760:             1             16  org.opensearch.indices.ShardLimitValidator$$Lambda/0x00007fcd288cb1d8
10761:             1             16  org.opensearch.indices.ShardLimitValidator$$Lambda/0x00007fcd288cb408
10762:             1             16  org.opensearch.indices.ShardLimitValidator$$Lambda/0x00007fcd288cb638
10763:             1             16  org.opensearch.indices.ShardLimitValidator$MaxShardPerClusterLimitValidator
10764:             1             16  org.opensearch.indices.ShardLimitValidator$MaxShardPerNodeLimitValidator
10765:             1             16  org.opensearch.indices.SystemIndices$$Lambda/0x00007fcd288b52a0
10766:             1             16  org.opensearch.indices.SystemIndices$$Lambda/0x00007fcd288b54d8
10767:             1             16  org.opensearch.indices.SystemIndices$$Lambda/0x00007fcd288b6af8
10768:             1             16  org.opensearch.indices.SystemIndices$$Lambda/0x00007fcd288b6d30
10769:             1             16  org.opensearch.indices.SystemIndices$$Lambda/0x00007fcd288b6f68
10770:             1             16  org.opensearch.indices.analysis.AnalysisModule$$Lambda/0x00007fcd28655540
10771:             1             16  org.opensearch.indices.analysis.AnalysisModule$$Lambda/0x00007fcd28656e08
10772:             1             16  org.opensearch.indices.analysis.AnalysisModule$$Lambda/0x00007fcd2865c000
10773:             1             16  org.opensearch.indices.analysis.AnalysisModule$$Lambda/0x00007fcd2865c740
10774:             1             16  org.opensearch.indices.analysis.AnalysisModule$$Lambda/0x00007fcd2865c978
10775:             1             16  org.opensearch.indices.analysis.AnalysisModule$$Lambda/0x00007fcd2865cbb8
10776:             1             16  org.opensearch.indices.analysis.AnalysisModule$$Lambda/0x00007fcd2867da38
10777:             1             16  org.opensearch.indices.analysis.AnalysisModule$$Lambda/0x00007fcd2867dc70
10778:             1             16  org.opensearch.indices.analysis.AnalysisModule$$Lambda/0x00007fcd28688518
10779:             1             16  org.opensearch.indices.analysis.AnalysisModule$$Lambda/0x00007fcd28688750
10780:             1             16  org.opensearch.indices.analysis.AnalysisModule$$Lambda/0x00007fcd28688e90
10781:             1             16  org.opensearch.indices.analysis.AnalysisModule$$Lambda/0x00007fcd286895d8
10782:             1             16  org.opensearch.indices.analysis.AnalysisModule$$Lambda/0x00007fcd28689d18
10783:             1             16  org.opensearch.indices.analysis.AnalysisModule$$Lambda/0x00007fcd2868a1e0
10784:             1             16  org.opensearch.indices.analysis.AnalysisModule$$Lambda/0x00007fcd2868a418
10785:             1             16  org.opensearch.indices.analysis.AnalysisModule$$Lambda/0x00007fcd2869c508
10786:             1             16  org.opensearch.indices.analysis.AnalysisModule$$Lambda/0x00007fcd2869db00
10787:             1             16  org.opensearch.indices.analysis.AnalysisModule$$Lambda/0x00007fcd2869e1c8
10788:             1             16  org.opensearch.indices.analysis.AnalysisModule$$Lambda/0x00007fcd2869f608
10789:             1             16  org.opensearch.indices.analysis.AnalysisModule$1
10790:             1             16  org.opensearch.indices.breaker.BreakerSettings$$Lambda/0x00007fcd286c9680
10791:             1             16  org.opensearch.indices.breaker.BreakerSettings$$Lambda/0x00007fcd286c98b8
10792:             1             16  org.opensearch.indices.breaker.BreakerSettings$$Lambda/0x00007fcd286c9af0
10793:             1             16  org.opensearch.indices.breaker.BreakerSettings$$Lambda/0x00007fcd286c9f68
10794:             1             16  org.opensearch.indices.breaker.BreakerSettings$$Lambda/0x00007fcd286ca1a0
10795:             1             16  org.opensearch.indices.breaker.HierarchyCircuitBreakerService$$Lambda/0x00007fcd286d55d8
10796:             1             16  org.opensearch.indices.breaker.HierarchyCircuitBreakerService$$Lambda/0x00007fcd286d5810
10797:             1             16  org.opensearch.indices.breaker.HierarchyCircuitBreakerService$$Lambda/0x00007fcd286d5a48
10798:             1             16  org.opensearch.indices.breaker.HierarchyCircuitBreakerService$$Lambda/0x00007fcd286d5c80
10799:             1             16  org.opensearch.indices.breaker.HierarchyCircuitBreakerService$$Lambda/0x00007fcd28870438
10800:             1             16  org.opensearch.indices.breaker.HierarchyCircuitBreakerService$$Lambda/0x00007fcd28871538
10801:             1             16  org.opensearch.indices.breaker.HierarchyCircuitBreakerService$$Lambda/0x00007fcd28871768
10802:             1             16  org.opensearch.indices.breaker.HierarchyCircuitBreakerService$$Lambda/0x00007fcd28871998
10803:             1             16  org.opensearch.indices.breaker.HierarchyCircuitBreakerService$$Lambda/0x00007fcd28871bc8
10804:             1             16  org.opensearch.indices.breaker.HierarchyCircuitBreakerService$$Lambda/0x00007fcd28871df8
10805:             1             16  org.opensearch.indices.breaker.HierarchyCircuitBreakerService$$Lambda/0x00007fcd28872028
10806:             1             16  org.opensearch.indices.breaker.HierarchyCircuitBreakerService$$Lambda/0x00007fcd28872258
10807:             1             16  org.opensearch.indices.breaker.HierarchyCircuitBreakerService$$Lambda/0x00007fcd288731d8
10808:             1             16  org.opensearch.indices.breaker.HierarchyCircuitBreakerService$$Lambda/0x00007fcd288733f0
10809:             1             16  org.opensearch.indices.breaker.HierarchyCircuitBreakerService$$Lambda/0x00007fcd28873838
10810:             1             16  org.opensearch.indices.breaker.HierarchyCircuitBreakerService$$Lambda/0x00007fcd28873a58
10811:             1             16  org.opensearch.indices.breaker.HierarchyCircuitBreakerService$$Lambda/0x00007fcd2942f260
10812:             1             16  org.opensearch.indices.cluster.IndicesClusterStateService$$Lambda/0x00007fcd28dccca8
10813:             1             16  org.opensearch.indices.cluster.IndicesClusterStateService$$Lambda/0x00007fcd28dccec0
10814:             1             16  org.opensearch.indices.cluster.IndicesClusterStateService$$Lambda/0x00007fcd2923ea88
10815:             1             16  org.opensearch.indices.cluster.IndicesClusterStateService$FailedShardHandler
10816:             1             16  org.opensearch.indices.recovery.MultiChunkTransfer$$Lambda/0x00007fcd29394890
10817:             1             16  org.opensearch.indices.recovery.PeerRecoverySourceService$$Lambda/0x00007fcd28d27a10
10818:             1             16  org.opensearch.indices.recovery.PeerRecoverySourceService$$Lambda/0x00007fcd28d282b8
10819:             1             16  org.opensearch.indices.recovery.PeerRecoverySourceService$OngoingRecoveries$$Lambda/0x00007fcd293854e8
10820:             1             16  org.opensearch.indices.recovery.PeerRecoverySourceService$ReestablishRecoveryTransportRequestHandler
10821:             1             16  org.opensearch.indices.recovery.PeerRecoverySourceService$StartRecoveryTransportRequestHandler
10822:             1             16  org.opensearch.indices.recovery.PeerRecoveryTargetService$$Lambda/0x00007fcd28d299e8
10823:             1             16  org.opensearch.indices.recovery.PeerRecoveryTargetService$$Lambda/0x00007fcd28d2a0d8
10824:             1             16  org.opensearch.indices.recovery.PeerRecoveryTargetService$$Lambda/0x00007fcd28d2a7f0
10825:             1             16  org.opensearch.indices.recovery.PeerRecoveryTargetService$$Lambda/0x00007fcd28d2aef8
10826:             1             16  org.opensearch.indices.recovery.PeerRecoveryTargetService$$Lambda/0x00007fcd28d2b628
10827:             1             16  org.opensearch.indices.recovery.PeerRecoveryTargetService$$Lambda/0x00007fcd28d2bf48
10828:             1             16  org.opensearch.indices.recovery.PeerRecoveryTargetService$$Lambda/0x00007fcd28d2c648
10829:             1             16  org.opensearch.indices.recovery.PeerRecoveryTargetService$CleanFilesRequestHandler
10830:             1             16  org.opensearch.indices.recovery.PeerRecoveryTargetService$FilesInfoRequestHandler
10831:             1             16  org.opensearch.indices.recovery.PeerRecoveryTargetService$FinalizeRecoveryRequestHandler
10832:             1             16  org.opensearch.indices.recovery.PeerRecoveryTargetService$HandoffPrimaryContextRequestHandler
10833:             1             16  org.opensearch.indices.recovery.PeerRecoveryTargetService$PrepareForTranslogOperationsRequestHandler
10834:             1             16  org.opensearch.indices.recovery.PeerRecoveryTargetService$TranslogOperationsRequestHandler
10835:             1             16  org.opensearch.indices.recovery.RecoveryResponse$$Lambda/0x00007fcd29370df8
10836:             1             16  org.opensearch.indices.recovery.RecoveryResponse$$Lambda/0x00007fcd29371ca0
10837:             1             16  org.opensearch.indices.recovery.RecoveryResponse$$Lambda/0x00007fcd29393470
10838:             1             16  org.opensearch.indices.recovery.RecoveryResponse$$Lambda/0x00007fcd293938a0
10839:             1             16  org.opensearch.indices.recovery.RecoverySettings$$Lambda/0x00007fcd286ce7b8
10840:             1             16  org.opensearch.indices.recovery.RecoverySettings$$Lambda/0x00007fcd286ce9f0
10841:             1             16  org.opensearch.indices.recovery.RecoverySettings$$Lambda/0x00007fcd286cec28
10842:             1             16  org.opensearch.indices.recovery.RecoverySettings$$Lambda/0x00007fcd286cee60
10843:             1             16  org.opensearch.indices.recovery.RecoverySettings$$Lambda/0x00007fcd288bb238
10844:             1             16  org.opensearch.indices.recovery.RecoverySettings$$Lambda/0x00007fcd288bb468
10845:             1             16  org.opensearch.indices.recovery.RecoverySettings$$Lambda/0x00007fcd288bb698
10846:             1             16  org.opensearch.indices.recovery.RecoverySettings$$Lambda/0x00007fcd288bb8c8
10847:             1             16  org.opensearch.indices.recovery.RecoverySettings$$Lambda/0x00007fcd288bbaf8
10848:             1             16  org.opensearch.indices.recovery.RecoverySettings$$Lambda/0x00007fcd288bbd28
10849:             1             16  org.opensearch.indices.recovery.RecoverySettings$$Lambda/0x00007fcd288bbf58
10850:             1             16  org.opensearch.indices.recovery.RecoverySettings$$Lambda/0x00007fcd288bc188
10851:             1             16  org.opensearch.indices.recovery.RecoverySettings$$Lambda/0x00007fcd288bc3b8
10852:             1             16  org.opensearch.indices.recovery.RecoverySettings$$Lambda/0x00007fcd288bc5e8
10853:             1             16  org.opensearch.indices.recovery.RecoverySettings$$Lambda/0x00007fcd288bc818
10854:             1             16  org.opensearch.indices.recovery.RecoverySettings$$Lambda/0x00007fcd288bca48
10855:             1             16  org.opensearch.indices.recovery.RecoverySettings$$Lambda/0x00007fcd288bcc78
10856:             1             16  org.opensearch.indices.recovery.RemoteRecoveryTargetHandler$$Lambda/0x00007fcd293893b0
10857:             1             16  org.opensearch.indices.recovery.RemoteRecoveryTargetHandler$$Lambda/0x00007fcd293895c8
10858:             1             16  org.opensearch.indices.recovery.RemoteRecoveryTargetHandler$$Lambda/0x00007fcd29395c28
10859:             1             16  org.opensearch.indices.recovery.RemoteRecoveryTargetHandler$$Lambda/0x00007fcd29396058
10860:             1             16  org.opensearch.indices.recovery.RemoteRecoveryTargetHandler$$Lambda/0x00007fcd29396d78
10861:             1             16  org.opensearch.indices.recovery.RemoteRecoveryTargetHandler$$Lambda/0x00007fcd293971a8
10862:             1             16  org.opensearch.indices.replication.OngoingSegmentReplications$$Lambda/0x00007fcd29429c50
10863:             1             16  org.opensearch.indices.replication.SegmentReplicationSourceService$$Lambda/0x00007fcd28d2fc20
10864:             1             16  org.opensearch.indices.replication.SegmentReplicationSourceService$$Lambda/0x00007fcd28d30748
10865:             1             16  org.opensearch.indices.replication.SegmentReplicationSourceService$$Lambda/0x00007fcd28d30b90
10866:             1             16  org.opensearch.indices.replication.SegmentReplicationSourceService$CheckpointInfoRequestHandler
10867:             1             16  org.opensearch.indices.replication.SegmentReplicationSourceService$GetSegmentFilesRequestHandler
10868:             1             16  org.opensearch.indices.replication.SegmentReplicationSourceService$UpdateVisibleCheckpointRequestHandler
10869:             1             16  org.opensearch.indices.replication.SegmentReplicationTargetService$$Lambda/0x00007fcd28d2ddb8
10870:             1             16  org.opensearch.indices.replication.SegmentReplicationTargetService$$Lambda/0x00007fcd28d2e4b0
10871:             1             16  org.opensearch.indices.replication.SegmentReplicationTargetService$ForceSyncTransportRequestHandler
10872:             1             16  org.opensearch.indices.replication.checkpoint.PublishCheckpointAction$$Lambda/0x00007fcd28dcc440
10873:             1             16  org.opensearch.indices.replication.checkpoint.PublishCheckpointAction$$Lambda/0x00007fcd28dcc658
10874:             1             16  org.opensearch.indices.replication.checkpoint.SegmentReplicationCheckpointPublisher$$Lambda/0x00007fcd28dcc870
10875:             1             16  org.opensearch.indices.replication.checkpoint.SegmentReplicationCheckpointPublisher$$Lambda/0x00007fcd28dcca88
10876:             1             16  org.opensearch.indices.replication.common.ReplicationTarget$$Lambda/0x00007fcd292c7ac8
10877:             1             16  org.opensearch.indices.store.IndicesStore$$Lambda/0x00007fcd28dbdf88
10878:             1             16  org.opensearch.indices.store.IndicesStore$ShardActiveRequestHandler
10879:             1             16  org.opensearch.indices.store.TransportNodesListShardStoreMetadata$$Lambda/0x00007fcd28da58e0
10880:             1             16  org.opensearch.indices.store.TransportNodesListShardStoreMetadata$$Lambda/0x00007fcd28da5af8
10881:             1             16  org.opensearch.indices.store.TransportNodesListShardStoreMetadata$$Lambda/0x00007fcd28da5d10
10882:             1             16  org.opensearch.indices.store.TransportNodesListShardStoreMetadataBatch$$Lambda/0x00007fcd28da7590
10883:             1             16  org.opensearch.indices.store.TransportNodesListShardStoreMetadataBatch$$Lambda/0x00007fcd28da77a8
10884:             1             16  org.opensearch.indices.store.TransportNodesListShardStoreMetadataBatch$$Lambda/0x00007fcd28da79c0
10885:             1             16  org.opensearch.ingest.DropProcessor$Factory
10886:             1             16  org.opensearch.ingest.IngestService$$Lambda/0x00007fcd288c9238
10887:             1             16  org.opensearch.ingest.IngestService$$Lambda/0x00007fcd288c9458
10888:             1             16  org.opensearch.ingest.PipelineProcessor$Factory
10889:             1             16  org.opensearch.ingest.common.AppendProcessor$Factory
10890:             1             16  org.opensearch.ingest.common.BytesProcessor$Factory
10891:             1             16  org.opensearch.ingest.common.CommunityIdProcessor$Factory
10892:             1             16  org.opensearch.ingest.common.ConvertProcessor$Factory
10893:             1             16  org.opensearch.ingest.common.CopyProcessor$Factory
10894:             1             16  org.opensearch.ingest.common.CsvProcessor$Factory
10895:             1             16  org.opensearch.ingest.common.DateIndexNameProcessor$Factory
10896:             1             16  org.opensearch.ingest.common.DateProcessor$Factory
10897:             1             16  org.opensearch.ingest.common.DissectProcessor$Factory
10898:             1             16  org.opensearch.ingest.common.DotExpanderProcessor$Factory
10899:             1             16  org.opensearch.ingest.common.FailProcessor$Factory
10900:             1             16  org.opensearch.ingest.common.ForEachProcessor$Factory
10901:             1             16  org.opensearch.ingest.common.GrokProcessorGetAction$$Lambda/0x00007fcd288ef370
10902:             1             16  org.opensearch.ingest.common.GrokProcessorGetAction$TransportAction$$Lambda/0x00007fcd288efa50
10903:             1             16  org.opensearch.ingest.common.GsubProcessor$Factory
10904:             1             16  org.opensearch.ingest.common.HtmlStripProcessor$Factory
10905:             1             16  org.opensearch.ingest.common.IngestCommonPlugin
10906:             1             16  org.opensearch.ingest.common.IngestCommonPlugin$$Lambda/0x00007fcd288ec8d0
10907:             1             16  org.opensearch.ingest.common.JoinProcessor$Factory
10908:             1             16  org.opensearch.ingest.common.JsonProcessor$Factory
10909:             1             16  org.opensearch.ingest.common.KeyValueProcessor$Factory
10910:             1             16  org.opensearch.ingest.common.LowercaseProcessor$Factory
10911:             1             16  org.opensearch.ingest.common.RemoveByPatternProcessor$Factory
10912:             1             16  org.opensearch.ingest.common.RemoveProcessor$Factory
10913:             1             16  org.opensearch.ingest.common.RenameProcessor$Factory
10914:             1             16  org.opensearch.ingest.common.ScriptProcessor$Factory
10915:             1             16  org.opensearch.ingest.common.SetProcessor$Factory
10916:             1             16  org.opensearch.ingest.common.SortProcessor$Factory
10917:             1             16  org.opensearch.ingest.common.SplitProcessor$Factory
10918:             1             16  org.opensearch.ingest.common.TrimProcessor$Factory
10919:             1             16  org.opensearch.ingest.common.URLDecodeProcessor$Factory
10920:             1             16  org.opensearch.ingest.common.UppercaseProcessor$Factory
10921:             1             16  org.opensearch.ingest.geoip.IngestGeoIpPlugin
10922:             1             16  org.opensearch.ingest.geoip.IngestGeoIpPlugin$GeoIpCache
10923:             1             16  org.opensearch.ingest.useragent.IngestUserAgentPlugin
10924:             1             16  org.opensearch.ingest.useragent.UserAgentCache
10925:             1             16  org.opensearch.ingest.useragent.UserAgentProcessor$Factory
10926:             1             16  org.opensearch.jobscheduler.JobSchedulerPlugin$$Lambda/0x00007fcd285276d8
10927:             1             16  org.opensearch.jobscheduler.scheduler.ScheduledJobInfo
10928:             1             16  org.opensearch.jobscheduler.sweeper.JobSweeper$$Lambda/0x00007fcd28972c00
10929:             1             16  org.opensearch.jobscheduler.sweeper.JobSweeper$$Lambda/0x00007fcd28973468
10930:             1             16  org.opensearch.jobscheduler.sweeper.JobSweeper$$Lambda/0x00007fcd28973698
10931:             1             16  org.opensearch.jobscheduler.sweeper.JobSweeper$$Lambda/0x00007fcd289738c8
10932:             1             16  org.opensearch.jobscheduler.sweeper.JobSweeper$$Lambda/0x00007fcd28973af8
10933:             1             16  org.opensearch.jobscheduler.sweeper.JobSweeper$$Lambda/0x00007fcd28973d28
10934:             1             16  org.opensearch.jobscheduler.sweeper.JobSweeper$$Lambda/0x00007fcd29004b40
10935:             1             16  org.opensearch.jobscheduler.sweeper.JobSweeper$$Lambda/0x00007fcd29004f80
10936:             1             16  org.opensearch.jobscheduler.sweeper.JobSweeper$$Lambda/0x00007fcd290051c8
10937:             1             16  org.opensearch.jobscheduler.sweeper.JobSweeper$$Lambda/0x00007fcd29005400
10938:             1             16  org.opensearch.jobscheduler.sweeper.JobSweeper$$Lambda/0x00007fcd29005888
10939:             1             16  org.opensearch.jobscheduler.sweeper.JobSweeper$$Lambda/0x00007fcd29005ac0
10940:             1             16  org.opensearch.join.ParentJoinPlugin
10941:             1             16  org.opensearch.join.ParentJoinPlugin$$Lambda/0x00007fcd2878d230
10942:             1             16  org.opensearch.join.ParentJoinPlugin$$Lambda/0x00007fcd2878d448
10943:             1             16  org.opensearch.join.ParentJoinPlugin$$Lambda/0x00007fcd2878da28
10944:             1             16  org.opensearch.join.ParentJoinPlugin$$Lambda/0x00007fcd2878dc40
10945:             1             16  org.opensearch.join.ParentJoinPlugin$$Lambda/0x00007fcd2878e388
10946:             1             16  org.opensearch.join.ParentJoinPlugin$$Lambda/0x00007fcd2878e5a0
10947:             1             16  org.opensearch.join.ParentJoinPlugin$$Lambda/0x00007fcd2878ee38
10948:             1             16  org.opensearch.join.ParentJoinPlugin$$Lambda/0x00007fcd2878f050
10949:             1             16  org.opensearch.join.ParentJoinPlugin$$Lambda/0x00007fcd2878f860
10950:             1             16  org.opensearch.join.ParentJoinPlugin$$Lambda/0x00007fcd2883d250
10951:             1             16  org.opensearch.join.ParentJoinPlugin$$Lambda/0x00007fcd2883d468
10952:             1             16  org.opensearch.join.ParentJoinPlugin$$Lambda/0x00007fcd2883dc78
10953:             1             16  org.opensearch.join.mapper.ParentJoinFieldMapper$TypeParser
10954:             1             16  org.opensearch.knn.index.KNNClusterUtil
10955:             1             16  org.opensearch.knn.index.KNNSettings$$Lambda/0x00007fcd2848b790
10956:             1             16  org.opensearch.knn.index.KNNSettings$$Lambda/0x00007fcd28617d20
10957:             1             16  org.opensearch.knn.index.KNNSettings$$Lambda/0x00007fcd28fe6ee8
10958:             1             16  org.opensearch.knn.index.KNNSettings$1$$Lambda/0x00007fcd2848bdc0
10959:             1             16  org.opensearch.knn.index.KNNSettings$SpaceTypeValidator
10960:             1             16  org.opensearch.knn.index.MethodComponent$Builder$$Lambda/0x00007fcd28467cf0
10961:             1             16  org.opensearch.knn.index.VectorDataType$$Lambda/0x00007fcd28491618
10962:             1             16  org.opensearch.knn.index.codec.KNN920Codec.KNN920PerFieldKnnVectorsFormat$$Lambda/0x00007fcd28240678
10963:             1             16  org.opensearch.knn.index.codec.KNN920Codec.KNN920PerFieldKnnVectorsFormat$$Lambda/0x00007fcd28240890
10964:             1             16  org.opensearch.knn.index.codec.KNN940Codec.KNN940PerFieldKnnVectorsFormat$$Lambda/0x00007fcd28241130
10965:             1             16  org.opensearch.knn.index.codec.KNN940Codec.KNN940PerFieldKnnVectorsFormat$$Lambda/0x00007fcd28241348
10966:             1             16  org.opensearch.knn.index.codec.KNN950Codec.KNN950PerFieldKnnVectorsFormat$$Lambda/0x00007fcd28241be8
10967:             1             16  org.opensearch.knn.index.codec.KNN950Codec.KNN950PerFieldKnnVectorsFormat$$Lambda/0x00007fcd28241e00
10968:             1             16  org.opensearch.knn.index.codec.KNN990Codec.KNN990PerFieldKnnVectorsFormat$$Lambda/0x00007fcd282426a0
10969:             1             16  org.opensearch.knn.index.codec.KNN990Codec.KNN990PerFieldKnnVectorsFormat$$Lambda/0x00007fcd282428b8
10970:             1             16  org.opensearch.knn.index.codec.KNNCodecVersion$$Lambda/0x00007fcd28240000
10971:             1             16  org.opensearch.knn.index.codec.KNNCodecVersion$$Lambda/0x00007fcd28240238
10972:             1             16  org.opensearch.knn.index.codec.KNNCodecVersion$$Lambda/0x00007fcd28240460
10973:             1             16  org.opensearch.knn.index.codec.KNNCodecVersion$$Lambda/0x00007fcd28240ab8
10974:             1             16  org.opensearch.knn.index.codec.KNNCodecVersion$$Lambda/0x00007fcd28240cf0
10975:             1             16  org.opensearch.knn.index.codec.KNNCodecVersion$$Lambda/0x00007fcd28240f18
10976:             1             16  org.opensearch.knn.index.codec.KNNCodecVersion$$Lambda/0x00007fcd28241570
10977:             1             16  org.opensearch.knn.index.codec.KNNCodecVersion$$Lambda/0x00007fcd282417a8
10978:             1             16  org.opensearch.knn.index.codec.KNNCodecVersion$$Lambda/0x00007fcd282419d0
10979:             1             16  org.opensearch.knn.index.codec.KNNCodecVersion$$Lambda/0x00007fcd28242028
10980:             1             16  org.opensearch.knn.index.codec.KNNCodecVersion$$Lambda/0x00007fcd28242260
10981:             1             16  org.opensearch.knn.index.codec.KNNCodecVersion$$Lambda/0x00007fcd28242488
10982:             1             16  org.opensearch.knn.index.codec.KNNCodecVersion$$Lambda/0x00007fcd28242ae0
10983:             1             16  org.opensearch.knn.index.codec.KNNCodecVersion$$Lambda/0x00007fcd28242d18
10984:             1             16  org.opensearch.knn.index.codec.KNNCodecVersion$$Lambda/0x00007fcd28242f40
10985:             1             16  org.opensearch.knn.index.mapper.KNNVectorFieldMapper$TypeParser
10986:             1             16  org.opensearch.knn.index.memory.NativeMemoryCacheManager$$Lambda/0x00007fcd28907a70
10987:             1             16  org.opensearch.knn.index.memory.NativeMemoryCacheManager$$Lambda/0x00007fcd28908000
10988:             1             16  org.opensearch.knn.index.memory.NativeMemoryLoadStrategy$IndexLoadStrategy$1
10989:             1             16  org.opensearch.knn.index.util.Faiss$$Lambda/0x00007fcd28490230
10990:             1             16  org.opensearch.knn.index.util.Faiss$$Lambda/0x00007fcd284906c0
10991:             1             16  org.opensearch.knn.index.util.Faiss$$Lambda/0x00007fcd284908f8
10992:             1             16  org.opensearch.knn.index.util.Faiss$$Lambda/0x00007fcd28491850
10993:             1             16  org.opensearch.knn.index.util.Faiss$$Lambda/0x00007fcd28491aa0
10994:             1             16  org.opensearch.knn.index.util.Faiss$$Lambda/0x00007fcd28491ce8
10995:             1             16  org.opensearch.knn.index.util.Faiss$$Lambda/0x00007fcd28491f10
10996:             1             16  org.opensearch.knn.index.util.Faiss$$Lambda/0x00007fcd28492368
10997:             1             16  org.opensearch.knn.index.util.Faiss$$Lambda/0x00007fcd28492590
10998:             1             16  org.opensearch.knn.index.util.Faiss$$Lambda/0x00007fcd284927d8
10999:             1             16  org.opensearch.knn.index.util.Faiss$$Lambda/0x00007fcd28492a00
11000:             1             16  org.opensearch.knn.index.util.Faiss$$Lambda/0x00007fcd28494400
11001:             1             16  org.opensearch.knn.index.util.Faiss$$Lambda/0x00007fcd28494800
11002:             1             16  org.opensearch.knn.index.util.Faiss$$Lambda/0x00007fcd28494a28
11003:             1             16  org.opensearch.knn.index.util.Faiss$$Lambda/0x00007fcd28494c70
11004:             1             16  org.opensearch.knn.index.util.Faiss$$Lambda/0x00007fcd28495000
11005:             1             16  org.opensearch.knn.index.util.Faiss$$Lambda/0x00007fcd28495228
11006:             1             16  org.opensearch.knn.index.util.Faiss$$Lambda/0x00007fcd28495440
11007:             1             16  org.opensearch.knn.index.util.Faiss$$Lambda/0x00007fcd28495688
11008:             1             16  org.opensearch.knn.index.util.Faiss$$Lambda/0x00007fcd284958d0
11009:             1             16  org.opensearch.knn.index.util.Faiss$$Lambda/0x00007fcd28497908
11010:             1             16  org.opensearch.knn.index.util.Faiss$$Lambda/0x00007fcd28497b50
11011:             1             16  org.opensearch.knn.index.util.Faiss$$Lambda/0x00007fcd28497d78
11012:             1             16  org.opensearch.knn.index.util.Faiss$$Lambda/0x00007fcd28498000
11013:             1             16  org.opensearch.knn.index.util.Lucene$$Lambda/0x00007fcd28498830
11014:             1             16  org.opensearch.knn.index.util.Lucene$$Lambda/0x00007fcd28498a78
11015:             1             16  org.opensearch.knn.index.util.Lucene$$Lambda/0x00007fcd28498cc0
11016:             1             16  org.opensearch.knn.index.util.Lucene$$Lambda/0x00007fcd28498ef8
11017:             1             16  org.opensearch.knn.index.util.Nmslib$$Lambda/0x00007fcd28489000
11018:             1             16  org.opensearch.knn.index.util.Nmslib$$Lambda/0x00007fcd28489248
11019:             1             16  org.opensearch.knn.indices.ModelDao$OpenSearchKNNModelDao$$Lambda/0x00007fcd28904218
11020:             1             16  org.opensearch.knn.indices.ModelDao$OpenSearchKNNModelDao$$Lambda/0x00007fcd28904448
11021:             1             16  org.opensearch.knn.plugin.KNNPlugin$$Lambda/0x00007fcd28499d38
11022:             1             16  org.opensearch.knn.plugin.KNNPlugin$$Lambda/0x00007fcd28615bc0
11023:             1             16  org.opensearch.knn.plugin.KNNPlugin$$Lambda/0x00007fcd286161c8
11024:             1             16  org.opensearch.knn.plugin.KNNPlugin$$Lambda/0x00007fcd286163e0
11025:             1             16  org.opensearch.knn.plugin.KNNPlugin$$Lambda/0x00007fcd28616980
11026:             1             16  org.opensearch.knn.plugin.KNNPlugin$$Lambda/0x00007fcd28616b98
11027:             1             16  org.opensearch.knn.plugin.KNNPlugin$$Lambda/0x00007fcd28616db0
11028:             1             16  org.opensearch.knn.plugin.rest.RestKNNStatsHandler$$Lambda/0x00007fcd28fe6840
11029:             1             16  org.opensearch.knn.plugin.rest.RestKNNStatsHandler$$Lambda/0x00007fcd28fe6a78
11030:             1             16  org.opensearch.knn.plugin.rest.RestKNNStatsHandler$$Lambda/0x00007fcd28fe6cb0
11031:             1             16  org.opensearch.knn.plugin.script.KNNScoringScriptEngine
11032:             1             16  org.opensearch.knn.plugin.stats.KNNStats
11033:             1             16  org.opensearch.knn.plugin.stats.KNNStats$$Lambda/0x00007fcd289134e0
11034:             1             16  org.opensearch.knn.plugin.stats.KNNStats$$Lambda/0x00007fcd28913718
11035:             1             16  org.opensearch.knn.plugin.stats.KNNStats$$Lambda/0x00007fcd28913950
11036:             1             16  org.opensearch.knn.plugin.stats.KNNStats$$Lambda/0x00007fcd28913b88
11037:             1             16  org.opensearch.knn.plugin.stats.KNNStats$$Lambda/0x00007fcd28913dc0
11038:             1             16  org.opensearch.knn.plugin.stats.KNNStats$$Lambda/0x00007fcd28913ff8
11039:             1             16  org.opensearch.knn.plugin.stats.KNNStats$$Lambda/0x00007fcd28914458
11040:             1             16  org.opensearch.knn.plugin.stats.KNNStats$$Lambda/0x00007fcd28914690
11041:             1             16  org.opensearch.knn.plugin.stats.KNNStats$$Lambda/0x00007fcd289148c8
11042:             1             16  org.opensearch.knn.plugin.stats.KNNStats$$Lambda/0x00007fcd28914b00
11043:             1             16  org.opensearch.knn.plugin.stats.KNNStats$$Lambda/0x00007fcd289155f8
11044:             1             16  org.opensearch.knn.plugin.stats.KNNStats$$Lambda/0x00007fcd28915a58
11045:             1             16  org.opensearch.knn.plugin.stats.KNNStats$$Lambda/0x00007fcd28915c90
11046:             1             16  org.opensearch.knn.plugin.stats.KNNStats$$Lambda/0x00007fcd28915ec8
11047:             1             16  org.opensearch.knn.plugin.stats.KNNStats$1
11048:             1             16  org.opensearch.knn.plugin.stats.suppliers.KNNCircuitBreakerSupplier
11049:             1             16  org.opensearch.knn.plugin.stats.suppliers.ModelIndexStatusSupplier
11050:             1             16  org.opensearch.knn.plugin.stats.suppliers.ModelIndexingDegradingSupplier
11051:             1             16  org.opensearch.knn.plugin.transport.ClearCacheAction$$Lambda/0x00007fcd28c06910
11052:             1             16  org.opensearch.knn.plugin.transport.ClearCacheTransportAction$$Lambda/0x00007fcd28d88f50
11053:             1             16  org.opensearch.knn.plugin.transport.DeleteModelAction$$Lambda/0x00007fcd28c04748
11054:             1             16  org.opensearch.knn.plugin.transport.DeleteModelTransportAction$$Lambda/0x00007fcd28d88d38
11055:             1             16  org.opensearch.knn.plugin.transport.GetModelAction$$Lambda/0x00007fcd28917de0
11056:             1             16  org.opensearch.knn.plugin.transport.GetModelTransportAction$$Lambda/0x00007fcd28d897b0
11057:             1             16  org.opensearch.knn.plugin.transport.KNNStatsAction$$Lambda/0x00007fcd289165f0
11058:             1             16  org.opensearch.knn.plugin.transport.KNNStatsTransportAction$$Lambda/0x00007fcd28d89e50
11059:             1             16  org.opensearch.knn.plugin.transport.KNNStatsTransportAction$$Lambda/0x00007fcd28d8a068
11060:             1             16  org.opensearch.knn.plugin.transport.KNNWarmupAction$$Lambda/0x00007fcd28916d40
11061:             1             16  org.opensearch.knn.plugin.transport.KNNWarmupTransportAction$$Lambda/0x00007fcd28d8a280
11062:             1             16  org.opensearch.knn.plugin.transport.RemoveModelFromCacheAction$$Lambda/0x00007fcd28c058f0
11063:             1             16  org.opensearch.knn.plugin.transport.RemoveModelFromCacheTransportAction$$Lambda/0x00007fcd28d8a498
11064:             1             16  org.opensearch.knn.plugin.transport.RemoveModelFromCacheTransportAction$$Lambda/0x00007fcd28d8a6b0
11065:             1             16  org.opensearch.knn.plugin.transport.SearchModelAction$$Lambda/0x00007fcd28c05d80
11066:             1             16  org.opensearch.knn.plugin.transport.SearchModelTransportAction$$Lambda/0x00007fcd28d89168
11067:             1             16  org.opensearch.knn.plugin.transport.TrainingJobRouteDecisionInfoAction$$Lambda/0x00007fcd28917950
11068:             1             16  org.opensearch.knn.plugin.transport.TrainingJobRouteDecisionInfoTransportAction$$Lambda/0x00007fcd28d89380
11069:             1             16  org.opensearch.knn.plugin.transport.TrainingJobRouteDecisionInfoTransportAction$$Lambda/0x00007fcd28d89598
11070:             1             16  org.opensearch.knn.plugin.transport.TrainingJobRouterAction$$Lambda/0x00007fcd28c04e08
11071:             1             16  org.opensearch.knn.plugin.transport.TrainingJobRouterTransportAction$$Lambda/0x00007fcd28d8aae0
11072:             1             16  org.opensearch.knn.plugin.transport.TrainingModelAction$$Lambda/0x00007fcd28c05250
11073:             1             16  org.opensearch.knn.plugin.transport.TrainingModelTransportAction$$Lambda/0x00007fcd28d8a8c8
11074:             1             16  org.opensearch.knn.plugin.transport.UpdateModelGraveyardAction$$Lambda/0x00007fcd28c061b0
11075:             1             16  org.opensearch.knn.plugin.transport.UpdateModelGraveyardTransportAction$$Lambda/0x00007fcd28d899c8
11076:             1             16  org.opensearch.knn.plugin.transport.UpdateModelGraveyardTransportAction$UpdateModelGraveyardExecutor
11077:             1             16  org.opensearch.knn.plugin.transport.UpdateModelMetadataAction$$Lambda/0x00007fcd289171f0
11078:             1             16  org.opensearch.knn.plugin.transport.UpdateModelMetadataTransportAction$$Lambda/0x00007fcd28d8acf8
11079:             1             16  org.opensearch.knn.plugin.transport.UpdateModelMetadataTransportAction$UpdateModelMetadataExecutor
11080:             1             16  org.opensearch.ml.action.agents.DeleteAgentTransportAction$$Lambda/0x00007fcd28ebedd8
11081:             1             16  org.opensearch.ml.action.agents.GetAgentTransportAction$$Lambda/0x00007fcd28ebf2b0
11082:             1             16  org.opensearch.ml.action.agents.TransportRegisterAgentAction$$Lambda/0x00007fcd28f14000
11083:             1             16  org.opensearch.ml.action.agents.TransportSearchAgentAction$$Lambda/0x00007fcd28f16ba0
11084:             1             16  org.opensearch.ml.action.config.GetConfigTransportAction$$Lambda/0x00007fcd28f90de0
11085:             1             16  org.opensearch.ml.action.connector.DeleteConnectorTransportAction$$Lambda/0x00007fcd28efb000
11086:             1             16  org.opensearch.ml.action.connector.ExecuteConnectorTransportAction$$Lambda/0x00007fcd28d725d8
11087:             1             16  org.opensearch.ml.action.connector.GetConnectorTransportAction$$Lambda/0x00007fcd28e97aa8
11088:             1             16  org.opensearch.ml.action.connector.SearchConnectorTransportAction$$Lambda/0x00007fcd28d73960
11089:             1             16  org.opensearch.ml.action.connector.TransportCreateConnectorAction$$Lambda/0x00007fcd28ebe6e0
11090:             1             16  org.opensearch.ml.action.connector.TransportCreateConnectorAction$$Lambda/0x00007fcd28ebe8f8
11091:             1             16  org.opensearch.ml.action.connector.UpdateConnectorTransportAction$$Lambda/0x00007fcd28f904d0
11092:             1             16  org.opensearch.ml.action.connector.UpdateConnectorTransportAction$$Lambda/0x00007fcd28f906e8
11093:             1             16  org.opensearch.ml.action.controller.CreateControllerTransportAction$$Lambda/0x00007fcd28e7ed58
11094:             1             16  org.opensearch.ml.action.controller.DeleteControllerTransportAction$$Lambda/0x00007fcd28d73318
11095:             1             16  org.opensearch.ml.action.controller.DeployControllerTransportAction$$Lambda/0x00007fcd28e7fcc0
11096:             1             16  org.opensearch.ml.action.controller.DeployControllerTransportAction$$Lambda/0x00007fcd28e96000
11097:             1             16  org.opensearch.ml.action.controller.GetControllerTransportAction$$Lambda/0x00007fcd28e7f448
11098:             1             16  org.opensearch.ml.action.controller.UndeployControllerTransportAction$$Lambda/0x00007fcd28d727f0
11099:             1             16  org.opensearch.ml.action.controller.UndeployControllerTransportAction$$Lambda/0x00007fcd28d72a08
11100:             1             16  org.opensearch.ml.action.controller.UpdateControllerTransportAction$$Lambda/0x00007fcd28f17068
11101:             1             16  org.opensearch.ml.action.deploy.TransportDeployModelAction$$Lambda/0x00007fcd28f150f0
11102:             1             16  org.opensearch.ml.action.deploy.TransportDeployModelAction$$Lambda/0x00007fcd28f15308
11103:             1             16  org.opensearch.ml.action.deploy.TransportDeployModelOnNodeAction$$Lambda/0x00007fcd28e96b10
11104:             1             16  org.opensearch.ml.action.deploy.TransportDeployModelOnNodeAction$$Lambda/0x00007fcd28e96d28
11105:             1             16  org.opensearch.ml.action.execute.TransportExecuteTaskAction$$Lambda/0x00007fcd28f90918
11106:             1             16  org.opensearch.ml.action.forward.TransportForwardAction$$Lambda/0x00007fcd28f14648
11107:             1             16  org.opensearch.ml.action.forward.TransportForwardAction$$Lambda/0x00007fcd28f14860
11108:             1             16  org.opensearch.ml.action.model_group.DeleteModelGroupTransportAction$$Lambda/0x00007fcd28e968f8
11109:             1             16  org.opensearch.ml.action.model_group.GetModelGroupTransportAction$$Lambda/0x00007fcd28efb910
11110:             1             16  org.opensearch.ml.action.model_group.SearchModelGroupTransportAction$$Lambda/0x00007fcd28d73b78
11111:             1             16  org.opensearch.ml.action.model_group.TransportRegisterModelGroupAction$$Lambda/0x00007fcd28f17530
11112:             1             16  org.opensearch.ml.action.model_group.TransportUpdateModelGroupAction$$Lambda/0x00007fcd28f0f2b0
11113:             1             16  org.opensearch.ml.action.models.DeleteModelTransportAction$$Lambda/0x00007fcd28f90000
11114:             1             16  org.opensearch.ml.action.models.GetModelTransportAction$$Lambda/0x00007fcd28d72110
11115:             1             16  org.opensearch.ml.action.models.SearchModelTransportAction$$Lambda/0x00007fcd28e7ef70
11116:             1             16  org.opensearch.ml.action.models.UpdateModelTransportAction$$Lambda/0x00007fcd28f0f778
11117:             1             16  org.opensearch.ml.action.models.UpdateModelTransportAction$$Lambda/0x00007fcd28f0f990
11118:             1             16  org.opensearch.ml.action.prediction.TransportPredictionTaskAction$$Lambda/0x00007fcd28f16758
11119:             1             16  org.opensearch.ml.action.prediction.TransportPredictionTaskAction$$Lambda/0x00007fcd28f16970
11120:             1             16  org.opensearch.ml.action.profile.MLProfileAction$$Lambda/0x00007fcd28c4e948
11121:             1             16  org.opensearch.ml.action.profile.MLProfileTransportAction$$Lambda/0x00007fcd28e96218
11122:             1             16  org.opensearch.ml.action.profile.MLProfileTransportAction$$Lambda/0x00007fcd28e96430
11123:             1             16  org.opensearch.ml.action.register.TransportRegisterModelAction$$Lambda/0x00007fcd28e96f40
11124:             1             16  org.opensearch.ml.action.register.TransportRegisterModelAction$$Lambda/0x00007fcd28e97158
11125:             1             16  org.opensearch.ml.action.register.TransportRegisterModelAction$$Lambda/0x00007fcd28e97388
11126:             1             16  org.opensearch.ml.action.register.TransportRegisterModelAction$$Lambda/0x00007fcd28e975b8
11127:             1             16  org.opensearch.ml.action.stats.MLStatsNodesAction$$Lambda/0x00007fcd28ae6d88
11128:             1             16  org.opensearch.ml.action.stats.MLStatsNodesTransportAction$$Lambda/0x00007fcd28f17b90
11129:             1             16  org.opensearch.ml.action.stats.MLStatsNodesTransportAction$$Lambda/0x00007fcd28f17da8
11130:             1             16  org.opensearch.ml.action.syncup.TransportSyncUpOnNodeAction$$Lambda/0x00007fcd28e7f660
11131:             1             16  org.opensearch.ml.action.syncup.TransportSyncUpOnNodeAction$$Lambda/0x00007fcd28e7f878
11132:             1             16  org.opensearch.ml.action.syncup.TransportSyncUpOnNodeAction$$Lambda/0x00007fcd28e7fa90
11133:             1             16  org.opensearch.ml.action.tasks.DeleteTaskTransportAction$$Lambda/0x00007fcd28ebe000
11134:             1             16  org.opensearch.ml.action.tasks.GetTaskTransportAction$$Lambda/0x00007fcd28f914c8
11135:             1             16  org.opensearch.ml.action.tasks.SearchTaskTransportAction$$Lambda/0x00007fcd28f14430
11136:             1             16  org.opensearch.ml.action.training.TransportTrainingTaskAction$$Lambda/0x00007fcd28d73d90
11137:             1             16  org.opensearch.ml.action.trainpredict.TransportTrainAndPredictionTaskAction$$Lambda/0x00007fcd28f14218
11138:             1             16  org.opensearch.ml.action.undeploy.TransportUndeployModelAction$$Lambda/0x00007fcd28d73530
11139:             1             16  org.opensearch.ml.action.undeploy.TransportUndeployModelAction$$Lambda/0x00007fcd28d73748
11140:             1             16  org.opensearch.ml.action.undeploy.TransportUndeployModelsAction$$Lambda/0x00007fcd28e7e890
11141:             1             16  org.opensearch.ml.action.update_cache.UpdateModelCacheTransportAction$$Lambda/0x00007fcd28ebfbc8
11142:             1             16  org.opensearch.ml.action.update_cache.UpdateModelCacheTransportAction$$Lambda/0x00007fcd28ebfde0
11143:             1             16  org.opensearch.ml.action.upload_chunk.TransportRegisterModelMetaAction$$Lambda/0x00007fcd28f157e8
11144:             1             16  org.opensearch.ml.action.upload_chunk.TransportUploadModelChunkAction$$Lambda/0x00007fcd28f16540
11145:             1             16  org.opensearch.ml.autoredeploy.MLModelAutoReDeployer$$Lambda/0x00007fcd28ae54e8
11146:             1             16  org.opensearch.ml.autoredeploy.MLModelAutoReDeployer$$Lambda/0x00007fcd28ae5718
11147:             1             16  org.opensearch.ml.autoredeploy.MLModelAutoReDeployer$$Lambda/0x00007fcd28ae5948
11148:             1             16  org.opensearch.ml.autoredeploy.MLModelAutoReDeployer$$Lambda/0x00007fcd28ae5b78
11149:             1             16  org.opensearch.ml.autoredeploy.MLModelAutoReDeployer$SearchRequestBuilderFactory
11150:             1             16  org.opensearch.ml.breaker.MemoryCircuitBreaker$$Lambda/0x00007fcd28ab8488
11151:             1             16  org.opensearch.ml.client.MachineLearningNodeClient
11152:             1             16  org.opensearch.ml.client.MachineLearningNodeClient
11153:             1             16  org.opensearch.ml.cluster.DiscoveryNodeHelper$$Lambda/0x00007fcd28ab44a8
11154:             1             16  org.opensearch.ml.cluster.DiscoveryNodeHelper$$Lambda/0x00007fcd28ab46d8
11155:             1             16  org.opensearch.ml.cluster.DiscoveryNodeHelper$$Lambda/0x00007fcd28ab6218
11156:             1             16  org.opensearch.ml.cluster.DiscoveryNodeHelper$$Lambda/0x00007fcd28ab6448
11157:             1             16  org.opensearch.ml.cluster.DiscoveryNodeHelper$HotDataNodePredicate
11158:             1             16  org.opensearch.ml.cluster.MLCommonsClusterEventListener$$Lambda/0x00007fcd2902d618
11159:             1             16  org.opensearch.ml.cluster.MLCommonsClusterEventListener$$Lambda/0x00007fcd2902d850
11160:             1             16  org.opensearch.ml.cluster.MLCommonsClusterManagerEventListener$$Lambda/0x00007fcd28ae6468
11161:             1             16  org.opensearch.ml.common.input.execute.anomalylocalization.AnomalyLocalizationInput$$Lambda/0x00007fcd288a6650
11162:             1             16  org.opensearch.ml.common.input.execute.metricscorrelation.MetricsCorrelationInput$$Lambda/0x00007fcd288a6138
11163:             1             16  org.opensearch.ml.common.input.execute.samplecalculator.LocalSampleCalculatorInput$$Lambda/0x00007fcd288a5c60
11164:             1             16  org.opensearch.ml.common.input.parameter.ad.AnomalyDetectionLibSVMParams$$Lambda/0x00007fcd288a47a8
11165:             1             16  org.opensearch.ml.common.input.parameter.clustering.KMeansParams$$Lambda/0x00007fcd2853b158
11166:             1             16  org.opensearch.ml.common.input.parameter.clustering.RCFSummarizeParams$$Lambda/0x00007fcd288a6dd8
11167:             1             16  org.opensearch.ml.common.input.parameter.rcf.BatchRCFParams$$Lambda/0x00007fcd288a5778
11168:             1             16  org.opensearch.ml.common.input.parameter.rcf.FitRCFParams$$Lambda/0x00007fcd288a5228
11169:             1             16  org.opensearch.ml.common.input.parameter.regression.LinearRegressionParams$$Lambda/0x00007fcd288a4000
11170:             1             16  org.opensearch.ml.common.input.parameter.regression.LogisticRegressionParams$$Lambda/0x00007fcd288a7a70
11171:             1             16  org.opensearch.ml.common.input.parameter.sample.SampleAlgoParams$$Lambda/0x00007fcd288a4ca8
11172:             1             16  org.opensearch.ml.common.input.parameter.textembedding.AsymmetricTextEmbeddingParameters$$Lambda/0x00007fcd288a8c88
11173:             1             16  org.opensearch.ml.common.model.TextEmbeddingModelConfig$$Lambda/0x00007fcd288a8780
11174:             1             16  org.opensearch.ml.common.transport.agent.MLAgentDeleteAction$$Lambda/0x00007fcd28c5e4a8
11175:             1             16  org.opensearch.ml.common.transport.agent.MLAgentGetAction$$Lambda/0x00007fcd28c5e078
11176:             1             16  org.opensearch.ml.common.transport.agent.MLRegisterAgentAction$$Lambda/0x00007fcd28c59b28
11177:             1             16  org.opensearch.ml.common.transport.agent.MLSearchAgentAction$$Lambda/0x00007fcd28c59f50
11178:             1             16  org.opensearch.ml.common.transport.config.MLConfigGetAction$$Lambda/0x00007fcd28c60940
11179:             1             16  org.opensearch.ml.common.transport.connector.MLConnectorDeleteAction$$Lambda/0x00007fcd28c56840
11180:             1             16  org.opensearch.ml.common.transport.connector.MLConnectorGetAction$$Lambda/0x00007fcd28c56418
11181:             1             16  org.opensearch.ml.common.transport.connector.MLConnectorSearchAction$$Lambda/0x00007fcd28c56c68
11182:             1             16  org.opensearch.ml.common.transport.connector.MLCreateConnectorAction$$Lambda/0x00007fcd28c55940
11183:             1             16  org.opensearch.ml.common.transport.connector.MLExecuteConnectorAction$$Lambda/0x00007fcd28c55d68
11184:             1             16  org.opensearch.ml.common.transport.connector.MLUpdateConnectorAction$$Lambda/0x00007fcd28c59470
11185:             1             16  org.opensearch.ml.common.transport.controller.MLControllerDeleteAction$$Lambda/0x00007fcd28c5d270
11186:             1             16  org.opensearch.ml.common.transport.controller.MLControllerGetAction$$Lambda/0x00007fcd28c5c2d0
11187:             1             16  org.opensearch.ml.common.transport.controller.MLCreateControllerAction$$Lambda/0x00007fcd28c5bc18
11188:             1             16  org.opensearch.ml.common.transport.controller.MLDeployControllerAction$$Lambda/0x00007fcd28c5c9b8
11189:             1             16  org.opensearch.ml.common.transport.controller.MLUndeployControllerAction$$Lambda/0x00007fcd28c5d958
11190:             1             16  org.opensearch.ml.common.transport.controller.MLUpdateControllerAction$$Lambda/0x00007fcd28c5ce48
11191:             1             16  org.opensearch.ml.common.transport.deploy.MLDeployModelAction$$Lambda/0x00007fcd28c4f990
11192:             1             16  org.opensearch.ml.common.transport.deploy.MLDeployModelOnNodeAction$$Lambda/0x00007fcd28c4fdd8
11193:             1             16  org.opensearch.ml.common.transport.execute.MLExecuteTaskAction$$Lambda/0x00007fcd28ae74b8
11194:             1             16  org.opensearch.ml.common.transport.forward.MLForwardAction$$Lambda/0x00007fcd28c52ef0
11195:             1             16  org.opensearch.ml.common.transport.model.MLModelDeleteAction$$Lambda/0x00007fcd28c4cf10
11196:             1             16  org.opensearch.ml.common.transport.model.MLModelGetAction$$Lambda/0x00007fcd28c4cae0
11197:             1             16  org.opensearch.ml.common.transport.model.MLModelSearchAction$$Lambda/0x00007fcd28c4d348
11198:             1             16  org.opensearch.ml.common.transport.model.MLUpdateModelAction$$Lambda/0x00007fcd28c520d8
11199:             1             16  org.opensearch.ml.common.transport.model_group.MLModelGroupDeleteAction$$Lambda/0x00007fcd28c55288
11200:             1             16  org.opensearch.ml.common.transport.model_group.MLModelGroupGetAction$$Lambda/0x00007fcd28c54a30
11201:             1             16  org.opensearch.ml.common.transport.model_group.MLModelGroupSearchAction$$Lambda/0x00007fcd28c54e58
11202:             1             16  org.opensearch.ml.common.transport.model_group.MLRegisterModelGroupAction$$Lambda/0x00007fcd28c53cc0
11203:             1             16  org.opensearch.ml.common.transport.model_group.MLUpdateModelGroupAction$$Lambda/0x00007fcd28c54378
11204:             1             16  org.opensearch.ml.common.transport.prediction.MLPredictionTaskAction$$Lambda/0x00007fcd28ae7b70
11205:             1             16  org.opensearch.ml.common.transport.register.MLRegisterModelAction$$Lambda/0x00007fcd28c4f080
11206:             1             16  org.opensearch.ml.common.transport.sync.MLSyncUpAction$$Lambda/0x00007fcd28c53590
11207:             1             16  org.opensearch.ml.common.transport.task.MLTaskDeleteAction$$Lambda/0x00007fcd28c4de30
11208:             1             16  org.opensearch.ml.common.transport.task.MLTaskGetAction$$Lambda/0x00007fcd28c4da08
11209:             1             16  org.opensearch.ml.common.transport.task.MLTaskSearchAction$$Lambda/0x00007fcd28c4e258
11210:             1             16  org.opensearch.ml.common.transport.tools.MLGetToolAction$$Lambda/0x00007fcd28c60290
11211:             1             16  org.opensearch.ml.common.transport.tools.MLListToolsAction$$Lambda/0x00007fcd28c5faa0
11212:             1             16  org.opensearch.ml.common.transport.training.MLTrainingTaskAction$$Lambda/0x00007fcd28c4c000
11213:             1             16  org.opensearch.ml.common.transport.trainpredict.MLTrainAndPredictionTaskAction$$Lambda/0x00007fcd28c4c428
11214:             1             16  org.opensearch.ml.common.transport.undeploy.MLUndeployModelAction$$Lambda/0x00007fcd28c507f8
11215:             1             16  org.opensearch.ml.common.transport.undeploy.MLUndeployModelsAction$$Lambda/0x00007fcd28c50f28
11216:             1             16  org.opensearch.ml.common.transport.update_cache.MLUpdateModelCacheAction$$Lambda/0x00007fcd28c527c8
11217:             1             16  org.opensearch.ml.common.transport.upload_chunk.MLRegisterModelMetaAction$$Lambda/0x00007fcd28c515f8
11218:             1             16  org.opensearch.ml.common.transport.upload_chunk.MLUploadModelChunkAction$$Lambda/0x00007fcd28c51cb0
11219:             1             16  org.opensearch.ml.engine.MLEngineClassLoader$$Lambda/0x00007fcd28ac6320
11220:             1             16  org.opensearch.ml.engine.ModelHelper
11221:             1             16  org.opensearch.ml.engine.indices.MLInputDatasetHandler
11222:             1             16  org.opensearch.ml.engine.tools.AgentTool$Factory
11223:             1             16  org.opensearch.ml.engine.tools.ConnectorTool$Factory
11224:             1             16  org.opensearch.ml.engine.tools.IndexMappingTool$Factory
11225:             1             16  org.opensearch.ml.engine.tools.MLModelTool$Factory
11226:             1             16  org.opensearch.ml.engine.tools.VisualizationsTool$Factory
11227:             1             16  org.opensearch.ml.helper.ConnectorAccessControlHelper
11228:             1             16  org.opensearch.ml.helper.ConnectorAccessControlHelper$$Lambda/0x00007fcd28abd5f0
11229:             1             16  org.opensearch.ml.helper.ModelAccessControlHelper
11230:             1             16  org.opensearch.ml.helper.ModelAccessControlHelper$$Lambda/0x00007fcd28abd178
11231:             1             16  org.opensearch.ml.memory.action.conversation.CreateConversationAction$$Lambda/0x00007fcd28c57328
11232:             1             16  org.opensearch.ml.memory.action.conversation.CreateConversationTransportAction$$Lambda/0x00007fcd28d72c20
11233:             1             16  org.opensearch.ml.memory.action.conversation.CreateConversationTransportAction$$Lambda/0x00007fcd28d72e38
11234:             1             16  org.opensearch.ml.memory.action.conversation.CreateInteractionAction$$Lambda/0x00007fcd28c58290
11235:             1             16  org.opensearch.ml.memory.action.conversation.CreateInteractionTransportAction$$Lambda/0x00007fcd28d71cc8
11236:             1             16  org.opensearch.ml.memory.action.conversation.CreateInteractionTransportAction$$Lambda/0x00007fcd28d71ee0
11237:             1             16  org.opensearch.ml.memory.action.conversation.DeleteConversationAction$$Lambda/0x00007fcd28c59038
11238:             1             16  org.opensearch.ml.memory.action.conversation.DeleteConversationTransportAction$$Lambda/0x00007fcd28e7e000
11239:             1             16  org.opensearch.ml.memory.action.conversation.DeleteConversationTransportAction$$Lambda/0x00007fcd28e7e218
11240:             1             16  org.opensearch.ml.memory.action.conversation.GetConversationAction$$Lambda/0x00007fcd28c5ae80
11241:             1             16  org.opensearch.ml.memory.action.conversation.GetConversationTransportAction$$Lambda/0x00007fcd28f15e48
11242:             1             16  org.opensearch.ml.memory.action.conversation.GetConversationTransportAction$$Lambda/0x00007fcd28f16060
11243:             1             16  org.opensearch.ml.memory.action.conversation.GetConversationsAction$$Lambda/0x00007fcd28c57a08
11244:             1             16  org.opensearch.ml.memory.action.conversation.GetConversationsTransportAction$$Lambda/0x00007fcd28f17748
11245:             1             16  org.opensearch.ml.memory.action.conversation.GetConversationsTransportAction$$Lambda/0x00007fcd28f17960
11246:             1             16  org.opensearch.ml.memory.action.conversation.GetInteractionAction$$Lambda/0x00007fcd28c5b548
11247:             1             16  org.opensearch.ml.memory.action.conversation.GetInteractionTransportAction$$Lambda/0x00007fcd28efb218
11248:             1             16  org.opensearch.ml.memory.action.conversation.GetInteractionTransportAction$$Lambda/0x00007fcd28efb430
11249:             1             16  org.opensearch.ml.memory.action.conversation.GetInteractionsAction$$Lambda/0x00007fcd28c58970
11250:             1             16  org.opensearch.ml.memory.action.conversation.GetInteractionsTransportAction$$Lambda/0x00007fcd28e7e448
11251:             1             16  org.opensearch.ml.memory.action.conversation.GetInteractionsTransportAction$$Lambda/0x00007fcd28e7e660
11252:             1             16  org.opensearch.ml.memory.action.conversation.GetTracesAction$$Lambda/0x00007fcd28c5f3e0
11253:             1             16  org.opensearch.ml.memory.action.conversation.GetTracesTransportAction$$Lambda/0x00007fcd28f14a90
11254:             1             16  org.opensearch.ml.memory.action.conversation.SearchConversationsAction$$Lambda/0x00007fcd28c5a7b8
11255:             1             16  org.opensearch.ml.memory.action.conversation.SearchConversationsTransportAction$$Lambda/0x00007fcd28efbb28
11256:             1             16  org.opensearch.ml.memory.action.conversation.SearchConversationsTransportAction$$Lambda/0x00007fcd28efbd40
11257:             1             16  org.opensearch.ml.memory.action.conversation.SearchInteractionsAction$$Lambda/0x00007fcd28c5a380
11258:             1             16  org.opensearch.ml.memory.action.conversation.SearchInteractionsTransportAction$$Lambda/0x00007fcd28f15a00
11259:             1             16  org.opensearch.ml.memory.action.conversation.SearchInteractionsTransportAction$$Lambda/0x00007fcd28f15c18
11260:             1             16  org.opensearch.ml.memory.action.conversation.UpdateConversationAction$$Lambda/0x00007fcd28c5e8d8
11261:             1             16  org.opensearch.ml.memory.action.conversation.UpdateConversationTransportAction$$Lambda/0x00007fcd28ebf780
11262:             1             16  org.opensearch.ml.memory.action.conversation.UpdateConversationTransportAction$$Lambda/0x00007fcd28ebf998
11263:             1             16  org.opensearch.ml.memory.action.conversation.UpdateInteractionAction$$Lambda/0x00007fcd28c5ed08
11264:             1             16  org.opensearch.ml.memory.action.conversation.UpdateInteractionTransportAction$$Lambda/0x00007fcd28f14ca8
11265:             1             16  org.opensearch.ml.memory.action.conversation.UpdateInteractionTransportAction$$Lambda/0x00007fcd28f14ec0
11266:             1             16  org.opensearch.ml.model.MLModelCacheHelper$$Lambda/0x00007fcd28ab6ca0
11267:             1             16  org.opensearch.ml.model.MLModelManager$$Lambda/0x00007fcd28abf068
11268:             1             16  org.opensearch.ml.model.MLModelManager$$Lambda/0x00007fcd28abf298
11269:             1             16  org.opensearch.ml.model.MLModelManager$$Lambda/0x00007fcd28abf4c8
11270:             1             16  org.opensearch.ml.plugin.MachineLearningPlugin$$Lambda/0x00007fcd2853a3f0
11271:             1             16  org.opensearch.ml.plugin.MachineLearningPlugin$$Lambda/0x00007fcd2853a608
11272:             1             16  org.opensearch.ml.plugin.MachineLearningPlugin$$Lambda/0x00007fcd28ae6698
11273:             1             16  org.opensearch.ml.plugin.MachineLearningPlugin$$Lambda/0x00007fcd28c60f88
11274:             1             16  org.opensearch.ml.plugin.MachineLearningPlugin$$Lambda/0x00007fcd28c613c8
11275:             1             16  org.opensearch.ml.repackage.com.google.common.collect.RegularImmutableList
11276:             1             16  org.opensearch.ml.repackage.com.google.common.collect.SingletonImmutableList
11277:             1             16  org.opensearch.ml.repackage.com.google.common.collect.SingletonImmutableSet
11278:             1             16  org.opensearch.ml.rest.RestMLRegisterModelMetaAction$$Lambda/0x00007fcd29025300
11279:             1             16  org.opensearch.ml.rest.RestMLStatsAction$$Lambda/0x00007fcd28f919b0
11280:             1             16  org.opensearch.ml.rest.RestMLUndeployModelAction$$Lambda/0x00007fcd29024e08
11281:             1             16  org.opensearch.ml.rest.RestMLUploadModelChunkAction$$Lambda/0x00007fcd290257f8
11282:             1             16  org.opensearch.ml.settings.MLFeatureEnabledSetting$$Lambda/0x00007fcd28abda48
11283:             1             16  org.opensearch.ml.settings.MLFeatureEnabledSetting$$Lambda/0x00007fcd28abdc78
11284:             1             16  org.opensearch.ml.settings.MLFeatureEnabledSetting$$Lambda/0x00007fcd28abdea8
11285:             1             16  org.opensearch.ml.settings.MLFeatureEnabledSetting$$Lambda/0x00007fcd28abe0d8
11286:             1             16  org.opensearch.ml.task.MLExecuteTaskRunner$$Lambda/0x00007fcd28ac1a98
11287:             1             16  org.opensearch.ml.task.MLPredictTaskRunner$$Lambda/0x00007fcd28ac13b8
11288:             1             16  org.opensearch.ml.task.MLTaskDispatcher$$Lambda/0x00007fcd28ac0000
11289:             1             16  org.opensearch.ml.task.MLTaskDispatcher$$Lambda/0x00007fcd28ac0230
11290:             1             16  org.opensearch.ml.tools.GetToolTransportAction$$Lambda/0x00007fcd28f912b0
11291:             1             16  org.opensearch.ml.tools.ListToolsTransportAction$$Lambda/0x00007fcd28ebe4c8
11292:             1             16  org.opensearch.monitor.fs.FsHealthService$$Lambda/0x00007fcd28714000
11293:             1             16  org.opensearch.monitor.fs.FsHealthService$$Lambda/0x00007fcd28714220
11294:             1             16  org.opensearch.monitor.fs.FsHealthService$$Lambda/0x00007fcd28714450
11295:             1             16  org.opensearch.monitor.fs.FsHealthService$$Lambda/0x00007fcd28714680
11296:             1             16  org.opensearch.monitor.fs.FsService
11297:             1             16  org.opensearch.monitor.fs.FsService$$Lambda/0x00007fcd288846f8
11298:             1             16  org.opensearch.monitor.jvm.HotThreads$$Lambda/0x00007fcd29338000
11299:             1             16  org.opensearch.monitor.os.OsProbe$$Lambda/0x00007fcd28874618
11300:             1             16  org.opensearch.monitor.process.ProcessProbe
11301:             1             16  org.opensearch.neuralsearch.ml.MLCommonsClientAccessor
11302:             1             16  org.opensearch.neuralsearch.plugin.NeuralSearch$$Lambda/0x00007fcd2856c840
11303:             1             16  org.opensearch.neuralsearch.plugin.NeuralSearch$$Lambda/0x00007fcd2856ca58
11304:             1             16  org.opensearch.neuralsearch.plugin.NeuralSearch$$Lambda/0x00007fcd28790268
11305:             1             16  org.opensearch.neuralsearch.plugin.NeuralSearch$$Lambda/0x00007fcd28790480
11306:             1             16  org.opensearch.neuralsearch.plugin.NeuralSearch$$Lambda/0x00007fcd28790ad0
11307:             1             16  org.opensearch.neuralsearch.plugin.NeuralSearch$$Lambda/0x00007fcd28790ce8
11308:             1             16  org.opensearch.neuralsearch.plugin.NeuralSearch$$Lambda/0x00007fcd287911a0
11309:             1             16  org.opensearch.neuralsearch.plugin.NeuralSearch$$Lambda/0x00007fcd287913b8
11310:             1             16  org.opensearch.neuralsearch.processor.NeuralQueryEnricherProcessor$Factory
11311:             1             16  org.opensearch.neuralsearch.processor.NeuralSparseTwoPhaseProcessor$Factory
11312:             1             16  org.opensearch.neuralsearch.processor.combination.ScoreCombinationFactory
11313:             1             16  org.opensearch.neuralsearch.processor.combination.ScoreCombinationFactory$$Lambda/0x00007fcd28249640
11314:             1             16  org.opensearch.neuralsearch.processor.combination.ScoreCombinationFactory$$Lambda/0x00007fcd28249878
11315:             1             16  org.opensearch.neuralsearch.processor.combination.ScoreCombinationFactory$$Lambda/0x00007fcd28249ab0
11316:             1             16  org.opensearch.neuralsearch.processor.combination.ScoreCombinationUtil
11317:             1             16  org.opensearch.neuralsearch.processor.combination.ScoreCombiner
11318:             1             16  org.opensearch.neuralsearch.processor.normalization.L2ScoreNormalizationTechnique
11319:             1             16  org.opensearch.neuralsearch.processor.normalization.ScoreNormalizationFactory
11320:             1             16  org.opensearch.neuralsearch.processor.normalization.ScoreNormalizer
11321:             1             16  org.opensearch.neuralsearch.search.query.HybridAggregationProcessor
11322:             1             16  org.opensearch.neuralsearch.util.HybridQueryUtil$$Lambda/0x00007fcd28d06898
11323:             1             16  org.opensearch.neuralsearch.util.NeuralSearchClusterUtil
11324:             1             16  org.opensearch.node.Node$$Lambda/0x00007fcd280cb100
11325:             1             16  org.opensearch.node.Node$$Lambda/0x00007fcd280cb568
11326:             1             16  org.opensearch.node.Node$$Lambda/0x00007fcd280cb7a8
11327:             1             16  org.opensearch.node.Node$$Lambda/0x00007fcd284a29d8
11328:             1             16  org.opensearch.node.Node$$Lambda/0x00007fcd284a2c10
11329:             1             16  org.opensearch.node.Node$$Lambda/0x00007fcd2851c640
11330:             1             16  org.opensearch.node.Node$$Lambda/0x00007fcd2851c878
11331:             1             16  org.opensearch.node.Node$$Lambda/0x00007fcd285457b0
11332:             1             16  org.opensearch.node.Node$$Lambda/0x00007fcd286c7278
11333:             1             16  org.opensearch.node.Node$$Lambda/0x00007fcd286c74b0
11334:             1             16  org.opensearch.node.Node$$Lambda/0x00007fcd287148b0
11335:             1             16  org.opensearch.node.Node$$Lambda/0x00007fcd28714ad0
11336:             1             16  org.opensearch.node.Node$$Lambda/0x00007fcd28882648
11337:             1             16  org.opensearch.node.Node$$Lambda/0x00007fcd2888dc18
11338:             1             16  org.opensearch.node.Node$$Lambda/0x00007fcd288b0b40
11339:             1             16  org.opensearch.node.Node$$Lambda/0x00007fcd288b0f90
11340:             1             16  org.opensearch.node.Node$$Lambda/0x00007fcd288b1408
11341:             1             16  org.opensearch.node.Node$$Lambda/0x00007fcd288b1a40
11342:             1             16  org.opensearch.node.Node$$Lambda/0x00007fcd288b1c78
11343:             1             16  org.opensearch.node.Node$$Lambda/0x00007fcd288b1eb0
11344:             1             16  org.opensearch.node.Node$$Lambda/0x00007fcd288b20e8
11345:             1             16  org.opensearch.node.Node$$Lambda/0x00007fcd288b2550
11346:             1             16  org.opensearch.node.Node$$Lambda/0x00007fcd288b2788
11347:             1             16  org.opensearch.node.Node$$Lambda/0x00007fcd288b29c0
11348:             1             16  org.opensearch.node.Node$$Lambda/0x00007fcd288b2bf8
11349:             1             16  org.opensearch.node.Node$$Lambda/0x00007fcd288b2e30
11350:             1             16  org.opensearch.node.Node$$Lambda/0x00007fcd288bb008
11351:             1             16  org.opensearch.node.Node$$Lambda/0x00007fcd288beb90
11352:             1             16  org.opensearch.node.Node$$Lambda/0x00007fcd288c1548
11353:             1             16  org.opensearch.node.Node$$Lambda/0x00007fcd288f9708
11354:             1             16  org.opensearch.node.Node$$Lambda/0x00007fcd28ba30f8
11355:             1             16  org.opensearch.node.Node$$Lambda/0x00007fcd28ba3340
11356:             1             16  org.opensearch.node.Node$$Lambda/0x00007fcd28ba3578
11357:             1             16  org.opensearch.node.Node$$Lambda/0x00007fcd28c9ea20
11358:             1             16  org.opensearch.node.Node$$Lambda/0x00007fcd28c9ee60
11359:             1             16  org.opensearch.node.Node$$Lambda/0x00007fcd28ca1e08
11360:             1             16  org.opensearch.node.Node$$Lambda/0x00007fcd28cb4cd0
11361:             1             16  org.opensearch.node.Node$$Lambda/0x00007fcd28cf3bc0
11362:             1             16  org.opensearch.node.Node$$Lambda/0x00007fcd28cf3de0
11363:             1             16  org.opensearch.node.Node$$Lambda/0x00007fcd28cf4440
11364:             1             16  org.opensearch.node.Node$$Lambda/0x00007fcd28cf4660
11365:             1             16  org.opensearch.node.Node$$Lambda/0x00007fcd28cf4880
11366:             1             16  org.opensearch.node.Node$$Lambda/0x00007fcd28d0af28
11367:             1             16  org.opensearch.node.Node$$Lambda/0x00007fcd28d24f58
11368:             1             16  org.opensearch.node.Node$$Lambda/0x00007fcd28f7e7d0
11369:             1             16  org.opensearch.node.Node$$Lambda/0x00007fcd28f7ea18
11370:             1             16  org.opensearch.node.Node$$Lambda/0x00007fcd28f7ee90
11371:             1             16  org.opensearch.node.Node$$Lambda/0x00007fcd28f7f0b0
11372:             1             16  org.opensearch.node.Node$$Lambda/0x00007fcd28fdf268
11373:             1             16  org.opensearch.node.Node$$Lambda/0x00007fcd290451d8
11374:             1             16  org.opensearch.node.Node$$Lambda/0x00007fcd290e9bf0
11375:             1             16  org.opensearch.node.Node$$Lambda/0x00007fcd290f5260
11376:             1             16  org.opensearch.node.NodeRoleSettings$$Lambda/0x00007fcd284b0000
11377:             1             16  org.opensearch.node.NodeRoleSettings$$Lambda/0x00007fcd284b0238
11378:             1             16  org.opensearch.node.NodeRoleSettings$$Lambda/0x00007fcd284b0470
11379:             1             16  org.opensearch.node.NodeRoleSettings$$Lambda/0x00007fcd284b0908
11380:             1             16  org.opensearch.node.ResourceUsageCollectorService$$Lambda/0x00007fcd29044440
11381:             1             16  org.opensearch.node.ResponseCollectorService
11382:             1             16  org.opensearch.node.remotestore.RemoteStoreNodeService$$Lambda/0x00007fcd28544968
11383:             1             16  org.opensearch.node.remotestore.RemoteStoreNodeService$$Lambda/0x00007fcd28544fd0
11384:             1             16  org.opensearch.node.remotestore.RemoteStoreNodeService$$Lambda/0x00007fcd28545208
11385:             1             16  org.opensearch.node.resource.tracker.AverageIoUsageTracker$$Lambda/0x00007fcd29044220
11386:             1             16  org.opensearch.node.resource.tracker.NodeResourceUsageTracker$$Lambda/0x00007fcd28c9b958
11387:             1             16  org.opensearch.node.resource.tracker.NodeResourceUsageTracker$$Lambda/0x00007fcd28c9be98
11388:             1             16  org.opensearch.node.resource.tracker.NodeResourceUsageTracker$$Lambda/0x00007fcd28c9c3f0
11389:             1             16  org.opensearch.notifications.CoreProvider
11390:             1             16  org.opensearch.notifications.NotificationPlugin
11391:             1             16  org.opensearch.notifications.NotificationPlugin$Companion
11392:             1             16  org.opensearch.notifications.action.CreateNotificationConfigAction$$Lambda/0x00007fcd28e50860
11393:             1             16  org.opensearch.notifications.action.DeleteNotificationConfigAction$$Lambda/0x00007fcd28e50ea8
11394:             1             16  org.opensearch.notifications.action.GetChannelListAction$$Lambda/0x00007fcd28e50000
11395:             1             16  org.opensearch.notifications.action.GetNotificationConfigAction$$Lambda/0x00007fcd28e50648
11396:             1             16  org.opensearch.notifications.action.GetPluginFeaturesAction$$Lambda/0x00007fcd28e50218
11397:             1             16  org.opensearch.notifications.action.PluginBaseAction$Companion
11398:             1             16  org.opensearch.notifications.action.PublishNotificationAction$$Lambda/0x00007fcd28e50c90
11399:             1             16  org.opensearch.notifications.action.SendNotificationAction$$Lambda/0x00007fcd28e50a78
11400:             1             16  org.opensearch.notifications.action.SendTestNotificationAction$$Lambda/0x00007fcd28b01db0
11401:             1             16  org.opensearch.notifications.action.SendTestNotificationAction$$Lambda/0x00007fcd28e50430
11402:             1             16  org.opensearch.notifications.action.SendTestNotificationAction$Companion
11403:             1             16  org.opensearch.notifications.action.UpdateNotificationConfigAction$$Lambda/0x00007fcd28e510c0
11404:             1             16  org.opensearch.notifications.core.NotificationCoreImpl
11405:             1             16  org.opensearch.notifications.core.NotificationCorePlugin
11406:             1             16  org.opensearch.notifications.core.NotificationCorePlugin$Companion
11407:             1             16  org.opensearch.notifications.core.setting.PluginSettings
11408:             1             16  org.opensearch.notifications.core.setting.PluginSettings$$Lambda/0x00007fcd2858d148
11409:             1             16  org.opensearch.notifications.core.setting.PluginSettings$$Lambda/0x00007fcd2858d380
11410:             1             16  org.opensearch.notifications.core.setting.PluginSettings$$Lambda/0x00007fcd2858d5b8
11411:             1             16  org.opensearch.notifications.core.setting.PluginSettings$$Lambda/0x00007fcd2858da80
11412:             1             16  org.opensearch.notifications.core.setting.PluginSettings$$Lambda/0x00007fcd2858dcb8
11413:             1             16  org.opensearch.notifications.core.setting.PluginSettings$$Lambda/0x00007fcd2858def0
11414:             1             16  org.opensearch.notifications.core.setting.PluginSettings$$Lambda/0x00007fcd2858e128
11415:             1             16  org.opensearch.notifications.core.setting.PluginSettings$$Lambda/0x00007fcd2858e360
11416:             1             16  org.opensearch.notifications.core.setting.PluginSettings$$Lambda/0x00007fcd2858e7f0
11417:             1             16  org.opensearch.notifications.core.setting.PluginSettings$$Lambda/0x00007fcd2858ea18
11418:             1             16  org.opensearch.notifications.core.setting.PluginSettings$$Lambda/0x00007fcd2858ec40
11419:             1             16  org.opensearch.notifications.core.setting.PluginSettings$$Lambda/0x00007fcd2858ee68
11420:             1             16  org.opensearch.notifications.core.setting.PluginSettings$$Lambda/0x00007fcd2858f090
11421:             1             16  org.opensearch.notifications.core.setting.PluginSettings$$Lambda/0x00007fcd2858f2b8
11422:             1             16  org.opensearch.notifications.core.setting.PluginSettings$$Lambda/0x00007fcd2858f4e0
11423:             1             16  org.opensearch.notifications.core.setting.PluginSettings$$Lambda/0x00007fcd2858f708
11424:             1             16  org.opensearch.notifications.core.setting.PluginSettings$$Lambda/0x00007fcd2858f930
11425:             1             16  org.opensearch.notifications.core.setting.PluginSettings$$Lambda/0x00007fcd2858fb58
11426:             1             16  org.opensearch.notifications.index.ConfigIndexingActions
11427:             1             16  org.opensearch.notifications.index.NotificationConfigIndex
11428:             1             16  org.opensearch.notifications.index.NotificationConfigIndex$searchHitParser$1
11429:             1             16  org.opensearch.notifications.resthandler.NotificationChannelListRestHandler$Companion
11430:             1             16  org.opensearch.notifications.resthandler.NotificationConfigRestHandler$Companion
11431:             1             16  org.opensearch.notifications.resthandler.NotificationFeaturesRestHandler$Companion
11432:             1             16  org.opensearch.notifications.resthandler.SendTestMessageRestHandler$Companion
11433:             1             16  org.opensearch.notifications.security.UserAccessManager
11434:             1             16  org.opensearch.notifications.send.SendMessageActionHelper
11435:             1             16  org.opensearch.notifications.settings.PluginSettings
11436:             1             16  org.opensearch.notifications.settings.PluginSettings$$Lambda/0x00007fcd28457dc8
11437:             1             16  org.opensearch.notifications.settings.PluginSettings$$Lambda/0x00007fcd28b00000
11438:             1             16  org.opensearch.notifications.util.SecureIndexClient
11439:             1             16  org.opensearch.observability.ObservabilityPlugin
11440:             1             16  org.opensearch.observability.ObservabilityPlugin$Companion
11441:             1             16  org.opensearch.observability.action.CreateObservabilityObjectAction$$Lambda/0x00007fcd28c84ec8
11442:             1             16  org.opensearch.observability.action.CreateObservabilityObjectAction$$Lambda/0x00007fcd28d942f0
11443:             1             16  org.opensearch.observability.action.CreateObservabilityObjectAction$Companion
11444:             1             16  org.opensearch.observability.action.DeleteObservabilityObjectAction$$Lambda/0x00007fcd28c85788
11445:             1             16  org.opensearch.observability.action.DeleteObservabilityObjectAction$$Lambda/0x00007fcd28d94508
11446:             1             16  org.opensearch.observability.action.DeleteObservabilityObjectAction$Companion
11447:             1             16  org.opensearch.observability.action.GetObservabilityObjectAction$$Lambda/0x00007fcd28c86050
11448:             1             16  org.opensearch.observability.action.GetObservabilityObjectAction$$Lambda/0x00007fcd28d94720
11449:             1             16  org.opensearch.observability.action.GetObservabilityObjectAction$Companion
11450:             1             16  org.opensearch.observability.action.PluginBaseAction$Companion
11451:             1             16  org.opensearch.observability.action.UpdateObservabilityObjectAction$$Lambda/0x00007fcd28c86910
11452:             1             16  org.opensearch.observability.action.UpdateObservabilityObjectAction$$Lambda/0x00007fcd28d94938
11453:             1             16  org.opensearch.observability.action.UpdateObservabilityObjectAction$Companion
11454:             1             16  org.opensearch.observability.index.ObservabilityIndex
11455:             1             16  org.opensearch.observability.index.ObservabilityIndex$searchHitParser$1
11456:             1             16  org.opensearch.observability.resthandler.ObservabilityRestHandler$Companion
11457:             1             16  org.opensearch.observability.resthandler.ObservabilityStatsRestHandler$Companion
11458:             1             16  org.opensearch.observability.settings.PluginSettings
11459:             1             16  org.opensearch.observability.settings.PluginSettings$$Lambda/0x00007fcd28597b40
11460:             1             16  org.opensearch.observability.settings.PluginSettings$$Lambda/0x00007fcd28597d78
11461:             1             16  org.opensearch.observability.settings.PluginSettings$$Lambda/0x00007fcd28afa000
11462:             1             16  org.opensearch.observability.settings.PluginSettings$$Lambda/0x00007fcd28afa228
11463:             1             16  org.opensearch.observability.settings.PluginSettings$$Lambda/0x00007fcd28afa450
11464:             1             16  org.opensearch.observability.settings.PluginSettings$$Lambda/0x00007fcd28afa678
11465:             1             16  org.opensearch.observability.settings.PluginSettings$$Lambda/0x00007fcd28afa8a0
11466:             1             16  org.opensearch.observability.settings.PluginSettings$$Lambda/0x00007fcd28afaac8
11467:             1             16  org.opensearch.observability.settings.PluginSettings$$Lambda/0x00007fcd28afacf0
11468:             1             16  org.opensearch.observability.settings.PluginSettings$$Lambda/0x00007fcd28afaf18
11469:             1             16  org.opensearch.observability.util.SecureIndexClient
11470:             1             16  org.opensearch.painless.CompilerSettings$$Lambda/0x00007fcd28226660
11471:             1             16  org.opensearch.painless.PainlessPlugin
11472:             1             16  org.opensearch.painless.PainlessPlugin$$Lambda/0x00007fcd28225990
11473:             1             16  org.opensearch.painless.PainlessPlugin$$Lambda/0x00007fcd28225bc8
11474:             1             16  org.opensearch.painless.PainlessPlugin$$Lambda/0x00007fcd28225df0
11475:             1             16  org.opensearch.painless.action.PainlessContextAction$$Lambda/0x00007fcd2861ede8
11476:             1             16  org.opensearch.painless.action.PainlessContextAction$TransportAction$$Lambda/0x00007fcd2861f830
11477:             1             16  org.opensearch.painless.action.PainlessExecuteAction$$Lambda/0x00007fcd2861e6d0
11478:             1             16  org.opensearch.painless.action.PainlessExecuteAction$TransportAction$$Lambda/0x00007fcd2861fa48
11479:             1             16  org.opensearch.painless.lookup.PainlessLookupBuilder$$Lambda/0x00007fcd285d4470
11480:             1             16  org.opensearch.painless.lookup.PainlessLookupBuilder$$Lambda/0x00007fcd285d48b0
11481:             1             16  org.opensearch.painless.lookup.PainlessLookupBuilder$$Lambda/0x00007fcd285d4ce8
11482:             1             16  org.opensearch.painless.lookup.PainlessLookupBuilder$$Lambda/0x00007fcd285d5128
11483:             1             16  org.opensearch.painless.lookup.PainlessLookupBuilder$$Lambda/0x00007fcd2860fd60
11484:             1             16  org.opensearch.painless.lookup.PainlessLookupBuilder$$Lambda/0x00007fcd2861e208
11485:             1             16  org.opensearch.painless.spi.WhitelistClass$$Lambda/0x00007fcd28220840
11486:             1             16  org.opensearch.painless.spi.WhitelistClass$$Lambda/0x00007fcd28220a78
11487:             1             16  org.opensearch.painless.spi.WhitelistClass$$Lambda/0x00007fcd28220cb0
11488:             1             16  org.opensearch.painless.spi.WhitelistConstructor$$Lambda/0x00007fcd28224cb8
11489:             1             16  org.opensearch.painless.spi.WhitelistConstructor$$Lambda/0x00007fcd28224ef0
11490:             1             16  org.opensearch.painless.spi.WhitelistConstructor$$Lambda/0x00007fcd28225128
11491:             1             16  org.opensearch.painless.spi.WhitelistMethod$$Lambda/0x00007fcd28224408
11492:             1             16  org.opensearch.painless.spi.WhitelistMethod$$Lambda/0x00007fcd28224640
11493:             1             16  org.opensearch.painless.spi.WhitelistMethod$$Lambda/0x00007fcd28224878
11494:             1             16  org.opensearch.painless.spi.annotation.DeprecatedAnnotationParser
11495:             1             16  org.opensearch.painless.spi.annotation.InjectConstantAnnotationParser
11496:             1             16  org.opensearch.painless.spi.annotation.NoImportAnnotation
11497:             1             16  org.opensearch.painless.spi.annotation.NoImportAnnotationParser
11498:             1             16  org.opensearch.painless.spi.annotation.NonDeterministicAnnotation
11499:             1             16  org.opensearch.painless.spi.annotation.NonDeterministicAnnotationParser
11500:             1             16  org.opensearch.painless.spi.annotation.WhitelistAnnotationParser$$Lambda/0x00007fcd2821bc80
11501:             1             16  org.opensearch.painless.spi.annotation.WhitelistAnnotationParser$$Lambda/0x00007fcd28220000
11502:             1             16  org.opensearch.percolator.PercolatorFieldMapper$TypeParser
11503:             1             16  org.opensearch.percolator.PercolatorFieldMapperExt$TypeParser
11504:             1             16  org.opensearch.percolator.PercolatorHighlightSubFetchPhase
11505:             1             16  org.opensearch.percolator.PercolatorHighlightSubFetchPhase
11506:             1             16  org.opensearch.percolator.PercolatorMatchedSlotSubFetchPhase
11507:             1             16  org.opensearch.percolator.PercolatorMatchedSlotSubFetchPhase
11508:             1             16  org.opensearch.percolator.PercolatorPlugin
11509:             1             16  org.opensearch.percolator.PercolatorPlugin$$Lambda/0x00007fcd2878c798
11510:             1             16  org.opensearch.percolator.PercolatorPlugin$$Lambda/0x00007fcd2878c9b0
11511:             1             16  org.opensearch.percolator.PercolatorPluginExt$$Lambda/0x00007fcd28621f38
11512:             1             16  org.opensearch.percolator.PercolatorPluginExt$$Lambda/0x00007fcd28622150
11513:             1             16  org.opensearch.performanceanalyzer.action.PerformanceAnalyzerActionFilter
11514:             1             16  org.opensearch.performanceanalyzer.collectors.NodeStatsAllShardsMetricsCollector$1$$Lambda/0x00007fcd284454b8
11515:             1             16  org.opensearch.performanceanalyzer.collectors.NodeStatsAllShardsMetricsCollector$1$$Lambda/0x00007fcd284456d0
11516:             1             16  org.opensearch.performanceanalyzer.collectors.NodeStatsAllShardsMetricsCollector$1$$Lambda/0x00007fcd284458e8
11517:             1             16  org.opensearch.performanceanalyzer.collectors.NodeStatsAllShardsMetricsCollector$1$$Lambda/0x00007fcd28445b00
11518:             1             16  org.opensearch.performanceanalyzer.collectors.NodeStatsAllShardsMetricsCollector$1$$Lambda/0x00007fcd28445d18
11519:             1             16  org.opensearch.performanceanalyzer.collectors.NodeStatsAllShardsMetricsCollector$1$$Lambda/0x00007fcd28445f30
11520:             1             16  org.opensearch.performanceanalyzer.collectors.NodeStatsAllShardsMetricsCollector$1$$Lambda/0x00007fcd28446148
11521:             1             16  org.opensearch.performanceanalyzer.collectors.NodeStatsAllShardsMetricsCollector$1$$Lambda/0x00007fcd28446360
11522:             1             16  org.opensearch.performanceanalyzer.collectors.NodeStatsAllShardsMetricsCollector$1$$Lambda/0x00007fcd28446578
11523:             1             16  org.opensearch.performanceanalyzer.collectors.NodeStatsAllShardsMetricsCollector$1$$Lambda/0x00007fcd28446790
11524:             1             16  org.opensearch.performanceanalyzer.collectors.telemetry.RTFNodeStatsAllShardsMetricsCollector$$Lambda/0x00007fcd2843f6e0
11525:             1             16  org.opensearch.performanceanalyzer.collectors.telemetry.RTFNodeStatsAllShardsMetricsCollector$$Lambda/0x00007fcd2843f8f8
11526:             1             16  org.opensearch.performanceanalyzer.collectors.telemetry.RTFNodeStatsAllShardsMetricsCollector$$Lambda/0x00007fcd2843fb10
11527:             1             16  org.opensearch.performanceanalyzer.collectors.telemetry.RTFNodeStatsAllShardsMetricsCollector$$Lambda/0x00007fcd2843fd28
11528:             1             16  org.opensearch.performanceanalyzer.collectors.telemetry.RTFNodeStatsAllShardsMetricsCollector$$Lambda/0x00007fcd28444000
11529:             1             16  org.opensearch.performanceanalyzer.collectors.telemetry.RTFNodeStatsAllShardsMetricsCollector$$Lambda/0x00007fcd28444218
11530:             1             16  org.opensearch.performanceanalyzer.collectors.telemetry.RTFNodeStatsAllShardsMetricsCollector$$Lambda/0x00007fcd28444430
11531:             1             16  org.opensearch.performanceanalyzer.collectors.telemetry.RTFNodeStatsAllShardsMetricsCollector$$Lambda/0x00007fcd28444648
11532:             1             16  org.opensearch.performanceanalyzer.collectors.telemetry.RTFNodeStatsAllShardsMetricsCollector$$Lambda/0x00007fcd28444860
11533:             1             16  org.opensearch.performanceanalyzer.collectors.telemetry.RTFNodeStatsAllShardsMetricsCollector$$Lambda/0x00007fcd28444a78
11534:             1             16  org.opensearch.performanceanalyzer.commons.config.ConfigStatus
11535:             1             16  org.opensearch.performanceanalyzer.commons.config.PluginSettings$$Lambda/0x00007fcd283f15c8
11536:             1             16  org.opensearch.performanceanalyzer.commons.metrics_generator.linux.LinuxOSMetricsGenerator
11537:             1             16  org.opensearch.performanceanalyzer.commons.stats.ServiceMetrics$$Lambda/0x00007fcd283edeb0
11538:             1             16  org.opensearch.performanceanalyzer.config.setting.ClusterSettingsManager$ClusterSettingsResponseHandler
11539:             1             16  org.opensearch.performanceanalyzer.http_action.whoami.TransportWhoAmIAction$$Lambda/0x00007fcd28c650b8
11540:             1             16  org.opensearch.performanceanalyzer.listener.NoOpSearchListener
11541:             1             16  org.opensearch.performanceanalyzer.transport.PerformanceAnalyzerTransportInterceptor
11542:             1             16  org.opensearch.performanceanalyzer.writer.EventLogQueueProcessor$$Lambda/0x00007fcd28440a20
11543:             1             16  org.opensearch.performanceanalyzer.writer.EventLogQueueProcessor$$Lambda/0x00007fcd28440c40
11544:             1             16  org.opensearch.persistent.CompletionPersistentTaskAction$$Lambda/0x00007fcd28bff5c0
11545:             1             16  org.opensearch.persistent.CompletionPersistentTaskAction$TransportAction$$Lambda/0x00007fcd28e22ac0
11546:             1             16  org.opensearch.persistent.NodePersistentTasksExecutor
11547:             1             16  org.opensearch.persistent.PersistentTasksClusterService$$Lambda/0x00007fcd28d10540
11548:             1             16  org.opensearch.persistent.PersistentTasksExecutorRegistry
11549:             1             16  org.opensearch.persistent.RemovePersistentTaskAction$$Lambda/0x00007fcd28bffa58
11550:             1             16  org.opensearch.persistent.RemovePersistentTaskAction$TransportAction$$Lambda/0x00007fcd28edd5e0
11551:             1             16  org.opensearch.persistent.StartPersistentTaskAction$$Lambda/0x00007fcd28bfec90
11552:             1             16  org.opensearch.persistent.StartPersistentTaskAction$TransportAction$$Lambda/0x00007fcd28e22470
11553:             1             16  org.opensearch.persistent.UpdatePersistentTaskStatusAction$$Lambda/0x00007fcd28bff128
11554:             1             16  org.opensearch.persistent.UpdatePersistentTaskStatusAction$TransportAction$$Lambda/0x00007fcd28f7e180
11555:             1             16  org.opensearch.persistent.decider.EnableAssignmentDecider
11556:             1             16  org.opensearch.persistent.decider.EnableAssignmentDecider$$Lambda/0x00007fcd286f43a0
11557:             1             16  org.opensearch.persistent.decider.EnableAssignmentDecider$$Lambda/0x00007fcd28d0bbe0
11558:             1             16  org.opensearch.plugin.repository.url.URLRepositoryPlugin
11559:             1             16  org.opensearch.plugins.MapperPlugin$$Lambda/0x00007fcd28213db8
11560:             1             16  org.opensearch.plugins.MapperPlugin$$Lambda/0x00007fcd28216000
11561:             1             16  org.opensearch.plugins.MetadataUpgrader
11562:             1             16  org.opensearch.plugins.MetadataUpgrader$$Lambda/0x00007fcd28ca2248
11563:             1             16  org.opensearch.plugins.PluginsService$$Lambda/0x00007fcd281eb350
11564:             1             16  org.opensearch.plugins.PluginsService$$Lambda/0x00007fcd28443220
11565:             1             16  org.opensearch.plugins.PluginsService$$Lambda/0x00007fcd28443458
11566:             1             16  org.opensearch.plugins.PluginsService$$Lambda/0x00007fcd28443690
11567:             1             16  org.opensearch.plugins.PluginsService$$Lambda/0x00007fcd2845e428
11568:             1             16  org.opensearch.plugins.PluginsService$$Lambda/0x00007fcd284a27a0
11569:             1             16  org.opensearch.plugins.PluginsService$$Lambda/0x00007fcd28542238
11570:             1             16  org.opensearch.plugins.PluginsService$$Lambda/0x00007fcd2854ed60
11571:             1             16  org.opensearch.plugins.TransportExceptionHandler$$Lambda/0x00007fcd28ca17c8
11572:             1             16  org.opensearch.ratelimitting.admissioncontrol.AdmissionControlSettings
11573:             1             16  org.opensearch.ratelimitting.admissioncontrol.AdmissionControlSettings$$Lambda/0x00007fcd28704fe0
11574:             1             16  org.opensearch.ratelimitting.admissioncontrol.AdmissionControlSettings$$Lambda/0x00007fcd28c9d418
11575:             1             16  org.opensearch.ratelimitting.admissioncontrol.settings.CpuBasedAdmissionControllerSettings$$Lambda/0x00007fcd28705458
11576:             1             16  org.opensearch.ratelimitting.admissioncontrol.settings.CpuBasedAdmissionControllerSettings$$Lambda/0x00007fcd28c9d648
11577:             1             16  org.opensearch.ratelimitting.admissioncontrol.settings.CpuBasedAdmissionControllerSettings$$Lambda/0x00007fcd28c9d878
11578:             1             16  org.opensearch.ratelimitting.admissioncontrol.settings.CpuBasedAdmissionControllerSettings$$Lambda/0x00007fcd28c9daa8
11579:             1             16  org.opensearch.ratelimitting.admissioncontrol.settings.CpuBasedAdmissionControllerSettings$$Lambda/0x00007fcd28c9dcd8
11580:             1             16  org.opensearch.ratelimitting.admissioncontrol.settings.IoBasedAdmissionControllerSettings$$Lambda/0x00007fcd287058d0
11581:             1             16  org.opensearch.ratelimitting.admissioncontrol.settings.IoBasedAdmissionControllerSettings$$Lambda/0x00007fcd28c9df08
11582:             1             16  org.opensearch.ratelimitting.admissioncontrol.settings.IoBasedAdmissionControllerSettings$$Lambda/0x00007fcd28c9e138
11583:             1             16  org.opensearch.ratelimitting.admissioncontrol.settings.IoBasedAdmissionControllerSettings$$Lambda/0x00007fcd28c9e368
11584:             1             16  org.opensearch.ratelimitting.admissioncontrol.transport.AdmissionControlTransportInterceptor
11585:             1             16  org.opensearch.replication.ReplicationPlugin$$Lambda/0x00007fcd285224f0
11586:             1             16  org.opensearch.replication.ReplicationPlugin$$Lambda/0x00007fcd285229c8
11587:             1             16  org.opensearch.replication.ReplicationPlugin$$Lambda/0x00007fcd28894000
11588:             1             16  org.opensearch.replication.ReplicationPlugin$$Lambda/0x00007fcd288944d0
11589:             1             16  org.opensearch.replication.ReplicationPlugin$$Lambda/0x00007fcd288949d8
11590:             1             16  org.opensearch.replication.ReplicationPlugin$$Lambda/0x00007fcd28894f18
11591:             1             16  org.opensearch.replication.ReplicationPlugin$$Lambda/0x00007fcd288953b8
11592:             1             16  org.opensearch.replication.ReplicationPlugin$$Lambda/0x00007fcd28895a80
11593:             1             16  org.opensearch.replication.ReplicationPlugin$$Lambda/0x00007fcd28895c98
11594:             1             16  org.opensearch.replication.ReplicationPlugin$$Lambda/0x00007fcd28898000
11595:             1             16  org.opensearch.replication.ReplicationPlugin$$Lambda/0x00007fcd28898218
11596:             1             16  org.opensearch.replication.ReplicationPlugin$$Lambda/0x00007fcd28898430
11597:             1             16  org.opensearch.replication.ReplicationPlugin$$Lambda/0x00007fcd28898648
11598:             1             16  org.opensearch.replication.ReplicationPlugin$$Lambda/0x00007fcd28898860
11599:             1             16  org.opensearch.replication.ReplicationPlugin$$Lambda/0x00007fcd29000d80
11600:             1             16  org.opensearch.replication.ReplicationPlugin$Companion
11601:             1             16  org.opensearch.replication.ReplicationSettings$$Lambda/0x00007fcd2889a2e0
11602:             1             16  org.opensearch.replication.ReplicationSettings$$Lambda/0x00007fcd2889a510
11603:             1             16  org.opensearch.replication.ReplicationSettings$$Lambda/0x00007fcd2889a740
11604:             1             16  org.opensearch.replication.ReplicationSettings$$Lambda/0x00007fcd2889a970
11605:             1             16  org.opensearch.replication.ReplicationSettings$$Lambda/0x00007fcd2889aba0
11606:             1             16  org.opensearch.replication.ReplicationSettings$$Lambda/0x00007fcd2889add0
11607:             1             16  org.opensearch.replication.ReplicationSettings$$Lambda/0x00007fcd2889b000
11608:             1             16  org.opensearch.replication.ReplicationSettings$$Lambda/0x00007fcd2889b230
11609:             1             16  org.opensearch.replication.ReplicationSettings$$Lambda/0x00007fcd2889b460
11610:             1             16  org.opensearch.replication.ReplicationSettings$$Lambda/0x00007fcd2889b690
11611:             1             16  org.opensearch.replication.ReplicationSettings$$Lambda/0x00007fcd2889b8c0
11612:             1             16  org.opensearch.replication.ReplicationSettings$$Lambda/0x00007fcd2889baf0
11613:             1             16  org.opensearch.replication.action.autofollow.AutoFollowClusterManagerNodeAction$$Lambda/0x00007fcd28c08860
11614:             1             16  org.opensearch.replication.action.autofollow.AutoFollowClusterManagerNodeAction$Companion
11615:             1             16  org.opensearch.replication.action.autofollow.TransportAutoFollowClusterManagerNodeAction$$Lambda/0x00007fcd28da1b30
11616:             1             16  org.opensearch.replication.action.autofollow.TransportAutoFollowClusterManagerNodeAction$Companion
11617:             1             16  org.opensearch.replication.action.autofollow.TransportUpdateAutoFollowPatternAction$$Lambda/0x00007fcd28e6d440
11618:             1             16  org.opensearch.replication.action.autofollow.TransportUpdateAutoFollowPatternAction$Companion
11619:             1             16  org.opensearch.replication.action.autofollow.UpdateAutoFollowPatternAction$$Lambda/0x00007fcd28c08000
11620:             1             16  org.opensearch.replication.action.autofollow.UpdateAutoFollowPatternAction$Companion
11621:             1             16  org.opensearch.replication.action.changes.GetChangesAction$$Lambda/0x00007fcd28974f10
11622:             1             16  org.opensearch.replication.action.changes.GetChangesAction$Companion
11623:             1             16  org.opensearch.replication.action.changes.TransportGetChangesAction$$Lambda/0x00007fcd28da0a70
11624:             1             16  org.opensearch.replication.action.changes.TransportGetChangesAction$$Lambda/0x00007fcd28da0c88
11625:             1             16  org.opensearch.replication.action.changes.TransportGetChangesAction$Companion
11626:             1             16  org.opensearch.replication.action.index.ReplicateIndexAction$$Lambda/0x00007fcd28975a38
11627:             1             16  org.opensearch.replication.action.index.ReplicateIndexAction$Companion
11628:             1             16  org.opensearch.replication.action.index.ReplicateIndexClusterManagerNodeAction$$Lambda/0x00007fcd28976490
11629:             1             16  org.opensearch.replication.action.index.ReplicateIndexClusterManagerNodeAction$Companion
11630:             1             16  org.opensearch.replication.action.index.TransportReplicateIndexAction$$Lambda/0x00007fcd28e6d658
11631:             1             16  org.opensearch.replication.action.index.TransportReplicateIndexAction$Companion
11632:             1             16  org.opensearch.replication.action.index.TransportReplicateIndexClusterManagerNodeAction$$Lambda/0x00007fcd28e6f7d8
11633:             1             16  org.opensearch.replication.action.index.TransportReplicateIndexClusterManagerNodeAction$Companion
11634:             1             16  org.opensearch.replication.action.index.block.TransportUpddateIndexBlockAction$$Lambda/0x00007fcd28e6cdf8
11635:             1             16  org.opensearch.replication.action.index.block.TransportUpddateIndexBlockAction$Companion
11636:             1             16  org.opensearch.replication.action.index.block.UpdateIndexBlockAction$$Lambda/0x00007fcd28c0b420
11637:             1             16  org.opensearch.replication.action.index.block.UpdateIndexBlockAction$Companion
11638:             1             16  org.opensearch.replication.action.pause.PauseIndexReplicationAction$$Lambda/0x00007fcd28c099e0
11639:             1             16  org.opensearch.replication.action.pause.PauseIndexReplicationAction$Companion
11640:             1             16  org.opensearch.replication.action.pause.TransportPauseIndexReplicationAction$$Lambda/0x00007fcd28e6d228
11641:             1             16  org.opensearch.replication.action.pause.TransportPauseIndexReplicationAction$Companion
11642:             1             16  org.opensearch.replication.action.replay.ReplayChangesAction$$Lambda/0x00007fcd28976fb0
11643:             1             16  org.opensearch.replication.action.replay.ReplayChangesAction$Companion
11644:             1             16  org.opensearch.replication.action.replay.TransportReplayChangesAction$$Lambda/0x00007fcd28da1d48
11645:             1             16  org.opensearch.replication.action.replay.TransportReplayChangesAction$$Lambda/0x00007fcd28da1f80
11646:             1             16  org.opensearch.replication.action.replay.TransportReplayChangesAction$$Lambda/0x00007fcd28da2198
11647:             1             16  org.opensearch.replication.action.replay.TransportReplayChangesAction$Companion
11648:             1             16  org.opensearch.replication.action.replicationstatedetails.TransportUpdateReplicationStateDetails$$Lambda/0x00007fcd28e6f3a8
11649:             1             16  org.opensearch.replication.action.replicationstatedetails.UpdateReplicationStateAction$$Lambda/0x00007fcd28c0deb8
11650:             1             16  org.opensearch.replication.action.replicationstatedetails.UpdateReplicationStateAction$Companion
11651:             1             16  org.opensearch.replication.action.repository.GetFileChunkAction$$Lambda/0x00007fcd28c01660
11652:             1             16  org.opensearch.replication.action.repository.GetFileChunkAction$Companion
11653:             1             16  org.opensearch.replication.action.repository.GetStoreMetadataAction$$Lambda/0x00007fcd28977b48
11654:             1             16  org.opensearch.replication.action.repository.GetStoreMetadataAction$Companion
11655:             1             16  org.opensearch.replication.action.repository.ReleaseLeaderResourcesAction$$Lambda/0x00007fcd28c0bce0
11656:             1             16  org.opensearch.replication.action.repository.ReleaseLeaderResourcesAction$Companion
11657:             1             16  org.opensearch.replication.action.repository.TransportGetFileChunkAction$$Lambda/0x00007fcd28e6e2e8
11658:             1             16  org.opensearch.replication.action.repository.TransportGetFileChunkAction$$Lambda/0x00007fcd28e6e500
11659:             1             16  org.opensearch.replication.action.repository.TransportGetFileChunkAction$Companion
11660:             1             16  org.opensearch.replication.action.repository.TransportGetStoreMetadataAction$$Lambda/0x00007fcd28da12d0
11661:             1             16  org.opensearch.replication.action.repository.TransportGetStoreMetadataAction$$Lambda/0x00007fcd28da14e8
11662:             1             16  org.opensearch.replication.action.repository.TransportGetStoreMetadataAction$Companion
11663:             1             16  org.opensearch.replication.action.repository.TransportReleaseLeaderResourcesAction$$Lambda/0x00007fcd28da1700
11664:             1             16  org.opensearch.replication.action.repository.TransportReleaseLeaderResourcesAction$$Lambda/0x00007fcd28da1918
11665:             1             16  org.opensearch.replication.action.repository.TransportReleaseLeaderResourcesAction$Companion
11666:             1             16  org.opensearch.replication.action.resume.ResumeIndexReplicationAction$$Lambda/0x00007fcd28c0a2a0
11667:             1             16  org.opensearch.replication.action.resume.ResumeIndexReplicationAction$Companion
11668:             1             16  org.opensearch.replication.action.resume.TransportResumeIndexReplicationAction$$Lambda/0x00007fcd28da0ea0
11669:             1             16  org.opensearch.replication.action.resume.TransportResumeIndexReplicationAction$Companion
11670:             1             16  org.opensearch.replication.action.setup.SetupChecksAction$$Lambda/0x00007fcd28c0d670
11671:             1             16  org.opensearch.replication.action.setup.SetupChecksAction$Companion
11672:             1             16  org.opensearch.replication.action.setup.TransportSetupChecksAction$$Lambda/0x00007fcd28e6e718
11673:             1             16  org.opensearch.replication.action.setup.TransportSetupChecksAction$Companion
11674:             1             16  org.opensearch.replication.action.setup.TransportValidatePermissionsAction$$Lambda/0x00007fcd28e6d010
11675:             1             16  org.opensearch.replication.action.setup.TransportValidatePermissionsAction$Companion
11676:             1             16  org.opensearch.replication.action.setup.ValidatePermissionsAction$$Lambda/0x00007fcd28c0ce28
11677:             1             16  org.opensearch.replication.action.setup.ValidatePermissionsAction$Companion
11678:             1             16  org.opensearch.replication.action.stats.AutoFollowStatsAction$$Lambda/0x00007fcd28c114b0
11679:             1             16  org.opensearch.replication.action.stats.AutoFollowStatsAction$Companion
11680:             1             16  org.opensearch.replication.action.stats.FollowerStatsAction$$Lambda/0x00007fcd28c10968
11681:             1             16  org.opensearch.replication.action.stats.FollowerStatsAction$Companion
11682:             1             16  org.opensearch.replication.action.stats.LeaderStatsAction$$Lambda/0x00007fcd28c10000
11683:             1             16  org.opensearch.replication.action.stats.LeaderStatsAction$Companion
11684:             1             16  org.opensearch.replication.action.stats.TransportAutoFollowStatsAction$$Lambda/0x00007fcd28e6dca0
11685:             1             16  org.opensearch.replication.action.stats.TransportAutoFollowStatsAction$$Lambda/0x00007fcd28e6deb8
11686:             1             16  org.opensearch.replication.action.stats.TransportAutoFollowStatsAction$$Lambda/0x00007fcd28e6e0d0
11687:             1             16  org.opensearch.replication.action.stats.TransportAutoFollowStatsAction$Companion
11688:             1             16  org.opensearch.replication.action.stats.TransportFollowerStatsAction$$Lambda/0x00007fcd28e6eb48
11689:             1             16  org.opensearch.replication.action.stats.TransportFollowerStatsAction$$Lambda/0x00007fcd28e6ed60
11690:             1             16  org.opensearch.replication.action.stats.TransportFollowerStatsAction$Companion
11691:             1             16  org.opensearch.replication.action.stats.TransportLeaderStatsAction$$Lambda/0x00007fcd28e6d870
11692:             1             16  org.opensearch.replication.action.stats.TransportLeaderStatsAction$$Lambda/0x00007fcd28e6da88
11693:             1             16  org.opensearch.replication.action.stats.TransportLeaderStatsAction$Companion
11694:             1             16  org.opensearch.replication.action.status.ReplicationStatusAction$$Lambda/0x00007fcd28c0f2d8
11695:             1             16  org.opensearch.replication.action.status.ReplicationStatusAction$Companion
11696:             1             16  org.opensearch.replication.action.status.ShardsInfoAction$$Lambda/0x00007fcd28c0ea40
11697:             1             16  org.opensearch.replication.action.status.ShardsInfoAction$Companion
11698:             1             16  org.opensearch.replication.action.status.TranportShardsInfoAction$$Lambda/0x00007fcd28e6e930
11699:             1             16  org.opensearch.replication.action.status.TranportShardsInfoAction$Companion
11700:             1             16  org.opensearch.replication.action.status.TransportReplicationStatusAction$$Lambda/0x00007fcd28e6ef78
11701:             1             16  org.opensearch.replication.action.status.TransportReplicationStatusAction$Companion
11702:             1             16  org.opensearch.replication.action.stop.StopIndexReplicationAction$$Lambda/0x00007fcd28c09120
11703:             1             16  org.opensearch.replication.action.stop.StopIndexReplicationAction$Companion
11704:             1             16  org.opensearch.replication.action.stop.TransportStopIndexReplicationAction$$Lambda/0x00007fcd28e6f190
11705:             1             16  org.opensearch.replication.action.stop.TransportStopIndexReplicationAction$Companion
11706:             1             16  org.opensearch.replication.action.update.TransportUpdateIndexReplicationAction$$Lambda/0x00007fcd28e6f9f0
11707:             1             16  org.opensearch.replication.action.update.TransportUpdateIndexReplicationAction$Companion
11708:             1             16  org.opensearch.replication.action.update.UpdateIndexReplicationAction$$Lambda/0x00007fcd28c0ab60
11709:             1             16  org.opensearch.replication.action.update.UpdateIndexReplicationAction$Companion
11710:             1             16  org.opensearch.replication.metadata.ReplicationMetadataManager$Companion
11711:             1             16  org.opensearch.replication.metadata.TransportUpdateMetadataAction$$Lambda/0x00007fcd28e6f5c0
11712:             1             16  org.opensearch.replication.metadata.TransportUpdateMetadataAction$Companion
11713:             1             16  org.opensearch.replication.metadata.UpdateMetadataAction$$Lambda/0x00007fcd28c0c580
11714:             1             16  org.opensearch.replication.metadata.UpdateMetadataAction$Companion
11715:             1             16  org.opensearch.replication.metadata.store.ReplicationMetadataStore$Companion
11716:             1             16  org.opensearch.replication.repository.RemoteClusterRepositoriesService
11717:             1             16  org.opensearch.replication.repository.RemoteClusterRepositoriesService$$Lambda/0x00007fcd28974000
11718:             1             16  org.opensearch.replication.repository.RemoteClusterRepositoriesService$$Lambda/0x00007fcd28974230
11719:             1             16  org.opensearch.replication.repository.RemoteClusterRepositoriesService$$Lambda/0x00007fcd28974458
11720:             1             16  org.opensearch.replication.repository.RemoteClusterRepositoriesService$$Lambda/0x00007fcd28974688
11721:             1             16  org.opensearch.replication.rest.AutoFollowStatsHandler$Companion
11722:             1             16  org.opensearch.replication.rest.FollowerStatsHandler$Companion
11723:             1             16  org.opensearch.replication.rest.LeaderStatsHandler$Companion
11724:             1             16  org.opensearch.replication.rest.PauseIndexReplicationHandler$Companion
11725:             1             16  org.opensearch.replication.rest.ReplicationStatusHandler$Companion
11726:             1             16  org.opensearch.replication.rest.ResumeIndexReplicationHandler$Companion
11727:             1             16  org.opensearch.replication.rest.UpdateAutoFollowPatternsHandler$Companion
11728:             1             16  org.opensearch.replication.seqno.RemoteClusterTranslogService$Companion
11729:             1             16  org.opensearch.replication.task.autofollow.AutoFollowExecutor$Companion
11730:             1             16  org.opensearch.replication.task.autofollow.AutoFollowStat$Companion
11731:             1             16  org.opensearch.replication.task.index.IndexReplicationExecutor$Companion
11732:             1             16  org.opensearch.replication.task.index.IndexReplicationState$$Lambda/0x00007fcd28d0c660
11733:             1             16  org.opensearch.replication.task.index.IndexReplicationState$$Lambda/0x00007fcd28d0c878
11734:             1             16  org.opensearch.replication.task.index.IndexReplicationState$Companion
11735:             1             16  org.opensearch.replication.task.index.InitialState
11736:             1             16  org.opensearch.replication.task.shard.FollowerClusterStats
11737:             1             16  org.opensearch.replication.task.shard.ShardReplicationExecutor$Companion
11738:             1             16  org.opensearch.replication.util.ValidationUtil
11739:             1             16  org.opensearch.reportsscheduler.ReportsSchedulerPlugin
11740:             1             16  org.opensearch.reportsscheduler.ReportsSchedulerPlugin$Companion
11741:             1             16  org.opensearch.reportsscheduler.action.CreateReportDefinitionAction$$Lambda/0x00007fcd289796f8
11742:             1             16  org.opensearch.reportsscheduler.action.CreateReportDefinitionAction$$Lambda/0x00007fcd28d81cf0
11743:             1             16  org.opensearch.reportsscheduler.action.CreateReportDefinitionAction$Companion
11744:             1             16  org.opensearch.reportsscheduler.action.DeleteReportDefinitionAction$$Lambda/0x00007fcd28979fb8
11745:             1             16  org.opensearch.reportsscheduler.action.DeleteReportDefinitionAction$$Lambda/0x00007fcd28d82120
11746:             1             16  org.opensearch.reportsscheduler.action.DeleteReportDefinitionAction$Companion
11747:             1             16  org.opensearch.reportsscheduler.action.GetAllReportDefinitionsAction$$Lambda/0x00007fcd2897a880
11748:             1             16  org.opensearch.reportsscheduler.action.GetAllReportDefinitionsAction$$Lambda/0x00007fcd28d82338
11749:             1             16  org.opensearch.reportsscheduler.action.GetAllReportDefinitionsAction$Companion
11750:             1             16  org.opensearch.reportsscheduler.action.GetAllReportInstancesAction$$Lambda/0x00007fcd2897b148
11751:             1             16  org.opensearch.reportsscheduler.action.GetAllReportInstancesAction$$Lambda/0x00007fcd28d81490
11752:             1             16  org.opensearch.reportsscheduler.action.GetAllReportInstancesAction$Companion
11753:             1             16  org.opensearch.reportsscheduler.action.GetReportDefinitionAction$$Lambda/0x00007fcd2897ba10
11754:             1             16  org.opensearch.reportsscheduler.action.GetReportDefinitionAction$$Lambda/0x00007fcd28d816a8
11755:             1             16  org.opensearch.reportsscheduler.action.GetReportDefinitionAction$Companion
11756:             1             16  org.opensearch.reportsscheduler.action.GetReportInstanceAction$$Lambda/0x00007fcd28c14498
11757:             1             16  org.opensearch.reportsscheduler.action.GetReportInstanceAction$$Lambda/0x00007fcd28d81f08
11758:             1             16  org.opensearch.reportsscheduler.action.GetReportInstanceAction$Companion
11759:             1             16  org.opensearch.reportsscheduler.action.InContextReportCreateAction$$Lambda/0x00007fcd28c14d60
11760:             1             16  org.opensearch.reportsscheduler.action.InContextReportCreateAction$$Lambda/0x00007fcd28d82550
11761:             1             16  org.opensearch.reportsscheduler.action.InContextReportCreateAction$Companion
11762:             1             16  org.opensearch.reportsscheduler.action.OnDemandReportCreateAction$$Lambda/0x00007fcd28c15628
11763:             1             16  org.opensearch.reportsscheduler.action.OnDemandReportCreateAction$$Lambda/0x00007fcd28c17d48
11764:             1             16  org.opensearch.reportsscheduler.action.OnDemandReportCreateAction$Companion
11765:             1             16  org.opensearch.reportsscheduler.action.PluginBaseAction$Companion
11766:             1             16  org.opensearch.reportsscheduler.action.UpdateReportDefinitionAction$$Lambda/0x00007fcd28c15ee8
11767:             1             16  org.opensearch.reportsscheduler.action.UpdateReportDefinitionAction$$Lambda/0x00007fcd28d81ad8
11768:             1             16  org.opensearch.reportsscheduler.action.UpdateReportDefinitionAction$Companion
11769:             1             16  org.opensearch.reportsscheduler.action.UpdateReportInstanceStatusAction$$Lambda/0x00007fcd28c167a8
11770:             1             16  org.opensearch.reportsscheduler.action.UpdateReportInstanceStatusAction$$Lambda/0x00007fcd28d818c0
11771:             1             16  org.opensearch.reportsscheduler.action.UpdateReportInstanceStatusAction$Companion
11772:             1             16  org.opensearch.reportsscheduler.index.ReportDefinitionsIndex
11773:             1             16  org.opensearch.reportsscheduler.index.ReportInstancesIndex
11774:             1             16  org.opensearch.reportsscheduler.resthandler.OnDemandReportRestHandler$Companion
11775:             1             16  org.opensearch.reportsscheduler.resthandler.ReportDefinitionListRestHandler$Companion
11776:             1             16  org.opensearch.reportsscheduler.resthandler.ReportDefinitionRestHandler$Companion
11777:             1             16  org.opensearch.reportsscheduler.resthandler.ReportInstanceListRestHandler$Companion
11778:             1             16  org.opensearch.reportsscheduler.resthandler.ReportInstanceRestHandler$Companion
11779:             1             16  org.opensearch.reportsscheduler.resthandler.ReportStatsRestHandler$Companion
11780:             1             16  org.opensearch.reportsscheduler.scheduler.ReportDefinitionJobParser
11781:             1             16  org.opensearch.reportsscheduler.scheduler.ReportDefinitionJobRunner
11782:             1             16  org.opensearch.reportsscheduler.settings.PluginSettings
11783:             1             16  org.opensearch.reportsscheduler.settings.PluginSettings$$Lambda/0x00007fcd28577600
11784:             1             16  org.opensearch.reportsscheduler.settings.PluginSettings$$Lambda/0x00007fcd28577828
11785:             1             16  org.opensearch.repositories.RepositoriesService$$Lambda/0x00007fcd28cef878
11786:             1             16  org.opensearch.repositories.VerifyNodeRepositoryAction$$Lambda/0x00007fcd28cef228
11787:             1             16  org.opensearch.repositories.VerifyNodeRepositoryAction$VerifyNodeRepositoryRequestHandler
11788:             1             16  org.opensearch.repositories.blobstore.BlobStoreRepository$$Lambda/0x00007fcd28531058
11789:             1             16  org.opensearch.repositories.blobstore.BlobStoreRepository$$Lambda/0x00007fcd28532538
11790:             1             16  org.opensearch.repositories.blobstore.BlobStoreRepository$$Lambda/0x00007fcd28532d70
11791:             1             16  org.opensearch.repositories.blobstore.BlobStoreRepository$$Lambda/0x00007fcd285331e8
11792:             1             16  org.opensearch.repositories.blobstore.BlobStoreRepository$$Lambda/0x00007fcd285338b8
11793:             1             16  org.opensearch.repositories.blobstore.BlobStoreRepository$$Lambda/0x00007fcd28533dc8
11794:             1             16  org.opensearch.repositories.blobstore.BlobStoreRepository$$Lambda/0x00007fcd28534298
11795:             1             16  org.opensearch.repositories.blobstore.BlobStoreRepository$$Lambda/0x00007fcd291bc448
11796:             1             16  org.opensearch.repositories.s3.S3ClientSettings$$Lambda/0x00007fcd283c4888
11797:             1             16  org.opensearch.repositories.s3.S3ClientSettings$$Lambda/0x00007fcd283c4ac0
11798:             1             16  org.opensearch.repositories.s3.S3ClientSettings$$Lambda/0x00007fcd283c4cf8
11799:             1             16  org.opensearch.repositories.s3.S3ClientSettings$$Lambda/0x00007fcd283c4f30
11800:             1             16  org.opensearch.repositories.s3.S3ClientSettings$$Lambda/0x00007fcd283c5168
11801:             1             16  org.opensearch.repositories.s3.S3ClientSettings$$Lambda/0x00007fcd283c53a0
11802:             1             16  org.opensearch.repositories.s3.S3ClientSettings$$Lambda/0x00007fcd283c55d8
11803:             1             16  org.opensearch.repositories.s3.S3ClientSettings$$Lambda/0x00007fcd283c5810
11804:             1             16  org.opensearch.repositories.s3.S3ClientSettings$$Lambda/0x00007fcd283c5a48
11805:             1             16  org.opensearch.repositories.s3.S3ClientSettings$$Lambda/0x00007fcd283c5ec0
11806:             1             16  org.opensearch.repositories.s3.S3ClientSettings$$Lambda/0x00007fcd283c60f8
11807:             1             16  org.opensearch.repositories.s3.S3ClientSettings$$Lambda/0x00007fcd283c6570
11808:             1             16  org.opensearch.repositories.s3.S3ClientSettings$$Lambda/0x00007fcd283c67a8
11809:             1             16  org.opensearch.repositories.s3.S3ClientSettings$$Lambda/0x00007fcd283c69e0
11810:             1             16  org.opensearch.repositories.s3.S3ClientSettings$$Lambda/0x00007fcd283c6c18
11811:             1             16  org.opensearch.repositories.s3.S3ClientSettings$$Lambda/0x00007fcd283c6e50
11812:             1             16  org.opensearch.repositories.s3.S3ClientSettings$$Lambda/0x00007fcd283c7088
11813:             1             16  org.opensearch.repositories.s3.S3ClientSettings$$Lambda/0x00007fcd283c72c0
11814:             1             16  org.opensearch.repositories.s3.S3ClientSettings$$Lambda/0x00007fcd283c74f8
11815:             1             16  org.opensearch.repositories.s3.S3ClientSettings$$Lambda/0x00007fcd283c7730
11816:             1             16  org.opensearch.repositories.s3.S3ClientSettings$$Lambda/0x00007fcd283c7968
11817:             1             16  org.opensearch.repositories.s3.S3ClientSettings$$Lambda/0x00007fcd283c7ba0
11818:             1             16  org.opensearch.repositories.s3.S3ClientSettings$$Lambda/0x00007fcd283c8000
11819:             1             16  org.opensearch.repositories.s3.S3ClientSettings$$Lambda/0x00007fcd283c8238
11820:             1             16  org.opensearch.repositories.s3.S3ClientSettings$$Lambda/0x00007fcd283c8470
11821:             1             16  org.opensearch.repositories.s3.S3ClientSettings$$Lambda/0x00007fcd283c86a8
11822:             1             16  org.opensearch.repositories.s3.S3ClientSettings$$Lambda/0x00007fcd283c88e0
11823:             1             16  org.opensearch.repositories.s3.S3ClientSettings$$Lambda/0x00007fcd283c8b18
11824:             1             16  org.opensearch.repositories.s3.S3ClientSettings$$Lambda/0x00007fcd283c8d50
11825:             1             16  org.opensearch.repositories.s3.S3ClientSettings$$Lambda/0x00007fcd283c8f88
11826:             1             16  org.opensearch.repositories.s3.S3Repository$$Lambda/0x00007fcd285285f0
11827:             1             16  org.opensearch.repositories.s3.S3Repository$$Lambda/0x00007fcd28528828
11828:             1             16  org.opensearch.repositories.s3.async.TransferSemaphoresHolder$$Lambda/0x00007fcd28a85110
11829:             1             16  org.opensearch.repositories.s3.async.TransferSemaphoresHolder$$Lambda/0x00007fcd28a85340
11830:             1             16  org.opensearch.repositories.url.URLRepository$$Lambda/0x00007fcd28214af0
11831:             1             16  org.opensearch.repositories.url.URLRepository$$Lambda/0x00007fcd28214d28
11832:             1             16  org.opensearch.repositories.url.URLRepository$$Lambda/0x00007fcd285485d8
11833:             1             16  org.opensearch.repositories.url.URLRepository$$Lambda/0x00007fcd28548810
11834:             1             16  org.opensearch.rest.RestController$$Lambda/0x00007fcd28c9a520
11835:             1             16  org.opensearch.rest.RestUtils$1
11836:             1             16  org.opensearch.rest.action.admin.cluster.RestClusterRerouteAction$$Lambda/0x00007fcd28fc8240
11837:             1             16  org.opensearch.rest.action.admin.cluster.RestClusterRerouteAction$$Lambda/0x00007fcd28fc8458
11838:             1             16  org.opensearch.rest.action.admin.cluster.RestNodesStatsAction$$Lambda/0x00007fcd28fc5cf8
11839:             1             16  org.opensearch.rest.action.admin.cluster.RestReloadSecureSettingsAction$$Lambda/0x00007fcd28fd4020
11840:             1             16  org.opensearch.rest.action.admin.cluster.RestReloadSecureSettingsAction$$Lambda/0x00007fcd28fd4238
11841:             1             16  org.opensearch.script.AbstractSortScript$$Lambda/0x00007fcd285ce0d8
11842:             1             16  org.opensearch.script.AbstractSortScript$$Lambda/0x00007fcd285ce310
11843:             1             16  org.opensearch.script.AbstractSortScript$$Lambda/0x00007fcd285ce548
11844:             1             16  org.opensearch.script.AggregationScript$$Lambda/0x00007fcd285cd598
11845:             1             16  org.opensearch.script.AggregationScript$$Lambda/0x00007fcd285cd7d0
11846:             1             16  org.opensearch.script.AggregationScript$$Lambda/0x00007fcd285cda08
11847:             1             16  org.opensearch.script.DerivedFieldScript$$Lambda/0x00007fcd2822cce0
11848:             1             16  org.opensearch.script.DerivedFieldScript$$Lambda/0x00007fcd2822cf18
11849:             1             16  org.opensearch.script.FieldScript$$Lambda/0x00007fcd285cc2a8
11850:             1             16  org.opensearch.script.FieldScript$$Lambda/0x00007fcd285cc4e0
11851:             1             16  org.opensearch.script.FieldScript$$Lambda/0x00007fcd285cc718
11852:             1             16  org.opensearch.script.ScoreScript$$Lambda/0x00007fcd2821d7b8
11853:             1             16  org.opensearch.script.ScoreScript$$Lambda/0x00007fcd2821d9f0
11854:             1             16  org.opensearch.script.ScoreScript$$Lambda/0x00007fcd2821dc28
11855:             1             16  org.opensearch.script.Script$$Lambda/0x00007fcd2879ebb0
11856:             1             16  org.opensearch.script.Script$$Lambda/0x00007fcd2879edc8
11857:             1             16  org.opensearch.script.Script$$Lambda/0x00007fcd2879eff0
11858:             1             16  org.opensearch.script.Script$$Lambda/0x00007fcd2879f208
11859:             1             16  org.opensearch.script.Script$$Lambda/0x00007fcd2879f430
11860:             1             16  org.opensearch.script.Script$$Lambda/0x00007fcd2879f658
11861:             1             16  org.opensearch.script.Script$$Lambda/0x00007fcd2879f880
11862:             1             16  org.opensearch.script.Script$$Lambda/0x00007fcd2879fa98
11863:             1             16  org.opensearch.script.Script$$Lambda/0x00007fcd2879fcc0
11864:             1             16  org.opensearch.script.Script$$Lambda/0x00007fcd287a0000
11865:             1             16  org.opensearch.script.ScriptModule$$Lambda/0x00007fcd285d2e78
11866:             1             16  org.opensearch.script.ScriptService$$Lambda/0x00007fcd28626440
11867:             1             16  org.opensearch.script.ScriptService$$Lambda/0x00007fcd28626678
11868:             1             16  org.opensearch.script.ScriptService$$Lambda/0x00007fcd286268b0
11869:             1             16  org.opensearch.script.ScriptService$$Lambda/0x00007fcd28626ae8
11870:             1             16  org.opensearch.script.ScriptService$$Lambda/0x00007fcd28626d20
11871:             1             16  org.opensearch.script.ScriptService$$Lambda/0x00007fcd28708860
11872:             1             16  org.opensearch.script.ScriptService$$Lambda/0x00007fcd28709160
11873:             1             16  org.opensearch.script.ScriptService$$Lambda/0x00007fcd28709390
11874:             1             16  org.opensearch.script.ScriptedMetricAggContexts$MapScript$$Lambda/0x00007fcd2845ca58
11875:             1             16  org.opensearch.script.ScriptedMetricAggContexts$MapScript$$Lambda/0x00007fcd2845cc90
11876:             1             16  org.opensearch.script.ScriptedMetricAggContexts$MapScript$$Lambda/0x00007fcd2845cec8
11877:             1             16  org.opensearch.script.ScriptedMetricAggContexts$MapScript$$Lambda/0x00007fcd2845d100
11878:             1             16  org.opensearch.script.TermsSetQueryScript$$Lambda/0x00007fcd285cf7d0
11879:             1             16  org.opensearch.script.TermsSetQueryScript$$Lambda/0x00007fcd285cfa08
11880:             1             16  org.opensearch.script.TermsSetQueryScript$$Lambda/0x00007fcd285cfc40
11881:             1             16  org.opensearch.script.expression.ExpressionPlugin
11882:             1             16  org.opensearch.script.expression.ExpressionScriptEngine
11883:             1             16  org.opensearch.script.expression.ExpressionScriptEngine$$Lambda/0x00007fcd28628668
11884:             1             16  org.opensearch.script.expression.ExpressionScriptEngine$$Lambda/0x00007fcd286288a0
11885:             1             16  org.opensearch.script.expression.ExpressionScriptEngine$$Lambda/0x00007fcd28628ad8
11886:             1             16  org.opensearch.script.expression.ExpressionScriptEngine$$Lambda/0x00007fcd28628d10
11887:             1             16  org.opensearch.script.expression.ExpressionScriptEngine$$Lambda/0x00007fcd28628f48
11888:             1             16  org.opensearch.script.expression.ExpressionScriptEngine$$Lambda/0x00007fcd28629180
11889:             1             16  org.opensearch.script.expression.ExpressionScriptEngine$$Lambda/0x00007fcd286293b8
11890:             1             16  org.opensearch.script.expression.ExpressionScriptEngine$$Lambda/0x00007fcd286295f0
11891:             1             16  org.opensearch.script.mustache.MultiSearchTemplateAction$$Lambda/0x00007fcd28c00b40
11892:             1             16  org.opensearch.script.mustache.MustachePlugin
11893:             1             16  org.opensearch.script.mustache.MustacheScriptEngine
11894:             1             16  org.opensearch.script.mustache.RenderSearchTemplateAction$$Lambda/0x00007fcd28c00430
11895:             1             16  org.opensearch.script.mustache.SearchTemplateAction$$Lambda/0x00007fcd28c00000
11896:             1             16  org.opensearch.script.mustache.TransportMultiSearchTemplateAction$$Lambda/0x00007fcd28d846c8
11897:             1             16  org.opensearch.script.mustache.TransportSearchTemplateAction$$Lambda/0x00007fcd28d848e0
11898:             1             16  org.opensearch.script.mustache.TransportSearchTemplateAction$$Lambda/0x00007fcd28d84af8
11899:             1             16  org.opensearch.search.DefaultSearchContext$$Lambda/0x00007fcd292fc000
11900:             1             16  org.opensearch.search.DocValueFormat$1
11901:             1             16  org.opensearch.search.DocValueFormat$2
11902:             1             16  org.opensearch.search.DocValueFormat$3
11903:             1             16  org.opensearch.search.DocValueFormat$4
11904:             1             16  org.opensearch.search.DocValueFormat$5
11905:             1             16  org.opensearch.search.DocValueFormat$6
11906:             1             16  org.opensearch.search.DocValueFormat$7
11907:             1             16  org.opensearch.search.DocValueFormat$8
11908:             1             16  org.opensearch.search.RescoreDocIds
11909:             1             16  org.opensearch.search.RescoreDocIds$$Lambda/0x00007fcd29213a10
11910:             1             16  org.opensearch.search.RescoreDocIds$$Lambda/0x00007fcd29213c28
11911:             1             16  org.opensearch.search.RescoreDocIds$$Lambda/0x00007fcd293d4800
11912:             1             16  org.opensearch.search.RescoreDocIds$$Lambda/0x00007fcd293d4c30
11913:             1             16  org.opensearch.search.SearchHit$$Lambda/0x00007fcd29214038
11914:             1             16  org.opensearch.search.SearchHit$$Lambda/0x00007fcd29214250
11915:             1             16  org.opensearch.search.SearchHit$$Lambda/0x00007fcd292148c8
11916:             1             16  org.opensearch.search.SearchHit$$Lambda/0x00007fcd29214af0
11917:             1             16  org.opensearch.search.SearchHit$$Lambda/0x00007fcd29214d18
11918:             1             16  org.opensearch.search.SearchHit$$Lambda/0x00007fcd29214f40
11919:             1             16  org.opensearch.search.SearchHit$$Lambda/0x00007fcd29215168
11920:             1             16  org.opensearch.search.SearchHit$$Lambda/0x00007fcd29215380
11921:             1             16  org.opensearch.search.SearchHit$$Lambda/0x00007fcd292155a8
11922:             1             16  org.opensearch.search.SearchHit$$Lambda/0x00007fcd292157d0
11923:             1             16  org.opensearch.search.SearchHit$$Lambda/0x00007fcd292159f8
11924:             1             16  org.opensearch.search.SearchHit$$Lambda/0x00007fcd29215c20
11925:             1             16  org.opensearch.search.SearchHit$$Lambda/0x00007fcd29215e38
11926:             1             16  org.opensearch.search.SearchHit$$Lambda/0x00007fcd29216060
11927:             1             16  org.opensearch.search.SearchHit$$Lambda/0x00007fcd29216278
11928:             1             16  org.opensearch.search.SearchHit$$Lambda/0x00007fcd292164a0
11929:             1             16  org.opensearch.search.SearchHit$$Lambda/0x00007fcd292166b8
11930:             1             16  org.opensearch.search.SearchHit$$Lambda/0x00007fcd292168e0
11931:             1             16  org.opensearch.search.SearchHit$$Lambda/0x00007fcd29216af8
11932:             1             16  org.opensearch.search.SearchHit$$Lambda/0x00007fcd29216d20
11933:             1             16  org.opensearch.search.SearchHit$$Lambda/0x00007fcd29218a88
11934:             1             16  org.opensearch.search.SearchHit$$Lambda/0x00007fcd29218cb0
11935:             1             16  org.opensearch.search.SearchHit$$Lambda/0x00007fcd29219268
11936:             1             16  org.opensearch.search.SearchHit$$Lambda/0x00007fcd292196a8
11937:             1             16  org.opensearch.search.SearchHit$$Lambda/0x00007fcd29219cf0
11938:             1             16  org.opensearch.search.SearchHit$$Lambda/0x00007fcd2921b188
11939:             1             16  org.opensearch.search.SearchHit$$Lambda/0x00007fcd2921bc10
11940:             1             16  org.opensearch.search.SearchHit$$Lambda/0x00007fcd29220000
11941:             1             16  org.opensearch.search.SearchHit$$Lambda/0x00007fcd29220218
11942:             1             16  org.opensearch.search.SearchHit$$Lambda/0x00007fcd29220700
11943:             1             16  org.opensearch.search.SearchHit$$Lambda/0x00007fcd29220918
11944:             1             16  org.opensearch.search.SearchHit$$Lambda/0x00007fcd29220b30
11945:             1             16  org.opensearch.search.SearchHit$$Lambda/0x00007fcd292215a8
11946:             1             16  org.opensearch.search.SearchHits$$Lambda/0x00007fcd292217c0
11947:             1             16  org.opensearch.search.SearchHits$$Lambda/0x00007fcd292219d8
11948:             1             16  org.opensearch.search.SearchHits$$Lambda/0x00007fcd29221bf0
11949:             1             16  org.opensearch.search.SearchHits$$Lambda/0x00007fcd29221e08
11950:             1             16  org.opensearch.search.SearchModule$$Lambda/0x00007fcd2874b5e0
11951:             1             16  org.opensearch.search.SearchModule$$Lambda/0x00007fcd2874ba30
11952:             1             16  org.opensearch.search.SearchModule$$Lambda/0x00007fcd28754240
11953:             1             16  org.opensearch.search.SearchModule$$Lambda/0x00007fcd287554b0
11954:             1             16  org.opensearch.search.SearchModule$$Lambda/0x00007fcd287556c8
11955:             1             16  org.opensearch.search.SearchModule$$Lambda/0x00007fcd28756560
11956:             1             16  org.opensearch.search.SearchModule$$Lambda/0x00007fcd28756f08
11957:             1             16  org.opensearch.search.SearchModule$$Lambda/0x00007fcd28757120
11958:             1             16  org.opensearch.search.SearchModule$$Lambda/0x00007fcd28757988
11959:             1             16  org.opensearch.search.SearchModule$$Lambda/0x00007fcd28758660
11960:             1             16  org.opensearch.search.SearchModule$$Lambda/0x00007fcd28758878
11961:             1             16  org.opensearch.search.SearchModule$$Lambda/0x00007fcd287590c0
11962:             1             16  org.opensearch.search.SearchModule$$Lambda/0x00007fcd287592d8
11963:             1             16  org.opensearch.search.SearchModule$$Lambda/0x00007fcd2875b638
11964:             1             16  org.opensearch.search.SearchModule$$Lambda/0x00007fcd2875c4f0
11965:             1             16  org.opensearch.search.SearchModule$$Lambda/0x00007fcd2875c928
11966:             1             16  org.opensearch.search.SearchModule$$Lambda/0x00007fcd2875cd38
11967:             1             16  org.opensearch.search.SearchModule$$Lambda/0x00007fcd2875e078
11968:             1             16  org.opensearch.search.SearchModule$$Lambda/0x00007fcd28762488
11969:             1             16  org.opensearch.search.SearchModule$$Lambda/0x00007fcd28762de8
11970:             1             16  org.opensearch.search.SearchModule$$Lambda/0x00007fcd28763998
11971:             1             16  org.opensearch.search.SearchModule$$Lambda/0x00007fcd28763bb0
11972:             1             16  org.opensearch.search.SearchModule$$Lambda/0x00007fcd28764320
11973:             1             16  org.opensearch.search.SearchModule$$Lambda/0x00007fcd28764538
11974:             1             16  org.opensearch.search.SearchModule$$Lambda/0x00007fcd28764a20
11975:             1             16  org.opensearch.search.SearchModule$$Lambda/0x00007fcd28764c38
11976:             1             16  org.opensearch.search.SearchModule$$Lambda/0x00007fcd28765ca0
11977:             1             16  org.opensearch.search.SearchModule$$Lambda/0x00007fcd287660b0
11978:             1             16  org.opensearch.search.SearchModule$$Lambda/0x00007fcd287668b8
11979:             1             16  org.opensearch.search.SearchModule$$Lambda/0x00007fcd28766ad0
11980:             1             16  org.opensearch.search.SearchModule$$Lambda/0x00007fcd287670c8
11981:             1             16  org.opensearch.search.SearchModule$$Lambda/0x00007fcd287672e0
11982:             1             16  org.opensearch.search.SearchModule$$Lambda/0x00007fcd287679c8
11983:             1             16  org.opensearch.search.SearchModule$$Lambda/0x00007fcd28767be0
11984:             1             16  org.opensearch.search.SearchModule$$Lambda/0x00007fcd287685f8
11985:             1             16  org.opensearch.search.SearchModule$$Lambda/0x00007fcd28768810
11986:             1             16  org.opensearch.search.SearchModule$$Lambda/0x00007fcd28769040
11987:             1             16  org.opensearch.search.SearchModule$$Lambda/0x00007fcd28769258
11988:             1             16  org.opensearch.search.SearchModule$$Lambda/0x00007fcd28769808
11989:             1             16  org.opensearch.search.SearchModule$$Lambda/0x00007fcd28769a20
11990:             1             16  org.opensearch.search.SearchModule$$Lambda/0x00007fcd28769fc0
11991:             1             16  org.opensearch.search.SearchModule$$Lambda/0x00007fcd2876a1d8
11992:             1             16  org.opensearch.search.SearchModule$$Lambda/0x00007fcd2876adc8
11993:             1             16  org.opensearch.search.SearchModule$$Lambda/0x00007fcd2876afe0
11994:             1             16  org.opensearch.search.SearchModule$$Lambda/0x00007fcd2876b7d8
11995:             1             16  org.opensearch.search.SearchModule$$Lambda/0x00007fcd2876b9f0
11996:             1             16  org.opensearch.search.SearchModule$$Lambda/0x00007fcd2876f730
11997:             1             16  org.opensearch.search.SearchModule$$Lambda/0x00007fcd2876f948
11998:             1             16  org.opensearch.search.SearchModule$$Lambda/0x00007fcd287703b0
11999:             1             16  org.opensearch.search.SearchModule$$Lambda/0x00007fcd287705c8
12000:             1             16  org.opensearch.search.SearchModule$$Lambda/0x00007fcd28770b80
12001:             1             16  org.opensearch.search.SearchModule$$Lambda/0x00007fcd28770d98
12002:             1             16  org.opensearch.search.SearchModule$$Lambda/0x00007fcd287715f8
12003:             1             16  org.opensearch.search.SearchModule$$Lambda/0x00007fcd28771810
12004:             1             16  org.opensearch.search.SearchModule$$Lambda/0x00007fcd28771e70
12005:             1             16  org.opensearch.search.SearchModule$$Lambda/0x00007fcd28772088
12006:             1             16  org.opensearch.search.SearchModule$$Lambda/0x00007fcd28772750
12007:             1             16  org.opensearch.search.SearchModule$$Lambda/0x00007fcd28772968
12008:             1             16  org.opensearch.search.SearchModule$$Lambda/0x00007fcd28772fa0
12009:             1             16  org.opensearch.search.SearchModule$$Lambda/0x00007fcd287731b8
12010:             1             16  org.opensearch.search.SearchModule$$Lambda/0x00007fcd287737f0
12011:             1             16  org.opensearch.search.SearchModule$$Lambda/0x00007fcd28773a08
12012:             1             16  org.opensearch.search.SearchModule$$Lambda/0x00007fcd28773fb0
12013:             1             16  org.opensearch.search.SearchModule$$Lambda/0x00007fcd287741c8
12014:             1             16  org.opensearch.search.SearchModule$$Lambda/0x00007fcd287749d8
12015:             1             16  org.opensearch.search.SearchModule$$Lambda/0x00007fcd28774bf0
12016:             1             16  org.opensearch.search.SearchModule$$Lambda/0x00007fcd28775468
12017:             1             16  org.opensearch.search.SearchModule$$Lambda/0x00007fcd28775680
12018:             1             16  org.opensearch.search.SearchModule$$Lambda/0x00007fcd28776138
12019:             1             16  org.opensearch.search.SearchModule$$Lambda/0x00007fcd28776350
12020:             1             16  org.opensearch.search.SearchModule$$Lambda/0x00007fcd28776bb0
12021:             1             16  org.opensearch.search.SearchModule$$Lambda/0x00007fcd28776dc8
12022:             1             16  org.opensearch.search.SearchModule$$Lambda/0x00007fcd287773d0
12023:             1             16  org.opensearch.search.SearchModule$$Lambda/0x00007fcd287775e8
12024:             1             16  org.opensearch.search.SearchModule$$Lambda/0x00007fcd287784c0
12025:             1             16  org.opensearch.search.SearchModule$$Lambda/0x00007fcd287786d8
12026:             1             16  org.opensearch.search.SearchModule$$Lambda/0x00007fcd28778d00
12027:             1             16  org.opensearch.search.SearchModule$$Lambda/0x00007fcd28778f18
12028:             1             16  org.opensearch.search.SearchModule$$Lambda/0x00007fcd287794f8
12029:             1             16  org.opensearch.search.SearchModule$$Lambda/0x00007fcd28779710
12030:             1             16  org.opensearch.search.SearchModule$$Lambda/0x00007fcd28779d18
12031:             1             16  org.opensearch.search.SearchModule$$Lambda/0x00007fcd28779f30
12032:             1             16  org.opensearch.search.SearchModule$$Lambda/0x00007fcd2877acb8
12033:             1             16  org.opensearch.search.SearchModule$$Lambda/0x00007fcd2877aed0
12034:             1             16  org.opensearch.search.SearchModule$$Lambda/0x00007fcd2877b478
12035:             1             16  org.opensearch.search.SearchModule$$Lambda/0x00007fcd2877b690
12036:             1             16  org.opensearch.search.SearchModule$$Lambda/0x00007fcd2877c230
12037:             1             16  org.opensearch.search.SearchModule$$Lambda/0x00007fcd2877c448
12038:             1             16  org.opensearch.search.SearchModule$$Lambda/0x00007fcd2877d740
12039:             1             16  org.opensearch.search.SearchModule$$Lambda/0x00007fcd2877d958
12040:             1             16  org.opensearch.search.SearchModule$$Lambda/0x00007fcd2877e1a0
12041:             1             16  org.opensearch.search.SearchModule$$Lambda/0x00007fcd2877e3b8
12042:             1             16  org.opensearch.search.SearchModule$$Lambda/0x00007fcd2877eba0
12043:             1             16  org.opensearch.search.SearchModule$$Lambda/0x00007fcd2877edb8
12044:             1             16  org.opensearch.search.SearchModule$$Lambda/0x00007fcd2877f440
12045:             1             16  org.opensearch.search.SearchModule$$Lambda/0x00007fcd2877f658
12046:             1             16  org.opensearch.search.SearchModule$$Lambda/0x00007fcd28780000
12047:             1             16  org.opensearch.search.SearchModule$$Lambda/0x00007fcd28780218
12048:             1             16  org.opensearch.search.SearchModule$$Lambda/0x00007fcd28780a30
12049:             1             16  org.opensearch.search.SearchModule$$Lambda/0x00007fcd28780c48
12050:             1             16  org.opensearch.search.SearchModule$$Lambda/0x00007fcd28781278
12051:             1             16  org.opensearch.search.SearchModule$$Lambda/0x00007fcd28781490
12052:             1             16  org.opensearch.search.SearchModule$$Lambda/0x00007fcd28781a68
12053:             1             16  org.opensearch.search.SearchModule$$Lambda/0x00007fcd28781c80
12054:             1             16  org.opensearch.search.SearchModule$$Lambda/0x00007fcd28782228
12055:             1             16  org.opensearch.search.SearchModule$$Lambda/0x00007fcd28782440
12056:             1             16  org.opensearch.search.SearchModule$$Lambda/0x00007fcd287829e0
12057:             1             16  org.opensearch.search.SearchModule$$Lambda/0x00007fcd28782bf8
12058:             1             16  org.opensearch.search.SearchModule$$Lambda/0x00007fcd28783f90
12059:             1             16  org.opensearch.search.SearchModule$$Lambda/0x00007fcd287841a8
12060:             1             16  org.opensearch.search.SearchModule$$Lambda/0x00007fcd28784988
12061:             1             16  org.opensearch.search.SearchModule$$Lambda/0x00007fcd28784ba0
12062:             1             16  org.opensearch.search.SearchModule$$Lambda/0x00007fcd28785158
12063:             1             16  org.opensearch.search.SearchModule$$Lambda/0x00007fcd28785370
12064:             1             16  org.opensearch.search.SearchModule$$Lambda/0x00007fcd287859b0
12065:             1             16  org.opensearch.search.SearchModule$$Lambda/0x00007fcd28785bc8
12066:             1             16  org.opensearch.search.SearchModule$$Lambda/0x00007fcd2878a770
12067:             1             16  org.opensearch.search.SearchModule$$Lambda/0x00007fcd2878a988
12068:             1             16  org.opensearch.search.SearchModule$$Lambda/0x00007fcd2878aba0
12069:             1             16  org.opensearch.search.SearchModule$$Lambda/0x00007fcd287925d8
12070:             1             16  org.opensearch.search.SearchModule$$Lambda/0x00007fcd287927f0
12071:             1             16  org.opensearch.search.SearchModule$$Lambda/0x00007fcd287931f0
12072:             1             16  org.opensearch.search.SearchModule$$Lambda/0x00007fcd28793408
12073:             1             16  org.opensearch.search.SearchModule$$Lambda/0x00007fcd28793620
12074:             1             16  org.opensearch.search.SearchModule$$Lambda/0x00007fcd28793d80
12075:             1             16  org.opensearch.search.SearchModule$$Lambda/0x00007fcd28794888
12076:             1             16  org.opensearch.search.SearchModule$$Lambda/0x00007fcd28794aa0
12077:             1             16  org.opensearch.search.SearchModule$$Lambda/0x00007fcd28794cb8
12078:             1             16  org.opensearch.search.SearchModule$$Lambda/0x00007fcd28794ed8
12079:             1             16  org.opensearch.search.SearchModule$$Lambda/0x00007fcd287960b8
12080:             1             16  org.opensearch.search.SearchModule$$Lambda/0x00007fcd287964c8
12081:             1             16  org.opensearch.search.SearchModule$$Lambda/0x00007fcd28797a08
12082:             1             16  org.opensearch.search.SearchModule$$Lambda/0x00007fcd28797c20
12083:             1             16  org.opensearch.search.SearchModule$$Lambda/0x00007fcd28799728
12084:             1             16  org.opensearch.search.SearchModule$$Lambda/0x00007fcd28799bf0
12085:             1             16  org.opensearch.search.SearchModule$$Lambda/0x00007fcd28799e08
12086:             1             16  org.opensearch.search.SearchModule$$Lambda/0x00007fcd2879a020
12087:             1             16  org.opensearch.search.SearchModule$$Lambda/0x00007fcd2879a238
12088:             1             16  org.opensearch.search.SearchModule$$Lambda/0x00007fcd2879a450
12089:             1             16  org.opensearch.search.SearchModule$$Lambda/0x00007fcd2879a668
12090:             1             16  org.opensearch.search.SearchModule$$Lambda/0x00007fcd2879a880
12091:             1             16  org.opensearch.search.SearchModule$$Lambda/0x00007fcd2879aa98
12092:             1             16  org.opensearch.search.SearchModule$$Lambda/0x00007fcd2879b710
12093:             1             16  org.opensearch.search.SearchModule$$Lambda/0x00007fcd2879c278
12094:             1             16  org.opensearch.search.SearchModule$$Lambda/0x00007fcd2879c978
12095:             1             16  org.opensearch.search.SearchModule$$Lambda/0x00007fcd2879d078
12096:             1             16  org.opensearch.search.SearchModule$$Lambda/0x00007fcd2879d768
12097:             1             16  org.opensearch.search.SearchModule$$Lambda/0x00007fcd2879e108
12098:             1             16  org.opensearch.search.SearchModule$$Lambda/0x00007fcd287a0218
12099:             1             16  org.opensearch.search.SearchModule$$Lambda/0x00007fcd287a2788
12100:             1             16  org.opensearch.search.SearchModule$$Lambda/0x00007fcd287a6198
12101:             1             16  org.opensearch.search.SearchModule$$Lambda/0x00007fcd287a63b0
12102:             1             16  org.opensearch.search.SearchModule$$Lambda/0x00007fcd287aa528
12103:             1             16  org.opensearch.search.SearchModule$$Lambda/0x00007fcd287acc30
12104:             1             16  org.opensearch.search.SearchModule$$Lambda/0x00007fcd287adbf8
12105:             1             16  org.opensearch.search.SearchModule$$Lambda/0x00007fcd287ae428
12106:             1             16  org.opensearch.search.SearchModule$$Lambda/0x00007fcd287ae640
12107:             1             16  org.opensearch.search.SearchModule$$Lambda/0x00007fcd287aeef0
12108:             1             16  org.opensearch.search.SearchModule$$Lambda/0x00007fcd287af948
12109:             1             16  org.opensearch.search.SearchModule$$Lambda/0x00007fcd287afb60
12110:             1             16  org.opensearch.search.SearchModule$$Lambda/0x00007fcd287b0410
12111:             1             16  org.opensearch.search.SearchModule$$Lambda/0x00007fcd287b1690
12112:             1             16  org.opensearch.search.SearchModule$$Lambda/0x00007fcd287b20e8
12113:             1             16  org.opensearch.search.SearchModule$$Lambda/0x00007fcd287b2300
12114:             1             16  org.opensearch.search.SearchModule$$Lambda/0x00007fcd287b3388
12115:             1             16  org.opensearch.search.SearchModule$$Lambda/0x00007fcd287b43f0
12116:             1             16  org.opensearch.search.SearchModule$$Lambda/0x00007fcd287b4608
12117:             1             16  org.opensearch.search.SearchModule$$Lambda/0x00007fcd287b5a08
12118:             1             16  org.opensearch.search.SearchModule$$Lambda/0x00007fcd287b7260
12119:             1             16  org.opensearch.search.SearchModule$$Lambda/0x00007fcd287b7478
12120:             1             16  org.opensearch.search.SearchModule$$Lambda/0x00007fcd287baae8
12121:             1             16  org.opensearch.search.SearchModule$$Lambda/0x00007fcd287bb578
12122:             1             16  org.opensearch.search.SearchModule$$Lambda/0x00007fcd287bb790
12123:             1             16  org.opensearch.search.SearchModule$$Lambda/0x00007fcd287bc000
12124:             1             16  org.opensearch.search.SearchModule$$Lambda/0x00007fcd287bca50
12125:             1             16  org.opensearch.search.SearchModule$$Lambda/0x00007fcd287bcc68
12126:             1             16  org.opensearch.search.SearchModule$$Lambda/0x00007fcd287bee40
12127:             1             16  org.opensearch.search.SearchModule$$Lambda/0x00007fcd287bf058
12128:             1             16  org.opensearch.search.SearchModule$$Lambda/0x00007fcd287c20b8
12129:             1             16  org.opensearch.search.SearchModule$$Lambda/0x00007fcd287c22d0
12130:             1             16  org.opensearch.search.SearchModule$$Lambda/0x00007fcd287c2b68
12131:             1             16  org.opensearch.search.SearchModule$$Lambda/0x00007fcd287c3208
12132:             1             16  org.opensearch.search.SearchModule$$Lambda/0x00007fcd287c3420
12133:             1             16  org.opensearch.search.SearchModule$$Lambda/0x00007fcd287c5680
12134:             1             16  org.opensearch.search.SearchModule$$Lambda/0x00007fcd287c6440
12135:             1             16  org.opensearch.search.SearchModule$$Lambda/0x00007fcd287c72b8
12136:             1             16  org.opensearch.search.SearchModule$$Lambda/0x00007fcd287c74d0
12137:             1             16  org.opensearch.search.SearchModule$$Lambda/0x00007fcd287c8958
12138:             1             16  org.opensearch.search.SearchModule$$Lambda/0x00007fcd287c8b70
12139:             1             16  org.opensearch.search.SearchModule$$Lambda/0x00007fcd287ca958
12140:             1             16  org.opensearch.search.SearchModule$$Lambda/0x00007fcd287cab70
12141:             1             16  org.opensearch.search.SearchModule$$Lambda/0x00007fcd287cbdc8
12142:             1             16  org.opensearch.search.SearchModule$$Lambda/0x00007fcd287ce940
12143:             1             16  org.opensearch.search.SearchModule$$Lambda/0x00007fcd287cf580
12144:             1             16  org.opensearch.search.SearchModule$$Lambda/0x00007fcd287cf798
12145:             1             16  org.opensearch.search.SearchModule$$Lambda/0x00007fcd287d0000
12146:             1             16  org.opensearch.search.SearchModule$$Lambda/0x00007fcd287d0218
12147:             1             16  org.opensearch.search.SearchModule$$Lambda/0x00007fcd287d0a28
12148:             1             16  org.opensearch.search.SearchModule$$Lambda/0x00007fcd287d1260
12149:             1             16  org.opensearch.search.SearchModule$$Lambda/0x00007fcd287d1478
12150:             1             16  org.opensearch.search.SearchModule$$Lambda/0x00007fcd287d2f68
12151:             1             16  org.opensearch.search.SearchModule$$Lambda/0x00007fcd287d3778
12152:             1             16  org.opensearch.search.SearchModule$$Lambda/0x00007fcd287d3990
12153:             1             16  org.opensearch.search.SearchModule$$Lambda/0x00007fcd287d46b0
12154:             1             16  org.opensearch.search.SearchModule$$Lambda/0x00007fcd287d4eb8
12155:             1             16  org.opensearch.search.SearchModule$$Lambda/0x00007fcd287d50d0
12156:             1             16  org.opensearch.search.SearchModule$$Lambda/0x00007fcd287d58e0
12157:             1             16  org.opensearch.search.SearchModule$$Lambda/0x00007fcd287d5ef8
12158:             1             16  org.opensearch.search.SearchModule$$Lambda/0x00007fcd287d67d0
12159:             1             16  org.opensearch.search.SearchModule$$Lambda/0x00007fcd287d8660
12160:             1             16  org.opensearch.search.SearchModule$$Lambda/0x00007fcd287d9de8
12161:             1             16  org.opensearch.search.SearchModule$$Lambda/0x00007fcd287e14f8
12162:             1             16  org.opensearch.search.SearchModule$$Lambda/0x00007fcd287e1ef8
12163:             1             16  org.opensearch.search.SearchModule$$Lambda/0x00007fcd287e2908
12164:             1             16  org.opensearch.search.SearchModule$$Lambda/0x00007fcd287e3318
12165:             1             16  org.opensearch.search.SearchModule$$Lambda/0x00007fcd287e3d28
12166:             1             16  org.opensearch.search.SearchModule$$Lambda/0x00007fcd287e3f40
12167:             1             16  org.opensearch.search.SearchModule$$Lambda/0x00007fcd287e65e0
12168:             1             16  org.opensearch.search.SearchModule$$Lambda/0x00007fcd287e9140
12169:             1             16  org.opensearch.search.SearchModule$$Lambda/0x00007fcd287e9af0
12170:             1             16  org.opensearch.search.SearchModule$$Lambda/0x00007fcd287ea4d0
12171:             1             16  org.opensearch.search.SearchModule$$Lambda/0x00007fcd287ea6e8
12172:             1             16  org.opensearch.search.SearchModule$$Lambda/0x00007fcd287ebe90
12173:             1             16  org.opensearch.search.SearchModule$$Lambda/0x00007fcd287ec0a8
12174:             1             16  org.opensearch.search.SearchModule$$Lambda/0x00007fcd287edb40
12175:             1             16  org.opensearch.search.SearchModule$$Lambda/0x00007fcd287ee580
12176:             1             16  org.opensearch.search.SearchModule$$Lambda/0x00007fcd287eefb0
12177:             1             16  org.opensearch.search.SearchModule$$Lambda/0x00007fcd287ef1c8
12178:             1             16  org.opensearch.search.SearchModule$$Lambda/0x00007fcd287f26b0
12179:             1             16  org.opensearch.search.SearchModule$$Lambda/0x00007fcd287f28c8
12180:             1             16  org.opensearch.search.SearchModule$$Lambda/0x00007fcd287f3888
12181:             1             16  org.opensearch.search.SearchModule$$Lambda/0x00007fcd287f58f8
12182:             1             16  org.opensearch.search.SearchModule$$Lambda/0x00007fcd287f5b10
12183:             1             16  org.opensearch.search.SearchModule$$Lambda/0x00007fcd287f7060
12184:             1             16  org.opensearch.search.SearchModule$$Lambda/0x00007fcd287fa000
12185:             1             16  org.opensearch.search.SearchModule$$Lambda/0x00007fcd287fc3f0
12186:             1             16  org.opensearch.search.SearchModule$$Lambda/0x00007fcd287fc608
12187:             1             16  org.opensearch.search.SearchModule$$Lambda/0x00007fcd287fcec0
12188:             1             16  org.opensearch.search.SearchModule$$Lambda/0x00007fcd287fe500
12189:             1             16  org.opensearch.search.SearchModule$$Lambda/0x00007fcd287fe718
12190:             1             16  org.opensearch.search.SearchModule$$Lambda/0x00007fcd28800000
12191:             1             16  org.opensearch.search.SearchModule$$Lambda/0x00007fcd28800218
12192:             1             16  org.opensearch.search.SearchModule$$Lambda/0x00007fcd288020f8
12193:             1             16  org.opensearch.search.SearchModule$$Lambda/0x00007fcd28804400
12194:             1             16  org.opensearch.search.SearchModule$$Lambda/0x00007fcd28808000
12195:             1             16  org.opensearch.search.SearchModule$$Lambda/0x00007fcd28809ea0
12196:             1             16  org.opensearch.search.SearchModule$$Lambda/0x00007fcd2880b4f8
12197:             1             16  org.opensearch.search.SearchModule$$Lambda/0x00007fcd2880b710
12198:             1             16  org.opensearch.search.SearchModule$$Lambda/0x00007fcd2880cc00
12199:             1             16  org.opensearch.search.SearchModule$$Lambda/0x00007fcd2880f6b0
12200:             1             16  org.opensearch.search.SearchModule$$Lambda/0x00007fcd28810000
12201:             1             16  org.opensearch.search.SearchModule$$Lambda/0x00007fcd28811878
12202:             1             16  org.opensearch.search.SearchModule$$Lambda/0x00007fcd28811a90
12203:             1             16  org.opensearch.search.SearchModule$$Lambda/0x00007fcd28812098
12204:             1             16  org.opensearch.search.SearchModule$$Lambda/0x00007fcd288122b0
12205:             1             16  org.opensearch.search.SearchModule$$Lambda/0x00007fcd28814cd8
12206:             1             16  org.opensearch.search.SearchModule$$Lambda/0x00007fcd28815000
12207:             1             16  org.opensearch.search.SearchModule$$Lambda/0x00007fcd28815218
12208:             1             16  org.opensearch.search.SearchModule$$Lambda/0x00007fcd28815a28
12209:             1             16  org.opensearch.search.SearchModule$$Lambda/0x00007fcd28816c60
12210:             1             16  org.opensearch.search.SearchModule$$Lambda/0x00007fcd28816e78
12211:             1             16  org.opensearch.search.SearchModule$$Lambda/0x00007fcd28817688
12212:             1             16  org.opensearch.search.SearchModule$$Lambda/0x00007fcd28818000
12213:             1             16  org.opensearch.search.SearchModule$$Lambda/0x00007fcd288187a8
12214:             1             16  org.opensearch.search.SearchModule$$Lambda/0x00007fcd28819048
12215:             1             16  org.opensearch.search.SearchModule$$Lambda/0x00007fcd28819a28
12216:             1             16  org.opensearch.search.SearchModule$$Lambda/0x00007fcd28819c40
12217:             1             16  org.opensearch.search.SearchModule$$Lambda/0x00007fcd2881ac68
12218:             1             16  org.opensearch.search.SearchModule$$Lambda/0x00007fcd2881c0d8
12219:             1             16  org.opensearch.search.SearchModule$$Lambda/0x00007fcd2881c8f8
12220:             1             16  org.opensearch.search.SearchModule$$Lambda/0x00007fcd2881e440
12221:             1             16  org.opensearch.search.SearchModule$$Lambda/0x00007fcd2881e658
12222:             1             16  org.opensearch.search.SearchModule$$Lambda/0x00007fcd28829ca0
12223:             1             16  org.opensearch.search.SearchModule$$Lambda/0x00007fcd2882c000
12224:             1             16  org.opensearch.search.SearchModule$$Lambda/0x00007fcd28830000
12225:             1             16  org.opensearch.search.SearchModule$$Lambda/0x00007fcd28830850
12226:             1             16  org.opensearch.search.SearchModule$$Lambda/0x00007fcd28831b20
12227:             1             16  org.opensearch.search.SearchModule$$Lambda/0x00007fcd28833708
12228:             1             16  org.opensearch.search.SearchModule$$Lambda/0x00007fcd28844000
12229:             1             16  org.opensearch.search.SearchModule$$Lambda/0x00007fcd28844720
12230:             1             16  org.opensearch.search.SearchModule$$Lambda/0x00007fcd28844e48
12231:             1             16  org.opensearch.search.SearchModule$$Lambda/0x00007fcd28845578
12232:             1             16  org.opensearch.search.SearchModule$$Lambda/0x00007fcd28845bc8
12233:             1             16  org.opensearch.search.SearchModule$$Lambda/0x00007fcd28846ad0
12234:             1             16  org.opensearch.search.SearchModule$$Lambda/0x00007fcd28846ce8
12235:             1             16  org.opensearch.search.SearchModule$$Lambda/0x00007fcd28846f00
12236:             1             16  org.opensearch.search.SearchModule$$Lambda/0x00007fcd28848000
12237:             1             16  org.opensearch.search.SearchModule$$Lambda/0x00007fcd288492f0
12238:             1             16  org.opensearch.search.SearchModule$$Lambda/0x00007fcd28849b10
12239:             1             16  org.opensearch.search.SearchModule$$Lambda/0x00007fcd2884a190
12240:             1             16  org.opensearch.search.SearchModule$$Lambda/0x00007fcd2884a9d0
12241:             1             16  org.opensearch.search.SearchModule$$Lambda/0x00007fcd2884abe8
12242:             1             16  org.opensearch.search.SearchModule$$Lambda/0x00007fcd2884b658
12243:             1             16  org.opensearch.search.SearchModule$$Lambda/0x00007fcd2884b870
12244:             1             16  org.opensearch.search.SearchModule$$Lambda/0x00007fcd2884bcc0
12245:             1             16  org.opensearch.search.SearchModule$$Lambda/0x00007fcd2884c4f8
12246:             1             16  org.opensearch.search.SearchModule$$Lambda/0x00007fcd2884c710
12247:             1             16  org.opensearch.search.SearchModule$$Lambda/0x00007fcd2884d180
12248:             1             16  org.opensearch.search.SearchModule$$Lambda/0x00007fcd2884da88
12249:             1             16  org.opensearch.search.SearchModule$$Lambda/0x00007fcd2884ded8
12250:             1             16  org.opensearch.search.SearchModule$$Lambda/0x00007fcd2884e720
12251:             1             16  org.opensearch.search.SearchModule$$Lambda/0x00007fcd2884f230
12252:             1             16  org.opensearch.search.SearchModule$$Lambda/0x00007fcd2884f680
12253:             1             16  org.opensearch.search.SearchModule$$Lambda/0x00007fcd28850000
12254:             1             16  org.opensearch.search.SearchModule$$Lambda/0x00007fcd288508b0
12255:             1             16  org.opensearch.search.SearchModule$$Lambda/0x00007fcd28850d00
12256:             1             16  org.opensearch.search.SearchModule$$Lambda/0x00007fcd28851188
12257:             1             16  org.opensearch.search.SearchModule$$Lambda/0x00007fcd288513a0
12258:             1             16  org.opensearch.search.SearchModule$$Lambda/0x00007fcd288515b8
12259:             1             16  org.opensearch.search.SearchModule$$Lambda/0x00007fcd28851db0
12260:             1             16  org.opensearch.search.SearchModule$$Lambda/0x00007fcd28851fc8
12261:             1             16  org.opensearch.search.SearchModule$$Lambda/0x00007fcd28852c18
12262:             1             16  org.opensearch.search.SearchModule$$Lambda/0x00007fcd28852e30
12263:             1             16  org.opensearch.search.SearchModule$$Lambda/0x00007fcd28854320
12264:             1             16  org.opensearch.search.SearchModule$$Lambda/0x00007fcd28854538
12265:             1             16  org.opensearch.search.SearchModule$$Lambda/0x00007fcd28854750
12266:             1             16  org.opensearch.search.SearchModule$$Lambda/0x00007fcd28854f50
12267:             1             16  org.opensearch.search.SearchModule$$Lambda/0x00007fcd28855168
12268:             1             16  org.opensearch.search.SearchModule$$Lambda/0x00007fcd28855380
12269:             1             16  org.opensearch.search.SearchModule$$Lambda/0x00007fcd28855ba0
12270:             1             16  org.opensearch.search.SearchModule$$Lambda/0x00007fcd28855db8
12271:             1             16  org.opensearch.search.SearchModule$$Lambda/0x00007fcd28855fd0
12272:             1             16  org.opensearch.search.SearchModule$$Lambda/0x00007fcd288567f8
12273:             1             16  org.opensearch.search.SearchModule$$Lambda/0x00007fcd28856a10
12274:             1             16  org.opensearch.search.SearchModule$$Lambda/0x00007fcd288578f8
12275:             1             16  org.opensearch.search.SearchModule$$Lambda/0x00007fcd2885a1a8
12276:             1             16  org.opensearch.search.SearchModule$$Lambda/0x00007fcd2886c018
12277:             1             16  org.opensearch.search.SearchModule$$Lambda/0x00007fcd2886c230
12278:             1             16  org.opensearch.search.SearchModule$$Lambda/0x00007fcd2886c448
12279:             1             16  org.opensearch.search.SearchModule$$Lambda/0x00007fcd2886c660
12280:             1             16  org.opensearch.search.SearchModule$$Lambda/0x00007fcd2886c878
12281:             1             16  org.opensearch.search.SearchModule$$Lambda/0x00007fcd2886ca90
12282:             1             16  org.opensearch.search.SearchModule$$Lambda/0x00007fcd2886cca8
12283:             1             16  org.opensearch.search.SearchModule$$Lambda/0x00007fcd2886ec20
12284:             1             16  org.opensearch.search.SearchService$$Lambda/0x00007fcd28d094e0
12285:             1             16  org.opensearch.search.SearchService$$Lambda/0x00007fcd28d09710
12286:             1             16  org.opensearch.search.SearchService$$Lambda/0x00007fcd28d09940
12287:             1             16  org.opensearch.search.SearchService$$Lambda/0x00007fcd28d09b70
12288:             1             16  org.opensearch.search.SearchService$$Lambda/0x00007fcd28d09fc8
12289:             1             16  org.opensearch.search.SearchService$$Lambda/0x00007fcd28d0a1f8
12290:             1             16  org.opensearch.search.SearchService$$Lambda/0x00007fcd28d0a428
12291:             1             16  org.opensearch.search.SearchService$$Lambda/0x00007fcd28d0a658
12292:             1             16  org.opensearch.search.SearchService$$Lambda/0x00007fcd28d0a888
12293:             1             16  org.opensearch.search.SearchService$$Lambda/0x00007fcd28d0aab8
12294:             1             16  org.opensearch.search.SearchService$$Lambda/0x00007fcd29205120
12295:             1             16  org.opensearch.search.SearchService$$Lambda/0x00007fcd292f1238
12296:             1             16  org.opensearch.search.SearchService$$Lambda/0x00007fcd292f4660
12297:             1             16  org.opensearch.search.SearchService$$Lambda/0x00007fcd2933b8a0
12298:             1             16  org.opensearch.search.SearchService$$Lambda/0x00007fcd2933ed78
12299:             1             16  org.opensearch.search.SearchService$Reaper
12300:             1             16  org.opensearch.search.SearchSortValues$$Lambda/0x00007fcd29220d48
12301:             1             16  org.opensearch.search.SearchSortValues$$Lambda/0x00007fcd29220f60
12302:             1             16  org.opensearch.search.SearchSortValues$$Lambda/0x00007fcd29221178
12303:             1             16  org.opensearch.search.SearchSortValues$$Lambda/0x00007fcd29221390
12304:             1             16  org.opensearch.search.aggregations.AggregatorFactories$1
12305:             1             16  org.opensearch.search.aggregations.BucketCollector$1
12306:             1             16  org.opensearch.search.aggregations.CardinalityUpperBound$1
12307:             1             16  org.opensearch.search.aggregations.CardinalityUpperBound$2
12308:             1             16  org.opensearch.search.aggregations.CardinalityUpperBound$KnownCardinalityUpperBound
12309:             1             16  org.opensearch.search.aggregations.InternalAggregations$$Lambda/0x00007fcd293d6cc8
12310:             1             16  org.opensearch.search.aggregations.InternalOrder$$Lambda/0x00007fcd29300000
12311:             1             16  org.opensearch.search.aggregations.InternalOrder$$Lambda/0x00007fcd29300218
12312:             1             16  org.opensearch.search.aggregations.LeafBucketCollector$1
12313:             1             16  org.opensearch.search.aggregations.MultiBucketConsumerService$$Lambda/0x00007fcd28d05d58
12314:             1             16  org.opensearch.search.aggregations.NonGlobalAggCollectorManagerWithSingleCollector$$Lambda/0x00007fcd292de9f8
12315:             1             16  org.opensearch.search.aggregations.bucket.FastFilterRewriteHelper$$Lambda/0x00007fcd292cd800
12316:             1             16  org.opensearch.search.aggregations.bucket.FastFilterRewriteHelper$$Lambda/0x00007fcd292d0000
12317:             1             16  org.opensearch.search.aggregations.bucket.FastFilterRewriteHelper$$Lambda/0x00007fcd292d0c00
12318:             1             16  org.opensearch.search.aggregations.bucket.FastFilterRewriteHelper$$Lambda/0x00007fcd292d2400
12319:             1             16  org.opensearch.search.aggregations.bucket.composite.CompositeAggregationBuilder$$Lambda/0x00007fcd2881cb10
12320:             1             16  org.opensearch.search.aggregations.bucket.composite.CompositeAggregationBuilder$$Lambda/0x00007fcd2881d058
12321:             1             16  org.opensearch.search.aggregations.bucket.composite.CompositeAggregationBuilder$$Lambda/0x00007fcd2881d270
12322:             1             16  org.opensearch.search.aggregations.bucket.composite.CompositeAggregationBuilder$$Lambda/0x00007fcd2881d498
12323:             1             16  org.opensearch.search.aggregations.bucket.composite.CompositeAggregationBuilder$$Lambda/0x00007fcd2881d6c0
12324:             1             16  org.opensearch.search.aggregations.bucket.composite.CompositeAggregationBuilder$$Lambda/0x00007fcd28826430
12325:             1             16  org.opensearch.search.aggregations.bucket.composite.CompositeValuesSourceParserHelper$$Lambda/0x00007fcd28820c90
12326:             1             16  org.opensearch.search.aggregations.bucket.composite.CompositeValuesSourceParserHelper$$Lambda/0x00007fcd28820eb8
12327:             1             16  org.opensearch.search.aggregations.bucket.composite.CompositeValuesSourceParserHelper$$Lambda/0x00007fcd288210d0
12328:             1             16  org.opensearch.search.aggregations.bucket.composite.CompositeValuesSourceParserHelper$$Lambda/0x00007fcd288212f8
12329:             1             16  org.opensearch.search.aggregations.bucket.composite.CompositeValuesSourceParserHelper$$Lambda/0x00007fcd28821520
12330:             1             16  org.opensearch.search.aggregations.bucket.composite.CompositeValuesSourceParserHelper$$Lambda/0x00007fcd28821748
12331:             1             16  org.opensearch.search.aggregations.bucket.composite.CompositeValuesSourceParserHelper$$Lambda/0x00007fcd28821960
12332:             1             16  org.opensearch.search.aggregations.bucket.composite.CompositeValuesSourceParserHelper$$Lambda/0x00007fcd28821b88
12333:             1             16  org.opensearch.search.aggregations.bucket.composite.CompositeValuesSourceParserHelper$$Lambda/0x00007fcd28821da0
12334:             1             16  org.opensearch.search.aggregations.bucket.composite.CompositeValuesSourceParserHelper$$Lambda/0x00007fcd28821fc8
12335:             1             16  org.opensearch.search.aggregations.bucket.composite.DateHistogramValuesSourceBuilder$$Lambda/0x00007fcd2881f6a8
12336:             1             16  org.opensearch.search.aggregations.bucket.composite.DateHistogramValuesSourceBuilder$$Lambda/0x00007fcd2881f8e0
12337:             1             16  org.opensearch.search.aggregations.bucket.composite.DateHistogramValuesSourceBuilder$$Lambda/0x00007fcd2881fb08
12338:             1             16  org.opensearch.search.aggregations.bucket.composite.DateHistogramValuesSourceBuilder$$Lambda/0x00007fcd2881fd30
12339:             1             16  org.opensearch.search.aggregations.bucket.composite.DateHistogramValuesSourceBuilder$$Lambda/0x00007fcd28820000
12340:             1             16  org.opensearch.search.aggregations.bucket.composite.DateHistogramValuesSourceBuilder$$Lambda/0x00007fcd28820228
12341:             1             16  org.opensearch.search.aggregations.bucket.composite.DateHistogramValuesSourceBuilder$$Lambda/0x00007fcd28822698
12342:             1             16  org.opensearch.search.aggregations.bucket.composite.HistogramValuesSourceBuilder$$Lambda/0x00007fcd28823020
12343:             1             16  org.opensearch.search.aggregations.bucket.composite.HistogramValuesSourceBuilder$$Lambda/0x00007fcd28823248
12344:             1             16  org.opensearch.search.aggregations.bucket.composite.TermsValuesSourceBuilder$$Lambda/0x00007fcd28826000
12345:             1             16  org.opensearch.search.aggregations.bucket.composite.TermsValuesSourceBuilder$$Lambda/0x00007fcd28826218
12346:             1             16  org.opensearch.search.aggregations.bucket.histogram.AutoDateHistogramAggregationBuilder$$Lambda/0x00007fcd2880a2b0
12347:             1             16  org.opensearch.search.aggregations.bucket.histogram.AutoDateHistogramAggregationBuilder$$Lambda/0x00007fcd2880a4e8
12348:             1             16  org.opensearch.search.aggregations.bucket.histogram.AutoDateHistogramAggregationBuilder$$Lambda/0x00007fcd2880a710
12349:             1             16  org.opensearch.search.aggregations.bucket.histogram.AutoDateHistogramAggregatorFactory$$Lambda/0x00007fcd2880ede8
12350:             1             16  org.opensearch.search.aggregations.bucket.histogram.DateHistogramAggregationBuilder$$Lambda/0x00007fcd28805000
12351:             1             16  org.opensearch.search.aggregations.bucket.histogram.DateHistogramAggregationBuilder$$Lambda/0x00007fcd28805228
12352:             1             16  org.opensearch.search.aggregations.bucket.histogram.DateHistogramAggregationBuilder$$Lambda/0x00007fcd28805440
12353:             1             16  org.opensearch.search.aggregations.bucket.histogram.DateHistogramAggregationBuilder$$Lambda/0x00007fcd28805668
12354:             1             16  org.opensearch.search.aggregations.bucket.histogram.DateHistogramAggregationBuilder$$Lambda/0x00007fcd28805880
12355:             1             16  org.opensearch.search.aggregations.bucket.histogram.DateHistogramAggregationBuilder$$Lambda/0x00007fcd28805aa8
12356:             1             16  org.opensearch.search.aggregations.bucket.histogram.DateHistogramAggregationBuilder$$Lambda/0x00007fcd28806000
12357:             1             16  org.opensearch.search.aggregations.bucket.histogram.DateHistogramAggregationBuilder$$Lambda/0x00007fcd28807458
12358:             1             16  org.opensearch.search.aggregations.bucket.histogram.DateHistogramAggregationBuilder$$Lambda/0x00007fcd28807680
12359:             1             16  org.opensearch.search.aggregations.bucket.histogram.DateHistogramAggregationBuilder$$Lambda/0x00007fcd28807898
12360:             1             16  org.opensearch.search.aggregations.bucket.histogram.DateHistogramAggregationBuilder$$Lambda/0x00007fcd28807ac0
12361:             1             16  org.opensearch.search.aggregations.bucket.histogram.DateHistogramAggregationBuilder$$Lambda/0x00007fcd292fa000
12362:             1             16  org.opensearch.search.aggregations.bucket.histogram.DateHistogramAggregationBuilder$$Lambda/0x00007fcd29301338
12363:             1             16  org.opensearch.search.aggregations.bucket.histogram.DateHistogramAggregator$$Lambda/0x00007fcd293d3d38
12364:             1             16  org.opensearch.search.aggregations.bucket.histogram.DateHistogramAggregator$$Lambda/0x00007fcd293d61f8
12365:             1             16  org.opensearch.search.aggregations.bucket.histogram.DateHistogramAggregatorFactory$$Lambda/0x00007fcd28808df8
12366:             1             16  org.opensearch.search.aggregations.bucket.histogram.DateHistogramAggregatorFactory$$Lambda/0x00007fcd288095d8
12367:             1             16  org.opensearch.search.aggregations.bucket.histogram.DateIntervalWrapper$$Lambda/0x00007fcd28806518
12368:             1             16  org.opensearch.search.aggregations.bucket.histogram.DateIntervalWrapper$$Lambda/0x00007fcd28806740
12369:             1             16  org.opensearch.search.aggregations.bucket.histogram.DateIntervalWrapper$$Lambda/0x00007fcd28806bd8
12370:             1             16  org.opensearch.search.aggregations.bucket.histogram.DateIntervalWrapper$$Lambda/0x00007fcd28806e00
12371:             1             16  org.opensearch.search.aggregations.bucket.histogram.DateIntervalWrapper$$Lambda/0x00007fcd28807018
12372:             1             16  org.opensearch.search.aggregations.bucket.histogram.DateIntervalWrapper$$Lambda/0x00007fcd28807240
12373:             1             16  org.opensearch.search.aggregations.bucket.histogram.DateIntervalWrapper$$Lambda/0x00007fcd293006a8
12374:             1             16  org.opensearch.search.aggregations.bucket.histogram.HistogramAggregationBuilder$$Lambda/0x00007fcd287f9000
12375:             1             16  org.opensearch.search.aggregations.bucket.histogram.HistogramAggregationBuilder$$Lambda/0x00007fcd287f9228
12376:             1             16  org.opensearch.search.aggregations.bucket.histogram.HistogramAggregationBuilder$$Lambda/0x00007fcd287f9440
12377:             1             16  org.opensearch.search.aggregations.bucket.histogram.HistogramAggregationBuilder$$Lambda/0x00007fcd287f9668
12378:             1             16  org.opensearch.search.aggregations.bucket.histogram.HistogramAggregationBuilder$$Lambda/0x00007fcd287fa608
12379:             1             16  org.opensearch.search.aggregations.bucket.histogram.HistogramAggregationBuilder$$Lambda/0x00007fcd287fa820
12380:             1             16  org.opensearch.search.aggregations.bucket.histogram.HistogramAggregationBuilder$$Lambda/0x00007fcd287faa48
12381:             1             16  org.opensearch.search.aggregations.bucket.histogram.HistogramAggregationBuilder$$Lambda/0x00007fcd287fac70
12382:             1             16  org.opensearch.search.aggregations.bucket.histogram.HistogramAggregationBuilder$$Lambda/0x00007fcd287faea8
12383:             1             16  org.opensearch.search.aggregations.bucket.histogram.HistogramAggregationBuilder$$Lambda/0x00007fcd287fb0d0
12384:             1             16  org.opensearch.search.aggregations.bucket.histogram.HistogramAggregationBuilder$$Lambda/0x00007fcd287fb2f8
12385:             1             16  org.opensearch.search.aggregations.bucket.histogram.HistogramAggregationBuilder$$Lambda/0x00007fcd287fb520
12386:             1             16  org.opensearch.search.aggregations.bucket.histogram.HistogramAggregationBuilder$$Lambda/0x00007fcd287fb9d8
12387:             1             16  org.opensearch.search.aggregations.bucket.histogram.HistogramAggregationBuilder$$Lambda/0x00007fcd287fbc00
12388:             1             16  org.opensearch.search.aggregations.bucket.histogram.HistogramAggregatorFactory$$Lambda/0x00007fcd288010c8
12389:             1             16  org.opensearch.search.aggregations.bucket.histogram.HistogramAggregatorFactory$$Lambda/0x00007fcd28801548
12390:             1             16  org.opensearch.search.aggregations.bucket.histogram.LongBounds$$Lambda/0x00007fcd29301b98
12391:             1             16  org.opensearch.search.aggregations.bucket.histogram.LongBounds$$Lambda/0x00007fcd29301dd0
12392:             1             16  org.opensearch.search.aggregations.bucket.histogram.VariableWidthHistogramAggregationBuilder$$Lambda/0x00007fcd2880d000
12393:             1             16  org.opensearch.search.aggregations.bucket.histogram.VariableWidthHistogramAggregationBuilder$$Lambda/0x00007fcd2880d228
12394:             1             16  org.opensearch.search.aggregations.bucket.histogram.VariableWidthHistogramAggregationBuilder$$Lambda/0x00007fcd2880fac0
12395:             1             16  org.opensearch.search.aggregations.bucket.histogram.VariableWidthHistogramAggregationBuilder$$Lambda/0x00007fcd2880fcf8
12396:             1             16  org.opensearch.search.aggregations.bucket.histogram.VariableWidthHistogramAggregatorFactory$$Lambda/0x00007fcd28810d00
12397:             1             16  org.opensearch.search.aggregations.bucket.missing.MissingAggregationBuilder$$Lambda/0x00007fcd287ced50
12398:             1             16  org.opensearch.search.aggregations.bucket.missing.MissingAggregatorFactory$$Lambda/0x00007fcd287cc800
12399:             1             16  org.opensearch.search.aggregations.bucket.range.AbstractRangeAggregatorFactory$$Lambda/0x00007fcd287f64a8
12400:             1             16  org.opensearch.search.aggregations.bucket.range.BinaryRangeAggregatorFactory$$Lambda/0x00007fcd287ff660
12401:             1             16  org.opensearch.search.aggregations.bucket.range.DateRangeAggregationBuilder$$Lambda/0x00007fcd287f7278
12402:             1             16  org.opensearch.search.aggregations.bucket.range.DateRangeAggregationBuilder$$Lambda/0x00007fcd287f78f0
12403:             1             16  org.opensearch.search.aggregations.bucket.range.DateRangeAggregationBuilder$$Lambda/0x00007fcd287f7b18
12404:             1             16  org.opensearch.search.aggregations.bucket.range.DateRangeAggregationBuilder$$Lambda/0x00007fcd287f7d40
12405:             1             16  org.opensearch.search.aggregations.bucket.range.GeoDistanceAggregationBuilder$$Lambda/0x00007fcd288126d0
12406:             1             16  org.opensearch.search.aggregations.bucket.range.GeoDistanceAggregationBuilder$$Lambda/0x00007fcd288128f8
12407:             1             16  org.opensearch.search.aggregations.bucket.range.GeoDistanceAggregationBuilder$$Lambda/0x00007fcd28812dd0
12408:             1             16  org.opensearch.search.aggregations.bucket.range.GeoDistanceAggregationBuilder$$Lambda/0x00007fcd28813248
12409:             1             16  org.opensearch.search.aggregations.bucket.range.GeoDistanceAggregationBuilder$$Lambda/0x00007fcd28813470
12410:             1             16  org.opensearch.search.aggregations.bucket.range.GeoDistanceAggregationBuilder$$Lambda/0x00007fcd288138e0
12411:             1             16  org.opensearch.search.aggregations.bucket.range.GeoDistanceAggregationBuilder$$Lambda/0x00007fcd28813b08
12412:             1             16  org.opensearch.search.aggregations.bucket.range.GeoDistanceAggregationBuilder$$Lambda/0x00007fcd28813d20
12413:             1             16  org.opensearch.search.aggregations.bucket.range.GeoDistanceAggregationBuilder$$Lambda/0x00007fcd28816000
12414:             1             16  org.opensearch.search.aggregations.bucket.range.GeoDistanceRangeAggregatorFactory$$Lambda/0x00007fcd28816468
12415:             1             16  org.opensearch.search.aggregations.bucket.range.IpRangeAggregationBuilder$$Lambda/0x00007fcd287fd2d0
12416:             1             16  org.opensearch.search.aggregations.bucket.range.IpRangeAggregationBuilder$$Lambda/0x00007fcd287fd508
12417:             1             16  org.opensearch.search.aggregations.bucket.range.IpRangeAggregationBuilder$$Lambda/0x00007fcd287fd730
12418:             1             16  org.opensearch.search.aggregations.bucket.range.IpRangeAggregationBuilder$$Lambda/0x00007fcd287fdbd0
12419:             1             16  org.opensearch.search.aggregations.bucket.range.RangeAggregationBuilder$$Lambda/0x00007fcd287f3c98
12420:             1             16  org.opensearch.search.aggregations.bucket.range.RangeAggregationBuilder$$Lambda/0x00007fcd287f3ed0
12421:             1             16  org.opensearch.search.aggregations.bucket.range.RangeAggregationBuilder$$Lambda/0x00007fcd287f4ca8
12422:             1             16  org.opensearch.search.aggregations.bucket.range.RangeAggregationBuilder$$Lambda/0x00007fcd287f5180
12423:             1             16  org.opensearch.search.aggregations.bucket.sampler.DiversifiedAggregationBuilder$$Lambda/0x00007fcd287d6be0
12424:             1             16  org.opensearch.search.aggregations.bucket.sampler.DiversifiedAggregationBuilder$$Lambda/0x00007fcd287d6e18
12425:             1             16  org.opensearch.search.aggregations.bucket.sampler.DiversifiedAggregationBuilder$$Lambda/0x00007fcd287d8210
12426:             1             16  org.opensearch.search.aggregations.bucket.sampler.DiversifiedAggregationBuilder$$Lambda/0x00007fcd287d8438
12427:             1             16  org.opensearch.search.aggregations.bucket.sampler.DiversifiedAggregatorFactory$$Lambda/0x00007fcd287d9290
12428:             1             16  org.opensearch.search.aggregations.bucket.sampler.DiversifiedAggregatorFactory$$Lambda/0x00007fcd287d94a8
12429:             1             16  org.opensearch.search.aggregations.bucket.terms.GlobalOrdinalsStringTermsAggregator$$Lambda/0x00007fcd291f0da8
12430:             1             16  org.opensearch.search.aggregations.bucket.terms.GlobalOrdinalsStringTermsAggregator$StandardTermsResults$$Lambda/0x00007fcd293d22e8
12431:             1             16  org.opensearch.search.aggregations.bucket.terms.GlobalOrdinalsStringTermsAggregator$StandardTermsResults$$Lambda/0x00007fcd293d2970
12432:             1             16  org.opensearch.search.aggregations.bucket.terms.GlobalOrdinalsStringTermsAggregator$StandardTermsResults$$Lambda/0x00007fcd293d2b88
12433:             1             16  org.opensearch.search.aggregations.bucket.terms.LongKeyedBucketOrds$FromSingle
12434:             1             16  org.opensearch.search.aggregations.bucket.terms.MultiTermsAggregationBuilder$$Lambda/0x00007fcd28829000
12435:             1             16  org.opensearch.search.aggregations.bucket.terms.MultiTermsAggregationBuilder$$Lambda/0x00007fcd28829228
12436:             1             16  org.opensearch.search.aggregations.bucket.terms.MultiTermsAggregationBuilder$$Lambda/0x00007fcd28829450
12437:             1             16  org.opensearch.search.aggregations.bucket.terms.MultiTermsAggregationBuilder$$Lambda/0x00007fcd28829668
12438:             1             16  org.opensearch.search.aggregations.bucket.terms.MultiTermsAggregationBuilder$$Lambda/0x00007fcd28829890
12439:             1             16  org.opensearch.search.aggregations.bucket.terms.MultiTermsAggregationBuilder$$Lambda/0x00007fcd2882c218
12440:             1             16  org.opensearch.search.aggregations.bucket.terms.MultiTermsAggregationBuilder$$Lambda/0x00007fcd2882f220
12441:             1             16  org.opensearch.search.aggregations.bucket.terms.MultiTermsAggregationBuilder$$Lambda/0x00007fcd2882f448
12442:             1             16  org.opensearch.search.aggregations.bucket.terms.MultiTermsAggregationBuilder$$Lambda/0x00007fcd2882f668
12443:             1             16  org.opensearch.search.aggregations.bucket.terms.MultiTermsAggregationBuilder$$Lambda/0x00007fcd2882f890
12444:             1             16  org.opensearch.search.aggregations.bucket.terms.MultiTermsAggregationBuilder$$Lambda/0x00007fcd2882fab8
12445:             1             16  org.opensearch.search.aggregations.bucket.terms.MultiTermsAggregationBuilder$$Lambda/0x00007fcd2882fce0
12446:             1             16  org.opensearch.search.aggregations.bucket.terms.MultiTermsAggregationFactory$$Lambda/0x00007fcd28830420
12447:             1             16  org.opensearch.search.aggregations.bucket.terms.MultiTermsAggregationFactory$$Lambda/0x00007fcd28830638
12448:             1             16  org.opensearch.search.aggregations.bucket.terms.RareTermsAggregationBuilder$$Lambda/0x00007fcd287e69f0
12449:             1             16  org.opensearch.search.aggregations.bucket.terms.RareTermsAggregationBuilder$$Lambda/0x00007fcd287e6c28
12450:             1             16  org.opensearch.search.aggregations.bucket.terms.RareTermsAggregationBuilder$$Lambda/0x00007fcd287e6e50
12451:             1             16  org.opensearch.search.aggregations.bucket.terms.RareTermsAggregationBuilder$$Lambda/0x00007fcd287e7078
12452:             1             16  org.opensearch.search.aggregations.bucket.terms.RareTermsAggregationBuilder$$Lambda/0x00007fcd287e7290
12453:             1             16  org.opensearch.search.aggregations.bucket.terms.RareTermsAggregationBuilder$$Lambda/0x00007fcd287e74b8
12454:             1             16  org.opensearch.search.aggregations.bucket.terms.RareTermsAggregationBuilder$$Lambda/0x00007fcd287e76d0
12455:             1             16  org.opensearch.search.aggregations.bucket.terms.RareTermsAggregatorFactory$1
12456:             1             16  org.opensearch.search.aggregations.bucket.terms.RareTermsAggregatorFactory$2
12457:             1             16  org.opensearch.search.aggregations.bucket.terms.SignificantTermsAggregationBuilder$$Lambda/0x00007fcd287ef5e8
12458:             1             16  org.opensearch.search.aggregations.bucket.terms.SignificantTermsAggregationBuilder$$Lambda/0x00007fcd287efc70
12459:             1             16  org.opensearch.search.aggregations.bucket.terms.SignificantTermsAggregationBuilder$$Lambda/0x00007fcd287f0000
12460:             1             16  org.opensearch.search.aggregations.bucket.terms.SignificantTermsAggregationBuilder$$Lambda/0x00007fcd287f0228
12461:             1             16  org.opensearch.search.aggregations.bucket.terms.SignificantTermsAggregationBuilder$$Lambda/0x00007fcd287f0450
12462:             1             16  org.opensearch.search.aggregations.bucket.terms.SignificantTermsAggregationBuilder$$Lambda/0x00007fcd287f0678
12463:             1             16  org.opensearch.search.aggregations.bucket.terms.SignificantTermsAggregationBuilder$$Lambda/0x00007fcd287f08a0
12464:             1             16  org.opensearch.search.aggregations.bucket.terms.SignificantTermsAggregationBuilder$$Lambda/0x00007fcd287f0ac8
12465:             1             16  org.opensearch.search.aggregations.bucket.terms.SignificantTermsAggregationBuilder$$Lambda/0x00007fcd287f0ce0
12466:             1             16  org.opensearch.search.aggregations.bucket.terms.SignificantTermsAggregationBuilder$$Lambda/0x00007fcd287f0f08
12467:             1             16  org.opensearch.search.aggregations.bucket.terms.SignificantTermsAggregationBuilder$$Lambda/0x00007fcd287f1120
12468:             1             16  org.opensearch.search.aggregations.bucket.terms.SignificantTermsAggregationBuilder$$Lambda/0x00007fcd287f1348
12469:             1             16  org.opensearch.search.aggregations.bucket.terms.SignificantTermsAggregatorFactory$1
12470:             1             16  org.opensearch.search.aggregations.bucket.terms.SignificantTermsAggregatorFactory$2
12471:             1             16  org.opensearch.search.aggregations.bucket.terms.TermsAggregationBuilder$$Lambda/0x00007fcd287da4b0
12472:             1             16  org.opensearch.search.aggregations.bucket.terms.TermsAggregationBuilder$$Lambda/0x00007fcd287da6e8
12473:             1             16  org.opensearch.search.aggregations.bucket.terms.TermsAggregationBuilder$$Lambda/0x00007fcd287da910
12474:             1             16  org.opensearch.search.aggregations.bucket.terms.TermsAggregationBuilder$$Lambda/0x00007fcd287dab38
12475:             1             16  org.opensearch.search.aggregations.bucket.terms.TermsAggregationBuilder$$Lambda/0x00007fcd287dad60
12476:             1             16  org.opensearch.search.aggregations.bucket.terms.TermsAggregationBuilder$$Lambda/0x00007fcd287daf88
12477:             1             16  org.opensearch.search.aggregations.bucket.terms.TermsAggregationBuilder$$Lambda/0x00007fcd287db1b0
12478:             1             16  org.opensearch.search.aggregations.bucket.terms.TermsAggregationBuilder$$Lambda/0x00007fcd287db630
12479:             1             16  org.opensearch.search.aggregations.bucket.terms.TermsAggregationBuilder$$Lambda/0x00007fcd287db858
12480:             1             16  org.opensearch.search.aggregations.bucket.terms.TermsAggregationBuilder$$Lambda/0x00007fcd287dbc60
12481:             1             16  org.opensearch.search.aggregations.bucket.terms.TermsAggregationBuilder$$Lambda/0x00007fcd287dd420
12482:             1             16  org.opensearch.search.aggregations.bucket.terms.TermsAggregationBuilder$$Lambda/0x00007fcd287dd638
12483:             1             16  org.opensearch.search.aggregations.bucket.terms.TermsAggregationBuilder$$Lambda/0x00007fcd287dd860
12484:             1             16  org.opensearch.search.aggregations.bucket.terms.TermsAggregationBuilder$$Lambda/0x00007fcd287de288
12485:             1             16  org.opensearch.search.aggregations.bucket.terms.TermsAggregationBuilder$$Lambda/0x00007fcd287de758
12486:             1             16  org.opensearch.search.aggregations.bucket.terms.TermsAggregationBuilder$$Lambda/0x00007fcd292fae80
12487:             1             16  org.opensearch.search.aggregations.bucket.terms.TermsAggregationBuilder$$Lambda/0x00007fcd292fb8f8
12488:             1             16  org.opensearch.search.aggregations.bucket.terms.TermsAggregator$$Lambda/0x00007fcd292cc000
12489:             1             16  org.opensearch.search.aggregations.bucket.terms.TermsAggregatorFactory$1
12490:             1             16  org.opensearch.search.aggregations.bucket.terms.TermsAggregatorFactory$2
12491:             1             16  org.opensearch.search.aggregations.bucket.terms.TermsAggregatorFactory$ExecutionMode$2$$Lambda/0x00007fcd29118800
12492:             1             16  org.opensearch.search.aggregations.bucket.terms.heuristic.ChiSquare$$Lambda/0x00007fcd2879b928
12493:             1             16  org.opensearch.search.aggregations.bucket.terms.heuristic.GND$$Lambda/0x00007fcd2879c490
12494:             1             16  org.opensearch.search.aggregations.bucket.terms.heuristic.JLHScore
12495:             1             16  org.opensearch.search.aggregations.bucket.terms.heuristic.JLHScore$$Lambda/0x00007fcd2879cb90
12496:             1             16  org.opensearch.search.aggregations.bucket.terms.heuristic.MutualInformation$$Lambda/0x00007fcd2879d290
12497:             1             16  org.opensearch.search.aggregations.bucket.terms.heuristic.PercentageScore$$Lambda/0x00007fcd2879d980
12498:             1             16  org.opensearch.search.aggregations.bucket.terms.heuristic.ScriptHeuristic$$Lambda/0x00007fcd2879e320
12499:             1             16  org.opensearch.search.aggregations.matrix.MatrixAggregationPlugin
12500:             1             16  org.opensearch.search.aggregations.matrix.MatrixAggregationPlugin$$Lambda/0x00007fcd28834c98
12501:             1             16  org.opensearch.search.aggregations.matrix.MatrixAggregationPlugin$$Lambda/0x00007fcd28835b50
12502:             1             16  org.opensearch.search.aggregations.metrics.AbstractPercentilesAggregationBuilder$$Lambda/0x00007fcd287b8c48
12503:             1             16  org.opensearch.search.aggregations.metrics.AvgAggregationBuilder$$Lambda/0x00007fcd287a2da0
12504:             1             16  org.opensearch.search.aggregations.metrics.AvgAggregatorFactory$$Lambda/0x00007fcd287a8e68
12505:             1             16  org.opensearch.search.aggregations.metrics.CardinalityAggregationBuilder$$Lambda/0x00007fcd287c4800
12506:             1             16  org.opensearch.search.aggregations.metrics.CardinalityAggregationBuilder$$Lambda/0x00007fcd287c5a90
12507:             1             16  org.opensearch.search.aggregations.metrics.CardinalityAggregationBuilder$$Lambda/0x00007fcd287c5cc8
12508:             1             16  org.opensearch.search.aggregations.metrics.CardinalityAggregatorFactory$$Lambda/0x00007fcd287ca168
12509:             1             16  org.opensearch.search.aggregations.metrics.ExtendedStatsAggregationBuilder$$Lambda/0x00007fcd287b5e18
12510:             1             16  org.opensearch.search.aggregations.metrics.ExtendedStatsAggregationBuilder$$Lambda/0x00007fcd287b6050
12511:             1             16  org.opensearch.search.aggregations.metrics.ExtendedStatsAggregatorFactory$$Lambda/0x00007fcd287b76a0
12512:             1             16  org.opensearch.search.aggregations.metrics.GeoCentroidAggregationBuilder$$Lambda/0x00007fcd28819260
12513:             1             16  org.opensearch.search.aggregations.metrics.GeoCentroidAggregatorFactory$$Lambda/0x00007fcd2881a420
12514:             1             16  org.opensearch.search.aggregations.metrics.MaxAggregationBuilder$$Lambda/0x00007fcd287b18a8
12515:             1             16  org.opensearch.search.aggregations.metrics.MaxAggregatorFactory$$Lambda/0x00007fcd287b2ae8
12516:             1             16  org.opensearch.search.aggregations.metrics.MedianAbsoluteDeviationAggregationBuilder$$Lambda/0x00007fcd287c6850
12517:             1             16  org.opensearch.search.aggregations.metrics.MedianAbsoluteDeviationAggregationBuilder$$Lambda/0x00007fcd287c6a88
12518:             1             16  org.opensearch.search.aggregations.metrics.MedianAbsoluteDeviationAggregatorFactory$$Lambda/0x00007fcd287c7cc0
12519:             1             16  org.opensearch.search.aggregations.metrics.MinAggregationBuilder$$Lambda/0x00007fcd287ac800
12520:             1             16  org.opensearch.search.aggregations.metrics.MinAggregatorFactory$$Lambda/0x00007fcd287b0df0
12521:             1             16  org.opensearch.search.aggregations.metrics.PercentileRanksAggregationBuilder$$Lambda/0x00007fcd287c3648
12522:             1             16  org.opensearch.search.aggregations.metrics.PercentileRanksAggregationBuilder$$Lambda/0x00007fcd287c3860
12523:             1             16  org.opensearch.search.aggregations.metrics.PercentileRanksAggregatorFactory$$Lambda/0x00007fcd287c3a78
12524:             1             16  org.opensearch.search.aggregations.metrics.PercentilesAggregationBuilder$$Lambda/0x00007fcd287bbbb0
12525:             1             16  org.opensearch.search.aggregations.metrics.PercentilesAggregationBuilder$$Lambda/0x00007fcd287bbdc8
12526:             1             16  org.opensearch.search.aggregations.metrics.PercentilesAggregatorFactory$$Lambda/0x00007fcd287c17b0
12527:             1             16  org.opensearch.search.aggregations.metrics.PercentilesMethod$$Lambda/0x00007fcd287c04e0
12528:             1             16  org.opensearch.search.aggregations.metrics.PercentilesMethod$$Lambda/0x00007fcd287c06f8
12529:             1             16  org.opensearch.search.aggregations.metrics.PercentilesMethod$$Lambda/0x00007fcd287c1370
12530:             1             16  org.opensearch.search.aggregations.metrics.PercentilesMethod$$Lambda/0x00007fcd287c1588
12531:             1             16  org.opensearch.search.aggregations.metrics.ScriptedMetricAggregationBuilder$$Lambda/0x00007fcd2881ae80
12532:             1             16  org.opensearch.search.aggregations.metrics.ScriptedMetricAggregationBuilder$$Lambda/0x00007fcd2881b0a8
12533:             1             16  org.opensearch.search.aggregations.metrics.ScriptedMetricAggregationBuilder$$Lambda/0x00007fcd2881b2d0
12534:             1             16  org.opensearch.search.aggregations.metrics.ScriptedMetricAggregationBuilder$$Lambda/0x00007fcd2881b4f8
12535:             1             16  org.opensearch.search.aggregations.metrics.ScriptedMetricAggregationBuilder$$Lambda/0x00007fcd2881b720
12536:             1             16  org.opensearch.search.aggregations.metrics.ScriptedMetricAggregationBuilder$$Lambda/0x00007fcd2881b948
12537:             1             16  org.opensearch.search.aggregations.metrics.StatsAggregationBuilder$$Lambda/0x00007fcd287b35a0
12538:             1             16  org.opensearch.search.aggregations.metrics.StatsAggregatorFactory$$Lambda/0x00007fcd287b5158
12539:             1             16  org.opensearch.search.aggregations.metrics.SumAggregationBuilder$$Lambda/0x00007fcd287af108
12540:             1             16  org.opensearch.search.aggregations.metrics.SumAggregatorFactory$$Lambda/0x00007fcd287ad358
12541:             1             16  org.opensearch.search.aggregations.metrics.ValueCountAggregationBuilder$$Lambda/0x00007fcd287bc218
12542:             1             16  org.opensearch.search.aggregations.metrics.ValueCountAggregatorFactory$$Lambda/0x00007fcd287bd920
12543:             1             16  org.opensearch.search.aggregations.metrics.WeightedAvgAggregationBuilder$$Lambda/0x00007fcd287aa740
12544:             1             16  org.opensearch.search.aggregations.pipeline.AvgBucketPipelineAggregationBuilder$1
12545:             1             16  org.opensearch.search.aggregations.pipeline.BucketScriptPipelineAggregationBuilder$$Lambda/0x00007fcd28853048
12546:             1             16  org.opensearch.search.aggregations.pipeline.BucketScriptPipelineAggregationBuilder$$Lambda/0x00007fcd28853270
12547:             1             16  org.opensearch.search.aggregations.pipeline.BucketScriptPipelineAggregationBuilder$$Lambda/0x00007fcd28853488
12548:             1             16  org.opensearch.search.aggregations.pipeline.BucketScriptPipelineAggregationBuilder$$Lambda/0x00007fcd28853910
12549:             1             16  org.opensearch.search.aggregations.pipeline.BucketScriptPipelineAggregationBuilder$$Lambda/0x00007fcd28853b38
12550:             1             16  org.opensearch.search.aggregations.pipeline.CumulativeSumPipelineAggregationBuilder$$Lambda/0x00007fcd288521e0
12551:             1             16  org.opensearch.search.aggregations.pipeline.CumulativeSumPipelineAggregationBuilder$$Lambda/0x00007fcd28852408
12552:             1             16  org.opensearch.search.aggregations.pipeline.EwmaModel$1
12553:             1             16  org.opensearch.search.aggregations.pipeline.ExtendedStatsBucketParser
12554:             1             16  org.opensearch.search.aggregations.pipeline.HoltLinearModel$1
12555:             1             16  org.opensearch.search.aggregations.pipeline.HoltWintersModel$1
12556:             1             16  org.opensearch.search.aggregations.pipeline.LinearModel$1
12557:             1             16  org.opensearch.search.aggregations.pipeline.MaxBucketPipelineAggregationBuilder$1
12558:             1             16  org.opensearch.search.aggregations.pipeline.MinBucketPipelineAggregationBuilder$1
12559:             1             16  org.opensearch.search.aggregations.pipeline.MovFnPipelineAggregationBuilder$$Lambda/0x00007fcd28856c28
12560:             1             16  org.opensearch.search.aggregations.pipeline.MovFnPipelineAggregationBuilder$$Lambda/0x00007fcd28856e50
12561:             1             16  org.opensearch.search.aggregations.pipeline.MovFnPipelineAggregationBuilder$$Lambda/0x00007fcd28857068
12562:             1             16  org.opensearch.search.aggregations.pipeline.MovFnPipelineAggregationBuilder$$Lambda/0x00007fcd28857290
12563:             1             16  org.opensearch.search.aggregations.pipeline.MovFnPipelineAggregationBuilder$$Lambda/0x00007fcd288574b8
12564:             1             16  org.opensearch.search.aggregations.pipeline.MovFnPipelineAggregationBuilder$$Lambda/0x00007fcd288576e0
12565:             1             16  org.opensearch.search.aggregations.pipeline.PercentilesBucketPipelineAggregationBuilder$1
12566:             1             16  org.opensearch.search.aggregations.pipeline.SimpleModel$1
12567:             1             16  org.opensearch.search.aggregations.pipeline.StatsBucketPipelineAggregationBuilder$1
12568:             1             16  org.opensearch.search.aggregations.pipeline.SumBucketPipelineAggregationBuilder$1
12569:             1             16  org.opensearch.search.aggregations.support.AggregationInfo
12570:             1             16  org.opensearch.search.aggregations.support.AggregationUsageService$Builder$$Lambda/0x00007fcd287a92c0
12571:             1             16  org.opensearch.search.aggregations.support.BaseMultiValuesSourceFieldConfig$$Lambda/0x00007fcd2882cbb0
12572:             1             16  org.opensearch.search.aggregations.support.BaseMultiValuesSourceFieldConfig$$Lambda/0x00007fcd2882d678
12573:             1             16  org.opensearch.search.aggregations.support.BaseMultiValuesSourceFieldConfig$$Lambda/0x00007fcd2882d8a0
12574:             1             16  org.opensearch.search.aggregations.support.BaseMultiValuesSourceFieldConfig$$Lambda/0x00007fcd2882dac8
12575:             1             16  org.opensearch.search.aggregations.support.BaseMultiValuesSourceFieldConfig$$Lambda/0x00007fcd2882dce0
12576:             1             16  org.opensearch.search.aggregations.support.BaseMultiValuesSourceFieldConfig$$Lambda/0x00007fcd2882df08
12577:             1             16  org.opensearch.search.aggregations.support.BaseMultiValuesSourceFieldConfig$$Lambda/0x00007fcd2882e120
12578:             1             16  org.opensearch.search.aggregations.support.BaseMultiValuesSourceFieldConfig$$Lambda/0x00007fcd2882e348
12579:             1             16  org.opensearch.search.aggregations.support.MultiTermsValuesSourceConfig$$Lambda/0x00007fcd2882cfc0
12580:             1             16  org.opensearch.search.aggregations.support.MultiTermsValuesSourceConfig$$Lambda/0x00007fcd2882d460
12581:             1             16  org.opensearch.search.aggregations.support.MultiTermsValuesSourceConfig$$Lambda/0x00007fcd2882e560
12582:             1             16  org.opensearch.search.aggregations.support.MultiTermsValuesSourceConfig$$Lambda/0x00007fcd2882e788
12583:             1             16  org.opensearch.search.aggregations.support.MultiTermsValuesSourceConfig$$Lambda/0x00007fcd2882e9a0
12584:             1             16  org.opensearch.search.aggregations.support.MultiTermsValuesSourceConfig$$Lambda/0x00007fcd2882ebc8
12585:             1             16  org.opensearch.search.aggregations.support.MultiTermsValuesSourceConfig$$Lambda/0x00007fcd2882ede0
12586:             1             16  org.opensearch.search.aggregations.support.MultiTermsValuesSourceConfig$$Lambda/0x00007fcd2882f008
12587:             1             16  org.opensearch.search.aggregations.support.MultiValuesSourceParseHelper$$Lambda/0x00007fcd287aab78
12588:             1             16  org.opensearch.search.aggregations.support.MultiValuesSourceParseHelper$$Lambda/0x00007fcd287aafc0
12589:             1             16  org.opensearch.search.aggregations.support.MultiValuesSourceParseHelper$$Lambda/0x00007fcd287ab1e8
12590:             1             16  org.opensearch.search.aggregations.support.ValuesSource$Bytes$WithOrdinals$1
12591:             1             16  org.opensearch.search.aggregations.support.ValuesSource$Numeric$1
12592:             1             16  org.opensearch.search.aggregations.support.ValuesSource$Numeric$FieldData
12593:             1             16  org.opensearch.search.aggregations.support.ValuesSourceAggregationBuilder$$Lambda/0x00007fcd287a2fd8
12594:             1             16  org.opensearch.search.aggregations.support.ValuesSourceAggregationBuilder$$Lambda/0x00007fcd287a3200
12595:             1             16  org.opensearch.search.aggregations.support.ValuesSourceAggregationBuilder$$Lambda/0x00007fcd287a3618
12596:             1             16  org.opensearch.search.aggregations.support.ValuesSourceAggregationBuilder$$Lambda/0x00007fcd287a3840
12597:             1             16  org.opensearch.search.aggregations.support.ValuesSourceAggregationBuilder$$Lambda/0x00007fcd287a3cb8
12598:             1             16  org.opensearch.search.aggregations.support.ValuesSourceAggregationBuilder$$Lambda/0x00007fcd287a3ee0
12599:             1             16  org.opensearch.search.aggregations.support.ValuesSourceAggregationBuilder$$Lambda/0x00007fcd287a42e8
12600:             1             16  org.opensearch.search.aggregations.support.ValuesSourceAggregationBuilder$$Lambda/0x00007fcd287a4510
12601:             1             16  org.opensearch.search.aggregations.support.ValuesSourceAggregationBuilder$$Lambda/0x00007fcd287a4728
12602:             1             16  org.opensearch.search.aggregations.support.ValuesSourceAggregationBuilder$$Lambda/0x00007fcd287a4950
12603:             1             16  org.opensearch.search.aggregations.support.ValuesSourceAggregationBuilder$$Lambda/0x00007fcd287f74b0
12604:             1             16  org.opensearch.search.aggregations.support.ValuesSourceAggregationBuilder$$Lambda/0x00007fcd287f76d8
12605:             1             16  org.opensearch.search.aggregations.support.ValuesSourceAggregationBuilder$$Lambda/0x00007fcd292faa78
12606:             1             16  org.opensearch.search.aggregations.support.ValuesSourceConfig$$Lambda/0x00007fcd292e8658
12607:             1             16  org.opensearch.search.aggregations.support.ValuesSourceRegistry$$Lambda/0x00007fcd28832888
12608:             1             16  org.opensearch.search.aggregations.support.ValuesSourceRegistry$$Lambda/0x00007fcd28832ac0
12609:             1             16  org.opensearch.search.asynchronous.action.AsynchronousSearchStatsAction$$Lambda/0x00007fcd28af1d38
12610:             1             16  org.opensearch.search.asynchronous.action.DeleteAsynchronousSearchAction$$Lambda/0x00007fcd28c68b88
12611:             1             16  org.opensearch.search.asynchronous.action.GetAsynchronousSearchAction$$Lambda/0x00007fcd28c68278
12612:             1             16  org.opensearch.search.asynchronous.action.SubmitAsynchronousSearchAction$$Lambda/0x00007fcd28af1648
12613:             1             16  org.opensearch.search.asynchronous.context.active.AsynchronousSearchActiveStore$$Lambda/0x00007fcd28591da8
12614:             1             16  org.opensearch.search.asynchronous.management.AsynchronousSearchManagementService$$Lambda/0x00007fcd28f97c30
12615:             1             16  org.opensearch.search.asynchronous.management.AsynchronousSearchManagementService$ActiveContextReaper
12616:             1             16  org.opensearch.search.asynchronous.management.AsynchronousSearchManagementService$PersistedResponseCleanUpTransportHandler
12617:             1             16  org.opensearch.search.asynchronous.service.AsynchronousSearchService$$Lambda/0x00007fcd28aec4d8
12618:             1             16  org.opensearch.search.asynchronous.service.AsynchronousSearchService$$Lambda/0x00007fcd28aec708
12619:             1             16  org.opensearch.search.asynchronous.service.AsynchronousSearchService$$Lambda/0x00007fcd28aec938
12620:             1             16  org.opensearch.search.asynchronous.service.AsynchronousSearchService$$Lambda/0x00007fcd28aecb68
12621:             1             16  org.opensearch.search.asynchronous.service.AsynchronousSearchService$$Lambda/0x00007fcd28aecd98
12622:             1             16  org.opensearch.search.asynchronous.service.AsynchronousSearchService$$Lambda/0x00007fcd28aeda98
12623:             1             16  org.opensearch.search.asynchronous.service.AsynchronousSearchService$$Lambda/0x00007fcd28aedef8
12624:             1             16  org.opensearch.search.asynchronous.service.AsynchronousSearchService$$Lambda/0x00007fcd28aee338
12625:             1             16  org.opensearch.search.asynchronous.service.AsynchronousSearchService$$Lambda/0x00007fcd28aee560
12626:             1             16  org.opensearch.search.asynchronous.service.AsynchronousSearchService$$Lambda/0x00007fcd28aee9a0
12627:             1             16  org.opensearch.search.asynchronous.service.AsynchronousSearchService$$Lambda/0x00007fcd28aeebc8
12628:             1             16  org.opensearch.search.asynchronous.service.AsynchronousSearchService$$Lambda/0x00007fcd28aef008
12629:             1             16  org.opensearch.search.asynchronous.service.AsynchronousSearchService$$Lambda/0x00007fcd28aef238
12630:             1             16  org.opensearch.search.asynchronous.service.AsynchronousSearchService$$Lambda/0x00007fcd28aef460
12631:             1             16  org.opensearch.search.asynchronous.service.AsynchronousSearchService$$Lambda/0x00007fcd28aef690
12632:             1             16  org.opensearch.search.asynchronous.service.AsynchronousSearchService$$Lambda/0x00007fcd28aefac8
12633:             1             16  org.opensearch.search.asynchronous.service.AsynchronousSearchService$$Lambda/0x00007fcd28aefcf0
12634:             1             16  org.opensearch.search.asynchronous.service.AsynchronousSearchService$$Lambda/0x00007fcd28af0210
12635:             1             16  org.opensearch.search.asynchronous.service.AsynchronousSearchService$$Lambda/0x00007fcd28af0438
12636:             1             16  org.opensearch.search.asynchronous.service.AsynchronousSearchService$$Lambda/0x00007fcd28af0660
12637:             1             16  org.opensearch.search.asynchronous.service.AsynchronousSearchService$$Lambda/0x00007fcd28af0890
12638:             1             16  org.opensearch.search.asynchronous.service.AsynchronousSearchService$$Lambda/0x00007fcd28af0ce8
12639:             1             16  org.opensearch.search.asynchronous.service.AsynchronousSearchService$$Lambda/0x00007fcd28af1130
12640:             1             16  org.opensearch.search.asynchronous.service.AsynchronousSearchService$$Lambda/0x00007fcd28fbcf58
12641:             1             16  org.opensearch.search.asynchronous.stats.InternalAsynchronousSearchStats
12642:             1             16  org.opensearch.search.asynchronous.transport.TransportAsynchronousSearchStatsAction$$Lambda/0x00007fcd28f97800
12643:             1             16  org.opensearch.search.asynchronous.transport.TransportAsynchronousSearchStatsAction$$Lambda/0x00007fcd28f97a18
12644:             1             16  org.opensearch.search.asynchronous.transport.TransportDeleteAsynchronousSearchAction$$Lambda/0x00007fcd28c6add0
12645:             1             16  org.opensearch.search.asynchronous.transport.TransportDeleteAsynchronousSearchAction$$Lambda/0x00007fcd28c6afe8
12646:             1             16  org.opensearch.search.asynchronous.transport.TransportGetAsynchronousSearchAction$$Lambda/0x00007fcd28c6b200
12647:             1             16  org.opensearch.search.asynchronous.transport.TransportGetAsynchronousSearchAction$$Lambda/0x00007fcd28c6b418
12648:             1             16  org.opensearch.search.asynchronous.transport.TransportSubmitAsynchronousSearchAction$$Lambda/0x00007fcd28c6bc80
12649:             1             16  org.opensearch.search.backpressure.SearchBackpressureService$$Lambda/0x00007fcd28cea7f0
12650:             1             16  org.opensearch.search.backpressure.SearchBackpressureService$$Lambda/0x00007fcd28ceac18
12651:             1             16  org.opensearch.search.backpressure.SearchBackpressureService$$Lambda/0x00007fcd28ceb050
12652:             1             16  org.opensearch.search.backpressure.SearchBackpressureService$$Lambda/0x00007fcd28ceb270
12653:             1             16  org.opensearch.search.backpressure.SearchBackpressureService$$Lambda/0x00007fcd28ceb490
12654:             1             16  org.opensearch.search.backpressure.SearchBackpressureService$$Lambda/0x00007fcd28ceb6b0
12655:             1             16  org.opensearch.search.backpressure.SearchBackpressureService$$Lambda/0x00007fcd28ceb8d0
12656:             1             16  org.opensearch.search.backpressure.SearchBackpressureService$$Lambda/0x00007fcd28cec7f8
12657:             1             16  org.opensearch.search.backpressure.SearchBackpressureService$$Lambda/0x00007fcd28ceca10
12658:             1             16  org.opensearch.search.backpressure.SearchBackpressureService$$Lambda/0x00007fcd28cecc30
12659:             1             16  org.opensearch.search.backpressure.SearchBackpressureService$$Lambda/0x00007fcd28cece50
12660:             1             16  org.opensearch.search.backpressure.SearchBackpressureService$$Lambda/0x00007fcd28ced070
12661:             1             16  org.opensearch.search.backpressure.SearchBackpressureService$$Lambda/0x00007fcd29044b48
12662:             1             16  org.opensearch.search.backpressure.SearchBackpressureService$$Lambda/0x00007fcd2942e9c0
12663:             1             16  org.opensearch.search.backpressure.settings.NodeDuressSettings$$Lambda/0x00007fcd28ce1230
12664:             1             16  org.opensearch.search.backpressure.settings.NodeDuressSettings$$Lambda/0x00007fcd28ce1460
12665:             1             16  org.opensearch.search.backpressure.settings.NodeDuressSettings$$Lambda/0x00007fcd28ce1690
12666:             1             16  org.opensearch.search.backpressure.settings.SearchBackpressureSettings$$Lambda/0x00007fcd286fe490
12667:             1             16  org.opensearch.search.backpressure.settings.SearchBackpressureSettings$$Lambda/0x00007fcd28ce9a00
12668:             1             16  org.opensearch.search.backpressure.settings.SearchBackpressureSettings$$Lambda/0x00007fcd28ce9c30
12669:             1             16  org.opensearch.search.backpressure.settings.SearchBackpressureSettings$$Lambda/0x00007fcd28ce9e60
12670:             1             16  org.opensearch.search.backpressure.settings.SearchBackpressureSettings$$Lambda/0x00007fcd28cea090
12671:             1             16  org.opensearch.search.backpressure.settings.SearchShardTaskSettings$$Lambda/0x00007fcd28ce8460
12672:             1             16  org.opensearch.search.backpressure.settings.SearchShardTaskSettings$$Lambda/0x00007fcd28ce8690
12673:             1             16  org.opensearch.search.backpressure.settings.SearchShardTaskSettings$$Lambda/0x00007fcd28ce88c0
12674:             1             16  org.opensearch.search.backpressure.settings.SearchShardTaskSettings$$Lambda/0x00007fcd28ce8af0
12675:             1             16  org.opensearch.search.backpressure.settings.SearchShardTaskSettings$$Lambda/0x00007fcd28ce8d20
12676:             1             16  org.opensearch.search.backpressure.settings.SearchShardTaskSettings$$Lambda/0x00007fcd28ce8f50
12677:             1             16  org.opensearch.search.backpressure.settings.SearchShardTaskSettings$$Lambda/0x00007fcd28ce9180
12678:             1             16  org.opensearch.search.backpressure.settings.SearchShardTaskSettings$$Lambda/0x00007fcd28ce93b0
12679:             1             16  org.opensearch.search.backpressure.settings.SearchShardTaskSettings$$Lambda/0x00007fcd28ce95e0
12680:             1             16  org.opensearch.search.backpressure.settings.SearchTaskSettings$$Lambda/0x00007fcd28ce0400
12681:             1             16  org.opensearch.search.backpressure.settings.SearchTaskSettings$$Lambda/0x00007fcd28ce0800
12682:             1             16  org.opensearch.search.backpressure.settings.SearchTaskSettings$$Lambda/0x00007fcd28ce0a30
12683:             1             16  org.opensearch.search.backpressure.settings.SearchTaskSettings$$Lambda/0x00007fcd28ce0c60
12684:             1             16  org.opensearch.search.backpressure.settings.SearchTaskSettings$$Lambda/0x00007fcd28ce18c0
12685:             1             16  org.opensearch.search.backpressure.settings.SearchTaskSettings$$Lambda/0x00007fcd28ce1af0
12686:             1             16  org.opensearch.search.backpressure.settings.SearchTaskSettings$$Lambda/0x00007fcd28ce1d20
12687:             1             16  org.opensearch.search.backpressure.settings.SearchTaskSettings$$Lambda/0x00007fcd28ce8000
12688:             1             16  org.opensearch.search.backpressure.settings.SearchTaskSettings$$Lambda/0x00007fcd28ce8230
12689:             1             16  org.opensearch.search.backpressure.trackers.HeapUsageTracker$$Lambda/0x00007fcd292353d8
12690:             1             16  org.opensearch.search.builder.SearchSourceBuilder$$Lambda/0x00007fcd29209a98
12691:             1             16  org.opensearch.search.builder.SearchSourceBuilder$$Lambda/0x00007fcd2920bc78
12692:             1             16  org.opensearch.search.builder.SearchSourceBuilder$$Lambda/0x00007fcd29210000
12693:             1             16  org.opensearch.search.builder.SearchSourceBuilder$$Lambda/0x00007fcd29210eb0
12694:             1             16  org.opensearch.search.builder.SearchSourceBuilder$$Lambda/0x00007fcd29211350
12695:             1             16  org.opensearch.search.builder.SearchSourceBuilder$$Lambda/0x00007fcd29211808
12696:             1             16  org.opensearch.search.builder.SearchSourceBuilder$$Lambda/0x00007fcd29211cb0
12697:             1             16  org.opensearch.search.builder.SearchSourceBuilder$$Lambda/0x00007fcd29212840
12698:             1             16  org.opensearch.search.builder.SearchSourceBuilder$$Lambda/0x00007fcd29212d08
12699:             1             16  org.opensearch.search.builder.SearchSourceBuilder$$Lambda/0x00007fcd29213188
12700:             1             16  org.opensearch.search.dfs.DfsPhase
12701:             1             16  org.opensearch.search.fetch.FetchPhase
12702:             1             16  org.opensearch.search.fetch.subphase.ExplainPhase
12703:             1             16  org.opensearch.search.fetch.subphase.FetchDocValuesPhase
12704:             1             16  org.opensearch.search.fetch.subphase.FetchFieldsPhase
12705:             1             16  org.opensearch.search.fetch.subphase.FetchScorePhase
12706:             1             16  org.opensearch.search.fetch.subphase.FetchSourcePhase
12707:             1             16  org.opensearch.search.fetch.subphase.FetchVersionPhase
12708:             1             16  org.opensearch.search.fetch.subphase.InnerHitsPhase
12709:             1             16  org.opensearch.search.fetch.subphase.MatchedQueriesPhase
12710:             1             16  org.opensearch.search.fetch.subphase.ScriptFieldsPhase
12711:             1             16  org.opensearch.search.fetch.subphase.SeqNoPrimaryTermPhase
12712:             1             16  org.opensearch.search.fetch.subphase.highlight.FastVectorHighlighter
12713:             1             16  org.opensearch.search.fetch.subphase.highlight.PlainHighlighter
12714:             1             16  org.opensearch.search.fetch.subphase.highlight.UnifiedHighlighter
12715:             1             16  org.opensearch.search.internal.ReaderContext$$Lambda/0x00007fcd29342d80
12716:             1             16  org.opensearch.search.internal.SearchContext$1
12717:             1             16  org.opensearch.search.internal.ShardSearchRequest$$Lambda/0x00007fcd291eddc0
12718:             1             16  org.opensearch.search.internal.ShardSearchRequest$$Lambda/0x00007fcd2920b580
12719:             1             16  org.opensearch.search.internal.ShardSearchRequest$$Lambda/0x00007fcd2920b798
12720:             1             16  org.opensearch.search.internal.ShardSearchRequest$$Lambda/0x00007fcd292135e0
12721:             1             16  org.opensearch.search.internal.ShardSearchRequest$$Lambda/0x00007fcd292137f8
12722:             1             16  org.opensearch.search.internal.ShardSearchRequest$$Lambda/0x00007fcd292f37d8
12723:             1             16  org.opensearch.search.pipeline.Pipeline$$Lambda/0x00007fcd291e5160
12724:             1             16  org.opensearch.search.pipeline.SearchPipelineService$$Lambda/0x00007fcd29225da8
12725:             1             16  org.opensearch.search.pipeline.SearchPipelineService$$Lambda/0x00007fcd2922a2a8
12726:             1             16  org.opensearch.search.pipeline.common.CollapseResponseProcessor$Factory
12727:             1             16  org.opensearch.search.pipeline.common.FilterQueryRequestProcessor$Factory
12728:             1             16  org.opensearch.search.pipeline.common.OversampleRequestProcessor$Factory
12729:             1             16  org.opensearch.search.pipeline.common.RenameFieldResponseProcessor$Factory
12730:             1             16  org.opensearch.search.pipeline.common.ScriptRequestProcessor$Factory
12731:             1             16  org.opensearch.search.pipeline.common.SearchPipelineCommonModulePlugin
12732:             1             16  org.opensearch.search.pipeline.common.TruncateHitsResponseProcessor$Factory
12733:             1             16  org.opensearch.search.query.QueryCollectorContext$1
12734:             1             16  org.opensearch.search.query.QueryCollectorContext$2
12735:             1             16  org.opensearch.search.query.QueryPhase$$Lambda/0x00007fcd2913dc00
12736:             1             16  org.opensearch.search.query.QueryPhase$$Lambda/0x00007fcd293c4000
12737:             1             16  org.opensearch.search.query.QueryPhase$$Lambda/0x00007fcd293c6660
12738:             1             16  org.opensearch.search.query.QuerySearchResult$$Lambda/0x00007fcd2920af30
12739:             1             16  org.opensearch.search.query.QuerySearchResult$$Lambda/0x00007fcd2920b148
12740:             1             16  org.opensearch.search.rescore.RescoreProcessor
12741:             1             16  org.opensearch.search.sort.FieldSortBuilder$$Lambda/0x00007fcd291ea000
12742:             1             16  org.opensearch.search.sort.FieldSortBuilder$$Lambda/0x00007fcd291ea228
12743:             1             16  org.opensearch.search.sort.FieldSortBuilder$$Lambda/0x00007fcd291ea6b8
12744:             1             16  org.opensearch.search.sort.FieldSortBuilder$$Lambda/0x00007fcd291ead98
12745:             1             16  org.opensearch.search.sort.FieldSortBuilder$$Lambda/0x00007fcd291eafc0
12746:             1             16  org.opensearch.search.sort.FieldSortBuilder$$Lambda/0x00007fcd291eb1d8
12747:             1             16  org.opensearch.search.sort.FieldSortBuilder$$Lambda/0x00007fcd291ef390
12748:             1             16  org.opensearch.search.sort.FieldSortBuilder$$Lambda/0x00007fcd291ef5b8
12749:             1             16  org.opensearch.search.sort.FieldSortBuilder$$Lambda/0x00007fcd291ef7d0
12750:             1             16  org.opensearch.search.sort.FieldSortBuilder$$Lambda/0x00007fcd291ef9f8
12751:             1             16  org.opensearch.search.sort.FieldSortBuilder$$Lambda/0x00007fcd291efc20
12752:             1             16  org.opensearch.search.sort.SortValue$$Lambda/0x00007fcd2886f858
12753:             1             16  org.opensearch.search.sort.SortValue$$Lambda/0x00007fcd2886fa70
12754:             1             16  org.opensearch.search.sort.SortValue$$Lambda/0x00007fcd2886fc88
12755:             1             16  org.opensearch.search.suggest.SuggestProcessor
12756:             1             16  org.opensearch.searchpipelines.questionanswering.generative.GenerativeQARequestProcessor$Factory
12757:             1             16  org.opensearch.security.DefaultObjectMapper$$Lambda/0x00007fcd28ff3930
12758:             1             16  org.opensearch.security.OpenSearchSecurityPlugin$$Lambda/0x00007fcd28386188
12759:             1             16  org.opensearch.security.OpenSearchSecurityPlugin$$Lambda/0x00007fcd2856f7c0
12760:             1             16  org.opensearch.security.OpenSearchSecurityPlugin$$Lambda/0x00007fcd28570f60
12761:             1             16  org.opensearch.security.OpenSearchSecurityPlugin$$Lambda/0x00007fcd285728b8
12762:             1             16  org.opensearch.security.OpenSearchSecurityPlugin$$Lambda/0x00007fcd28572e50
12763:             1             16  org.opensearch.security.OpenSearchSecurityPlugin$$Lambda/0x00007fcd28573068
12764:             1             16  org.opensearch.security.OpenSearchSecurityPlugin$$Lambda/0x00007fcd2896f2f0
12765:             1             16  org.opensearch.security.OpenSearchSecurityPlugin$$Lambda/0x00007fcd28c02b60
12766:             1             16  org.opensearch.security.OpenSearchSecurityPlugin$6
12767:             1             16  org.opensearch.security.OpenSearchSecurityPlugin$GuiceHolder
12768:             1             16  org.opensearch.security.action.configupdate.ConfigUpdateAction$$Lambda/0x00007fcd2896f7c8
12769:             1             16  org.opensearch.security.action.configupdate.TransportConfigUpdateAction$$Lambda/0x00007fcd28caf0f8
12770:             1             16  org.opensearch.security.action.configupdate.TransportConfigUpdateAction$$Lambda/0x00007fcd28caf310
12771:             1             16  org.opensearch.security.action.whoami.TransportWhoAmIAction$$Lambda/0x00007fcd28caeee0
12772:             1             16  org.opensearch.security.action.whoami.WhoAmIAction$$Lambda/0x00007fcd28c02730
12773:             1             16  org.opensearch.security.auditlog.AuditLogSslExceptionHandler
12774:             1             16  org.opensearch.security.auditlog.impl.AuditCategory$$Lambda/0x00007fcd28ff4448
12775:             1             16  org.opensearch.security.auditlog.impl.AuditCategory$$Lambda/0x00007fcd28ff4680
12776:             1             16  org.opensearch.security.auditlog.impl.AuditLogImpl$$Lambda/0x00007fcd28929398
12777:             1             16  org.opensearch.security.auditlog.routing.AuditMessageRouter$$Lambda/0x00007fcd29261110
12778:             1             16  org.opensearch.security.auditlog.routing.AuditMessageRouter$$Lambda/0x00007fcd29261348
12779:             1             16  org.opensearch.security.auth.BackendRegistry$1
12780:             1             16  org.opensearch.security.auth.BackendRegistry$2
12781:             1             16  org.opensearch.security.auth.BackendRegistry$3
12782:             1             16  org.opensearch.security.compliance.ComplianceConfig$$Lambda/0x00007fcd28ff5630
12783:             1             16  org.opensearch.security.compliance.ComplianceConfig$$Lambda/0x00007fcd28ff5868
12784:             1             16  org.opensearch.security.compliance.ComplianceConfig$$Lambda/0x00007fcd28ff5ab0
12785:             1             16  org.opensearch.security.compliance.ComplianceConfig$$Lambda/0x00007fcd28ff5ce8
12786:             1             16  org.opensearch.security.compliance.ComplianceConfig$$Lambda/0x00007fcd28ff5f20
12787:             1             16  org.opensearch.security.compliance.ComplianceConfig$$Lambda/0x00007fcd28ff6168
12788:             1             16  org.opensearch.security.compliance.ComplianceConfig$$Lambda/0x00007fcd28ff63a0
12789:             1             16  org.opensearch.security.compliance.ComplianceConfig$$Lambda/0x00007fcd28ff7030
12790:             1             16  org.opensearch.security.configuration.AdminDNs$$Lambda/0x00007fcd2892b5a0
12791:             1             16  org.opensearch.security.configuration.Salt
12792:             1             16  org.opensearch.security.configuration.SecurityFlsDlsIndexSearcherWrapper$$Lambda/0x00007fcd29262f70
12793:             1             16  org.opensearch.security.dlic.rest.api.AccountApiAction$$Lambda/0x00007fcd28ff0868
12794:             1             16  org.opensearch.security.dlic.rest.api.AccountApiAction$$Lambda/0x00007fcd28ff0a88
12795:             1             16  org.opensearch.security.dlic.rest.api.AccountApiAction$1
12796:             1             16  org.opensearch.security.dlic.rest.api.ActionGroupsApiAction$$Lambda/0x00007fcd28feba60
12797:             1             16  org.opensearch.security.dlic.rest.api.ActionGroupsApiAction$1
12798:             1             16  org.opensearch.security.dlic.rest.api.AuditApiAction$$Lambda/0x00007fcd28ff9840
12799:             1             16  org.opensearch.security.dlic.rest.api.AuditApiAction$$Lambda/0x00007fcd28ff9a60
12800:             1             16  org.opensearch.security.dlic.rest.api.AuditApiAction$$Lambda/0x00007fcd28ff9c80
12801:             1             16  org.opensearch.security.dlic.rest.api.AuditApiAction$2
12802:             1             16  org.opensearch.security.dlic.rest.api.AuthTokenProcessorAction$$Lambda/0x00007fcd28fee218
12803:             1             16  org.opensearch.security.dlic.rest.api.AuthTokenProcessorAction$$Lambda/0x00007fcd28fee440
12804:             1             16  org.opensearch.security.dlic.rest.api.CertificatesApiAction$$Lambda/0x00007fcd28ffcfd0
12805:             1             16  org.opensearch.security.dlic.rest.api.CertificatesApiAction$$Lambda/0x00007fcd28ffd220
12806:             1             16  org.opensearch.security.dlic.rest.api.ConfigUpgradeApiAction$$Lambda/0x00007fcd28ffba90
12807:             1             16  org.opensearch.security.dlic.rest.api.ConfigUpgradeApiAction$$Lambda/0x00007fcd28ffbcb0
12808:             1             16  org.opensearch.security.dlic.rest.api.ConfigUpgradeApiAction$1
12809:             1             16  org.opensearch.security.dlic.rest.api.FlushCacheApiAction$$Lambda/0x00007fcd28fec708
12810:             1             16  org.opensearch.security.dlic.rest.api.InternalUsersApiAction$$Lambda/0x00007fcd28fe8dc0
12811:             1             16  org.opensearch.security.dlic.rest.api.InternalUsersApiAction$$Lambda/0x00007fcd28fe8fe0
12812:             1             16  org.opensearch.security.dlic.rest.api.InternalUsersApiAction$$Lambda/0x00007fcd28fe9200
12813:             1             16  org.opensearch.security.dlic.rest.api.InternalUsersApiAction$$Lambda/0x00007fcd28fe9640
12814:             1             16  org.opensearch.security.dlic.rest.api.InternalUsersApiAction$1
12815:             1             16  org.opensearch.security.dlic.rest.api.MigrateApiAction$$Lambda/0x00007fcd28fef5f8
12816:             1             16  org.opensearch.security.dlic.rest.api.MultiTenancyConfigApiAction$$Lambda/0x00007fcd28ffa938
12817:             1             16  org.opensearch.security.dlic.rest.api.MultiTenancyConfigApiAction$$Lambda/0x00007fcd28ffab58
12818:             1             16  org.opensearch.security.dlic.rest.api.MultiTenancyConfigApiAction$1
12819:             1             16  org.opensearch.security.dlic.rest.api.RequestHandler$$Lambda/0x00007fcd28fc36d0
12820:             1             16  org.opensearch.security.dlic.rest.api.RequestHandler$$Lambda/0x00007fcd28fc38e8
12821:             1             16  org.opensearch.security.dlic.rest.api.RestApiAdminPrivilegesEvaluator$$Lambda/0x00007fcd2838de38
12822:             1             16  org.opensearch.security.dlic.rest.api.RestApiAdminPrivilegesEvaluator$$Lambda/0x00007fcd2838e978
12823:             1             16  org.opensearch.security.dlic.rest.api.RestApiAdminPrivilegesEvaluator$$Lambda/0x00007fcd2838eba0
12824:             1             16  org.opensearch.security.dlic.rest.api.RestApiAdminPrivilegesEvaluator$$Lambda/0x00007fcd2838edc8
12825:             1             16  org.opensearch.security.dlic.rest.api.RestApiAdminPrivilegesEvaluator$$Lambda/0x00007fcd2838eff0
12826:             1             16  org.opensearch.security.dlic.rest.api.RestApiAdminPrivilegesEvaluator$$Lambda/0x00007fcd2838f440
12827:             1             16  org.opensearch.security.dlic.rest.api.RestApiAdminPrivilegesEvaluator$$Lambda/0x00007fcd2838f668
12828:             1             16  org.opensearch.security.dlic.rest.api.RestApiAdminPrivilegesEvaluator$$Lambda/0x00007fcd2838f890
12829:             1             16  org.opensearch.security.dlic.rest.api.RestApiAdminPrivilegesEvaluator$$Lambda/0x00007fcd2838fab8
12830:             1             16  org.opensearch.security.dlic.rest.api.RolesApiAction$$Lambda/0x00007fcd28feafe8
12831:             1             16  org.opensearch.security.dlic.rest.api.RolesApiAction$1
12832:             1             16  org.opensearch.security.dlic.rest.api.RolesMappingApiAction$$Lambda/0x00007fcd28fea0c0
12833:             1             16  org.opensearch.security.dlic.rest.api.RolesMappingApiAction$1
12834:             1             16  org.opensearch.security.dlic.rest.api.SecurityConfigApiAction$$Lambda/0x00007fcd28fed188
12835:             1             16  org.opensearch.security.dlic.rest.api.SecurityConfigApiAction$$Lambda/0x00007fcd28fed828
12836:             1             16  org.opensearch.security.dlic.rest.api.SecurityConfigApiAction$$Lambda/0x00007fcd28feda48
12837:             1             16  org.opensearch.security.dlic.rest.api.SecurityConfigApiAction$1
12838:             1             16  org.opensearch.security.dlic.rest.api.SecuritySSLCertsApiAction$$Lambda/0x00007fcd28ffc418
12839:             1             16  org.opensearch.security.dlic.rest.api.SecuritySSLCertsApiAction$$Lambda/0x00007fcd28ffc668
12840:             1             16  org.opensearch.security.dlic.rest.api.SecuritySSLCertsApiAction$$Lambda/0x00007fcd28ffc888
12841:             1             16  org.opensearch.security.dlic.rest.api.TenantsApiAction$$Lambda/0x00007fcd28feeeb0
12842:             1             16  org.opensearch.security.dlic.rest.api.TenantsApiAction$1
12843:             1             16  org.opensearch.security.dlic.rest.api.ValidateApiAction$$Lambda/0x00007fcd28fefd40
12844:             1             16  org.opensearch.security.dlic.rest.api.ssl.CertificatesActionType$$Lambda/0x00007fcd28c02000
12845:             1             16  org.opensearch.security.dlic.rest.api.ssl.TransportCertificatesInfoNodesAction$$Lambda/0x00007fcd28caf768
12846:             1             16  org.opensearch.security.dlic.rest.api.ssl.TransportCertificatesInfoNodesAction$$Lambda/0x00007fcd28caf980
12847:             1             16  org.opensearch.security.hasher.BCryptPasswordHasher
12848:             1             16  org.opensearch.security.privileges.PitPrivilegesEvaluator
12849:             1             16  org.opensearch.security.privileges.TermsAggregationEvaluator
12850:             1             16  org.opensearch.security.securityconf.impl.CType$$Lambda/0x00007fcd2894db98
12851:             1             16  org.opensearch.security.securityconf.impl.CType$$Lambda/0x00007fcd2894dde0
12852:             1             16  org.opensearch.security.securityconf.impl.SecurityDynamicConfiguration$1
12853:             1             16  org.opensearch.security.setting.OpensearchDynamicSetting$$Lambda/0x00007fcd285734b0
12854:             1             16  org.opensearch.security.ssl.OpenSearchSecureSettingsFactory$1
12855:             1             16  org.opensearch.security.ssl.OpenSearchSecureSettingsFactory$1$1
12856:             1             16  org.opensearch.security.ssl.OpenSearchSecureSettingsFactory$2
12857:             1             16  org.opensearch.security.ssl.OpenSearchSecureSettingsFactory$2$1
12858:             1             16  org.opensearch.security.ssl.OpenSearchSecureSettingsFactory$2$3
12859:             1             16  org.opensearch.security.ssl.OpenSearchSecuritySSLPlugin$$Lambda/0x00007fcd28391b48
12860:             1             16  org.opensearch.security.ssl.OpenSearchSecuritySSLPlugin$$Lambda/0x00007fcd28391d90
12861:             1             16  org.opensearch.security.ssl.OpenSearchSecuritySSLPlugin$1
12862:             1             16  org.opensearch.security.ssl.SecureSSLSettings$$Lambda/0x00007fcd28391910
12863:             1             16  org.opensearch.security.ssl.SecureSSLSettings$InsecureFallbackStringSetting$$Lambda/0x00007fcd28319188
12864:             1             16  org.opensearch.security.ssl.SecureSSLSettings$SSLSetting$$Lambda/0x00007fcd283193c0
12865:             1             16  org.opensearch.security.ssl.SecureSSLSettings$SSLSetting$$Lambda/0x00007fcd28319608
12866:             1             16  org.opensearch.security.ssl.transport.DefaultPrincipalExtractor
12867:             1             16  org.opensearch.security.ssl.transport.DefaultPrincipalExtractor$$Lambda/0x00007fcd2919e000
12868:             1             16  org.opensearch.security.ssl.transport.SSLConfig$$Lambda/0x00007fcd28573280
12869:             1             16  org.opensearch.security.support.Base64JDKHelper$SafeObjectOutputStream$$Lambda/0x00007fcd2919fa90
12870:             1             16  org.opensearch.security.support.SourceFieldsContext$$Lambda/0x00007fcd293805f0
12871:             1             16  org.opensearch.security.support.SourceFieldsContext$$Lambda/0x00007fcd29380808
12872:             1             16  org.opensearch.security.support.StreamableRegistry$$Lambda/0x00007fcd2937c800
12873:             1             16  org.opensearch.security.support.StreamableRegistry$$Lambda/0x00007fcd2937dc10
12874:             1             16  org.opensearch.security.support.WildcardMatcher$$Lambda/0x00007fcd28918220
12875:             1             16  org.opensearch.security.support.WildcardMatcher$$Lambda/0x00007fcd29260000
12876:             1             16  org.opensearch.security.support.WildcardMatcher$1
12877:             1             16  org.opensearch.security.support.WildcardMatcher$2
12878:             1             16  org.opensearch.security.support.WildcardMatcher$CasefoldingMatcher
12879:             1             16  org.opensearch.securityanalytics.SecurityAnalyticsPlugin$$Lambda/0x00007fcd28454658
12880:             1             16  org.opensearch.securityanalytics.SecurityAnalyticsPlugin$$Lambda/0x00007fcd284554c8
12881:             1             16  org.opensearch.securityanalytics.SecurityAnalyticsPlugin$$Lambda/0x00007fcd284556e0
12882:             1             16  org.opensearch.securityanalytics.action.AckAlertsAction$$Lambda/0x00007fcd28af37c0
12883:             1             16  org.opensearch.securityanalytics.action.AckCorrelationAlertsAction$$Lambda/0x00007fcd28c7aa30
12884:             1             16  org.opensearch.securityanalytics.action.CorrelatedFindingAction$$Lambda/0x00007fcd28c72228
12885:             1             16  org.opensearch.securityanalytics.action.CreateIndexMappingsAction$$Lambda/0x00007fcd28c6c430
12886:             1             16  org.opensearch.securityanalytics.action.DeleteCorrelationRuleAction$$Lambda/0x00007fcd28c72da0
12887:             1             16  org.opensearch.securityanalytics.action.DeleteCustomLogTypeAction$$Lambda/0x00007fcd28c79768
12888:             1             16  org.opensearch.securityanalytics.action.DeleteDetectorAction$$Lambda/0x00007fcd28c6d918
12889:             1             16  org.opensearch.securityanalytics.action.DeleteRuleAction$$Lambda/0x00007fcd28c70d78
12890:             1             16  org.opensearch.securityanalytics.action.GetAlertsAction$$Lambda/0x00007fcd28c6fa18
12891:             1             16  org.opensearch.securityanalytics.action.GetAllRuleCategoriesAction$$Lambda/0x00007fcd28c71af0
12892:             1             16  org.opensearch.securityanalytics.action.GetCorrelationAlertsAction$$Lambda/0x00007fcd28c7a2e8
12893:             1             16  org.opensearch.securityanalytics.action.GetDetectorAction$$Lambda/0x00007fcd28c6e6d8
12894:             1             16  org.opensearch.securityanalytics.action.GetFindingsAction$$Lambda/0x00007fcd28c6f2d0
12895:             1             16  org.opensearch.securityanalytics.action.GetIndexMappingsAction$$Lambda/0x00007fcd28c6caf8
12896:             1             16  org.opensearch.securityanalytics.action.GetMappingsViewAction$$Lambda/0x00007fcd28c6e000
12897:             1             16  org.opensearch.securityanalytics.action.IndexCorrelationRuleAction$$Lambda/0x00007fcd28c72970
12898:             1             16  org.opensearch.securityanalytics.action.IndexCustomLogTypeAction$$Lambda/0x00007fcd28c78b70
12899:             1             16  org.opensearch.securityanalytics.action.IndexDetectorAction$$Lambda/0x00007fcd28c6d1d0
12900:             1             16  org.opensearch.securityanalytics.action.IndexRuleAction$$Lambda/0x00007fcd28c70290
12901:             1             16  org.opensearch.securityanalytics.action.ListCorrelationsAction$$Lambda/0x00007fcd28c78000
12902:             1             16  org.opensearch.securityanalytics.action.SearchCorrelationRuleAction$$Lambda/0x00007fcd28c784b0
12903:             1             16  org.opensearch.securityanalytics.action.SearchCustomLogTypeAction$$Lambda/0x00007fcd28c79030
12904:             1             16  org.opensearch.securityanalytics.action.SearchDetectorAction$$Lambda/0x00007fcd28c6eb88
12905:             1             16  org.opensearch.securityanalytics.action.SearchRuleAction$$Lambda/0x00007fcd28c706c0
12906:             1             16  org.opensearch.securityanalytics.action.UpdateIndexMappingsAction$$Lambda/0x00007fcd28c6c000
12907:             1             16  org.opensearch.securityanalytics.action.ValidateRulesAction$$Lambda/0x00007fcd28c71438
12908:             1             16  org.opensearch.securityanalytics.correlation.alert.notifications.NotificationService
12909:             1             16  org.opensearch.securityanalytics.correlation.index.codec.CorrelationCodecVersion$$Lambda/0x00007fcd2844f440
12910:             1             16  org.opensearch.securityanalytics.correlation.index.codec.CorrelationCodecVersion$$Lambda/0x00007fcd2844f668
12911:             1             16  org.opensearch.securityanalytics.correlation.index.codec.CorrelationCodecVersion$$Lambda/0x00007fcd2844fcc0
12912:             1             16  org.opensearch.securityanalytics.correlation.index.codec.CorrelationCodecVersion$$Lambda/0x00007fcd28450000
12913:             1             16  org.opensearch.securityanalytics.correlation.index.codec.correlation950.PerFieldCorrelationVectorsFormat950$$Lambda/0x00007fcd2844f000
12914:             1             16  org.opensearch.securityanalytics.correlation.index.codec.correlation950.PerFieldCorrelationVectorsFormat950$$Lambda/0x00007fcd2844f218
12915:             1             16  org.opensearch.securityanalytics.correlation.index.codec.correlation990.PerFieldCorrelationVectorsFormat990$$Lambda/0x00007fcd2844f880
12916:             1             16  org.opensearch.securityanalytics.correlation.index.codec.correlation990.PerFieldCorrelationVectorsFormat990$$Lambda/0x00007fcd2844fa98
12917:             1             16  org.opensearch.securityanalytics.correlation.index.mapper.CorrelationVectorFieldMapper$TypeParser
12918:             1             16  org.opensearch.securityanalytics.findings.FindingsService
12919:             1             16  org.opensearch.securityanalytics.indexmanagment.DetectorIndexManagementService$$Lambda/0x00007fcd28f83030
12920:             1             16  org.opensearch.securityanalytics.indexmanagment.DetectorIndexManagementService$$Lambda/0x00007fcd28f83260
12921:             1             16  org.opensearch.securityanalytics.indexmanagment.DetectorIndexManagementService$$Lambda/0x00007fcd28f83490
12922:             1             16  org.opensearch.securityanalytics.indexmanagment.DetectorIndexManagementService$$Lambda/0x00007fcd28f836c0
12923:             1             16  org.opensearch.securityanalytics.indexmanagment.DetectorIndexManagementService$$Lambda/0x00007fcd28f838f0
12924:             1             16  org.opensearch.securityanalytics.indexmanagment.DetectorIndexManagementService$$Lambda/0x00007fcd28f83b20
12925:             1             16  org.opensearch.securityanalytics.indexmanagment.DetectorIndexManagementService$$Lambda/0x00007fcd28f83d50
12926:             1             16  org.opensearch.securityanalytics.indexmanagment.DetectorIndexManagementService$$Lambda/0x00007fcd28fba000
12927:             1             16  org.opensearch.securityanalytics.indexmanagment.DetectorIndexManagementService$$Lambda/0x00007fcd28fba230
12928:             1             16  org.opensearch.securityanalytics.indexmanagment.DetectorIndexManagementService$$Lambda/0x00007fcd28fba460
12929:             1             16  org.opensearch.securityanalytics.indexmanagment.DetectorIndexManagementService$$Lambda/0x00007fcd28fba690
12930:             1             16  org.opensearch.securityanalytics.indexmanagment.DetectorIndexManagementService$$Lambda/0x00007fcd28fba8c0
12931:             1             16  org.opensearch.securityanalytics.indexmanagment.DetectorIndexManagementService$$Lambda/0x00007fcd28fbaaf0
12932:             1             16  org.opensearch.securityanalytics.indexmanagment.DetectorIndexManagementService$$Lambda/0x00007fcd28fbad20
12933:             1             16  org.opensearch.securityanalytics.logtype.BuiltinLogTypeLoader$$Lambda/0x00007fcd290384c0
12934:             1             16  org.opensearch.securityanalytics.logtype.BuiltinLogTypeLoader$$Lambda/0x00007fcd29039040
12935:             1             16  org.opensearch.securityanalytics.logtype.BuiltinLogTypeLoader$$Lambda/0x00007fcd2903b870
12936:             1             16  org.opensearch.securityanalytics.logtype.LogTypeService$$Lambda/0x00007fcd29039da0
12937:             1             16  org.opensearch.securityanalytics.logtype.LogTypeService$$Lambda/0x00007fcd2903af88
12938:             1             16  org.opensearch.securityanalytics.model.CustomLogType$$Lambda/0x00007fcd288aced8
12939:             1             16  org.opensearch.securityanalytics.model.Detector$$Lambda/0x00007fcd288ac000
12940:             1             16  org.opensearch.securityanalytics.model.DetectorInput$$Lambda/0x00007fcd288ac4c0
12941:             1             16  org.opensearch.securityanalytics.model.LogType$$Lambda/0x00007fcd29038948
12942:             1             16  org.opensearch.securityanalytics.model.LogType$$Lambda/0x00007fcd29038e08
12943:             1             16  org.opensearch.securityanalytics.model.Rule$$Lambda/0x00007fcd288ac9f8
12944:             1             16  org.opensearch.securityanalytics.model.ThreatIntelFeedData$$Lambda/0x00007fcd288ad388
12945:             1             16  org.opensearch.securityanalytics.threatIntel.action.PutTIFJobAction$$Lambda/0x00007fcd28c79c18
12946:             1             16  org.opensearch.securityanalytics.threatIntel.action.TransportPutTIFJobAction$$Lambda/0x00007fcd28d997d0
12947:             1             16  org.opensearch.securityanalytics.threatIntel.common.TIFMetadata$$Lambda/0x00007fcd290394c0
12948:             1             16  org.opensearch.securityanalytics.threatIntel.feedMetadata.BuiltInTIFMetadataLoader$$Lambda/0x00007fcd29039278
12949:             1             16  org.opensearch.securityanalytics.threatIntel.feedMetadata.BuiltInTIFMetadataLoader$$Lambda/0x00007fcd290396f8
12950:             1             16  org.opensearch.securityanalytics.transport.TransportAckCorrelationAlertsAction$$Lambda/0x00007fcd28ee6288
12951:             1             16  org.opensearch.securityanalytics.transport.TransportAckCorrelationAlertsAction$$Lambda/0x00007fcd28ee64a0
12952:             1             16  org.opensearch.securityanalytics.transport.TransportAcknowledgeAlertsAction$$Lambda/0x00007fcd28f82660
12953:             1             16  org.opensearch.securityanalytics.transport.TransportAcknowledgeAlertsAction$$Lambda/0x00007fcd28f82878
12954:             1             16  org.opensearch.securityanalytics.transport.TransportCorrelateFindingAction$$Lambda/0x00007fcd28d9a970
12955:             1             16  org.opensearch.securityanalytics.transport.TransportCorrelateFindingAction$$Lambda/0x00007fcd28d9ab88
12956:             1             16  org.opensearch.securityanalytics.transport.TransportCorrelateFindingAction$$Lambda/0x00007fcd28d9adb8
12957:             1             16  org.opensearch.securityanalytics.transport.TransportCorrelateFindingAction$$Lambda/0x00007fcd28d9afe8
12958:             1             16  org.opensearch.securityanalytics.transport.TransportCreateIndexMappingsAction$$Lambda/0x00007fcd28ee4890
12959:             1             16  org.opensearch.securityanalytics.transport.TransportDeleteCorrelationRuleAction$$Lambda/0x00007fcd28ee4460
12960:             1             16  org.opensearch.securityanalytics.transport.TransportDeleteCustomLogTypeAction$$Lambda/0x00007fcd28ee79f0
12961:             1             16  org.opensearch.securityanalytics.transport.TransportDeleteCustomLogTypeAction$$Lambda/0x00007fcd28ee7c08
12962:             1             16  org.opensearch.securityanalytics.transport.TransportDeleteCustomLogTypeAction$$Lambda/0x00007fcd28f67c00
12963:             1             16  org.opensearch.securityanalytics.transport.TransportDeleteDetectorAction$$Lambda/0x00007fcd28ee55b0
12964:             1             16  org.opensearch.securityanalytics.transport.TransportDeleteDetectorAction$$Lambda/0x00007fcd28ee57c8
12965:             1             16  org.opensearch.securityanalytics.transport.TransportDeleteRuleAction$$Lambda/0x00007fcd28d999e8
12966:             1             16  org.opensearch.securityanalytics.transport.TransportGetAlertsAction$$Lambda/0x00007fcd28d9a048
12967:             1             16  org.opensearch.securityanalytics.transport.TransportGetAlertsAction$$Lambda/0x00007fcd28d9a498
12968:             1             16  org.opensearch.securityanalytics.transport.TransportGetAllRuleCategoriesAction$$Lambda/0x00007fcd28d4bd88
12969:             1             16  org.opensearch.securityanalytics.transport.TransportGetCorrelationAlertsAction$$Lambda/0x00007fcd28d9b218
12970:             1             16  org.opensearch.securityanalytics.transport.TransportGetCorrelationAlertsAction$$Lambda/0x00007fcd28d9b430
12971:             1             16  org.opensearch.securityanalytics.transport.TransportGetDetectorAction$$Lambda/0x00007fcd28f82218
12972:             1             16  org.opensearch.securityanalytics.transport.TransportGetDetectorAction$$Lambda/0x00007fcd28f82430
12973:             1             16  org.opensearch.securityanalytics.transport.TransportGetFindingsAction$$Lambda/0x00007fcd28ee59f8
12974:             1             16  org.opensearch.securityanalytics.transport.TransportGetFindingsAction$$Lambda/0x00007fcd28ee5e40
12975:             1             16  org.opensearch.securityanalytics.transport.TransportGetIndexMappingsAction$$Lambda/0x00007fcd28f82000
12976:             1             16  org.opensearch.securityanalytics.transport.TransportGetMappingsViewAction$$Lambda/0x00007fcd28ee66d0
12977:             1             16  org.opensearch.securityanalytics.transport.TransportIndexCorrelationRuleAction$$Lambda/0x00007fcd28ee4678
12978:             1             16  org.opensearch.securityanalytics.transport.TransportIndexCustomLogTypeAction$$Lambda/0x00007fcd28ee6d30
12979:             1             16  org.opensearch.securityanalytics.transport.TransportIndexCustomLogTypeAction$$Lambda/0x00007fcd28ee6f48
12980:             1             16  org.opensearch.securityanalytics.transport.TransportIndexCustomLogTypeAction$$Lambda/0x00007fcd28ee7178
12981:             1             16  org.opensearch.securityanalytics.transport.TransportIndexDetectorAction$$Lambda/0x00007fcd28d9b878
12982:             1             16  org.opensearch.securityanalytics.transport.TransportIndexDetectorAction$$Lambda/0x00007fcd28ee4000
12983:             1             16  org.opensearch.securityanalytics.transport.TransportIndexDetectorAction$$Lambda/0x00007fcd28ee4230
12984:             1             16  org.opensearch.securityanalytics.transport.TransportIndexRuleAction$$Lambda/0x00007fcd28ee6070
12985:             1             16  org.opensearch.securityanalytics.transport.TransportListCorrelationAction$$Lambda/0x00007fcd28d9b660
12986:             1             16  org.opensearch.securityanalytics.transport.TransportSearchCorrelationAction$$Lambda/0x00007fcd28ee77d8
12987:             1             16  org.opensearch.securityanalytics.transport.TransportSearchCorrelationRuleAction$$Lambda/0x00007fcd28ee75c0
12988:             1             16  org.opensearch.securityanalytics.transport.TransportSearchCustomLogTypeAction$$Lambda/0x00007fcd28ee68e8
12989:             1             16  org.opensearch.securityanalytics.transport.TransportSearchCustomLogTypeAction$$Lambda/0x00007fcd28ee6b00
12990:             1             16  org.opensearch.securityanalytics.transport.TransportSearchDetectorAction$$Lambda/0x00007fcd28d99c00
12991:             1             16  org.opensearch.securityanalytics.transport.TransportSearchDetectorAction$$Lambda/0x00007fcd28d99e18
12992:             1             16  org.opensearch.securityanalytics.transport.TransportSearchRuleAction$$Lambda/0x00007fcd28f82aa8
12993:             1             16  org.opensearch.securityanalytics.transport.TransportUpdateIndexMappingsAction$$Lambda/0x00007fcd28ee73a8
12994:             1             16  org.opensearch.securityanalytics.transport.TransportValidateRulesAction$$Lambda/0x00007fcd28d993a8
12995:             1             16  org.opensearch.securityanalytics.util.ThrowableCheckingPredicates$$Lambda/0x00007fcd28ee4ce8
12996:             1             16  org.opensearch.securityanalytics.util.ThrowableCheckingPredicates$$Lambda/0x00007fcd28ee4f30
12997:             1             16  org.opensearch.securityanalytics.util.ThrowableCheckingPredicates$$Lambda/0x00007fcd28ee5178
12998:             1             16  org.opensearch.semver.expr.Caret
12999:             1             16  org.opensearch.semver.expr.Tilde
13000:             1             16  org.opensearch.snapshots.InternalSnapshotsInfoService$$Lambda/0x00007fcd286d2cf8
13001:             1             16  org.opensearch.snapshots.InternalSnapshotsInfoService$$Lambda/0x00007fcd286d2f10
13002:             1             16  org.opensearch.snapshots.InternalSnapshotsInfoService$$Lambda/0x00007fcd28714cf0
13003:             1             16  org.opensearch.snapshots.RestoreService$CleanRestoreStateTaskExecutor
13004:             1             16  org.opensearch.snapshots.SnapshotsService$$Lambda/0x00007fcd286fbb58
13005:             1             16  org.opensearch.snapshots.SnapshotsService$$Lambda/0x00007fcd28cf0640
13006:             1             16  org.opensearch.snapshots.SnapshotsService$17
13007:             1             16  org.opensearch.snapshots.SnapshotsService$UpdateSnapshotStatusAction$$Lambda/0x00007fcd28cf0fe0
13008:             1             16  org.opensearch.sql.data.model.ExprIntegerValue
13009:             1             16  org.opensearch.sql.data.model.ExprMissingValue
13010:             1             16  org.opensearch.sql.data.model.ExprNullValue
13011:             1             16  org.opensearch.sql.data.type.ExprCoreType$$Lambda/0x00007fcd28b29da0
13012:             1             16  org.opensearch.sql.data.type.ExprCoreType$$Lambda/0x00007fcd28b29fe8
13013:             1             16  org.opensearch.sql.datasource.model.DataSourceMetadata$$Lambda/0x00007fcd28b14550
13014:             1             16  org.opensearch.sql.datasources.auth.DataSourceUserAuthorizationHelperImpl
13015:             1             16  org.opensearch.sql.datasources.encryptor.EncryptorImpl
13016:             1             16  org.opensearch.sql.datasources.glue.GlueDataSourceFactory
13017:             1             16  org.opensearch.sql.datasources.service.DataSourceLoaderCacheImpl$$Lambda/0x00007fcd28b0a4b8
13018:             1             16  org.opensearch.sql.datasources.service.DataSourceLoaderCacheImpl$$Lambda/0x00007fcd28b0a6f0
13019:             1             16  org.opensearch.sql.datasources.transport.TransportCreateDataSourceAction$$Lambda/0x00007fcd28ea51e8
13020:             1             16  org.opensearch.sql.datasources.transport.TransportCreateDataSourceAction$$Lambda/0x00007fcd28ea5400
13021:             1             16  org.opensearch.sql.datasources.transport.TransportDeleteDataSourceAction$$Lambda/0x00007fcd28ea5618
13022:             1             16  org.opensearch.sql.datasources.transport.TransportDeleteDataSourceAction$$Lambda/0x00007fcd28ea5830
13023:             1             16  org.opensearch.sql.datasources.transport.TransportGetDataSourceAction$$Lambda/0x00007fcd28d6b450
13024:             1             16  org.opensearch.sql.datasources.transport.TransportGetDataSourceAction$$Lambda/0x00007fcd28d6b668
13025:             1             16  org.opensearch.sql.datasources.transport.TransportPatchDataSourceAction$$Lambda/0x00007fcd28d6b880
13026:             1             16  org.opensearch.sql.datasources.transport.TransportPatchDataSourceAction$$Lambda/0x00007fcd28d6ba98
13027:             1             16  org.opensearch.sql.datasources.transport.TransportUpdateDataSourceAction$$Lambda/0x00007fcd28d6bcb0
13028:             1             16  org.opensearch.sql.datasources.transport.TransportUpdateDataSourceAction$$Lambda/0x00007fcd28ea4000
13029:             1             16  org.opensearch.sql.executor.execution.QueryPlanFactory$1
13030:             1             16  org.opensearch.sql.expression.aggregation.AggregatorFunction$$Lambda/0x00007fcd28b3a120
13031:             1             16  org.opensearch.sql.expression.aggregation.AggregatorFunction$$Lambda/0x00007fcd28b3a338
13032:             1             16  org.opensearch.sql.expression.aggregation.AggregatorFunction$$Lambda/0x00007fcd28b3a550
13033:             1             16  org.opensearch.sql.expression.aggregation.AggregatorFunction$$Lambda/0x00007fcd28b3a768
13034:             1             16  org.opensearch.sql.expression.aggregation.AggregatorFunction$$Lambda/0x00007fcd28b3a980
13035:             1             16  org.opensearch.sql.expression.aggregation.AggregatorFunction$$Lambda/0x00007fcd28b3ab98
13036:             1             16  org.opensearch.sql.expression.aggregation.AggregatorFunction$$Lambda/0x00007fcd28b3adb0
13037:             1             16  org.opensearch.sql.expression.aggregation.AggregatorFunction$$Lambda/0x00007fcd28b3afc8
13038:             1             16  org.opensearch.sql.expression.aggregation.AggregatorFunction$$Lambda/0x00007fcd28b3b1e0
13039:             1             16  org.opensearch.sql.expression.aggregation.AggregatorFunction$$Lambda/0x00007fcd28b3b638
13040:             1             16  org.opensearch.sql.expression.aggregation.AggregatorFunction$$Lambda/0x00007fcd28b3b870
13041:             1             16  org.opensearch.sql.expression.aggregation.AggregatorFunction$$Lambda/0x00007fcd28b3ba88
13042:             1             16  org.opensearch.sql.expression.aggregation.AggregatorFunction$$Lambda/0x00007fcd28b3bca0
13043:             1             16  org.opensearch.sql.expression.aggregation.AggregatorFunction$$Lambda/0x00007fcd28b3beb8
13044:             1             16  org.opensearch.sql.expression.aggregation.AggregatorFunction$$Lambda/0x00007fcd28b3c0d0
13045:             1             16  org.opensearch.sql.expression.aggregation.AggregatorFunction$$Lambda/0x00007fcd28b3c2e8
13046:             1             16  org.opensearch.sql.expression.aggregation.AggregatorFunction$$Lambda/0x00007fcd28b3c500
13047:             1             16  org.opensearch.sql.expression.aggregation.AggregatorFunction$$Lambda/0x00007fcd28b3c718
13048:             1             16  org.opensearch.sql.expression.aggregation.AggregatorFunction$$Lambda/0x00007fcd28b3c930
13049:             1             16  org.opensearch.sql.expression.aggregation.AggregatorFunction$$Lambda/0x00007fcd28b3cb48
13050:             1             16  org.opensearch.sql.expression.aggregation.AggregatorFunction$$Lambda/0x00007fcd28b3cd60
13051:             1             16  org.opensearch.sql.expression.aggregation.AggregatorFunction$$Lambda/0x00007fcd28b3cf78
13052:             1             16  org.opensearch.sql.expression.aggregation.AggregatorFunction$$Lambda/0x00007fcd28b3d190
13053:             1             16  org.opensearch.sql.expression.aggregation.AggregatorFunction$$Lambda/0x00007fcd28b3d3a8
13054:             1             16  org.opensearch.sql.expression.aggregation.AggregatorFunction$$Lambda/0x00007fcd28b3d5c0
13055:             1             16  org.opensearch.sql.expression.aggregation.AggregatorFunction$$Lambda/0x00007fcd28b3d7d8
13056:             1             16  org.opensearch.sql.expression.aggregation.AggregatorFunction$$Lambda/0x00007fcd28b3d9f0
13057:             1             16  org.opensearch.sql.expression.aggregation.AggregatorFunction$$Lambda/0x00007fcd28b3dc08
13058:             1             16  org.opensearch.sql.expression.aggregation.AggregatorFunction$$Lambda/0x00007fcd28b3de20
13059:             1             16  org.opensearch.sql.expression.aggregation.AggregatorFunction$$Lambda/0x00007fcd28b3e038
13060:             1             16  org.opensearch.sql.expression.aggregation.AggregatorFunction$$Lambda/0x00007fcd28b3eaf8
13061:             1             16  org.opensearch.sql.expression.aggregation.AggregatorFunction$$Lambda/0x00007fcd28b3ed10
13062:             1             16  org.opensearch.sql.expression.aggregation.AggregatorFunction$$Lambda/0x00007fcd28b3ef28
13063:             1             16  org.opensearch.sql.expression.aggregation.AggregatorFunction$$Lambda/0x00007fcd28b3f140
13064:             1             16  org.opensearch.sql.expression.aggregation.AggregatorFunction$$Lambda/0x00007fcd28b3f358
13065:             1             16  org.opensearch.sql.expression.aggregation.AggregatorFunction$$Lambda/0x00007fcd28b3f570
13066:             1             16  org.opensearch.sql.expression.aggregation.AggregatorFunction$$Lambda/0x00007fcd28b3f788
13067:             1             16  org.opensearch.sql.expression.aggregation.AggregatorFunction$$Lambda/0x00007fcd28b3f9a0
13068:             1             16  org.opensearch.sql.expression.aggregation.AggregatorFunction$$Lambda/0x00007fcd28b3fbb8
13069:             1             16  org.opensearch.sql.expression.aggregation.AggregatorFunction$$Lambda/0x00007fcd28b3fdd0
13070:             1             16  org.opensearch.sql.expression.aggregation.AggregatorFunction$$Lambda/0x00007fcd28b40000
13071:             1             16  org.opensearch.sql.expression.aggregation.AggregatorFunction$$Lambda/0x00007fcd28b40218
13072:             1             16  org.opensearch.sql.expression.datetime.DateTimeFunction$$Lambda/0x00007fcd28b40630
13073:             1             16  org.opensearch.sql.expression.datetime.DateTimeFunction$$Lambda/0x00007fcd28b40a68
13074:             1             16  org.opensearch.sql.expression.datetime.DateTimeFunction$$Lambda/0x00007fcd28b40c80
13075:             1             16  org.opensearch.sql.expression.datetime.DateTimeFunction$$Lambda/0x00007fcd28b40e98
13076:             1             16  org.opensearch.sql.expression.datetime.DateTimeFunction$$Lambda/0x00007fcd28b410b0
13077:             1             16  org.opensearch.sql.expression.datetime.DateTimeFunction$$Lambda/0x00007fcd28b412c8
13078:             1             16  org.opensearch.sql.expression.datetime.DateTimeFunction$$Lambda/0x00007fcd28b414e0
13079:             1             16  org.opensearch.sql.expression.datetime.DateTimeFunction$$Lambda/0x00007fcd28b416f8
13080:             1             16  org.opensearch.sql.expression.datetime.DateTimeFunction$$Lambda/0x00007fcd28b41910
13081:             1             16  org.opensearch.sql.expression.datetime.DateTimeFunction$$Lambda/0x00007fcd28b41b28
13082:             1             16  org.opensearch.sql.expression.datetime.DateTimeFunction$$Lambda/0x00007fcd28b41d40
13083:             1             16  org.opensearch.sql.expression.datetime.DateTimeFunction$$Lambda/0x00007fcd28b41f58
13084:             1             16  org.opensearch.sql.expression.datetime.DateTimeFunction$$Lambda/0x00007fcd28b42170
13085:             1             16  org.opensearch.sql.expression.datetime.DateTimeFunction$$Lambda/0x00007fcd28b42388
13086:             1             16  org.opensearch.sql.expression.datetime.DateTimeFunction$$Lambda/0x00007fcd28b425a0
13087:             1             16  org.opensearch.sql.expression.datetime.DateTimeFunction$$Lambda/0x00007fcd28b427b8
13088:             1             16  org.opensearch.sql.expression.datetime.DateTimeFunction$$Lambda/0x00007fcd28b429d0
13089:             1             16  org.opensearch.sql.expression.datetime.DateTimeFunction$$Lambda/0x00007fcd28b42be8
13090:             1             16  org.opensearch.sql.expression.datetime.DateTimeFunction$$Lambda/0x00007fcd28b42e00
13091:             1             16  org.opensearch.sql.expression.datetime.DateTimeFunction$$Lambda/0x00007fcd28b43018
13092:             1             16  org.opensearch.sql.expression.datetime.DateTimeFunction$$Lambda/0x00007fcd28b43230
13093:             1             16  org.opensearch.sql.expression.datetime.DateTimeFunction$$Lambda/0x00007fcd28b43448
13094:             1             16  org.opensearch.sql.expression.datetime.DateTimeFunction$$Lambda/0x00007fcd28b43698
13095:             1             16  org.opensearch.sql.expression.datetime.DateTimeFunction$$Lambda/0x00007fcd28b438e8
13096:             1             16  org.opensearch.sql.expression.datetime.DateTimeFunction$$Lambda/0x00007fcd28b43b38
13097:             1             16  org.opensearch.sql.expression.datetime.DateTimeFunction$$Lambda/0x00007fcd28b43d88
13098:             1             16  org.opensearch.sql.expression.datetime.DateTimeFunction$$Lambda/0x00007fcd28b43fd8
13099:             1             16  org.opensearch.sql.expression.datetime.DateTimeFunction$$Lambda/0x00007fcd28b44228
13100:             1             16  org.opensearch.sql.expression.datetime.DateTimeFunction$$Lambda/0x00007fcd28b44478
13101:             1             16  org.opensearch.sql.expression.datetime.DateTimeFunction$$Lambda/0x00007fcd28b44690
13102:             1             16  org.opensearch.sql.expression.datetime.DateTimeFunction$$Lambda/0x00007fcd28b448a8
13103:             1             16  org.opensearch.sql.expression.datetime.DateTimeFunction$$Lambda/0x00007fcd28b44ac0
13104:             1             16  org.opensearch.sql.expression.datetime.DateTimeFunction$$Lambda/0x00007fcd28b44cd8
13105:             1             16  org.opensearch.sql.expression.datetime.DateTimeFunction$$Lambda/0x00007fcd28b44ef0
13106:             1             16  org.opensearch.sql.expression.datetime.DateTimeFunction$$Lambda/0x00007fcd28b45108
13107:             1             16  org.opensearch.sql.expression.datetime.DateTimeFunction$$Lambda/0x00007fcd28b45320
13108:             1             16  org.opensearch.sql.expression.datetime.DateTimeFunction$$Lambda/0x00007fcd28b45538
13109:             1             16  org.opensearch.sql.expression.datetime.DateTimeFunction$$Lambda/0x00007fcd28b45750
13110:             1             16  org.opensearch.sql.expression.datetime.DateTimeFunction$$Lambda/0x00007fcd28b45968
13111:             1             16  org.opensearch.sql.expression.datetime.DateTimeFunction$$Lambda/0x00007fcd28b45b80
13112:             1             16  org.opensearch.sql.expression.datetime.DateTimeFunction$$Lambda/0x00007fcd28b45d98
13113:             1             16  org.opensearch.sql.expression.datetime.DateTimeFunction$$Lambda/0x00007fcd28b45fb0
13114:             1             16  org.opensearch.sql.expression.datetime.DateTimeFunction$$Lambda/0x00007fcd28b461c8
13115:             1             16  org.opensearch.sql.expression.datetime.DateTimeFunction$$Lambda/0x00007fcd28b463e0
13116:             1             16  org.opensearch.sql.expression.datetime.DateTimeFunction$$Lambda/0x00007fcd28b465f8
13117:             1             16  org.opensearch.sql.expression.datetime.DateTimeFunction$$Lambda/0x00007fcd28b46838
13118:             1             16  org.opensearch.sql.expression.datetime.DateTimeFunction$$Lambda/0x00007fcd28b46a88
13119:             1             16  org.opensearch.sql.expression.datetime.DateTimeFunction$$Lambda/0x00007fcd28b46ca0
13120:             1             16  org.opensearch.sql.expression.datetime.DateTimeFunction$$Lambda/0x00007fcd28b470b8
13121:             1             16  org.opensearch.sql.expression.datetime.DateTimeFunction$$Lambda/0x00007fcd28b472f8
13122:             1             16  org.opensearch.sql.expression.datetime.DateTimeFunction$$Lambda/0x00007fcd28b47538
13123:             1             16  org.opensearch.sql.expression.datetime.DateTimeFunction$$Lambda/0x00007fcd28b47778
13124:             1             16  org.opensearch.sql.expression.datetime.DateTimeFunction$$Lambda/0x00007fcd28b47990
13125:             1             16  org.opensearch.sql.expression.datetime.DateTimeFunction$$Lambda/0x00007fcd28b47bd0
13126:             1             16  org.opensearch.sql.expression.datetime.DateTimeFunction$$Lambda/0x00007fcd28b47de8
13127:             1             16  org.opensearch.sql.expression.datetime.DateTimeFunction$$Lambda/0x00007fcd28b48000
13128:             1             16  org.opensearch.sql.expression.datetime.DateTimeFunction$$Lambda/0x00007fcd28b48250
13129:             1             16  org.opensearch.sql.expression.datetime.DateTimeFunction$$Lambda/0x00007fcd28b484a0
13130:             1             16  org.opensearch.sql.expression.datetime.DateTimeFunction$$Lambda/0x00007fcd28b486f0
13131:             1             16  org.opensearch.sql.expression.datetime.DateTimeFunction$$Lambda/0x00007fcd28b48940
13132:             1             16  org.opensearch.sql.expression.datetime.DateTimeFunction$$Lambda/0x00007fcd28b48b90
13133:             1             16  org.opensearch.sql.expression.datetime.DateTimeFunction$$Lambda/0x00007fcd28b48de0
13134:             1             16  org.opensearch.sql.expression.datetime.DateTimeFunction$$Lambda/0x00007fcd28b49030
13135:             1             16  org.opensearch.sql.expression.datetime.DateTimeFunction$$Lambda/0x00007fcd28b49280
13136:             1             16  org.opensearch.sql.expression.datetime.DateTimeFunction$$Lambda/0x00007fcd28b49708
13137:             1             16  org.opensearch.sql.expression.datetime.DateTimeFunction$$Lambda/0x00007fcd28b49958
13138:             1             16  org.opensearch.sql.expression.datetime.DateTimeFunction$$Lambda/0x00007fcd28b49ba8
13139:             1             16  org.opensearch.sql.expression.datetime.DateTimeFunction$$Lambda/0x00007fcd28b49df8
13140:             1             16  org.opensearch.sql.expression.datetime.DateTimeFunction$$Lambda/0x00007fcd28b4a048
13141:             1             16  org.opensearch.sql.expression.datetime.DateTimeFunction$$Lambda/0x00007fcd28b4a288
13142:             1             16  org.opensearch.sql.expression.datetime.DateTimeFunction$$Lambda/0x00007fcd28b4a4d8
13143:             1             16  org.opensearch.sql.expression.datetime.DateTimeFunction$$Lambda/0x00007fcd28b4a728
13144:             1             16  org.opensearch.sql.expression.datetime.DateTimeFunction$$Lambda/0x00007fcd28b4a978
13145:             1             16  org.opensearch.sql.expression.datetime.DateTimeFunction$$Lambda/0x00007fcd28b4abc8
13146:             1             16  org.opensearch.sql.expression.datetime.DateTimeFunction$$Lambda/0x00007fcd28b4ae08
13147:             1             16  org.opensearch.sql.expression.datetime.DateTimeFunction$$Lambda/0x00007fcd28b4b058
13148:             1             16  org.opensearch.sql.expression.datetime.DateTimeFunction$$Lambda/0x00007fcd28b4b2a8
13149:             1             16  org.opensearch.sql.expression.datetime.DateTimeFunction$$Lambda/0x00007fcd28b4b4f8
13150:             1             16  org.opensearch.sql.expression.datetime.DateTimeFunction$$Lambda/0x00007fcd28b4b748
13151:             1             16  org.opensearch.sql.expression.datetime.DateTimeFunction$$Lambda/0x00007fcd28b4b960
13152:             1             16  org.opensearch.sql.expression.datetime.DateTimeFunction$$Lambda/0x00007fcd28b4bba0
13153:             1             16  org.opensearch.sql.expression.datetime.DateTimeFunction$$Lambda/0x00007fcd28b4bde0
13154:             1             16  org.opensearch.sql.expression.datetime.DateTimeFunction$$Lambda/0x00007fcd28b4c020
13155:             1             16  org.opensearch.sql.expression.datetime.DateTimeFunction$$Lambda/0x00007fcd28b4c260
13156:             1             16  org.opensearch.sql.expression.datetime.DateTimeFunction$$Lambda/0x00007fcd28b4c4b0
13157:             1             16  org.opensearch.sql.expression.datetime.DateTimeFunction$$Lambda/0x00007fcd28b4c700
13158:             1             16  org.opensearch.sql.expression.datetime.DateTimeFunction$$Lambda/0x00007fcd28b4c940
13159:             1             16  org.opensearch.sql.expression.datetime.DateTimeFunction$$Lambda/0x00007fcd28b4cb80
13160:             1             16  org.opensearch.sql.expression.datetime.DateTimeFunction$$Lambda/0x00007fcd28b4cdd0
13161:             1             16  org.opensearch.sql.expression.datetime.DateTimeFunction$$Lambda/0x00007fcd28b4d020
13162:             1             16  org.opensearch.sql.expression.datetime.DateTimeFunction$$Lambda/0x00007fcd28b4d270
13163:             1             16  org.opensearch.sql.expression.datetime.DateTimeFunction$$Lambda/0x00007fcd28b4d4c0
13164:             1             16  org.opensearch.sql.expression.datetime.DateTimeFunction$$Lambda/0x00007fcd28b4d710
13165:             1             16  org.opensearch.sql.expression.datetime.DateTimeFunction$$Lambda/0x00007fcd28b4d960
13166:             1             16  org.opensearch.sql.expression.datetime.DateTimeFunction$$Lambda/0x00007fcd28b4dba0
13167:             1             16  org.opensearch.sql.expression.datetime.DateTimeFunction$$Lambda/0x00007fcd28b4ddf0
13168:             1             16  org.opensearch.sql.expression.datetime.DateTimeFunction$$Lambda/0x00007fcd28b4e040
13169:             1             16  org.opensearch.sql.expression.datetime.DateTimeFunction$$Lambda/0x00007fcd28b4e290
13170:             1             16  org.opensearch.sql.expression.datetime.DateTimeFunction$$Lambda/0x00007fcd28b4e4d0
13171:             1             16  org.opensearch.sql.expression.datetime.DateTimeFunction$$Lambda/0x00007fcd28b4e6e8
13172:             1             16  org.opensearch.sql.expression.datetime.DateTimeFunction$$Lambda/0x00007fcd28b4e938
13173:             1             16  org.opensearch.sql.expression.datetime.DateTimeFunction$$Lambda/0x00007fcd28b4eb88
13174:             1             16  org.opensearch.sql.expression.datetime.DateTimeFunction$$Lambda/0x00007fcd28b4edd8
13175:             1             16  org.opensearch.sql.expression.datetime.DateTimeFunction$$Lambda/0x00007fcd28b4f028
13176:             1             16  org.opensearch.sql.expression.datetime.DateTimeFunction$$Lambda/0x00007fcd28b4f278
13177:             1             16  org.opensearch.sql.expression.datetime.DateTimeFunction$$Lambda/0x00007fcd28b4f4c8
13178:             1             16  org.opensearch.sql.expression.datetime.DateTimeFunction$$Lambda/0x00007fcd28b4f718
13179:             1             16  org.opensearch.sql.expression.datetime.DateTimeFunction$$Lambda/0x00007fcd28b4f968
13180:             1             16  org.opensearch.sql.expression.datetime.DateTimeFunction$$Lambda/0x00007fcd28b4fbb8
13181:             1             16  org.opensearch.sql.expression.datetime.DateTimeFunction$$Lambda/0x00007fcd28b50000
13182:             1             16  org.opensearch.sql.expression.datetime.DateTimeFunction$$Lambda/0x00007fcd28b50250
13183:             1             16  org.opensearch.sql.expression.datetime.DateTimeFunction$$Lambda/0x00007fcd28b504a0
13184:             1             16  org.opensearch.sql.expression.datetime.DateTimeFunction$$Lambda/0x00007fcd28b506f0
13185:             1             16  org.opensearch.sql.expression.datetime.DateTimeFunction$$Lambda/0x00007fcd28b50940
13186:             1             16  org.opensearch.sql.expression.datetime.DateTimeFunction$$Lambda/0x00007fcd28b50b80
13187:             1             16  org.opensearch.sql.expression.datetime.DateTimeFunction$$Lambda/0x00007fcd28b50dd0
13188:             1             16  org.opensearch.sql.expression.datetime.DateTimeFunction$$Lambda/0x00007fcd28b51020
13189:             1             16  org.opensearch.sql.expression.datetime.DateTimeFunction$$Lambda/0x00007fcd28b51270
13190:             1             16  org.opensearch.sql.expression.datetime.DateTimeFunction$$Lambda/0x00007fcd28b514c0
13191:             1             16  org.opensearch.sql.expression.datetime.DateTimeFunction$$Lambda/0x00007fcd28b51710
13192:             1             16  org.opensearch.sql.expression.datetime.DateTimeFunction$$Lambda/0x00007fcd28b51960
13193:             1             16  org.opensearch.sql.expression.datetime.DateTimeFunction$$Lambda/0x00007fcd28b51bb0
13194:             1             16  org.opensearch.sql.expression.datetime.DateTimeFunction$$Lambda/0x00007fcd28b51e00
13195:             1             16  org.opensearch.sql.expression.datetime.DateTimeFunction$$Lambda/0x00007fcd28b52040
13196:             1             16  org.opensearch.sql.expression.datetime.DateTimeFunction$$Lambda/0x00007fcd28b52280
13197:             1             16  org.opensearch.sql.expression.datetime.DateTimeFunction$$Lambda/0x00007fcd28b524d0
13198:             1             16  org.opensearch.sql.expression.datetime.DateTimeFunction$$Lambda/0x00007fcd28b52720
13199:             1             16  org.opensearch.sql.expression.datetime.DateTimeFunction$$Lambda/0x00007fcd28b52970
13200:             1             16  org.opensearch.sql.expression.datetime.DateTimeFunction$$Lambda/0x00007fcd28b52bc0
13201:             1             16  org.opensearch.sql.expression.datetime.DateTimeFunction$$Lambda/0x00007fcd28b52e10
13202:             1             16  org.opensearch.sql.expression.datetime.DateTimeFunction$$Lambda/0x00007fcd28b53060
13203:             1             16  org.opensearch.sql.expression.datetime.DateTimeFunction$$Lambda/0x00007fcd28b532b0
13204:             1             16  org.opensearch.sql.expression.datetime.DateTimeFunction$$Lambda/0x00007fcd28b53500
13205:             1             16  org.opensearch.sql.expression.datetime.DateTimeFunction$$Lambda/0x00007fcd28b53750
13206:             1             16  org.opensearch.sql.expression.datetime.DateTimeFunction$$Lambda/0x00007fcd28b539a0
13207:             1             16  org.opensearch.sql.expression.datetime.DateTimeFunction$$Lambda/0x00007fcd28b53bf0
13208:             1             16  org.opensearch.sql.expression.datetime.DateTimeFunction$$Lambda/0x00007fcd28b54400
13209:             1             16  org.opensearch.sql.expression.datetime.DateTimeFunction$$Lambda/0x00007fcd28b54800
13210:             1             16  org.opensearch.sql.expression.datetime.DateTimeFunction$$Lambda/0x00007fcd28b54a40
13211:             1             16  org.opensearch.sql.expression.datetime.DateTimeFunction$$Lambda/0x00007fcd28b54c90
13212:             1             16  org.opensearch.sql.expression.datetime.DateTimeFunction$$Lambda/0x00007fcd28b55000
13213:             1             16  org.opensearch.sql.expression.datetime.DateTimeFunction$$Lambda/0x00007fcd28b55218
13214:             1             16  org.opensearch.sql.expression.datetime.DateTimeFunction$$Lambda/0x00007fcd28b55430
13215:             1             16  org.opensearch.sql.expression.datetime.DateTimeFunction$$Lambda/0x00007fcd28b55648
13216:             1             16  org.opensearch.sql.expression.datetime.DateTimeFunction$$Lambda/0x00007fcd28b55860
13217:             1             16  org.opensearch.sql.expression.datetime.DateTimeFunction$$Lambda/0x00007fcd28b55a78
13218:             1             16  org.opensearch.sql.expression.datetime.DateTimeFunction$$Lambda/0x00007fcd28b55c90
13219:             1             16  org.opensearch.sql.expression.datetime.DateTimeFunction$$Lambda/0x00007fcd28b56000
13220:             1             16  org.opensearch.sql.expression.datetime.DateTimeFunction$$Lambda/0x00007fcd28b56250
13221:             1             16  org.opensearch.sql.expression.datetime.DateTimeFunction$$Lambda/0x00007fcd28b56468
13222:             1             16  org.opensearch.sql.expression.datetime.DateTimeFunction$$Lambda/0x00007fcd28b56680
13223:             1             16  org.opensearch.sql.expression.datetime.DateTimeFunction$$Lambda/0x00007fcd28b56898
13224:             1             16  org.opensearch.sql.expression.datetime.DateTimeFunction$$Lambda/0x00007fcd28b56ab0
13225:             1             16  org.opensearch.sql.expression.datetime.DateTimeFunction$$Lambda/0x00007fcd28b56cc8
13226:             1             16  org.opensearch.sql.expression.datetime.DateTimeFunction$$Lambda/0x00007fcd28b56ee0
13227:             1             16  org.opensearch.sql.expression.datetime.DateTimeFunction$$Lambda/0x00007fcd28b570f8
13228:             1             16  org.opensearch.sql.expression.datetime.DateTimeFunction$$Lambda/0x00007fcd28b57310
13229:             1             16  org.opensearch.sql.expression.datetime.DateTimeFunction$$Lambda/0x00007fcd28b57528
13230:             1             16  org.opensearch.sql.expression.datetime.DateTimeFunction$$Lambda/0x00007fcd28b57740
13231:             1             16  org.opensearch.sql.expression.datetime.DateTimeFunction$$Lambda/0x00007fcd28b57958
13232:             1             16  org.opensearch.sql.expression.datetime.DateTimeFunction$$Lambda/0x00007fcd28b57b70
13233:             1             16  org.opensearch.sql.expression.datetime.DateTimeFunction$$Lambda/0x00007fcd28b57d88
13234:             1             16  org.opensearch.sql.expression.datetime.DateTimeFunction$$Lambda/0x00007fcd28b58000
13235:             1             16  org.opensearch.sql.expression.datetime.DateTimeFunction$$Lambda/0x00007fcd28b58250
13236:             1             16  org.opensearch.sql.expression.datetime.DateTimeFunction$$Lambda/0x00007fcd28b584a0
13237:             1             16  org.opensearch.sql.expression.datetime.DateTimeFunction$$Lambda/0x00007fcd28b586e0
13238:             1             16  org.opensearch.sql.expression.datetime.DateTimeFunction$$Lambda/0x00007fcd28b58920
13239:             1             16  org.opensearch.sql.expression.datetime.DateTimeFunction$$Lambda/0x00007fcd28b58b60
13240:             1             16  org.opensearch.sql.expression.datetime.DateTimeFunction$$Lambda/0x00007fcd28b58da0
13241:             1             16  org.opensearch.sql.expression.datetime.DateTimeFunction$$Lambda/0x00007fcd28b58fe0
13242:             1             16  org.opensearch.sql.expression.datetime.DateTimeFunction$$Lambda/0x00007fcd28b59230
13243:             1             16  org.opensearch.sql.expression.datetime.DateTimeFunction$$Lambda/0x00007fcd28b59480
13244:             1             16  org.opensearch.sql.expression.datetime.DateTimeFunction$$Lambda/0x00007fcd28b596d0
13245:             1             16  org.opensearch.sql.expression.datetime.DateTimeFunction$$Lambda/0x00007fcd28b59920
13246:             1             16  org.opensearch.sql.expression.datetime.DateTimeFunction$$Lambda/0x00007fcd28b59b60
13247:             1             16  org.opensearch.sql.expression.datetime.DateTimeFunction$$Lambda/0x00007fcd28b59db0
13248:             1             16  org.opensearch.sql.expression.datetime.DateTimeFunction$$Lambda/0x00007fcd28b59ff0
13249:             1             16  org.opensearch.sql.expression.datetime.DateTimeFunction$$Lambda/0x00007fcd28b5a208
13250:             1             16  org.opensearch.sql.expression.datetime.DateTimeFunction$$Lambda/0x00007fcd28b5a420
13251:             1             16  org.opensearch.sql.expression.datetime.DateTimeFunction$$Lambda/0x00007fcd28b5acd0
13252:             1             16  org.opensearch.sql.expression.datetime.DateTimeFunction$$Lambda/0x00007fcd28b5aee8
13253:             1             16  org.opensearch.sql.expression.datetime.DateTimeFunction$$Lambda/0x00007fcd28b5b100
13254:             1             16  org.opensearch.sql.expression.datetime.DateTimeFunction$$Lambda/0x00007fcd28b5b318
13255:             1             16  org.opensearch.sql.expression.datetime.DateTimeFunction$$Lambda/0x00007fcd28b5b530
13256:             1             16  org.opensearch.sql.expression.datetime.DateTimeFunction$$Lambda/0x00007fcd28b5b748
13257:             1             16  org.opensearch.sql.expression.datetime.DateTimeFunction$$Lambda/0x00007fcd28b5b998
13258:             1             16  org.opensearch.sql.expression.datetime.DateTimeFunction$$Lambda/0x00007fcd28b5bbe8
13259:             1             16  org.opensearch.sql.expression.datetime.DateTimeFunction$$Lambda/0x00007fcd28b5be38
13260:             1             16  org.opensearch.sql.expression.datetime.DateTimeFunction$$Lambda/0x00007fcd28b5c088
13261:             1             16  org.opensearch.sql.expression.datetime.DateTimeFunction$$Lambda/0x00007fcd28b5c2d8
13262:             1             16  org.opensearch.sql.expression.datetime.DateTimeFunction$$Lambda/0x00007fcd28b5c528
13263:             1             16  org.opensearch.sql.expression.datetime.DateTimeFunction$$Lambda/0x00007fcd28b5c778
13264:             1             16  org.opensearch.sql.expression.datetime.DateTimeFunction$$Lambda/0x00007fcd28b5c9c8
13265:             1             16  org.opensearch.sql.expression.datetime.DateTimeFunction$$Lambda/0x00007fcd28b5cc18
13266:             1             16  org.opensearch.sql.expression.datetime.DateTimeFunction$$Lambda/0x00007fcd28b5ce68
13267:             1             16  org.opensearch.sql.expression.datetime.DateTimeFunction$$Lambda/0x00007fcd28b5d0b8
13268:             1             16  org.opensearch.sql.expression.datetime.DateTimeFunction$$Lambda/0x00007fcd28b5d308
13269:             1             16  org.opensearch.sql.expression.datetime.DateTimeFunction$$Lambda/0x00007fcd28b5d558
13270:             1             16  org.opensearch.sql.expression.datetime.DateTimeFunction$$Lambda/0x00007fcd28b5d7a8
13271:             1             16  org.opensearch.sql.expression.datetime.DateTimeFunction$$Lambda/0x00007fcd28b5d9e8
13272:             1             16  org.opensearch.sql.expression.datetime.DateTimeFunction$$Lambda/0x00007fcd28b5dc38
13273:             1             16  org.opensearch.sql.expression.datetime.DateTimeFunction$$Lambda/0x00007fcd28b5de88
13274:             1             16  org.opensearch.sql.expression.datetime.DateTimeFunction$$Lambda/0x00007fcd28b5e0d8
13275:             1             16  org.opensearch.sql.expression.datetime.DateTimeFunction$$Lambda/0x00007fcd28b5e328
13276:             1             16  org.opensearch.sql.expression.datetime.DateTimeFunction$$Lambda/0x00007fcd28b5e540
13277:             1             16  org.opensearch.sql.expression.datetime.DateTimeFunction$$Lambda/0x00007fcd28b5e780
13278:             1             16  org.opensearch.sql.expression.datetime.DateTimeFunction$$Lambda/0x00007fcd28b5e9c0
13279:             1             16  org.opensearch.sql.expression.datetime.DateTimeFunction$$Lambda/0x00007fcd28b5ec00
13280:             1             16  org.opensearch.sql.expression.datetime.DateTimeFunction$$Lambda/0x00007fcd28b5ee40
13281:             1             16  org.opensearch.sql.expression.datetime.DateTimeFunction$$Lambda/0x00007fcd28b5f080
13282:             1             16  org.opensearch.sql.expression.datetime.DateTimeFunction$$Lambda/0x00007fcd28b5f2d0
13283:             1             16  org.opensearch.sql.expression.datetime.DateTimeFunction$$Lambda/0x00007fcd28b5f520
13284:             1             16  org.opensearch.sql.expression.datetime.DateTimeFunction$$Lambda/0x00007fcd28b5f770
13285:             1             16  org.opensearch.sql.expression.datetime.DateTimeFunction$$Lambda/0x00007fcd28b5f9c0
13286:             1             16  org.opensearch.sql.expression.datetime.DateTimeFunction$$Lambda/0x00007fcd28b5fc10
13287:             1             16  org.opensearch.sql.expression.datetime.DateTimeFunction$$Lambda/0x00007fcd28b60000
13288:             1             16  org.opensearch.sql.expression.datetime.DateTimeFunction$$Lambda/0x00007fcd28b60250
13289:             1             16  org.opensearch.sql.expression.datetime.DateTimeFunction$$Lambda/0x00007fcd28b604a0
13290:             1             16  org.opensearch.sql.expression.datetime.DateTimeFunction$$Lambda/0x00007fcd28b606e0
13291:             1             16  org.opensearch.sql.expression.datetime.DateTimeFunction$$Lambda/0x00007fcd28b60930
13292:             1             16  org.opensearch.sql.expression.datetime.DateTimeFunction$$Lambda/0x00007fcd28b60b80
13293:             1             16  org.opensearch.sql.expression.datetime.DateTimeFunction$$Lambda/0x00007fcd28b60dd0
13294:             1             16  org.opensearch.sql.expression.datetime.DateTimeFunction$$Lambda/0x00007fcd28b61020
13295:             1             16  org.opensearch.sql.expression.datetime.DateTimeFunction$$Lambda/0x00007fcd28b61238
13296:             1             16  org.opensearch.sql.expression.datetime.DateTimeFunction$$Lambda/0x00007fcd28b61478
13297:             1             16  org.opensearch.sql.expression.datetime.DateTimeFunction$$Lambda/0x00007fcd28b616b8
13298:             1             16  org.opensearch.sql.expression.datetime.DateTimeFunction$$Lambda/0x00007fcd28b618f8
13299:             1             16  org.opensearch.sql.expression.datetime.IntervalClause$$Lambda/0x00007fcd28b61d38
13300:             1             16  org.opensearch.sql.expression.datetime.IntervalClause$$Lambda/0x00007fcd28b61f78
13301:             1             16  org.opensearch.sql.expression.function.BuiltinFunctionRepository
13302:             1             16  org.opensearch.sql.expression.function.OpenSearchFunctions$1
13303:             1             16  org.opensearch.sql.expression.operator.arthmetic.ArithmeticFunction$$Lambda/0x00007fcd28b198c0
13304:             1             16  org.opensearch.sql.expression.operator.arthmetic.ArithmeticFunction$$Lambda/0x00007fcd28b1b2c0
13305:             1             16  org.opensearch.sql.expression.operator.arthmetic.ArithmeticFunction$$Lambda/0x00007fcd28b1b500
13306:             1             16  org.opensearch.sql.expression.operator.arthmetic.ArithmeticFunction$$Lambda/0x00007fcd28b1b740
13307:             1             16  org.opensearch.sql.expression.operator.arthmetic.ArithmeticFunction$$Lambda/0x00007fcd28b1b980
13308:             1             16  org.opensearch.sql.expression.operator.arthmetic.ArithmeticFunction$$Lambda/0x00007fcd28b1bbc0
13309:             1             16  org.opensearch.sql.expression.operator.arthmetic.ArithmeticFunction$$Lambda/0x00007fcd28b1d398
13310:             1             16  org.opensearch.sql.expression.operator.arthmetic.ArithmeticFunction$$Lambda/0x00007fcd28b1d5d8
13311:             1             16  org.opensearch.sql.expression.operator.arthmetic.ArithmeticFunction$$Lambda/0x00007fcd28b1d818
13312:             1             16  org.opensearch.sql.expression.operator.arthmetic.ArithmeticFunction$$Lambda/0x00007fcd28b1da58
13313:             1             16  org.opensearch.sql.expression.operator.arthmetic.ArithmeticFunction$$Lambda/0x00007fcd28b1dc98
13314:             1             16  org.opensearch.sql.expression.operator.arthmetic.ArithmeticFunction$$Lambda/0x00007fcd28b1ded8
13315:             1             16  org.opensearch.sql.expression.operator.arthmetic.ArithmeticFunction$$Lambda/0x00007fcd28b1e118
13316:             1             16  org.opensearch.sql.expression.operator.arthmetic.ArithmeticFunction$$Lambda/0x00007fcd28b1e358
13317:             1             16  org.opensearch.sql.expression.operator.arthmetic.ArithmeticFunction$$Lambda/0x00007fcd28b1e598
13318:             1             16  org.opensearch.sql.expression.operator.arthmetic.ArithmeticFunction$$Lambda/0x00007fcd28b1e7d8
13319:             1             16  org.opensearch.sql.expression.operator.arthmetic.ArithmeticFunction$$Lambda/0x00007fcd28b1ea18
13320:             1             16  org.opensearch.sql.expression.operator.arthmetic.ArithmeticFunction$$Lambda/0x00007fcd28b1ec58
13321:             1             16  org.opensearch.sql.expression.operator.arthmetic.ArithmeticFunction$$Lambda/0x00007fcd28b1ee98
13322:             1             16  org.opensearch.sql.expression.operator.arthmetic.ArithmeticFunction$$Lambda/0x00007fcd28b1f0d8
13323:             1             16  org.opensearch.sql.expression.operator.arthmetic.ArithmeticFunction$$Lambda/0x00007fcd28b1f318
13324:             1             16  org.opensearch.sql.expression.operator.arthmetic.ArithmeticFunction$$Lambda/0x00007fcd28b1f558
13325:             1             16  org.opensearch.sql.expression.operator.arthmetic.ArithmeticFunction$$Lambda/0x00007fcd28b1f798
13326:             1             16  org.opensearch.sql.expression.operator.arthmetic.ArithmeticFunction$$Lambda/0x00007fcd28b1f9d8
13327:             1             16  org.opensearch.sql.expression.operator.arthmetic.ArithmeticFunction$$Lambda/0x00007fcd28b1fc18
13328:             1             16  org.opensearch.sql.expression.operator.arthmetic.ArithmeticFunction$$Lambda/0x00007fcd28b20000
13329:             1             16  org.opensearch.sql.expression.operator.arthmetic.ArithmeticFunction$$Lambda/0x00007fcd28b20240
13330:             1             16  org.opensearch.sql.expression.operator.arthmetic.ArithmeticFunction$$Lambda/0x00007fcd28b20480
13331:             1             16  org.opensearch.sql.expression.operator.arthmetic.ArithmeticFunction$$Lambda/0x00007fcd28b206c0
13332:             1             16  org.opensearch.sql.expression.operator.arthmetic.ArithmeticFunction$$Lambda/0x00007fcd28b20900
13333:             1             16  org.opensearch.sql.expression.operator.arthmetic.MathematicalFunction$$Lambda/0x00007fcd28b2cf50
13334:             1             16  org.opensearch.sql.expression.operator.arthmetic.MathematicalFunction$$Lambda/0x00007fcd28b2d898
13335:             1             16  org.opensearch.sql.expression.operator.arthmetic.MathematicalFunction$$Lambda/0x00007fcd28b2dae8
13336:             1             16  org.opensearch.sql.expression.operator.arthmetic.MathematicalFunction$$Lambda/0x00007fcd28b2dd38
13337:             1             16  org.opensearch.sql.expression.operator.arthmetic.MathematicalFunction$$Lambda/0x00007fcd28b2df88
13338:             1             16  org.opensearch.sql.expression.operator.arthmetic.MathematicalFunction$$Lambda/0x00007fcd28b2e1d8
13339:             1             16  org.opensearch.sql.expression.operator.arthmetic.MathematicalFunction$$Lambda/0x00007fcd28b2e648
13340:             1             16  org.opensearch.sql.expression.operator.arthmetic.MathematicalFunction$$Lambda/0x00007fcd28b2e880
13341:             1             16  org.opensearch.sql.expression.operator.arthmetic.MathematicalFunction$$Lambda/0x00007fcd28b2ead0
13342:             1             16  org.opensearch.sql.expression.operator.arthmetic.MathematicalFunction$$Lambda/0x00007fcd28b2ed08
13343:             1             16  org.opensearch.sql.expression.operator.arthmetic.MathematicalFunction$$Lambda/0x00007fcd28b2ef58
13344:             1             16  org.opensearch.sql.expression.operator.arthmetic.MathematicalFunction$$Lambda/0x00007fcd28b2f1a8
13345:             1             16  org.opensearch.sql.expression.operator.arthmetic.MathematicalFunction$$Lambda/0x00007fcd28b2f3e8
13346:             1             16  org.opensearch.sql.expression.operator.arthmetic.MathematicalFunction$$Lambda/0x00007fcd28b2f628
13347:             1             16  org.opensearch.sql.expression.operator.arthmetic.MathematicalFunction$$Lambda/0x00007fcd28b2fab8
13348:             1             16  org.opensearch.sql.expression.operator.arthmetic.MathematicalFunction$$Lambda/0x00007fcd28b2fd08
13349:             1             16  org.opensearch.sql.expression.operator.arthmetic.MathematicalFunction$$Lambda/0x00007fcd28b30000
13350:             1             16  org.opensearch.sql.expression.operator.arthmetic.MathematicalFunction$$Lambda/0x00007fcd28b30690
13351:             1             16  org.opensearch.sql.expression.operator.arthmetic.MathematicalFunction$$Lambda/0x00007fcd28b30ac8
13352:             1             16  org.opensearch.sql.expression.operator.arthmetic.MathematicalFunction$$Lambda/0x00007fcd28b30d18
13353:             1             16  org.opensearch.sql.expression.operator.arthmetic.MathematicalFunction$$Lambda/0x00007fcd28b30f68
13354:             1             16  org.opensearch.sql.expression.operator.arthmetic.MathematicalFunction$$Lambda/0x00007fcd28b311a0
13355:             1             16  org.opensearch.sql.expression.operator.arthmetic.MathematicalFunction$$Lambda/0x00007fcd28b313f0
13356:             1             16  org.opensearch.sql.expression.operator.arthmetic.MathematicalFunction$$Lambda/0x00007fcd28b31640
13357:             1             16  org.opensearch.sql.expression.operator.arthmetic.MathematicalFunction$$Lambda/0x00007fcd28b31a88
13358:             1             16  org.opensearch.sql.expression.operator.arthmetic.MathematicalFunction$$Lambda/0x00007fcd28b32380
13359:             1             16  org.opensearch.sql.expression.operator.arthmetic.MathematicalFunction$$Lambda/0x00007fcd28b325d0
13360:             1             16  org.opensearch.sql.expression.operator.arthmetic.MathematicalFunction$$Lambda/0x00007fcd28b32820
13361:             1             16  org.opensearch.sql.expression.operator.arthmetic.MathematicalFunction$$Lambda/0x00007fcd28b32a70
13362:             1             16  org.opensearch.sql.expression.operator.arthmetic.MathematicalFunction$$Lambda/0x00007fcd28b32cc0
13363:             1             16  org.opensearch.sql.expression.operator.arthmetic.MathematicalFunction$$Lambda/0x00007fcd28b32f10
13364:             1             16  org.opensearch.sql.expression.operator.arthmetic.MathematicalFunction$$Lambda/0x00007fcd28b33150
13365:             1             16  org.opensearch.sql.expression.operator.arthmetic.MathematicalFunction$$Lambda/0x00007fcd28b333a0
13366:             1             16  org.opensearch.sql.expression.operator.arthmetic.MathematicalFunction$$Lambda/0x00007fcd28b335f0
13367:             1             16  org.opensearch.sql.expression.operator.arthmetic.MathematicalFunction$$Lambda/0x00007fcd28b33830
13368:             1             16  org.opensearch.sql.expression.operator.arthmetic.MathematicalFunction$$Lambda/0x00007fcd28b33a70
13369:             1             16  org.opensearch.sql.expression.operator.arthmetic.MathematicalFunction$$Lambda/0x00007fcd28b33cb0
13370:             1             16  org.opensearch.sql.expression.operator.arthmetic.MathematicalFunction$$Lambda/0x00007fcd28b33ef0
13371:             1             16  org.opensearch.sql.expression.operator.arthmetic.MathematicalFunction$$Lambda/0x00007fcd28b34130
13372:             1             16  org.opensearch.sql.expression.operator.arthmetic.MathematicalFunction$$Lambda/0x00007fcd28b34370
13373:             1             16  org.opensearch.sql.expression.operator.arthmetic.MathematicalFunction$$Lambda/0x00007fcd28b34598
13374:             1             16  org.opensearch.sql.expression.operator.arthmetic.MathematicalFunction$$Lambda/0x00007fcd28b347d8
13375:             1             16  org.opensearch.sql.expression.operator.arthmetic.MathematicalFunction$$Lambda/0x00007fcd28b34a18
13376:             1             16  org.opensearch.sql.expression.operator.arthmetic.MathematicalFunction$$Lambda/0x00007fcd28b34c58
13377:             1             16  org.opensearch.sql.expression.operator.arthmetic.MathematicalFunction$$Lambda/0x00007fcd28b34e98
13378:             1             16  org.opensearch.sql.expression.operator.arthmetic.MathematicalFunction$$Lambda/0x00007fcd28b350d8
13379:             1             16  org.opensearch.sql.expression.operator.arthmetic.MathematicalFunction$$Lambda/0x00007fcd28b35328
13380:             1             16  org.opensearch.sql.expression.operator.arthmetic.MathematicalFunction$$Lambda/0x00007fcd28b35550
13381:             1             16  org.opensearch.sql.expression.operator.arthmetic.MathematicalFunction$$Lambda/0x00007fcd28b357a0
13382:             1             16  org.opensearch.sql.expression.operator.arthmetic.MathematicalFunction$$Lambda/0x00007fcd28b359f0
13383:             1             16  org.opensearch.sql.expression.operator.arthmetic.MathematicalFunction$$Lambda/0x00007fcd28b35c40
13384:             1             16  org.opensearch.sql.expression.operator.arthmetic.MathematicalFunction$$Lambda/0x00007fcd28b35e90
13385:             1             16  org.opensearch.sql.expression.operator.arthmetic.MathematicalFunction$$Lambda/0x00007fcd28b360e0
13386:             1             16  org.opensearch.sql.expression.operator.arthmetic.MathematicalFunction$$Lambda/0x00007fcd28b36330
13387:             1             16  org.opensearch.sql.expression.operator.arthmetic.MathematicalFunction$$Lambda/0x00007fcd28b36570
13388:             1             16  org.opensearch.sql.expression.operator.arthmetic.MathematicalFunction$$Lambda/0x00007fcd28b367b0
13389:             1             16  org.opensearch.sql.expression.operator.arthmetic.MathematicalFunction$$Lambda/0x00007fcd28b369f0
13390:             1             16  org.opensearch.sql.expression.operator.arthmetic.MathematicalFunction$$Lambda/0x00007fcd28b36c30
13391:             1             16  org.opensearch.sql.expression.operator.arthmetic.MathematicalFunction$$Lambda/0x00007fcd28b36e80
13392:             1             16  org.opensearch.sql.expression.operator.arthmetic.MathematicalFunction$$Lambda/0x00007fcd28b370d0
13393:             1             16  org.opensearch.sql.expression.operator.arthmetic.MathematicalFunction$$Lambda/0x00007fcd28b37320
13394:             1             16  org.opensearch.sql.expression.operator.arthmetic.MathematicalFunction$$Lambda/0x00007fcd28b37570
13395:             1             16  org.opensearch.sql.expression.operator.arthmetic.MathematicalFunction$$Lambda/0x00007fcd28b377c0
13396:             1             16  org.opensearch.sql.expression.operator.arthmetic.MathematicalFunction$$Lambda/0x00007fcd28b37a10
13397:             1             16  org.opensearch.sql.expression.operator.arthmetic.MathematicalFunction$$Lambda/0x00007fcd28b37c50
13398:             1             16  org.opensearch.sql.expression.operator.arthmetic.MathematicalFunction$$Lambda/0x00007fcd28b38000
13399:             1             16  org.opensearch.sql.expression.operator.arthmetic.MathematicalFunction$$Lambda/0x00007fcd28b38240
13400:             1             16  org.opensearch.sql.expression.operator.convert.TypeCastOperator$$Lambda/0x00007fcd28b670d0
13401:             1             16  org.opensearch.sql.expression.operator.convert.TypeCastOperator$$Lambda/0x00007fcd28b67308
13402:             1             16  org.opensearch.sql.expression.operator.convert.TypeCastOperator$$Lambda/0x00007fcd28b67558
13403:             1             16  org.opensearch.sql.expression.operator.convert.TypeCastOperator$$Lambda/0x00007fcd28b677a8
13404:             1             16  org.opensearch.sql.expression.operator.convert.TypeCastOperator$$Lambda/0x00007fcd28b679f8
13405:             1             16  org.opensearch.sql.expression.operator.convert.TypeCastOperator$$Lambda/0x00007fcd28b67c48
13406:             1             16  org.opensearch.sql.expression.operator.convert.TypeCastOperator$$Lambda/0x00007fcd28b68000
13407:             1             16  org.opensearch.sql.expression.operator.convert.TypeCastOperator$$Lambda/0x00007fcd28b68250
13408:             1             16  org.opensearch.sql.expression.operator.convert.TypeCastOperator$$Lambda/0x00007fcd28b684a0
13409:             1             16  org.opensearch.sql.expression.operator.convert.TypeCastOperator$$Lambda/0x00007fcd28b686f0
13410:             1             16  org.opensearch.sql.expression.operator.convert.TypeCastOperator$$Lambda/0x00007fcd28b68940
13411:             1             16  org.opensearch.sql.expression.operator.convert.TypeCastOperator$$Lambda/0x00007fcd28b68b90
13412:             1             16  org.opensearch.sql.expression.operator.convert.TypeCastOperator$$Lambda/0x00007fcd28b68de0
13413:             1             16  org.opensearch.sql.expression.operator.convert.TypeCastOperator$$Lambda/0x00007fcd28b69030
13414:             1             16  org.opensearch.sql.expression.operator.convert.TypeCastOperator$$Lambda/0x00007fcd28b69280
13415:             1             16  org.opensearch.sql.expression.operator.convert.TypeCastOperator$$Lambda/0x00007fcd28b694d0
13416:             1             16  org.opensearch.sql.expression.operator.convert.TypeCastOperator$$Lambda/0x00007fcd28b69720
13417:             1             16  org.opensearch.sql.expression.operator.convert.TypeCastOperator$$Lambda/0x00007fcd28b69970
13418:             1             16  org.opensearch.sql.expression.operator.convert.TypeCastOperator$$Lambda/0x00007fcd28b69bc0
13419:             1             16  org.opensearch.sql.expression.operator.convert.TypeCastOperator$$Lambda/0x00007fcd28b69e10
13420:             1             16  org.opensearch.sql.expression.operator.convert.TypeCastOperator$$Lambda/0x00007fcd28b6a060
13421:             1             16  org.opensearch.sql.expression.operator.convert.TypeCastOperator$$Lambda/0x00007fcd28b6a2b0
13422:             1             16  org.opensearch.sql.expression.operator.convert.TypeCastOperator$$Lambda/0x00007fcd28b6a500
13423:             1             16  org.opensearch.sql.expression.operator.convert.TypeCastOperator$$Lambda/0x00007fcd28b6a750
13424:             1             16  org.opensearch.sql.expression.operator.convert.TypeCastOperator$$Lambda/0x00007fcd28b6a9a0
13425:             1             16  org.opensearch.sql.expression.operator.convert.TypeCastOperator$$Lambda/0x00007fcd28b6abf0
13426:             1             16  org.opensearch.sql.expression.operator.convert.TypeCastOperator$$Lambda/0x00007fcd28b6ae40
13427:             1             16  org.opensearch.sql.expression.operator.convert.TypeCastOperator$$Lambda/0x00007fcd28b6b090
13428:             1             16  org.opensearch.sql.expression.operator.convert.TypeCastOperator$$Lambda/0x00007fcd28b6b2e0
13429:             1             16  org.opensearch.sql.expression.operator.convert.TypeCastOperator$$Lambda/0x00007fcd28b6b530
13430:             1             16  org.opensearch.sql.expression.operator.convert.TypeCastOperator$$Lambda/0x00007fcd28b6b780
13431:             1             16  org.opensearch.sql.expression.operator.convert.TypeCastOperator$$Lambda/0x00007fcd28b6b9d0
13432:             1             16  org.opensearch.sql.expression.operator.convert.TypeCastOperator$$Lambda/0x00007fcd28b6bc20
13433:             1             16  org.opensearch.sql.expression.operator.convert.TypeCastOperator$$Lambda/0x00007fcd28b6be70
13434:             1             16  org.opensearch.sql.expression.operator.convert.TypeCastOperator$$Lambda/0x00007fcd28b6c0c0
13435:             1             16  org.opensearch.sql.expression.operator.convert.TypeCastOperator$$Lambda/0x00007fcd28b6c310
13436:             1             16  org.opensearch.sql.expression.operator.convert.TypeCastOperator$$Lambda/0x00007fcd28b6c550
13437:             1             16  org.opensearch.sql.expression.operator.convert.TypeCastOperator$$Lambda/0x00007fcd28b6c7a0
13438:             1             16  org.opensearch.sql.expression.operator.convert.TypeCastOperator$$Lambda/0x00007fcd28b6c9f0
13439:             1             16  org.opensearch.sql.expression.operator.convert.TypeCastOperator$$Lambda/0x00007fcd28b6cc40
13440:             1             16  org.opensearch.sql.expression.operator.convert.TypeCastOperator$$Lambda/0x00007fcd28b6ce90
13441:             1             16  org.opensearch.sql.expression.operator.convert.TypeCastOperator$$Lambda/0x00007fcd28b6d0d0
13442:             1             16  org.opensearch.sql.expression.operator.predicate.BinaryPredicateOperator$$Lambda/0x00007fcd28b296e0
13443:             1             16  org.opensearch.sql.expression.operator.predicate.BinaryPredicateOperator$$Lambda/0x00007fcd28b29920
13444:             1             16  org.opensearch.sql.expression.operator.predicate.BinaryPredicateOperator$$Lambda/0x00007fcd28b29b60
13445:             1             16  org.opensearch.sql.expression.operator.predicate.BinaryPredicateOperator$$Lambda/0x00007fcd28b2a230
13446:             1             16  org.opensearch.sql.expression.operator.predicate.BinaryPredicateOperator$$Lambda/0x00007fcd28b2a468
13447:             1             16  org.opensearch.sql.expression.operator.predicate.BinaryPredicateOperator$$Lambda/0x00007fcd28b2a6a8
13448:             1             16  org.opensearch.sql.expression.operator.predicate.BinaryPredicateOperator$$Lambda/0x00007fcd28b2a8e0
13449:             1             16  org.opensearch.sql.expression.operator.predicate.BinaryPredicateOperator$$Lambda/0x00007fcd28b2ab20
13450:             1             16  org.opensearch.sql.expression.operator.predicate.BinaryPredicateOperator$$Lambda/0x00007fcd28b2ad58
13451:             1             16  org.opensearch.sql.expression.operator.predicate.BinaryPredicateOperator$$Lambda/0x00007fcd28b2af98
13452:             1             16  org.opensearch.sql.expression.operator.predicate.BinaryPredicateOperator$$Lambda/0x00007fcd28b2b1d0
13453:             1             16  org.opensearch.sql.expression.operator.predicate.BinaryPredicateOperator$$Lambda/0x00007fcd28b2b410
13454:             1             16  org.opensearch.sql.expression.operator.predicate.BinaryPredicateOperator$$Lambda/0x00007fcd28b2b648
13455:             1             16  org.opensearch.sql.expression.operator.predicate.BinaryPredicateOperator$$Lambda/0x00007fcd28b2b888
13456:             1             16  org.opensearch.sql.expression.operator.predicate.BinaryPredicateOperator$$Lambda/0x00007fcd28b2bac0
13457:             1             16  org.opensearch.sql.expression.operator.predicate.BinaryPredicateOperator$$Lambda/0x00007fcd28b2bf00
13458:             1             16  org.opensearch.sql.expression.operator.predicate.BinaryPredicateOperator$$Lambda/0x00007fcd28b2c140
13459:             1             16  org.opensearch.sql.expression.operator.predicate.BinaryPredicateOperator$$Lambda/0x00007fcd28b2cb10
13460:             1             16  org.opensearch.sql.expression.operator.predicate.UnaryPredicateOperator$$Lambda/0x00007fcd28b38680
13461:             1             16  org.opensearch.sql.expression.operator.predicate.UnaryPredicateOperator$$Lambda/0x00007fcd28b388d0
13462:             1             16  org.opensearch.sql.expression.operator.predicate.UnaryPredicateOperator$$Lambda/0x00007fcd28b38b08
13463:             1             16  org.opensearch.sql.expression.operator.predicate.UnaryPredicateOperator$$Lambda/0x00007fcd28b38d58
13464:             1             16  org.opensearch.sql.expression.operator.predicate.UnaryPredicateOperator$$Lambda/0x00007fcd28b38f90
13465:             1             16  org.opensearch.sql.expression.operator.predicate.UnaryPredicateOperator$$Lambda/0x00007fcd28b391d0
13466:             1             16  org.opensearch.sql.expression.operator.predicate.UnaryPredicateOperator$$Lambda/0x00007fcd28b39408
13467:             1             16  org.opensearch.sql.expression.operator.predicate.UnaryPredicateOperator$$Lambda/0x00007fcd28b39648
13468:             1             16  org.opensearch.sql.expression.operator.predicate.UnaryPredicateOperator$$Lambda/0x00007fcd28b39880
13469:             1             16  org.opensearch.sql.expression.operator.predicate.UnaryPredicateOperator$$Lambda/0x00007fcd28b39ad0
13470:             1             16  org.opensearch.sql.expression.operator.predicate.UnaryPredicateOperator$$Lambda/0x00007fcd28b39d08
13471:             1             16  org.opensearch.sql.expression.system.SystemFunctions$1
13472:             1             16  org.opensearch.sql.expression.text.TextFunction$$Lambda/0x00007fcd28b641f8
13473:             1             16  org.opensearch.sql.expression.text.TextFunction$$Lambda/0x00007fcd28b646a0
13474:             1             16  org.opensearch.sql.expression.text.TextFunction$$Lambda/0x00007fcd28b648c0
13475:             1             16  org.opensearch.sql.expression.text.TextFunction$$Lambda/0x00007fcd28b64ad8
13476:             1             16  org.opensearch.sql.expression.text.TextFunction$$Lambda/0x00007fcd28b64d18
13477:             1             16  org.opensearch.sql.expression.text.TextFunction$$Lambda/0x00007fcd28b64f68
13478:             1             16  org.opensearch.sql.expression.text.TextFunction$$Lambda/0x00007fcd28b651a8
13479:             1             16  org.opensearch.sql.expression.text.TextFunction$$Lambda/0x00007fcd28b653c0
13480:             1             16  org.opensearch.sql.expression.text.TextFunction$$Lambda/0x00007fcd28b65610
13481:             1             16  org.opensearch.sql.expression.text.TextFunction$$Lambda/0x00007fcd28b65860
13482:             1             16  org.opensearch.sql.expression.text.TextFunction$$Lambda/0x00007fcd28b65aa0
13483:             1             16  org.opensearch.sql.expression.text.TextFunction$$Lambda/0x00007fcd28b65cb8
13484:             1             16  org.opensearch.sql.expression.text.TextFunction$$Lambda/0x00007fcd28b65f08
13485:             1             16  org.opensearch.sql.expression.text.TextFunction$$Lambda/0x00007fcd28b66148
13486:             1             16  org.opensearch.sql.expression.text.TextFunction$$Lambda/0x00007fcd28b66398
13487:             1             16  org.opensearch.sql.expression.text.TextFunction$$Lambda/0x00007fcd28b665d8
13488:             1             16  org.opensearch.sql.expression.text.TextFunction$$Lambda/0x00007fcd28b66818
13489:             1             16  org.opensearch.sql.expression.text.TextFunction$$Lambda/0x00007fcd28b66a30
13490:             1             16  org.opensearch.sql.expression.text.TextFunction$$Lambda/0x00007fcd28b66c80
13491:             1             16  org.opensearch.sql.expression.window.WindowFunctions$$Lambda/0x00007fcd28b631e0
13492:             1             16  org.opensearch.sql.expression.window.WindowFunctions$$Lambda/0x00007fcd28b638f0
13493:             1             16  org.opensearch.sql.expression.window.WindowFunctions$$Lambda/0x00007fcd28b63de0
13494:             1             16  org.opensearch.sql.legacy.metrics.Metrics
13495:             1             16  org.opensearch.sql.legacy.query.join.BackOffRetryStrategy$$Lambda/0x00007fcd28ea71b8
13496:             1             16  org.opensearch.sql.legacy.query.join.BackOffRetryStrategy$$Lambda/0x00007fcd28ea73d0
13497:             1             16  org.opensearch.sql.opensearch.client.OpenSearchNodeClient$$Lambda/0x00007fcd28b082b8
13498:             1             16  org.opensearch.sql.opensearch.setting.OpenSearchSettings$$Lambda/0x00007fcd285a1e10
13499:             1             16  org.opensearch.sql.opensearch.storage.script.ExpressionScriptEngine
13500:             1             16  org.opensearch.sql.opensearch.storage.script.ExpressionScriptEngine$$Lambda/0x00007fcd285a2718
13501:             1             16  org.opensearch.sql.opensearch.storage.script.ExpressionScriptEngine$$Lambda/0x00007fcd285a2ba0
13502:             1             16  org.opensearch.sql.opensearch.storage.serialization.DefaultExpressionSerializer
13503:             1             16  org.opensearch.sql.planner.optimizer.pattern.Patterns$$Lambda/0x00007fcd28bb1ff0
13504:             1             16  org.opensearch.sql.planner.optimizer.pattern.Patterns$$Lambda/0x00007fcd28bb2fc8
13505:             1             16  org.opensearch.sql.planner.optimizer.pattern.Patterns$$Lambda/0x00007fcd28bb3440
13506:             1             16  org.opensearch.sql.planner.optimizer.pattern.Patterns$$Lambda/0x00007fcd28bb5558
13507:             1             16  org.opensearch.sql.planner.optimizer.rule.read.TableScanPushDown$$Lambda/0x00007fcd28bb3888
13508:             1             16  org.opensearch.sql.planner.optimizer.rule.read.TableScanPushDown$$Lambda/0x00007fcd28bb3ab0
13509:             1             16  org.opensearch.sql.planner.optimizer.rule.read.TableScanPushDown$$Lambda/0x00007fcd28bb3cd8
13510:             1             16  org.opensearch.sql.planner.optimizer.rule.read.TableScanPushDown$$Lambda/0x00007fcd28bb3f00
13511:             1             16  org.opensearch.sql.planner.optimizer.rule.read.TableScanPushDown$$Lambda/0x00007fcd28bb4128
13512:             1             16  org.opensearch.sql.planner.optimizer.rule.read.TableScanPushDown$$Lambda/0x00007fcd28bb45a0
13513:             1             16  org.opensearch.sql.planner.optimizer.rule.read.TableScanPushDown$$Lambda/0x00007fcd28bb4a20
13514:             1             16  org.opensearch.sql.plugin.SQLPlugin$$Lambda/0x00007fcd28bc7880
13515:             1             16  org.opensearch.sql.plugin.SQLPlugin$$Lambda/0x00007fcd28c8c000
13516:             1             16  org.opensearch.sql.plugin.SQLPlugin$$Lambda/0x00007fcd28c8c670
13517:             1             16  org.opensearch.sql.plugin.SQLPlugin$$Lambda/0x00007fcd28c8cce0
13518:             1             16  org.opensearch.sql.plugin.SQLPlugin$$Lambda/0x00007fcd28c8d350
13519:             1             16  org.opensearch.sql.plugin.SQLPlugin$$Lambda/0x00007fcd28c8d9c0
13520:             1             16  org.opensearch.sql.plugin.SQLPlugin$$Lambda/0x00007fcd28c8e030
13521:             1             16  org.opensearch.sql.plugin.SQLPlugin$$Lambda/0x00007fcd28c8e6a0
13522:             1             16  org.opensearch.sql.plugin.SQLPlugin$$Lambda/0x00007fcd28c8ed10
13523:             1             16  org.opensearch.sql.plugin.transport.TransportPPLQueryAction$$Lambda/0x00007fcd28ea4b90
13524:             1             16  org.opensearch.sql.prometheus.storage.PrometheusStorageFactory
13525:             1             16  org.opensearch.sql.spark.cluster.ClusterManagerEventListener$$Lambda/0x00007fcd28bc6d80
13526:             1             16  org.opensearch.sql.spark.cluster.ClusterManagerEventListener$$Lambda/0x00007fcd28bc6fb0
13527:             1             16  org.opensearch.sql.spark.cluster.ClusterManagerEventListener$$Lambda/0x00007fcd28bc71e0
13528:             1             16  org.opensearch.sql.spark.cluster.ClusterManagerEventListener$$Lambda/0x00007fcd28bc7410
13529:             1             16  org.opensearch.sql.spark.flint.FlintIndexMetadataServiceImpl
13530:             1             16  org.opensearch.sql.spark.transport.TransportCancelAsyncQueryRequestAction$$Lambda/0x00007fcd28ea5a48
13531:             1             16  org.opensearch.sql.spark.transport.TransportCancelAsyncQueryRequestAction$$Lambda/0x00007fcd28ea5c60
13532:             1             16  org.opensearch.sql.spark.transport.TransportCreateAsyncQueryRequestAction$$Lambda/0x00007fcd28ea4218
13533:             1             16  org.opensearch.sql.spark.transport.TransportCreateAsyncQueryRequestAction$$Lambda/0x00007fcd28ea4430
13534:             1             16  org.opensearch.sql.spark.transport.TransportGetAsyncQueryResultAction$$Lambda/0x00007fcd28d6b020
13535:             1             16  org.opensearch.sql.spark.transport.TransportGetAsyncQueryResultAction$$Lambda/0x00007fcd28d6b238
13536:             1             16  org.opensearch.systemd.Libsystemd$$Lambda/0x00007fcd291d8800
13537:             1             16  org.opensearch.systemd.SystemdPlugin$$Lambda/0x00007fcd28218b38
13538:             1             16  org.opensearch.tasks.Task$$Lambda/0x00007fcd29226e98
13539:             1             16  org.opensearch.tasks.TaskCancellationMonitoringService$$Lambda/0x00007fcd28d02aa0
13540:             1             16  org.opensearch.tasks.TaskCancellationMonitoringService$$Lambda/0x00007fcd28d02ee0
13541:             1             16  org.opensearch.tasks.TaskCancellationMonitoringService$$Lambda/0x00007fcd29044d68
13542:             1             16  org.opensearch.tasks.TaskCancellationMonitoringService$$Lambda/0x00007fcd293de270
13543:             1             16  org.opensearch.tasks.TaskCancellationMonitoringService$$Lambda/0x00007fcd293de4b8
13544:             1             16  org.opensearch.tasks.TaskCancellationMonitoringService$$Lambda/0x00007fcd293de950
13545:             1             16  org.opensearch.tasks.TaskCancellationMonitoringService$TaskCancellationStatsHolder
13546:             1             16  org.opensearch.tasks.TaskCancellationMonitoringSettings$$Lambda/0x00007fcd28d02130
13547:             1             16  org.opensearch.tasks.TaskCancellationMonitoringSettings$$Lambda/0x00007fcd28d02360
13548:             1             16  org.opensearch.tasks.TaskCancellationService$$Lambda/0x00007fcd290458a8
13549:             1             16  org.opensearch.tasks.TaskCancellationService$$Lambda/0x00007fcd293ddc38
13550:             1             16  org.opensearch.tasks.TaskCancellationService$BanParentRequestHandler
13551:             1             16  org.opensearch.tasks.TaskCancellationService$BanParentRequestHandler$$Lambda/0x00007fcd293dda20
13552:             1             16  org.opensearch.tasks.TaskInfo$$Lambda/0x00007fcd2924cb18
13553:             1             16  org.opensearch.tasks.TaskInfo$$Lambda/0x00007fcd2924d168
13554:             1             16  org.opensearch.tasks.TaskInfo$$Lambda/0x00007fcd2924d608
13555:             1             16  org.opensearch.tasks.TaskInfo$$Lambda/0x00007fcd2924d820
13556:             1             16  org.opensearch.tasks.TaskInfo$$Lambda/0x00007fcd2924da38
13557:             1             16  org.opensearch.tasks.TaskManager$$Lambda/0x00007fcd28cdeae0
13558:             1             16  org.opensearch.tasks.TaskManager$$Lambda/0x00007fcd291bf3a8
13559:             1             16  org.opensearch.tasks.TaskManager$$Lambda/0x00007fcd292e3c08
13560:             1             16  org.opensearch.tasks.TaskManager$$Lambda/0x00007fcd293dd7e8
13561:             1             16  org.opensearch.tasks.TaskManager$CancellableTaskHolder$$Lambda/0x00007fcd2920a000
13562:             1             16  org.opensearch.tasks.TaskManager$CancellableTaskHolder$$Lambda/0x00007fcd29222020
13563:             1             16  org.opensearch.tasks.TaskManager$CancellableTaskHolder$$Lambda/0x00007fcd293dde50
13564:             1             16  org.opensearch.tasks.TaskResourceTrackingService$$Lambda/0x00007fcd28ce1000
13565:             1             16  org.opensearch.tasks.TaskResourceTrackingService$$Lambda/0x00007fcd29198e20
13566:             1             16  org.opensearch.tasks.TaskThreadContextStatePropagator
13567:             1             16  org.opensearch.tasks.consumer.TopNSearchTasksLogger$$Lambda/0x00007fcd28ce4f40
13568:             1             16  org.opensearch.tasks.consumer.TopNSearchTasksLogger$$Lambda/0x00007fcd28ce5158
13569:             1             16  org.opensearch.tasks.consumer.TopNSearchTasksLogger$$Lambda/0x00007fcd28ce5388
13570:             1             16  org.opensearch.telemetry.metrics.MetricsRegistryFactory$$Lambda/0x00007fcd2870aef0
13571:             1             16  org.opensearch.telemetry.metrics.noop.NoopCounter
13572:             1             16  org.opensearch.telemetry.metrics.noop.NoopHistogram
13573:             1             16  org.opensearch.telemetry.metrics.noop.NoopMetricsRegistry
13574:             1             16  org.opensearch.telemetry.metrics.tags.Tags
13575:             1             16  org.opensearch.telemetry.tracing.TracerFactory$$Lambda/0x00007fcd2870a190
13576:             1             16  org.opensearch.telemetry.tracing.attributes.Attributes
13577:             1             16  org.opensearch.telemetry.tracing.noop.NoopSpan
13578:             1             16  org.opensearch.telemetry.tracing.noop.NoopSpanScope
13579:             1             16  org.opensearch.telemetry.tracing.noop.NoopTracer
13580:             1             16  org.opensearch.threadpool.ThreadPool$$Lambda/0x00007fcd2853f840
13581:             1             16  org.opensearch.threadpool.ThreadPool$$Lambda/0x00007fcd2853fa88
13582:             1             16  org.opensearch.threadpool.ThreadPoolInfo
13583:             1             16  org.opensearch.timeseries.JobRunner
13584:             1             16  org.opensearch.timeseries.Name$$Lambda/0x00007fcd28f1ef10
13585:             1             16  org.opensearch.timeseries.NodeStateManager$$Lambda/0x00007fcd289c3488
13586:             1             16  org.opensearch.timeseries.NodeStateManager$$Lambda/0x00007fcd289c36b8
13587:             1             16  org.opensearch.timeseries.TimeSeriesAnalyticsPlugin$$Lambda/0x00007fcd283adb40
13588:             1             16  org.opensearch.timeseries.TimeSeriesAnalyticsPlugin$$Lambda/0x00007fcd283beb90
13589:             1             16  org.opensearch.timeseries.TimeSeriesAnalyticsPlugin$$Lambda/0x00007fcd28578bf8
13590:             1             16  org.opensearch.timeseries.TimeSeriesAnalyticsPlugin$$Lambda/0x00007fcd28578e38
13591:             1             16  org.opensearch.timeseries.TimeSeriesAnalyticsPlugin$$Lambda/0x00007fcd289ce8f0
13592:             1             16  org.opensearch.timeseries.TimeSeriesAnalyticsPlugin$$Lambda/0x00007fcd28a129e8
13593:             1             16  org.opensearch.timeseries.TimeSeriesAnalyticsPlugin$$Lambda/0x00007fcd28a3be78
13594:             1             16  org.opensearch.timeseries.TimeSeriesAnalyticsPlugin$$Lambda/0x00007fcd28a3cc40
13595:             1             16  org.opensearch.timeseries.TimeSeriesAnalyticsPlugin$1
13596:             1             16  org.opensearch.timeseries.TimeSeriesAnalyticsPlugin$1$1
13597:             1             16  org.opensearch.timeseries.cluster.ClusterEventListener$$Lambda/0x00007fcd290157e8
13598:             1             16  org.opensearch.timeseries.cluster.ClusterEventListener$$Lambda/0x00007fcd29015a00
13599:             1             16  org.opensearch.timeseries.cluster.ClusterEventListener$$Lambda/0x00007fcd29016078
13600:             1             16  org.opensearch.timeseries.cluster.ClusterEventListener$$Lambda/0x00007fcd29016290
13601:             1             16  org.opensearch.timeseries.cluster.HashRing$$Lambda/0x00007fcd28a2f250
13602:             1             16  org.opensearch.timeseries.cluster.HashRing$$Lambda/0x00007fcd29016ad8
13603:             1             16  org.opensearch.timeseries.cluster.HashRing$$Lambda/0x00007fcd29017160
13604:             1             16  org.opensearch.timeseries.cluster.HashRing$$Lambda/0x00007fcd29017398
13605:             1             16  org.opensearch.timeseries.cluster.HashRing$$Lambda/0x00007fcd29318d10
13606:             1             16  org.opensearch.timeseries.dataprocessor.LinearUniformImputer
13607:             1             16  org.opensearch.timeseries.feature.SearchFeatureDao$$Lambda/0x00007fcd289c6000
13608:             1             16  org.opensearch.timeseries.feature.SearchFeatureDao$$Lambda/0x00007fcd289c6230
13609:             1             16  org.opensearch.timeseries.model.Job$$Lambda/0x00007fcd2889c480
13610:             1             16  org.opensearch.timeseries.transport.AbstractSingleStreamResultTransportAction$$Lambda/0x00007fcd28e3fb40
13611:             1             16  org.opensearch.timeseries.transport.BaseDeleteConfigTransportAction$$Lambda/0x00007fcd28d9fda0
13612:             1             16  org.opensearch.timeseries.transport.BaseDeleteModelTransportAction$$Lambda/0x00007fcd28e3dbc0
13613:             1             16  org.opensearch.timeseries.transport.BaseDeleteModelTransportAction$$Lambda/0x00007fcd28e3ddd8
13614:             1             16  org.opensearch.timeseries.transport.BaseEntityProfileTransportAction$$Lambda/0x00007fcd28e3d360
13615:             1             16  org.opensearch.timeseries.transport.BaseGetConfigTransportAction$$Lambda/0x00007fcd28f1e918
13616:             1             16  org.opensearch.timeseries.transport.BaseJobTransportAction$$Lambda/0x00007fcd28d9e1a0
13617:             1             16  org.opensearch.timeseries.transport.BaseProfileTransportAction$$Lambda/0x00007fcd28d9ea58
13618:             1             16  org.opensearch.timeseries.transport.BaseProfileTransportAction$$Lambda/0x00007fcd28d9ec70
13619:             1             16  org.opensearch.timeseries.transport.BaseSearchConfigInfoTransportAction$$Lambda/0x00007fcd28d9dd70
13620:             1             16  org.opensearch.timeseries.transport.BaseStatsNodesTransportAction$$Lambda/0x00007fcd28e3e850
13621:             1             16  org.opensearch.timeseries.transport.BaseStatsNodesTransportAction$$Lambda/0x00007fcd28e3ea68
13622:             1             16  org.opensearch.timeseries.transport.BaseStatsTransportAction$$Lambda/0x00007fcd28e3f0b0
13623:             1             16  org.opensearch.timeseries.transport.BaseSuggestConfigParamTransportAction$$Lambda/0x00007fcd28f77678
13624:             1             16  org.opensearch.timeseries.transport.BaseSuggestConfigParamTransportAction$$Lambda/0x00007fcd28f77890
13625:             1             16  org.opensearch.timeseries.transport.BaseValidateConfigTransportAction$$Lambda/0x00007fcd28e3f6f8
13626:             1             16  org.opensearch.timeseries.transport.CronTransportAction$$Lambda/0x00007fcd28e3ec80
13627:             1             16  org.opensearch.timeseries.transport.CronTransportAction$$Lambda/0x00007fcd28e3ee98
13628:             1             16  org.opensearch.timeseries.transport.ResultProcessor$$Lambda/0x00007fcd28d9f940
13629:             1             16  org.opensearch.timeseries.transport.ResultProcessor$$Lambda/0x00007fcd28d9fb70
13630:             1             16  org.opensearch.timeseries.util.ClientUtil
13631:             1             16  org.opensearch.timeseries.util.DiscoveryNodeFilterer$HotDataNodePredicate
13632:             1             16  org.opensearch.transport.ConnectionManager$DelegatingNodeConnectionListener
13633:             1             16  org.opensearch.transport.CopyBytesSocketChannel$$Lambda/0x00007fcd290f8c18
13634:             1             16  org.opensearch.transport.EmptyTransportResponseHandler
13635:             1             16  org.opensearch.transport.InboundMessage
13636:             1             16  org.opensearch.transport.NativeMessageHandler$$Lambda/0x00007fcd29198000
13637:             1             16  org.opensearch.transport.NativeMessageHandler$$Lambda/0x00007fcd29198238
13638:             1             16  org.opensearch.transport.Netty4Plugin
13639:             1             16  org.opensearch.transport.NettyAllocator$NoDirectBuffers
13640:             1             16  org.opensearch.transport.ProxyConnectionStrategy$$Lambda/0x00007fcd286e2b28
13641:             1             16  org.opensearch.transport.ProxyConnectionStrategy$$Lambda/0x00007fcd286e2d50
13642:             1             16  org.opensearch.transport.ProxyConnectionStrategy$$Lambda/0x00007fcd286e2f78
13643:             1             16  org.opensearch.transport.ProxyConnectionStrategy$$Lambda/0x00007fcd286e31a0
13644:             1             16  org.opensearch.transport.RemoteClusterAware$$Lambda/0x00007fcd28cdf798
13645:             1             16  org.opensearch.transport.RemoteClusterService$$Lambda/0x00007fcd280bd200
13646:             1             16  org.opensearch.transport.RemoteClusterService$$Lambda/0x00007fcd280be830
13647:             1             16  org.opensearch.transport.RemoteClusterService$$Lambda/0x00007fcd280caa58
13648:             1             16  org.opensearch.transport.RemoteClusterService$$Lambda/0x00007fcd28ce4278
13649:             1             16  org.opensearch.transport.RemoteClusterService$$Lambda/0x00007fcd28ce44a8
13650:             1             16  org.opensearch.transport.RemoteConnectionStrategy$$Lambda/0x00007fcd286dfd78
13651:             1             16  org.opensearch.transport.RemoteConnectionStrategy$$Lambda/0x00007fcd286e1500
13652:             1             16  org.opensearch.transport.RemoteConnectionStrategy$$Lambda/0x00007fcd29047120
13653:             1             16  org.opensearch.transport.RemoteConnectionStrategy$ConnectionStrategy$$Lambda/0x00007fcd286e0ab0
13654:             1             16  org.opensearch.transport.RemoteConnectionStrategy$ConnectionStrategy$$Lambda/0x00007fcd286e0cc8
13655:             1             16  org.opensearch.transport.RemoteConnectionStrategy$ConnectionStrategy$$Lambda/0x00007fcd286e0ee0
13656:             1             16  org.opensearch.transport.RemoteConnectionStrategy$ConnectionStrategy$$Lambda/0x00007fcd286e10f8
13657:             1             16  org.opensearch.transport.RemoteConnectionStrategy$StrategyValidator$$Lambda/0x00007fcd286e1df0
13658:             1             16  org.opensearch.transport.SniffConnectionStrategy$$Lambda/0x00007fcd286e1738
13659:             1             16  org.opensearch.transport.SniffConnectionStrategy$$Lambda/0x00007fcd286e1960
13660:             1             16  org.opensearch.transport.SniffConnectionStrategy$$Lambda/0x00007fcd286e2018
13661:             1             16  org.opensearch.transport.SniffConnectionStrategy$$Lambda/0x00007fcd286e2240
13662:             1             16  org.opensearch.transport.SniffConnectionStrategy$$Lambda/0x00007fcd286e2490
13663:             1             16  org.opensearch.transport.SniffConnectionStrategy$$Lambda/0x00007fcd286e26b8
13664:             1             16  org.opensearch.transport.SniffConnectionStrategy$$Lambda/0x00007fcd286e28e0
13665:             1             16  org.opensearch.transport.TcpTransport$$Lambda/0x00007fcd28cb7900
13666:             1             16  org.opensearch.transport.TcpTransport$$Lambda/0x00007fcd29046370
13667:             1             16  org.opensearch.transport.TcpTransport$$Lambda/0x00007fcd290f3728
13668:             1             16  org.opensearch.transport.Transport$RequestHandlers
13669:             1             16  org.opensearch.transport.TransportActionProxy$$Lambda/0x00007fcd28e1c888
13670:             1             16  org.opensearch.transport.TransportMessageListener$1
13671:             1             16  org.opensearch.transport.TransportService$$Lambda/0x00007fcd28cded10
13672:             1             16  org.opensearch.transport.TransportService$$Lambda/0x00007fcd28cdf338
13673:             1             16  org.opensearch.transport.TransportService$$Lambda/0x00007fcd28cdf568
13674:             1             16  org.opensearch.transport.TransportService$$Lambda/0x00007fcd28ce46d0
13675:             1             16  org.opensearch.transport.TransportService$$Lambda/0x00007fcd28ce4900
13676:             1             16  org.opensearch.transport.TransportService$$Lambda/0x00007fcd28ce4b18
13677:             1             16  org.opensearch.transport.TransportService$$Lambda/0x00007fcd29046ce0
13678:             1             16  org.opensearch.transport.TransportService$$Lambda/0x00007fcd29046ef8
13679:             1             16  org.opensearch.transport.TransportService$$Lambda/0x00007fcd2913f4a0
13680:             1             16  org.opensearch.transport.TransportService$$Lambda/0x00007fcd291806f0
13681:             1             16  org.opensearch.transport.TransportService$$Lambda/0x00007fcd29194460
13682:             1             16  org.opensearch.transport.TransportService$2
13683:             1             16  org.opensearch.transport.TransportService$3
13684:             1             16  org.opensearch.transport.TransportService$DelegatingTransportMessageListener
13685:             1             16  org.opensearch.transport.TransportService$HandshakeResponse$$Lambda/0x00007fcd29182638
13686:             1             16  org.opensearch.transport.TransportSettings$$Lambda/0x00007fcd280bee98
13687:             1             16  org.opensearch.transport.TransportSettings$$Lambda/0x00007fcd280bf300
13688:             1             16  org.opensearch.transport.TransportSettings$$Lambda/0x00007fcd280bf538
13689:             1             16  org.opensearch.transport.TransportSettings$$Lambda/0x00007fcd280bfc48
13690:             1             16  org.opensearch.transport.TransportSettings$$Lambda/0x00007fcd280c8238
13691:             1             16  org.opensearch.transport.TransportSettings$$Lambda/0x00007fcd280c8470
13692:             1             16  org.opensearch.transport.TransportSettings$$Lambda/0x00007fcd280c86a8
13693:             1             16  org.opensearch.transport.TransportSettings$$Lambda/0x00007fcd280c88e0
13694:             1             16  org.opensearch.transport.TransportSettings$$Lambda/0x00007fcd280c91e0
13695:             1             16  org.opensearch.transport.TransportSettings$$Lambda/0x00007fcd280c9418
13696:             1             16  org.opensearch.transport.TransportSettings$$Lambda/0x00007fcd280c9650
13697:             1             16  org.opensearch.transport.TransportSettings$$Lambda/0x00007fcd280c9888
13698:             1             16  org.opensearch.transport.TransportSettings$$Lambda/0x00007fcd280c9ac0
13699:             1             16  org.opensearch.transport.TransportSettings$$Lambda/0x00007fcd280c9cf8
13700:             1             16  org.opensearch.transport.TransportSettings$$Lambda/0x00007fcd280c9f30
13701:             1             16  org.opensearch.transport.TransportSettings$$Lambda/0x00007fcd280ca168
13702:             1             16  org.opensearch.transport.TransportSettings$$Lambda/0x00007fcd280ca3a0
13703:             1             16  org.opensearch.transport.nativeprotocol.NativeInboundBytesHandler$$Lambda/0x00007fcd29105d90
13704:             1             16  org.opensearch.transport.nativeprotocol.NativeInboundMessage$$Lambda/0x00007fcd293e8000
13705:             1             16  org.opensearch.transport.netty4.Netty4Transport$$Lambda/0x00007fcd2828c648
13706:             1             16  org.opensearch.transport.netty4.Netty4Transport$$Lambda/0x00007fcd2828c880
13707:             1             16  org.opensearch.transport.netty4.Netty4Transport$$Lambda/0x00007fcd28568870
13708:             1             16  org.opensearch.transport.netty4.Netty4Transport$$Lambda/0x00007fcd28568aa8
13709:             1             16  org.opensearch.transport.netty4.ssl.SecureNetty4Transport$SSLServerChannelInitializer$$Lambda/0x00007fcd2918ae28
13710:             1             16  org.opensearch.usage.UsageService
13711:             1             16  org.reflections.ReflectionUtils$$Lambda/0x00007fcd28adf1a8
13712:             1             16  org.reflections.ReflectionUtils$$Lambda/0x00007fcd28adf3f0
13713:             1             16  org.reflections.Store$$Lambda/0x00007fcd28adb9c0
13714:             1             16  org.reflections.Store$$Lambda/0x00007fcd28adbbf8
13715:             1             16  org.reflections.Store$$Lambda/0x00007fcd28adcb88
13716:             1             16  org.reflections.adapters.JavassistAdapter$$Lambda/0x00007fcd28ad83e0
13717:             1             16  org.reflections.adapters.JavassistAdapter$$Lambda/0x00007fcd28ad8628
13718:             1             16  org.reflections.adapters.JavassistAdapter$$Lambda/0x00007fcd28adaa88
13719:             1             16  org.reflections.scanners.AbstractScanner$$Lambda/0x00007fcd28acafd8
13720:             1             16  org.reflections.vfs.ZipDir$$Lambda/0x00007fcd28ace6a0
13721:             1             16  org.slf4j.helpers.NOPLoggerFactory
13722:             1             16  org.slf4j.helpers.NOPLoggerFactory
13723:             1             16  org.slf4j.helpers.NOPLoggerFactory
13724:             1             16  org.slf4j.impl.StaticLoggerBinder
13725:             1             16  org.slf4j.impl.StaticLoggerBinder
13726:             1             16  org.slf4j.impl.StaticMarkerBinder
13727:             1             16  org.slf4j.impl.StaticMarkerBinder
13728:             1             16  org.yaml.snakeyaml.external.com.google.gdata.util.common.base.UnicodeEscaper$2
13729:             1             16  org.yaml.snakeyaml.inspector.UnTrustedTagInspector
13730:             1             16  sun.management.ClassLoadingImpl (java.management@21.0.3)
13731:             1             16  sun.management.ManagementFactoryHelper$$Lambda/0x00007fcd284df888 (java.management@21.0.3)
13732:             1             16  sun.management.ThreadImpl$$Lambda/0x00007fcd2928a600 (java.management@21.0.3)
13733:             1             16  sun.misc.Unsafe (jdk.unsupported@21.0.3)
13734:             1             16  sun.net.www.protocol.file.Handler (java.base@21.0.3)
13735:             1             16  sun.net.www.protocol.jar.JarFileFactory (java.base@21.0.3)
13736:             1             16  sun.net.www.protocol.jrt.Handler (java.base@21.0.3)
13737:             1             16  sun.net.www.protocol.jrt.JavaRuntimeURLConnection$$Lambda/0x00007fcd28272730 (java.base@21.0.3)
13738:             1             16  sun.nio.ch.DefaultSelectorProvider$$Lambda/0x00007fcd289ee840 (java.base@21.0.3)
13739:             1             16  sun.nio.ch.EPollSelectorProvider (java.base@21.0.3)
13740:             1             16  sun.nio.ch.ExtendedSocketOption$1 (java.base@21.0.3)
13741:             1             16  sun.nio.ch.FileChannelImpl$2 (java.base@21.0.3)
13742:             1             16  sun.nio.ch.FileChannelImpl$3 (java.base@21.0.3)
13743:             1             16  sun.nio.ch.FileDispatcherImpl (java.base@21.0.3)
13744:             1             16  sun.nio.ch.Net$1 (java.base@21.0.3)
13745:             1             16  sun.nio.ch.Util$1 (java.base@21.0.3)
13746:             1             16  sun.nio.fs.LinuxFileSystemProvider (java.base@21.0.3)
13747:             1             16  sun.nio.fs.NativeBuffers$1 (java.base@21.0.3)
13748:             1             16  sun.nio.fs.UnixFileSystem$$Lambda/0x00007fcd29284db8 (java.base@21.0.3)
13749:             1             16  sun.nio.fs.UnixFileSystem$$Lambda/0x00007fcd29285f78 (java.base@21.0.3)
13750:             1             16  sun.reflect.generics.tree.BooleanSignature (java.base@21.0.3)
13751:             1             16  sun.reflect.generics.tree.BottomSignature (java.base@21.0.3)
13752:             1             16  sun.reflect.generics.tree.ByteSignature (java.base@21.0.3)
13753:             1             16  sun.reflect.generics.tree.CharSignature (java.base@21.0.3)
13754:             1             16  sun.reflect.generics.tree.DoubleSignature (java.base@21.0.3)
13755:             1             16  sun.reflect.generics.tree.IntSignature (java.base@21.0.3)
13756:             1             16  sun.reflect.generics.tree.LongSignature (java.base@21.0.3)
13757:             1             16  sun.reflect.generics.tree.VoidDescriptor (java.base@21.0.3)
13758:             1             16  sun.security.ec.ECOperations$PointMultiplier$Secp256R1GeneratorMultiplier (jdk.crypto.ec@21.0.3)
13759:             1             16  sun.security.ec.ECPrivateKeyImpl$$Lambda/0x00007fcd29042bb0 (jdk.crypto.ec@21.0.3)
13760:             1             16  sun.security.ec.XDHKeyAgreement$$Lambda/0x00007fcd291269c0 (jdk.crypto.ec@21.0.3)
13761:             1             16  sun.security.ec.XDHKeyAgreement$$Lambda/0x00007fcd291272a0 (jdk.crypto.ec@21.0.3)
13762:             1             16  sun.security.ec.XDHKeyAgreement$$Lambda/0x00007fcd29127d98 (jdk.crypto.ec@21.0.3)
13763:             1             16  sun.security.ec.XDHKeyAgreement$$Lambda/0x00007fcd2912c430 (jdk.crypto.ec@21.0.3)
13764:             1             16  sun.security.ec.XDHKeyFactory$$Lambda/0x00007fcd29125a38 (jdk.crypto.ec@21.0.3)
13765:             1             16  sun.security.ec.XDHKeyFactory$$Lambda/0x00007fcd29125ea8 (jdk.crypto.ec@21.0.3)
13766:             1             16  sun.security.ec.XDHKeyPairGenerator$$Lambda/0x00007fcd29040e60 (jdk.crypto.ec@21.0.3)
13767:             1             16  sun.security.ec.ed.EdDSAParameters$$Lambda/0x00007fcd28320978 (jdk.crypto.ec@21.0.3)
13768:             1             16  sun.security.ec.ed.EdDSAParameters$$Lambda/0x00007fcd28321320 (jdk.crypto.ec@21.0.3)
13769:             1             16  sun.security.ec.ed.EdDSAParameters$SHA512DigesterFactory (jdk.crypto.ec@21.0.3)
13770:             1             16  sun.security.ec.ed.EdDSAParameters$SHAKE256DigesterFactory (jdk.crypto.ec@21.0.3)
13771:             1             16  sun.security.ec.ed.EdDSASignature$$Lambda/0x00007fcd2831f668 (jdk.crypto.ec@21.0.3)
13772:             1             16  sun.security.jca.ProviderConfig$ProviderLoader (java.base@21.0.3)
13773:             1             16  sun.security.pkcs11.SunPKCS11$$Lambda/0x00007fcd2831e740 (jdk.crypto.cryptoki@21.0.3)
13774:             1             16  sun.security.rsa.RSACore$$Lambda/0x00007fcd2916b348 (java.base@21.0.3)
13775:             1             16  sun.security.ssl.Alert$AlertConsumer (java.base@21.0.3)
13776:             1             16  sun.security.ssl.AlpnExtension$$Lambda/0x00007fcd291414d8 (java.base@21.0.3)
13777:             1             16  sun.security.ssl.AlpnExtension$AlpnStringizer (java.base@21.0.3)
13778:             1             16  sun.security.ssl.AlpnExtension$CHAlpnAbsence (java.base@21.0.3)
13779:             1             16  sun.security.ssl.AlpnExtension$CHAlpnConsumer (java.base@21.0.3)
13780:             1             16  sun.security.ssl.AlpnExtension$CHAlpnProducer (java.base@21.0.3)
13781:             1             16  sun.security.ssl.CertSignAlgsExtension$CHCertSignatureSchemesConsumer (java.base@21.0.3)
13782:             1             16  sun.security.ssl.CertSignAlgsExtension$CHCertSignatureSchemesProducer (java.base@21.0.3)
13783:             1             16  sun.security.ssl.CertSignAlgsExtension$CHCertSignatureSchemesUpdate (java.base@21.0.3)
13784:             1             16  sun.security.ssl.CertSignAlgsExtension$CRCertSignatureSchemesConsumer (java.base@21.0.3)
13785:             1             16  sun.security.ssl.CertSignAlgsExtension$CRCertSignatureSchemesProducer (java.base@21.0.3)
13786:             1             16  sun.security.ssl.CertSignAlgsExtension$CRCertSignatureSchemesUpdate (java.base@21.0.3)
13787:             1             16  sun.security.ssl.CertSignAlgsExtension$CertSignatureSchemesStringizer (java.base@21.0.3)
13788:             1             16  sun.security.ssl.CertStatusExtension$CHCertStatusReqConsumer (java.base@21.0.3)
13789:             1             16  sun.security.ssl.CertStatusExtension$CHCertStatusReqProducer (java.base@21.0.3)
13790:             1             16  sun.security.ssl.CertStatusExtension$CHCertStatusReqV2Consumer (java.base@21.0.3)
13791:             1             16  sun.security.ssl.CertStatusExtension$CHCertStatusReqV2Producer (java.base@21.0.3)
13792:             1             16  sun.security.ssl.CertStatusExtension$CTCertStatusResponseConsumer (java.base@21.0.3)
13793:             1             16  sun.security.ssl.CertStatusExtension$CTCertStatusResponseProducer (java.base@21.0.3)
13794:             1             16  sun.security.ssl.CertStatusExtension$CertStatusRequestSpec (java.base@21.0.3)
13795:             1             16  sun.security.ssl.CertStatusExtension$CertStatusRequestStringizer (java.base@21.0.3)
13796:             1             16  sun.security.ssl.CertStatusExtension$CertStatusRequestV2Spec (java.base@21.0.3)
13797:             1             16  sun.security.ssl.CertStatusExtension$CertStatusRequestsStringizer (java.base@21.0.3)
13798:             1             16  sun.security.ssl.CertStatusExtension$CertStatusRespStringizer (java.base@21.0.3)
13799:             1             16  sun.security.ssl.CertStatusExtension$SHCertStatusReqConsumer (java.base@21.0.3)
13800:             1             16  sun.security.ssl.CertStatusExtension$SHCertStatusReqProducer (java.base@21.0.3)
13801:             1             16  sun.security.ssl.CertStatusExtension$SHCertStatusReqV2Consumer (java.base@21.0.3)
13802:             1             16  sun.security.ssl.CertStatusExtension$SHCertStatusReqV2Producer (java.base@21.0.3)
13803:             1             16  sun.security.ssl.CertificateAuthoritiesExtension$CHCertificateAuthoritiesConsumer (java.base@21.0.3)
13804:             1             16  sun.security.ssl.CertificateAuthoritiesExtension$CHCertificateAuthoritiesProducer (java.base@21.0.3)
13805:             1             16  sun.security.ssl.CertificateAuthoritiesExtension$CRCertificateAuthoritiesConsumer (java.base@21.0.3)
13806:             1             16  sun.security.ssl.CertificateAuthoritiesExtension$CRCertificateAuthoritiesProducer (java.base@21.0.3)
13807:             1             16  sun.security.ssl.CertificateAuthoritiesExtension$CertificateAuthoritiesStringizer (java.base@21.0.3)
13808:             1             16  sun.security.ssl.CertificateMessage$T12CertificateConsumer (java.base@21.0.3)
13809:             1             16  sun.security.ssl.CertificateMessage$T12CertificateProducer (java.base@21.0.3)
13810:             1             16  sun.security.ssl.CertificateMessage$T13CertificateConsumer (java.base@21.0.3)
13811:             1             16  sun.security.ssl.CertificateMessage$T13CertificateProducer (java.base@21.0.3)
13812:             1             16  sun.security.ssl.CertificateMessage$T13CertificateProducer$$Lambda/0x00007fcd29167c40 (java.base@21.0.3)
13813:             1             16  sun.security.ssl.CertificateMessage$T13CertificateProducer$$Lambda/0x00007fcd291690b0 (java.base@21.0.3)
13814:             1             16  sun.security.ssl.CertificateMessage$T13CertificateProducer$$Lambda/0x00007fcd29169c18 (java.base@21.0.3)
13815:             1             16  sun.security.ssl.CertificateRequest$T10CertificateRequestConsumer (java.base@21.0.3)
13816:             1             16  sun.security.ssl.CertificateRequest$T10CertificateRequestProducer (java.base@21.0.3)
13817:             1             16  sun.security.ssl.CertificateRequest$T12CertificateRequestConsumer (java.base@21.0.3)
13818:             1             16  sun.security.ssl.CertificateRequest$T12CertificateRequestProducer (java.base@21.0.3)
13819:             1             16  sun.security.ssl.CertificateRequest$T13CertificateRequestConsumer (java.base@21.0.3)
13820:             1             16  sun.security.ssl.CertificateRequest$T13CertificateRequestProducer (java.base@21.0.3)
13821:             1             16  sun.security.ssl.CertificateStatus$CertificateStatusAbsence (java.base@21.0.3)
13822:             1             16  sun.security.ssl.CertificateStatus$CertificateStatusConsumer (java.base@21.0.3)
13823:             1             16  sun.security.ssl.CertificateStatus$CertificateStatusProducer (java.base@21.0.3)
13824:             1             16  sun.security.ssl.CertificateVerify$S30CertificateVerifyConsumer (java.base@21.0.3)
13825:             1             16  sun.security.ssl.CertificateVerify$S30CertificateVerifyProducer (java.base@21.0.3)
13826:             1             16  sun.security.ssl.CertificateVerify$T10CertificateVerifyConsumer (java.base@21.0.3)
13827:             1             16  sun.security.ssl.CertificateVerify$T10CertificateVerifyProducer (java.base@21.0.3)
13828:             1             16  sun.security.ssl.CertificateVerify$T12CertificateVerifyConsumer (java.base@21.0.3)
13829:             1             16  sun.security.ssl.CertificateVerify$T12CertificateVerifyProducer (java.base@21.0.3)
13830:             1             16  sun.security.ssl.CertificateVerify$T13CertificateVerifyConsumer (java.base@21.0.3)
13831:             1             16  sun.security.ssl.CertificateVerify$T13CertificateVerifyProducer (java.base@21.0.3)
13832:             1             16  sun.security.ssl.ChangeCipherSpec$T10ChangeCipherSpecConsumer (java.base@21.0.3)
13833:             1             16  sun.security.ssl.ChangeCipherSpec$T10ChangeCipherSpecProducer (java.base@21.0.3)
13834:             1             16  sun.security.ssl.ChangeCipherSpec$T13ChangeCipherSpecConsumer (java.base@21.0.3)
13835:             1             16  sun.security.ssl.ClientHello$ClientHelloConsumer (java.base@21.0.3)
13836:             1             16  sun.security.ssl.ClientHello$ClientHelloKickstartProducer (java.base@21.0.3)
13837:             1             16  sun.security.ssl.ClientHello$ClientHelloProducer (java.base@21.0.3)
13838:             1             16  sun.security.ssl.ClientHello$D12ClientHelloConsumer (java.base@21.0.3)
13839:             1             16  sun.security.ssl.ClientHello$D13ClientHelloConsumer (java.base@21.0.3)
13840:             1             16  sun.security.ssl.ClientHello$T12ClientHelloConsumer (java.base@21.0.3)
13841:             1             16  sun.security.ssl.ClientHello$T13ClientHelloConsumer (java.base@21.0.3)
13842:             1             16  sun.security.ssl.ClientKeyExchange$ClientKeyExchangeConsumer (java.base@21.0.3)
13843:             1             16  sun.security.ssl.ClientKeyExchange$ClientKeyExchangeProducer (java.base@21.0.3)
13844:             1             16  sun.security.ssl.CookieExtension$CHCookieConsumer (java.base@21.0.3)
13845:             1             16  sun.security.ssl.CookieExtension$CHCookieProducer (java.base@21.0.3)
13846:             1             16  sun.security.ssl.CookieExtension$CHCookieUpdate (java.base@21.0.3)
13847:             1             16  sun.security.ssl.CookieExtension$CookieStringizer (java.base@21.0.3)
13848:             1             16  sun.security.ssl.CookieExtension$HRRCookieConsumer (java.base@21.0.3)
13849:             1             16  sun.security.ssl.CookieExtension$HRRCookieProducer (java.base@21.0.3)
13850:             1             16  sun.security.ssl.CookieExtension$HRRCookieReproducer (java.base@21.0.3)
13851:             1             16  sun.security.ssl.DummyX509KeyManager (java.base@21.0.3)
13852:             1             16  sun.security.ssl.DummyX509TrustManager (java.base@21.0.3)
13853:             1             16  sun.security.ssl.ECDHKeyExchange$ECDHEKAGenerator (java.base@21.0.3)
13854:             1             16  sun.security.ssl.ECDHKeyExchange$ECDHEPossessionGenerator (java.base@21.0.3)
13855:             1             16  sun.security.ssl.ECDHKeyExchange$ECDHEXDHKAGenerator (java.base@21.0.3)
13856:             1             16  sun.security.ssl.ECDHKeyExchange$ECDHKAGenerator (java.base@21.0.3)
13857:             1             16  sun.security.ssl.ECPointFormatsExtension$CHECPointFormatsConsumer (java.base@21.0.3)
13858:             1             16  sun.security.ssl.ECPointFormatsExtension$CHECPointFormatsProducer (java.base@21.0.3)
13859:             1             16  sun.security.ssl.ECPointFormatsExtension$ECPointFormatsSpec (java.base@21.0.3)
13860:             1             16  sun.security.ssl.ECPointFormatsExtension$ECPointFormatsStringizer (java.base@21.0.3)
13861:             1             16  sun.security.ssl.ECPointFormatsExtension$SHECPointFormatsConsumer (java.base@21.0.3)
13862:             1             16  sun.security.ssl.EncryptedExtensions$EncryptedExtensionsConsumer (java.base@21.0.3)
13863:             1             16  sun.security.ssl.EncryptedExtensions$EncryptedExtensionsProducer (java.base@21.0.3)
13864:             1             16  sun.security.ssl.ExtendedMasterSecretExtension$CHExtendedMasterSecretAbsence (java.base@21.0.3)
13865:             1             16  sun.security.ssl.ExtendedMasterSecretExtension$CHExtendedMasterSecretConsumer (java.base@21.0.3)
13866:             1             16  sun.security.ssl.ExtendedMasterSecretExtension$CHExtendedMasterSecretProducer (java.base@21.0.3)
13867:             1             16  sun.security.ssl.ExtendedMasterSecretExtension$ExtendedMasterSecretSpec (java.base@21.0.3)
13868:             1             16  sun.security.ssl.ExtendedMasterSecretExtension$ExtendedMasterSecretStringizer (java.base@21.0.3)
13869:             1             16  sun.security.ssl.ExtendedMasterSecretExtension$SHExtendedMasterSecretAbsence (java.base@21.0.3)
13870:             1             16  sun.security.ssl.ExtendedMasterSecretExtension$SHExtendedMasterSecretConsumer (java.base@21.0.3)
13871:             1             16  sun.security.ssl.ExtendedMasterSecretExtension$SHExtendedMasterSecretProducer (java.base@21.0.3)
13872:             1             16  sun.security.ssl.Finished$S30VerifyDataGenerator (java.base@21.0.3)
13873:             1             16  sun.security.ssl.Finished$T10VerifyDataGenerator (java.base@21.0.3)
13874:             1             16  sun.security.ssl.Finished$T12FinishedConsumer (java.base@21.0.3)
13875:             1             16  sun.security.ssl.Finished$T12FinishedProducer (java.base@21.0.3)
13876:             1             16  sun.security.ssl.Finished$T12VerifyDataGenerator (java.base@21.0.3)
13877:             1             16  sun.security.ssl.Finished$T13FinishedConsumer (java.base@21.0.3)
13878:             1             16  sun.security.ssl.Finished$T13FinishedProducer (java.base@21.0.3)
13879:             1             16  sun.security.ssl.Finished$T13VerifyDataGenerator (java.base@21.0.3)
13880:             1             16  sun.security.ssl.HelloRequest$HelloRequestConsumer (java.base@21.0.3)
13881:             1             16  sun.security.ssl.HelloRequest$HelloRequestKickstartProducer (java.base@21.0.3)
13882:             1             16  sun.security.ssl.HelloRequest$HelloRequestProducer (java.base@21.0.3)
13883:             1             16  sun.security.ssl.HelloVerifyRequest$HelloVerifyRequestConsumer (java.base@21.0.3)
13884:             1             16  sun.security.ssl.HelloVerifyRequest$HelloVerifyRequestProducer (java.base@21.0.3)
13885:             1             16  sun.security.ssl.KeyShareExtension$CHKeyShareConsumer (java.base@21.0.3)
13886:             1             16  sun.security.ssl.KeyShareExtension$CHKeyShareOnTradeAbsence (java.base@21.0.3)
13887:             1             16  sun.security.ssl.KeyShareExtension$CHKeyShareProducer (java.base@21.0.3)
13888:             1             16  sun.security.ssl.KeyShareExtension$CHKeyShareStringizer (java.base@21.0.3)
13889:             1             16  sun.security.ssl.KeyShareExtension$HRRKeyShareConsumer (java.base@21.0.3)
13890:             1             16  sun.security.ssl.KeyShareExtension$HRRKeyShareProducer (java.base@21.0.3)
13891:             1             16  sun.security.ssl.KeyShareExtension$HRRKeyShareReproducer (java.base@21.0.3)
13892:             1             16  sun.security.ssl.KeyShareExtension$HRRKeyShareStringizer (java.base@21.0.3)
13893:             1             16  sun.security.ssl.KeyShareExtension$SHKeyShareAbsence (java.base@21.0.3)
13894:             1             16  sun.security.ssl.KeyShareExtension$SHKeyShareConsumer (java.base@21.0.3)
13895:             1             16  sun.security.ssl.KeyShareExtension$SHKeyShareProducer (java.base@21.0.3)
13896:             1             16  sun.security.ssl.KeyShareExtension$SHKeyShareStringizer (java.base@21.0.3)
13897:             1             16  sun.security.ssl.KeyUpdate$KeyUpdateConsumer (java.base@21.0.3)
13898:             1             16  sun.security.ssl.KeyUpdate$KeyUpdateKickstartProducer (java.base@21.0.3)
13899:             1             16  sun.security.ssl.KeyUpdate$KeyUpdateProducer (java.base@21.0.3)
13900:             1             16  sun.security.ssl.MaxFragExtension$CHMaxFragmentLengthConsumer (java.base@21.0.3)
13901:             1             16  sun.security.ssl.MaxFragExtension$CHMaxFragmentLengthProducer (java.base@21.0.3)
13902:             1             16  sun.security.ssl.MaxFragExtension$EEMaxFragmentLengthConsumer (java.base@21.0.3)
13903:             1             16  sun.security.ssl.MaxFragExtension$EEMaxFragmentLengthProducer (java.base@21.0.3)
13904:             1             16  sun.security.ssl.MaxFragExtension$EEMaxFragmentLengthUpdate (java.base@21.0.3)
13905:             1             16  sun.security.ssl.MaxFragExtension$MaxFragLenStringizer (java.base@21.0.3)
13906:             1             16  sun.security.ssl.MaxFragExtension$SHMaxFragmentLengthConsumer (java.base@21.0.3)
13907:             1             16  sun.security.ssl.MaxFragExtension$SHMaxFragmentLengthProducer (java.base@21.0.3)
13908:             1             16  sun.security.ssl.MaxFragExtension$SHMaxFragmentLengthUpdate (java.base@21.0.3)
13909:             1             16  sun.security.ssl.NamedGroup$ECDHEScheme (java.base@21.0.3)
13910:             1             16  sun.security.ssl.NamedGroup$FFDHEScheme (java.base@21.0.3)
13911:             1             16  sun.security.ssl.NamedGroup$XDHScheme (java.base@21.0.3)
13912:             1             16  sun.security.ssl.NewSessionTicket$T12NewSessionTicketConsumer (java.base@21.0.3)
13913:             1             16  sun.security.ssl.NewSessionTicket$T12NewSessionTicketProducer (java.base@21.0.3)
13914:             1             16  sun.security.ssl.NewSessionTicket$T13NewSessionTicketConsumer (java.base@21.0.3)
13915:             1             16  sun.security.ssl.NewSessionTicket$T13NewSessionTicketProducer (java.base@21.0.3)
13916:             1             16  sun.security.ssl.PreSharedKeyExtension$CHPreSharedKeyConsumer (java.base@21.0.3)
13917:             1             16  sun.security.ssl.PreSharedKeyExtension$CHPreSharedKeyOnLoadAbsence (java.base@21.0.3)
13918:             1             16  sun.security.ssl.PreSharedKeyExtension$CHPreSharedKeyOnTradeAbsence (java.base@21.0.3)
13919:             1             16  sun.security.ssl.PreSharedKeyExtension$CHPreSharedKeyProducer (java.base@21.0.3)
13920:             1             16  sun.security.ssl.PreSharedKeyExtension$CHPreSharedKeyStringizer (java.base@21.0.3)
13921:             1             16  sun.security.ssl.PreSharedKeyExtension$CHPreSharedKeyUpdate (java.base@21.0.3)
13922:             1             16  sun.security.ssl.PreSharedKeyExtension$SHPreSharedKeyAbsence (java.base@21.0.3)
13923:             1             16  sun.security.ssl.PreSharedKeyExtension$SHPreSharedKeyConsumer (java.base@21.0.3)
13924:             1             16  sun.security.ssl.PreSharedKeyExtension$SHPreSharedKeyProducer (java.base@21.0.3)
13925:             1             16  sun.security.ssl.PreSharedKeyExtension$SHPreSharedKeyStringizer (java.base@21.0.3)
13926:             1             16  sun.security.ssl.PskKeyExchangeModesExtension$PskKeyExchangeModesConsumer (java.base@21.0.3)
13927:             1             16  sun.security.ssl.PskKeyExchangeModesExtension$PskKeyExchangeModesOnLoadAbsence (java.base@21.0.3)
13928:             1             16  sun.security.ssl.PskKeyExchangeModesExtension$PskKeyExchangeModesOnTradeAbsence (java.base@21.0.3)
13929:             1             16  sun.security.ssl.PskKeyExchangeModesExtension$PskKeyExchangeModesProducer (java.base@21.0.3)
13930:             1             16  sun.security.ssl.PskKeyExchangeModesExtension$PskKeyExchangeModesSpec (java.base@21.0.3)
13931:             1             16  sun.security.ssl.PskKeyExchangeModesExtension$PskKeyExchangeModesStringizer (java.base@21.0.3)
13932:             1             16  sun.security.ssl.RSAKeyExchange$EphemeralRSAPossessionGenerator (java.base@21.0.3)
13933:             1             16  sun.security.ssl.RSAKeyExchange$RSAKAGenerator (java.base@21.0.3)
13934:             1             16  sun.security.ssl.RandomCookie (java.base@21.0.3)
13935:             1             16  sun.security.ssl.RenegoInfoExtension$CHRenegotiationInfoAbsence (java.base@21.0.3)
13936:             1             16  sun.security.ssl.RenegoInfoExtension$CHRenegotiationInfoConsumer (java.base@21.0.3)
13937:             1             16  sun.security.ssl.RenegoInfoExtension$CHRenegotiationInfoProducer (java.base@21.0.3)
13938:             1             16  sun.security.ssl.RenegoInfoExtension$RenegotiationInfoSpec (java.base@21.0.3)
13939:             1             16  sun.security.ssl.RenegoInfoExtension$RenegotiationInfoStringizer (java.base@21.0.3)
13940:             1             16  sun.security.ssl.RenegoInfoExtension$SHRenegotiationInfoAbsence (java.base@21.0.3)
13941:             1             16  sun.security.ssl.RenegoInfoExtension$SHRenegotiationInfoConsumer (java.base@21.0.3)
13942:             1             16  sun.security.ssl.RenegoInfoExtension$SHRenegotiationInfoProducer (java.base@21.0.3)
13943:             1             16  sun.security.ssl.SSLCipher$T12CC20P1305ReadCipherGenerator (java.base@21.0.3)
13944:             1             16  sun.security.ssl.SSLCipher$T12CC20P1305WriteCipherGenerator (java.base@21.0.3)
13945:             1             16  sun.security.ssl.SSLCipher$T13CC20P1305ReadCipherGenerator (java.base@21.0.3)
13946:             1             16  sun.security.ssl.SSLCipher$T13CC20P1305WriteCipherGenerator (java.base@21.0.3)
13947:             1             16  sun.security.ssl.SSLContextImpl$$Lambda/0x00007fcd282d5d38 (java.base@21.0.3)
13948:             1             16  sun.security.ssl.SSLTrafficKeyDerivation$S30TrafficKeyDerivationGenerator (java.base@21.0.3)
13949:             1             16  sun.security.ssl.SSLTrafficKeyDerivation$T10TrafficKeyDerivationGenerator (java.base@21.0.3)
13950:             1             16  sun.security.ssl.SSLTrafficKeyDerivation$T12TrafficKeyDerivationGenerator (java.base@21.0.3)
13951:             1             16  sun.security.ssl.SSLTrafficKeyDerivation$T13TrafficKeyDerivationGenerator (java.base@21.0.3)
13952:             1             16  sun.security.ssl.ServerHello$ServerHelloConsumer (java.base@21.0.3)
13953:             1             16  sun.security.ssl.ServerHello$T12ServerHelloProducer (java.base@21.0.3)
13954:             1             16  sun.security.ssl.ServerHello$T13HelloRetryRequestProducer (java.base@21.0.3)
13955:             1             16  sun.security.ssl.ServerHello$T13HelloRetryRequestReproducer (java.base@21.0.3)
13956:             1             16  sun.security.ssl.ServerHello$T13ServerHelloProducer (java.base@21.0.3)
13957:             1             16  sun.security.ssl.ServerHelloDone$ServerHelloDoneConsumer (java.base@21.0.3)
13958:             1             16  sun.security.ssl.ServerHelloDone$ServerHelloDoneProducer (java.base@21.0.3)
13959:             1             16  sun.security.ssl.ServerKeyExchange$ServerKeyExchangeConsumer (java.base@21.0.3)
13960:             1             16  sun.security.ssl.ServerKeyExchange$ServerKeyExchangeProducer (java.base@21.0.3)
13961:             1             16  sun.security.ssl.ServerNameExtension$CHServerNameConsumer (java.base@21.0.3)
13962:             1             16  sun.security.ssl.ServerNameExtension$CHServerNameProducer (java.base@21.0.3)
13963:             1             16  sun.security.ssl.ServerNameExtension$CHServerNamesStringizer (java.base@21.0.3)
13964:             1             16  sun.security.ssl.ServerNameExtension$EEServerNameConsumer (java.base@21.0.3)
13965:             1             16  sun.security.ssl.ServerNameExtension$EEServerNameProducer (java.base@21.0.3)
13966:             1             16  sun.security.ssl.ServerNameExtension$SHServerNameConsumer (java.base@21.0.3)
13967:             1             16  sun.security.ssl.ServerNameExtension$SHServerNameProducer (java.base@21.0.3)
13968:             1             16  sun.security.ssl.ServerNameExtension$SHServerNamesStringizer (java.base@21.0.3)
13969:             1             16  sun.security.ssl.SessionTicketExtension$SessionTicketStringizer (java.base@21.0.3)
13970:             1             16  sun.security.ssl.SessionTicketExtension$T12CHSessionTicketConsumer (java.base@21.0.3)
13971:             1             16  sun.security.ssl.SessionTicketExtension$T12CHSessionTicketProducer (java.base@21.0.3)
13972:             1             16  sun.security.ssl.SessionTicketExtension$T12SHSessionTicketConsumer (java.base@21.0.3)
13973:             1             16  sun.security.ssl.SessionTicketExtension$T12SHSessionTicketProducer (java.base@21.0.3)
13974:             1             16  sun.security.ssl.SignatureAlgorithmsExtension$CHSignatureSchemesConsumer (java.base@21.0.3)
13975:             1             16  sun.security.ssl.SignatureAlgorithmsExtension$CHSignatureSchemesOnLoadAbsence (java.base@21.0.3)
13976:             1             16  sun.security.ssl.SignatureAlgorithmsExtension$CHSignatureSchemesOnTradeAbsence (java.base@21.0.3)
13977:             1             16  sun.security.ssl.SignatureAlgorithmsExtension$CHSignatureSchemesProducer (java.base@21.0.3)
13978:             1             16  sun.security.ssl.SignatureAlgorithmsExtension$CHSignatureSchemesUpdate (java.base@21.0.3)
13979:             1             16  sun.security.ssl.SignatureAlgorithmsExtension$CRSignatureSchemesAbsence (java.base@21.0.3)
13980:             1             16  sun.security.ssl.SignatureAlgorithmsExtension$CRSignatureSchemesConsumer (java.base@21.0.3)
13981:             1             16  sun.security.ssl.SignatureAlgorithmsExtension$CRSignatureSchemesProducer (java.base@21.0.3)
13982:             1             16  sun.security.ssl.SignatureAlgorithmsExtension$CRSignatureSchemesUpdate (java.base@21.0.3)
13983:             1             16  sun.security.ssl.SignatureAlgorithmsExtension$SignatureSchemesStringizer (java.base@21.0.3)
13984:             1             16  sun.security.ssl.SupportedGroupsExtension$CHSupportedGroupsConsumer (java.base@21.0.3)
13985:             1             16  sun.security.ssl.SupportedGroupsExtension$CHSupportedGroupsOnTradeAbsence (java.base@21.0.3)
13986:             1             16  sun.security.ssl.SupportedGroupsExtension$CHSupportedGroupsProducer (java.base@21.0.3)
13987:             1             16  sun.security.ssl.SupportedGroupsExtension$EESupportedGroupsConsumer (java.base@21.0.3)
13988:             1             16  sun.security.ssl.SupportedGroupsExtension$EESupportedGroupsProducer (java.base@21.0.3)
13989:             1             16  sun.security.ssl.SupportedGroupsExtension$SupportedGroupsStringizer (java.base@21.0.3)
13990:             1             16  sun.security.ssl.SupportedVersionsExtension$CHSupportedVersionsConsumer (java.base@21.0.3)
13991:             1             16  sun.security.ssl.SupportedVersionsExtension$CHSupportedVersionsProducer (java.base@21.0.3)
13992:             1             16  sun.security.ssl.SupportedVersionsExtension$CHSupportedVersionsStringizer (java.base@21.0.3)
13993:             1             16  sun.security.ssl.SupportedVersionsExtension$HRRSupportedVersionsConsumer (java.base@21.0.3)
13994:             1             16  sun.security.ssl.SupportedVersionsExtension$HRRSupportedVersionsProducer (java.base@21.0.3)
13995:             1             16  sun.security.ssl.SupportedVersionsExtension$HRRSupportedVersionsReproducer (java.base@21.0.3)
13996:             1             16  sun.security.ssl.SupportedVersionsExtension$SHSupportedVersionsConsumer (java.base@21.0.3)
13997:             1             16  sun.security.ssl.SupportedVersionsExtension$SHSupportedVersionsProducer (java.base@21.0.3)
13998:             1             16  sun.security.ssl.XDHKeyExchange$XDHEKAGenerator (java.base@21.0.3)
13999:             1             16  sun.security.util.ByteArrayLexOrder (java.base@21.0.3)
14000:             1             16  sun.security.util.ByteArrayTagOrder (java.base@21.0.3)
14001:             1             16  sun.security.util.KeyStoreDelegator$$Lambda/0x00007fcd282d2ef8 (java.base@21.0.3)
14002:             1             16  sun.security.util.ManifestDigester$$Lambda/0x00007fcd28260430 (java.base@21.0.3)
14003:             1             16  sun.security.util.math.IntegerModuloP$MultiplicativeInverser$Secp256R1 (java.base@21.0.3)
14004:             1             16  sun.security.x509.X500Name$$Lambda/0x00007fcd28264700 (java.base@21.0.3)
14005:             1             16  sun.util.calendar.Gregorian (java.base@21.0.3)
14006:             1             16  sun.util.locale.InternalLocaleBuilder$CaseInsensitiveChar (java.base@21.0.3)
14007:             1             16  sun.util.locale.provider.AuxLocaleProviderAdapter$$Lambda/0x00007fcd281520f0 (java.base@21.0.3)
14008:             1             16  sun.util.locale.provider.AuxLocaleProviderAdapter$NullProvider (java.base@21.0.3)
14009:             1             16  sun.util.locale.provider.CalendarDataUtility$CalendarWeekParameterGetter (java.base@21.0.3)
14010:             1             16  sun.util.locale.provider.LocaleProviderAdapter$$Lambda/0x80000006d (java.base@21.0.3)
14011:             1             16  sun.util.locale.provider.LocaleProviderAdapter$$Lambda/0x80000006e (java.base@21.0.3)
14012:             1             16  sun.util.locale.provider.SPILocaleProviderAdapter (java.base@21.0.3)
14013:             1             16  sun.util.locale.provider.SPILocaleProviderAdapter$CalendarDataProviderDelegate (java.base@21.0.3)
14014:             1             16  sun.util.logging.internal.LoggingProviderImpl (java.logging@21.0.3)
14015:             1             16  sun.util.resources.LocaleData (java.base@21.0.3)
14016:             1             16  sun.util.resources.LocaleData$LocaleDataStrategy (java.base@21.0.3)
Total      33207018    33017509456
